Archive member included because of file (symbol)

D:\projects\andrew-grechkin\libext\Release-x32/liblibext.a(services.o)
                              src\panelmodel.o (Ext::Services::get_type() const)
D:\projects\andrew-grechkin\libext\Release-x32/liblibext.a(exception.o)
                              src\panelcontroller.o (Ext::AbstractError::format_error() const)
D:\projects\andrew-grechkin\libext\Release-x32/liblibext.a(exception_win.o)
                              src\panelcontroller.o (Ext::HiddenFunctions::CheckApiFunc(bool))
D:\projects\andrew-grechkin\libext\Release-x32/liblibext.a(config.o)
                              src\panelcontroller.o (Ext::Service::Config_t::Config_t())
D:\projects\andrew-grechkin\libext\Release-x32/liblibext.a(create.o)
                              src\panelcontroller.o (Ext::Service::Create_t::Create_t(std::basic_string<wchar_t, std::char_traits<wchar_t>, std::allocator<wchar_t> > const&, std::basic_string<wchar_t, std::char_traits<wchar_t>, std::allocator<wchar_t> > const&))
D:\projects\andrew-grechkin\libext\Release-x32/liblibext.a(service.o)
                              src\panelcontroller.o (Ext::Service::Logon_t::Logon_t(wchar_t const*, wchar_t const*))
D:\projects\andrew-grechkin\libext\Release-x32/liblibext.a(sid.o)
                              src\panelcontroller.o (Ext::Sid::~Sid())
D:\projects\andrew-grechkin\libext\Release-x32/liblibext.a(sid_get_full_name.o)
                              src\panelcontroller.o (Ext::Sid::get_full_name() const)
D:\projects\andrew-grechkin\libext\Release-x32/liblibext.a(rc.o)
                              D:\projects\andrew-grechkin\libext\Release-x32/liblibext.a(services.o) (Ext::RemoteConnection::RemoteConnection(std::basic_string<wchar_t, std::char_traits<wchar_t>, std::allocator<wchar_t> > const&, wchar_t const*, wchar_t const*))
D:\projects\andrew-grechkin\libext\Release-x32/liblibext.a(scm.o)
                              D:\projects\andrew-grechkin\libext\Release-x32/liblibext.a(services.o) (Ext::Service::Manager::~Manager())
D:\projects\andrew-grechkin\libext\Release-x32/liblibext.a(info.o)
                              D:\projects\andrew-grechkin\libext\Release-x32/liblibext.a(services.o) (Ext::Service::Info_t::operator==(std::basic_string<wchar_t, std::char_traits<wchar_t>, std::allocator<wchar_t> > const&) const)
D:\projects\andrew-grechkin\libext\Release-x32/liblibext.a(sid_get_sid_a.o)
                              D:\projects\andrew-grechkin\libext\Release-x32/liblibext.a(sid.o) (Ext::Sid::get_sid(WELL_KNOWN_SID_TYPE))
D:\projects\andrew-grechkin\libext\Release-x32/liblibext.a(sid_size.o)
                              D:\projects\andrew-grechkin\libext\Release-x32/liblibext.a(sid.o) (Ext::Sid::size(void*))
D:\projects\andrew-grechkin\libext\Release-x32/liblibext.a(sid_get_sid_b.o)
                              D:\projects\andrew-grechkin\libext\Release-x32/liblibext.a(sid.o) (Ext::Sid::get_sid(wchar_t const*, wchar_t const*))
D:\projects\andrew-grechkin\libext\Release-x32/liblibext.a(sid_is_valid.o)
                              D:\projects\andrew-grechkin\libext\Release-x32/liblibext.a(sid.o) (Ext::Sid::is_valid(void*))
D:\projects\andrew-grechkin\libext\Release-x32/liblibext.a(sid_get_name_dom.o)
                              D:\projects\andrew-grechkin\libext\Release-x32/liblibext.a(sid_get_full_name.o) (Ext::Sid::get_name_dom(void*, std::basic_string<wchar_t, std::char_traits<wchar_t>, std::allocator<wchar_t> >&, std::basic_string<wchar_t, std::char_traits<wchar_t>, std::allocator<wchar_t> >&, wchar_t const*))
D:\projects\andrew-grechkin\libext\Release-x32/liblibext.a(dll.o)
                              D:\projects\andrew-grechkin\libext\Release-x32/liblibext.a(rc.o) (Ext::DynamicLibrary::~DynamicLibrary())
D:\projects\andrew-grechkin\libfar3\Release-x32/liblibfar3.a(panelcontroller_i.o)
                              src\panelcontroller.o (Far::PanelController_i::~PanelController_i())
D:\projects\andrew-grechkin\libfar3\Release-x32/liblibfar3.a(panel.o)
                              src\panelcontroller.o (Far::Panel::~Panel())
D:\projects\andrew-grechkin\libfar3\Release-x32/liblibfar3.a(message.o)
                              src\panelcontroller.o (Far::get_msg(int))
D:\projects\andrew-grechkin\libfar3\Release-x32/liblibfar3.a(messagebox.o)
                              src\panelcontroller.o (Far::ebox(Base::mstring const&, wchar_t const*))
D:\projects\andrew-grechkin\libfar3\Release-x32/liblibfar3.a(globalinfo_i.o)
                              src\globalinfo.o (Far::GlobalInfo_i::~GlobalInfo_i())
D:\projects\andrew-grechkin\libfar3\Release-x32/liblibfar3.a(dialog_builder.o)
                              src\panelcontroller.o (Far::create_dialog_builder(_GUID const&, wchar_t const*, wchar_t const*, int (*)(void*, int, int, void*), void*))
D:\projects\andrew-grechkin\libfar3\Release-x32/liblibfar3.a(create_label.o)
[...]
Memory Configuration

Name             Origin             Length             Attributes
*default*        0x0000000000000000 0xffffffffffffffff

Linker script and memory map

                0x000000006a900000                __image_base__ = 0x6a900000
                0x0000000000000000                __dll__ = 0x0
                0x000000006a900000                ___ImageBase = 0x6a900000
                0x0000000000001000                __section_alignment__ = 0x1000
                0x0000000000000200                __file_alignment__ = 0x200
                0x0000000000000004                __major_os_version__ = 0x4
                0x0000000000000000                __minor_os_version__ = 0x0
                0x0000000000000001                __major_image_version__ = 0x1
                0x0000000000000000                __minor_image_version__ = 0x0
                0x0000000000000004                __major_subsystem_version__ = 0x4
                0x0000000000000000                __minor_subsystem_version__ = 0x0
                0x0000000000000003                __subsystem__ = 0x3
                0x0000000000200000                __size_of_stack_reserve__ = 0x200000
                0x0000000000001000                __size_of_stack_commit__ = 0x1000
                0x0000000000100000                __size_of_heap_reserve__ = 0x100000
                0x0000000000001000                __size_of_heap_commit__ = 0x1000
                0x0000000000000000                __loader_flags__ = 0x0
                0x0000000000000000                __dll_characteristics__ = 0x0
LOAD c:/mingw/bin/../lib/gcc/x86_64-w64-mingw32/4.7.1/../../../../x86_64-w64-mingw32/lib/../lib32/dllcrt2.o
LOAD c:/mingw/bin/../lib/gcc/x86_64-w64-mingw32/4.7.1/../../../../x86_64-w64-mingw32/lib/../lib32/crtbegin.o
LOAD ..\src\mainW.vc.def
LOAD src\panelmodel.o
LOAD src\panelcontroller.o
LOAD src\panelActions.o
LOAD src\main.o
LOAD src\guid.o
LOAD src\globalinfo.o
LOAD src\farplugin.o
LOAD src\main.res
LOAD D:\projects\andrew-grechkin\libext\Release-x32/liblibext.a
LOAD D:\projects\andrew-grechkin\libfar3\Release-x32/liblibfar3.a
LOAD D:\projects\andrew-grechkin\libbase\Release-x32/liblibbase.a
LOAD c:/mingw/bin/../lib/gcc/x86_64-w64-mingw32/4.7.1/32\libstdc++.a
LOAD c:/mingw/bin/../lib/gcc/x86_64-w64-mingw32/4.7.1/../../../../x86_64-w64-mingw32/lib/../lib32/libmingw32.a
LOAD c:/mingw/bin/../lib/gcc/x86_64-w64-mingw32/4.7.1/32/libgcc.a
LOAD c:/mingw/bin/../lib/gcc/x86_64-w64-mingw32/4.7.1/../../../../x86_64-w64-mingw32/lib/../lib32/libmoldname.a
LOAD c:/mingw/bin/../lib/gcc/x86_64-w64-mingw32/4.7.1/../../../../x86_64-w64-mingw32/lib/../lib32/libmingwex.a
LOAD c:/mingw/bin/../lib/gcc/x86_64-w64-mingw32/4.7.1/../../../../x86_64-w64-mingw32/lib/../lib32/libmsvcrt.a
LOAD c:/mingw/bin/../lib/gcc/x86_64-w64-mingw32/4.7.1/../../../../x86_64-w64-mingw32/lib/../lib32/libadvapi32.a
LOAD c:/mingw/bin/../lib/gcc/x86_64-w64-mingw32/4.7.1/../../../../x86_64-w64-mingw32/lib/../lib32/libshell32.a
LOAD c:/mingw/bin/../lib/gcc/x86_64-w64-mingw32/4.7.1/../../../../x86_64-w64-mingw32/lib/../lib32/libuser32.a
LOAD c:/mingw/bin/../lib/gcc/x86_64-w64-mingw32/4.7.1/../../../../x86_64-w64-mingw32/lib/../lib32/libkernel32.a
LOAD c:/mingw/bin/../lib/gcc/x86_64-w64-mingw32/4.7.1/../../../../x86_64-w64-mingw32/lib/../lib32/libmingw32.a
LOAD c:/mingw/bin/../lib/gcc/x86_64-w64-mingw32/4.7.1/32/libgcc.a
LOAD c:/mingw/bin/../lib/gcc/x86_64-w64-mingw32/4.7.1/../../../../x86_64-w64-mingw32/lib/../lib32/libmoldname.a
LOAD c:/mingw/bin/../lib/gcc/x86_64-w64-mingw32/4.7.1/../../../../x86_64-w64-mingw32/lib/../lib32/libmingwex.a
LOAD c:/mingw/bin/../lib/gcc/x86_64-w64-mingw32/4.7.1/../../../../x86_64-w64-mingw32/lib/../lib32/libmsvcrt.a
LOAD c:/mingw/bin/../lib/gcc/x86_64-w64-mingw32/4.7.1/../../../../x86_64-w64-mingw32/lib/../lib32/crtend.o
                0x0000000000000308                . = SIZEOF_HEADERS
                0x0000000000001000                . = ALIGN (__section_alignment__)

.text           0x000000006a901000    0x35200
 *(.init)
 *(.text)
 .text          0x000000006a901000      0x480 c:/mingw/bin/../lib/gcc/x86_64-w64-mingw32/4.7.1/../../../../x86_64-w64-mingw32/lib/../lib32/dllcrt2.o
                0x000000006a901040                _CRT_INIT@12
                0x000000006a901440                DllMainCRTStartup@12
 .text          0x000000006a901480        0x0 c:/mingw/bin/../lib/gcc/x86_64-w64-mingw32/4.7.1/../../../../x86_64-w64-mingw32/lib/../lib32/crtbegin.o
 .text          0x000000006a901480      0x1a0 src\panelmodel.o
                0x000000006a901480                PanelModel::PanelModel()
                0x000000006a901480                PanelModel::PanelModel()
                0x000000006a901600                PanelModel::is_drivers() const
 .text          0x000000006a901620     0x6a10 src\panelcontroller.o
                0x000000006a901640                PanelController::refresh()
                0x000000006a901660                PanelController::notify(Base::Message const&)
                0x000000006a9016e0                non-virtual thunk to PanelController::notify(Base::Message const&)
                0x000000006a9016f0                PanelController::ProcessInput(ProcessPanelInputInfo const*)
                0x000000006a901740                PanelController::ProcessEvent(ProcessPanelEventInfo const*)
                0x000000006a901860                PanelController::FreeFindData(FreeFindDataInfo const*)
                0x000000006a901920                PanelController::GetFindData(GetFindDataInfo*)
                0x000000006a901e20                PanelController::SetDirectory(SetDirectoryInfo const*)
                0x000000006a902070                PanelController::~PanelController()
                0x000000006a902070                PanelController::~PanelController()
                0x000000006a902220                non-virtual thunk to PanelController::~PanelController()
                0x000000006a902230                PanelController::~PanelController()
                0x000000006a902250                non-virtual thunk to PanelController::~PanelController()
                0x000000006a902260                PanelController::GetOpenPanelInfo(OpenPanelInfo*)
                0x000000006a902f40                PanelController::local_connection()
                0x000000006a9031e0                PanelController::Compare(CompareInfo const*)
                0x000000006a903500                state_as_str(unsigned long)
                0x000000006a903510                error_control_as_str(Ext::Service::Error_t)
                0x000000006a903520                svc_type_to_radio_button(Ext::Service::Type_t)
                0x000000006a903540                svc_start_type_to_radio_button(Ext::Service::Start_t)
                0x000000006a903590                start_type_as_str(Ext::Service::Start_t)
                0x000000006a9035f0                start_type_as_full_str(Ext::Service::Start_t)
                0x000000006a903650                svc_error_control_to_radio_button(Ext::Service::Error_t)
                0x000000006a903660                radio_button_to_svc_type(int)
                0x000000006a903680                radio_button_to_svc_start_type(int)
                0x000000006a9036a0                parse_info(Ext::Service::Info_t const&)
                0x000000006a903e20                PanelController::view()
                0x000000006a904280                TrunCopy(wchar_t*, wchar_t const*, unsigned int, unsigned int)
                0x000000006a9043c0                ShowMessage(wchar_t const*, wchar_t const*)
                0x000000006a9045b0                PanelController::PanelController()
                0x000000006a9045b0                PanelController::PanelController()
                0x000000006a904790                PanelController::action_process(void (PanelModel::*)(__gnu_cxx::__normal_iterator<Ext::Service::Info_t*, std::vector<Ext::Service::Info_t, std::allocator<Ext::Service::Info_t> > >), wchar_t const*)
                0x000000006a904df0                PanelController::stop()
                0x000000006a904e30                PanelController::contin()
                0x000000006a904e70                PanelController::pause()
                0x000000006a904eb0                PanelController::restart()
                0x000000006a904ef0                PanelController::start()
                0x000000006a904f30                PanelController::show_dlg_delete()
                0x000000006a905410                PanelController::del()
                0x000000006a905430                PanelController::set_view_mode(int)
                0x000000006a905450                PanelController::is_name_mode() const
                0x000000006a905480                create_FarPanel(OpenInfo const*)
                0x000000006a905610                PanelController::show_dlg_connection()
                0x000000006a905b60                PanelController::change_connection()
                0x000000006a905b80                PanelController::show_dlg_edit_service(__gnu_cxx::__normal_iterator<Ext::Service::Info_t*, std::vector<Ext::Service::Info_t, std::allocator<Ext::Service::Info_t> > > const&)
                0x000000006a906a60                PanelController::create_service()
                0x000000006a906a90                PanelController::edit()
                0x000000006a906c90                PanelController::show_dlg_logon_as(Far::Panel&)
                0x000000006a907f20                PanelController::change_logon()
 .text          0x000000006a908030      0x330 src\panelActions.o
                0x000000006a908030                PanelActions::PanelActions()
                0x000000006a908030                PanelActions::PanelActions()
                0x000000006a908070                PanelActions::clear()
                0x000000006a908080                PanelActions::exec_func(PanelController*, unsigned short, unsigned long) const
                0x000000006a908230                PanelActions::get_titles() const
                0x000000006a908240                PanelActions::add(unsigned short, unsigned long, wchar_t const*, bool (PanelController::*)(), wchar_t const*)
 .text          0x000000006a908360      0x330 src\main.o
                0x000000006a908380                GetGlobalInfoW
                0x000000006a908380                GetGlobalInfoW@4
                0x000000006a908470                SetStartupInfoW
                0x000000006a908470                SetStartupInfoW@4
                0x000000006a9084a0                ConfigureW@4
                0x000000006a9084a0                ConfigureW
                0x000000006a9084c0                GetPluginInfoW@4
                0x000000006a9084c0                GetPluginInfoW
                0x000000006a908510                OpenW@4
                0x000000006a908510                OpenW
                0x000000006a908560                ExitFARW
                0x000000006a908560                ExitFARW@4
                0x000000006a9085b0                ClosePanelW
                0x000000006a9085b0                ClosePanelW@4
                0x000000006a9085c0                CompareW@4
                0x000000006a9085c0                CompareW
                0x000000006a9085d0                DeleteFilesW@4
                0x000000006a9085e0                FreeFindDataW@4
                0x000000006a9085e0                FreeFindDataW
                0x000000006a9085f0                GetFilesW@4
                0x000000006a908600                GetFindDataW@4
                0x000000006a908600                GetFindDataW
                0x000000006a908610                GetOpenPanelInfoW@4
                0x000000006a908610                GetOpenPanelInfoW
                0x000000006a908620                MakeDirectoryW@4
                0x000000006a908630                ProcessPanelEventW
                0x000000006a908630                ProcessPanelEventW@4
                0x000000006a908640                ProcessHostFileW@4
                0x000000006a908650                ProcessPanelInputW
                0x000000006a908650                ProcessPanelInputW@4
                0x000000006a908660                PutFilesW@4
                0x000000006a908670                SetDirectoryW
                0x000000006a908670                SetDirectoryW@4
                0x000000006a908680                SetFindListW@4
 .text          0x000000006a908690        0x0 src\guid.o
 .text          0x000000006a908690      0xb60 src\globalinfo.o
                0x000000006a9086b0                FarGlobalInfo::get_author() const
                0x000000006a9086c0                FarGlobalInfo::get_description() const
                0x000000006a9086d0                FarGlobalInfo::get_guid() const
                0x000000006a9086e0                FarGlobalInfo::get_title() const
                0x000000006a9086f0                FarGlobalInfo::get_version() const
                0x000000006a908720                FarGlobalInfo::get_min_version() const
                0x000000006a908750                FarGlobalInfo::CreatePlugin(PluginStartupInfo const*) const
                0x000000006a908770                FarGlobalInfo::~FarGlobalInfo()
                0x000000006a908770                FarGlobalInfo::~FarGlobalInfo()
                0x000000006a908820                non-virtual thunk to FarGlobalInfo::~FarGlobalInfo()
                0x000000006a908830                FarGlobalInfo::~FarGlobalInfo()
                0x000000006a9088f0                non-virtual thunk to FarGlobalInfo::~FarGlobalInfo()
                0x000000006a908900                FarGlobalInfo::FarGlobalInfo()
                0x000000006a908900                FarGlobalInfo::FarGlobalInfo()
                0x000000006a9089f0                FarGlobalInfo::load_settings()
                0x000000006a908c70                FarGlobalInfo::save_settings() const
                0x000000006a908ed0                FarGlobalInfo::Configure(ConfigureInfo const*)
                0x000000006a9091b0                get_global_info()
 .text          0x000000006a9091f0      0x230 src\farplugin.o
                0x000000006a9091f0                FarPlugin::Open(OpenInfo const*)
                0x000000006a909210                FarPlugin::GetPluginInfo(PluginInfo*)
                0x000000006a9092f0                FarPlugin::~FarPlugin()
                0x000000006a9092f0                FarPlugin::~FarPlugin()
                0x000000006a909300                FarPlugin::~FarPlugin()
                0x000000006a909320                FarPlugin::FarPlugin(PluginStartupInfo const*)
                0x000000006a909320                FarPlugin::FarPlugin(PluginStartupInfo const*)
                0x000000006a909350                create_FarPlugin(PluginStartupInfo const*)
                0x000000006a909400                destroy(Far::Plugin_i*)
 .text          0x000000006a909420     0x4470 D:\projects\andrew-grechkin\libext\Release-x32/liblibext.a(services.o)
                0x000000006a909420                Ext::Services::Filter::Filter(std::basic_string<wchar_t, std::char_traits<wchar_t>, std::allocator<wchar_t> > const&, wchar_t const*, wchar_t const*, Ext::Service::EnumerateType_t)
                0x000000006a909420                Ext::Services::Filter::Filter(std::basic_string<wchar_t, std::char_traits<wchar_t>, std::allocator<wchar_t> > const&, wchar_t const*, wchar_t const*, Ext::Service::EnumerateType_t)
                0x000000006a9095c0                Ext::Services::Filter::get_connection() const
                0x000000006a9095e0                Ext::Services::Filter::get_read_manager() const
                0x000000006a909600                Ext::Services::Filter::get_write_manager() const
                0x000000006a909790                Ext::Services::Filter::get_type() const
                0x000000006a9097a0                Ext::Services::Filter::set_type(Ext::Service::EnumerateType_t)
                0x000000006a9097b0                Ext::Services::Filter::get_host() const
                0x000000006a9097e0                Ext::Services::Filter::set_host(std::basic_string<wchar_t, std::char_traits<wchar_t>, std::allocator<wchar_t> > const&, wchar_t const*, wchar_t const*)
                0x000000006a9099b0                Ext::Services::get_type() const
                0x000000006a9099c0                Ext::Services::get_host() const
                0x000000006a9099f0                Ext::Services::del(__gnu_cxx::__normal_iterator<Ext::Service::Info_t*, std::vector<Ext::Service::Info_t, std::allocator<Ext::Service::Info_t> > >)
                0x000000006a909f50                Ext::Services::start(__gnu_cxx::__normal_iterator<Ext::Service::Info_t*, std::vector<Ext::Service::Info_t, std::allocator<Ext::Service::Info_t> > >)
                0x000000006a90a520                Ext::Services::stop(__gnu_cxx::__normal_iterator<Ext::Service::Info_t*, std::vector<Ext::Service::Info_t, std::allocator<Ext::Service::Info_t> > >)
                0x000000006a90ab00                Ext::Services::restart(__gnu_cxx::__normal_iterator<Ext::Service::Info_t*, std::vector<Ext::Service::Info_t, std::allocator<Ext::Service::Info_t> > >)
                0x000000006a90b0e0                Ext::Services::contin(__gnu_cxx::__normal_iterator<Ext::Service::Info_t*, std::vector<Ext::Service::Info_t, std::allocator<Ext::Service::Info_t> > >)
                0x000000006a90b6c0                Ext::Services::pause(__gnu_cxx::__normal_iterator<Ext::Service::Info_t*, std::vector<Ext::Service::Info_t, std::allocator<Ext::Service::Info_t> > >)
                0x000000006a90bca0                Ext::Services::set_config(__gnu_cxx::__normal_iterator<Ext::Service::Info_t*, std::vector<Ext::Service::Info_t, std::allocator<Ext::Service::Info_t> > >, Ext::Service::Config_t const&)
                0x000000006a90c280                Ext::Services::set_logon(__gnu_cxx::__normal_iterator<Ext::Service::Info_t*, std::vector<Ext::Service::Info_t, std::allocator<Ext::Service::Info_t> > >, Ext::Service::Logon_t const&)
                0x000000006a90c840                Ext::Services::start_batch()
                0x000000006a90c850                Ext::Services::notify_changed()
                0x000000006a90c970                Ext::Services::stop_batch()
                0x000000006a90ca70                Ext::Services::set_wait_state(bool)
                0x000000006a90ca90                Ext::Services::get_wait_state() const
                0x000000006a90caa0                Ext::Services::set_wait_timeout(unsigned int)
                0x000000006a90cab0                Ext::Services::get_wait_timeout() const
                0x000000006a90cac0                Ext::Services::Services(std::basic_string<wchar_t, std::char_traits<wchar_t>, std::allocator<wchar_t> > const&, wchar_t const*, wchar_t const*)
                0x000000006a90cac0                Ext::Services::Services(std::basic_string<wchar_t, std::char_traits<wchar_t>, std::allocator<wchar_t> > const&, wchar_t const*, wchar_t const*)
                0x000000006a90cc00                Ext::Services::update()
                0x000000006a90d230                Ext::Services::set_host(std::basic_string<wchar_t, std::char_traits<wchar_t>, std::allocator<wchar_t> > const&, wchar_t const*, wchar_t const*)
                0x000000006a90d390                Ext::Services::set_type(Ext::Service::EnumerateType_t)
                0x000000006a90d4d0                Ext::Services::find(std::basic_string<wchar_t, std::char_traits<wchar_t>, std::allocator<wchar_t> > const&)
                0x000000006a90d500                Ext::Services::find(std::basic_string<wchar_t, std::char_traits<wchar_t>, std::allocator<wchar_t> > const&) const
                0x000000006a90d530                Ext::Services::add(Ext::Service::Create_t const&)
 .text          0x000000006a90d890      0x350 D:\projects\andrew-grechkin\libext\Release-x32/liblibext.a(exception.o)
                0x000000006a90d890                Ext::AbstractError::~AbstractError()
                0x000000006a90d900                Ext::AbstractError::~AbstractError()
                0x000000006a90d900                Ext::AbstractError::~AbstractError()
                0x000000006a90d960                Ext::AbstractError::AbstractError()
                0x000000006a90d960                Ext::AbstractError::AbstractError()
                0x000000006a90da20                Ext::AbstractError::AbstractError(Ext::AbstractError const&)
                0x000000006a90da20                Ext::AbstractError::AbstractError(Ext::AbstractError const&)
                0x000000006a90daf0                Ext::AbstractError::where() const
                0x000000006a90db00                Ext::AbstractError::get_prev() const
                0x000000006a90db20                Ext::AbstractError::format_error() const
 .text          0x000000006a90dbe0      0xa00 D:\projects\andrew-grechkin\libext\Release-x32/liblibext.a(exception_win.o)
                0x000000006a90dbe0                Ext::WinError::code() const
                0x000000006a90dbf0                Ext::WinError::what() const
                0x000000006a90dc20                Ext::WinError::type() const
                0x000000006a90dc50                Ext::WinError::clone() const
                0x000000006a90dd10                Ext::WinError::format_error(Base::mstring&) const
                0x000000006a90de50                Ext::WinError::WinError()
                0x000000006a90de50                Ext::WinError::WinError()
                0x000000006a90df00                Ext::WinError::WinError(unsigned long)
                0x000000006a90df00                Ext::WinError::WinError(unsigned long)
                0x000000006a90df20                Ext::HiddenFunctions::CheckApiFunc(bool)
                0x000000006a90e010                Ext::HiddenFunctions::CheckApiThrowErrorFunc(bool, unsigned long)
                0x000000006a90e0e0                Ext::HiddenFunctions::CheckApiErrorFunc(unsigned long)
                0x000000006a90e1b0                Ext::HiddenFunctions::CheckComFunc(long)
                0x000000006a90e280                Ext::HiddenFunctions::CheckHandleFuncHan(void*)
                0x000000006a90e350                Ext::HiddenFunctions::CheckHandleErrFuncHan(void*)
                0x000000006a90e430                Ext::HiddenFunctions::CheckPointerFuncVoid(void*)
                0x000000006a90e500                Ext::HiddenFunctions::CheckPointerErrFuncVoid(void*)
 .text          0x000000006a90e5e0      0x260 D:\projects\andrew-grechkin\libext\Release-x32/liblibext.a(config.o)
                0x000000006a90e5e0                Ext::Service::Config_t::Config_t()
                0x000000006a90e5e0                Ext::Service::Config_t::Config_t()
                0x000000006a90e620                Ext::Service::Config_t::set_type(Ext::Service::Type_t, Ext::Service::Type_t)
                0x000000006a90e630                Ext::Service::Config_t::set_start(Ext::Service::Start_t, Ext::Service::Start_t)
                0x000000006a90e670                Ext::Service::Config_t::set_error_control(Ext::Service::Error_t, Ext::Service::Error_t)
                0x000000006a90e680                Ext::Service::Config_t::set_path(wchar_t const*, wchar_t const*)
                0x000000006a90e6e0                Ext::Service::Config_t::set_group(wchar_t const*, wchar_t const*)
                0x000000006a90e740                Ext::Service::Config_t::set_tag(unsigned long&, unsigned long)
                0x000000006a90e760                Ext::Service::Config_t::set_dependencies(wchar_t const*, wchar_t const*)
                0x000000006a90e7c0                Ext::Service::Config_t::set_display_name(wchar_t const*, wchar_t const*)
                0x000000006a90e820                Ext::Service::Config_t::set_delayed_start(unsigned long, unsigned long)
                0x000000006a90e830                Ext::Service::Config_t::log() const
 .text          0x000000006a90e840      0x1d0 D:\projects\andrew-grechkin\libext\Release-x32/liblibext.a(create.o)
                0x000000006a90e840                Ext::Service::Create_t::Create_t(std::basic_string<wchar_t, std::char_traits<wchar_t>, std::allocator<wchar_t> > const&, std::basic_string<wchar_t, std::char_traits<wchar_t>, std::allocator<wchar_t> > const&)
                0x000000006a90e840                Ext::Service::Create_t::Create_t(std::basic_string<wchar_t, std::char_traits<wchar_t>, std::allocator<wchar_t> > const&, std::basic_string<wchar_t, std::char_traits<wchar_t>, std::allocator<wchar_t> > const&)
                0x000000006a90e930                Ext::Service::Create_t::set_type(Ext::Service::Type_t)
                0x000000006a90e940                Ext::Service::Create_t::set_start(Ext::Service::Start_t)
                0x000000006a90e970                Ext::Service::Create_t::set_error_control(Ext::Service::Error_t)
                0x000000006a90e980                Ext::Service::Create_t::set_group(wchar_t const*)
                0x000000006a90e9a0                Ext::Service::Create_t::set_tag(unsigned long&)
                0x000000006a90e9b0                Ext::Service::Create_t::set_dependencies(wchar_t const*)
                0x000000006a90e9d0                Ext::Service::Create_t::set_display_name(wchar_t const*)
                0x000000006a90e9f0                Ext::Service::Create_t::set_delayed_start(unsigned long)
                0x000000006a90ea00                Ext::Service::Create_t::get_name() const
 .text          0x000000006a90ea10     0x1bf0 D:\projects\andrew-grechkin\libext\Release-x32/liblibext.a(service.o)
                0x000000006a90ea10                Ext::Service::Logon_t::Logon_t()
                0x000000006a90ea10                Ext::Service::Logon_t::Logon_t()
                0x000000006a90ea30                Ext::Service::Logon_t::Logon_t(wchar_t const*, wchar_t const*)
                0x000000006a90ea30                Ext::Service::Logon_t::Logon_t(wchar_t const*, wchar_t const*)
                0x000000006a90ea50                Ext::Service::~Service()
                0x000000006a90ea50                Ext::Service::~Service()
                0x000000006a90ea80                Ext::Service::Service(SC_HANDLE__*, wchar_t const*, unsigned long)
                0x000000006a90ea80                Ext::Service::Service(SC_HANDLE__*, wchar_t const*, unsigned long)
                0x000000006a90eac0                Ext::Service::Service(Ext::Service&&)
                0x000000006a90eac0                Ext::Service::Service(Ext::Service&&)
                0x000000006a90eae0                Ext::Service::operator=(Ext::Service&&)
                0x000000006a90eb00                Ext::Service::del()
                0x000000006a90eb30                Ext::Service::start()
                0x000000006a90eb80                Ext::Service::stop()
                0x000000006a90ebd0                Ext::Service::contin()
                0x000000006a90ec10                Ext::Service::pause()
                0x000000006a90ec50                Ext::Service::set_config(Ext::Service::Config_t const&)
                0x000000006a90ed10                Ext::Service::set_logon(Ext::Service::Logon_t const&)
                0x000000006a90ed90                Ext::Service::set_description(wchar_t const*)
                0x000000006a90ede0                Ext::Service::set_delayed(bool)
                0x000000006a90ee30                Ext::Service::wait_state(Ext::Service::State_t, unsigned long)
                0x000000006a90eed0                Ext::Service::get_status() const
                0x000000006a90ef20                Ext::Service::get_state() const
                0x000000006a90ef70                Ext::Service::del(SC_HANDLE__*, wchar_t const*)
                0x000000006a90f0b0                Ext::Service::start(SC_HANDLE__*, wchar_t const*)
                0x000000006a90f1c0                Ext::Service::stop(SC_HANDLE__*, wchar_t const*)
                0x000000006a90f2d0                Ext::Service::restart(SC_HANDLE__*, wchar_t const*)
                0x000000006a90f500                Ext::Service::contin(SC_HANDLE__*, wchar_t const*)
                0x000000006a90f600                Ext::Service::pause(SC_HANDLE__*, wchar_t const*)
                0x000000006a90f700                Ext::Service::set_config(SC_HANDLE__*, wchar_t const*, Ext::Service::Config_t const&)
                0x000000006a90f890                Ext::Service::set_logon(SC_HANDLE__*, wchar_t const*, Ext::Service::Logon_t const&)
                0x000000006a90f9d0                Ext::Service::get_status(SC_HANDLE__*, wchar_t const*)
                0x000000006a90faf0                Ext::Service::get_state(SC_HANDLE__*, wchar_t const*)
                0x000000006a90fc20                Ext::Service::QueryConfig() const
                0x000000006a90fdd0                Ext::Service::get_type() const
                0x000000006a90fe20                Ext::Service::get_start_type() const
                0x000000006a90fe70                Ext::Service::get_start_type(SC_HANDLE__*, wchar_t const*)
                0x000000006a90ff90                Ext::Service::get_user() const
                0x000000006a910090                Ext::Service::QueryConfig2(unsigned long) const
                0x000000006a910260                Ext::Service::get_delayed() const
                0x000000006a910380                Ext::Service::get_description() const
                0x000000006a910480                Ext::Service::get_description(SC_HANDLE__*, wchar_t const*)
 .text          0x000000006a910600      0x570 D:\projects\andrew-grechkin\libext\Release-x32/liblibext.a(sid.o)
                0x000000006a910600                Ext::Sid::~Sid()
                0x000000006a910600                Ext::Sid::~Sid()
                0x000000006a910620                Ext::Sid::Sid(WELL_KNOWN_SID_TYPE)
                0x000000006a910620                Ext::Sid::Sid(WELL_KNOWN_SID_TYPE)
                0x000000006a910640                Ext::Sid::Sid(void*)
                0x000000006a910640                Ext::Sid::Sid(void*)
                0x000000006a9106c0                Ext::Sid::Sid(wchar_t const*, wchar_t const*)
                0x000000006a9106c0                Ext::Sid::Sid(wchar_t const*, wchar_t const*)
                0x000000006a9106f0                Ext::Sid::Sid(std::basic_string<wchar_t, std::char_traits<wchar_t>, std::allocator<wchar_t> > const&, wchar_t const*)
                0x000000006a9106f0                Ext::Sid::Sid(std::basic_string<wchar_t, std::char_traits<wchar_t>, std::allocator<wchar_t> > const&, wchar_t const*)
                0x000000006a910720                Ext::Sid::Sid(Ext::Sid const&)
                0x000000006a910720                Ext::Sid::Sid(Ext::Sid const&)
                0x000000006a9107a0                Ext::Sid::Sid(Ext::Sid&&)
                0x000000006a9107a0                Ext::Sid::Sid(Ext::Sid&&)
                0x000000006a9107c0                Ext::Sid::operator=(Ext::Sid const&)
                0x000000006a910850                Ext::Sid::operator=(Ext::Sid&&)
                0x000000006a910880                Ext::Sid::operator=(void*)
                0x000000006a910910                Ext::Sid::operator==(void*) const
                0x000000006a910970                Ext::Sid::copy_to(void*, unsigned int) const
                0x000000006a9109b0                Ext::Sid::check(void*)
                0x000000006a9109e0                Ext::Sid::detach(void*&)
                0x000000006a910a20                Ext::Sid::swap(Ext::Sid&)
                0x000000006a910a40                Ext::Sid::sub_authority_count(void*)
                0x000000006a910a80                Ext::Sid::get_rid(void*)
                0x000000006a910ad0                Ext::Sid::clone(void*)
                0x000000006a910b40                Ext::SidString::init(wchar_t const*)
 .text          0x000000006a910b70      0x2a0 D:\projects\andrew-grechkin\libext\Release-x32/liblibext.a(sid_get_full_name.o)
                0x000000006a910b70                Ext::Sid::get_full_name(void*, wchar_t const*)
                0x000000006a910de0                Ext::Sid::get_full_name() const
 .text          0x000000006a910e10      0x6f0 D:\projects\andrew-grechkin\libext\Release-x32/liblibext.a(rc.o)
                0x000000006a910ee0                Ext::RemoteConnection::disconnect()
                0x000000006a9110d0                Ext::RemoteConnection::connect(std::basic_string<wchar_t, std::char_traits<wchar_t>, std::allocator<wchar_t> > const&, wchar_t const*, wchar_t const*)
                0x000000006a911320                Ext::RemoteConnection::RemoteConnection(std::basic_string<wchar_t, std::char_traits<wchar_t>, std::allocator<wchar_t> > const&, wchar_t const*, wchar_t const*)
                0x000000006a911320                Ext::RemoteConnection::RemoteConnection(std::basic_string<wchar_t, std::char_traits<wchar_t>, std::allocator<wchar_t> > const&, wchar_t const*, wchar_t const*)
                0x000000006a9113f0                Ext::RemoteConnection::~RemoteConnection()
                0x000000006a9113f0                Ext::RemoteConnection::~RemoteConnection()
                0x000000006a9114b0                Ext::RemoteConnection::get_host() const
 .text          0x000000006a911500      0x590 D:\projects\andrew-grechkin\libext\Release-x32/liblibext.a(scm.o)
                0x000000006a911500                Ext::Service::Manager::~Manager()
                0x000000006a911500                Ext::Service::Manager::~Manager()
                0x000000006a911520                Ext::Service::Manager::Manager(Ext::RemoteConnection*, unsigned long)
                0x000000006a911520                Ext::Service::Manager::Manager(Ext::RemoteConnection*, unsigned long)
                0x000000006a911630                Ext::Service::Manager::Manager(Ext::Service::Manager&&)
                0x000000006a911630                Ext::Service::Manager::Manager(Ext::Service::Manager&&)
                0x000000006a911650                Ext::Service::Manager::operator=(Ext::Service::Manager&&)
                0x000000006a911670                Ext::Service::Manager::reconnect(Ext::RemoteConnection*, unsigned long)
                0x000000006a9117a0                Ext::Service::Manager::create_service(Ext::Service::Create_t const&) const
                0x000000006a911920                Ext::Service::Manager::is_exist(wchar_t const*) const
                0x000000006a911960                Ext::Service::Manager::open(Ext::RemoteConnection*, unsigned long)
                0x000000006a911a70                Ext::Service::Manager::close(SC_HANDLE__*)
 .text          0x000000006a911a90      0xba0 D:\projects\andrew-grechkin\libext\Release-x32/liblibext.a(info.o)
                0x000000006a911a90                Ext::Service::Info_t::operator<(Ext::Service::Info_t const&) const
                0x000000006a911b00                Ext::Service::Info_t::operator==(std::basic_string<wchar_t, std::char_traits<wchar_t>, std::allocator<wchar_t> > const&) const
                0x000000006a911b50                Ext::Service::Info_t::Info_t(wchar_t const*, Ext::Service const&)
                0x000000006a911b50                Ext::Service::Info_t::Info_t(wchar_t const*, Ext::Service const&)
                0x000000006a9120c0                Ext::Service::Info_t::Info_t(SC_HANDLE__*, _ENUM_SERVICE_STATUS_PROCESSW const&)
                0x000000006a9120c0                Ext::Service::Info_t::Info_t(SC_HANDLE__*, _ENUM_SERVICE_STATUS_PROCESSW const&)
 .text          0x000000006a912630       0x70 D:\projects\andrew-grechkin\libext\Release-x32/liblibext.a(sid_get_sid_a.o)
                0x000000006a912630                Ext::Sid::get_sid(WELL_KNOWN_SID_TYPE)
 .text          0x000000006a9126a0       0x50 D:\projects\andrew-grechkin\libext\Release-x32/liblibext.a(sid_size.o)
                0x000000006a9126a0                Ext::Sid::size() const
                0x000000006a9126c0                Ext::Sid::size(void*)
 .text          0x000000006a9126f0       0x90 D:\projects\andrew-grechkin\libext\Release-x32/liblibext.a(sid_get_sid_b.o)
                0x000000006a9126f0                Ext::Sid::get_sid(wchar_t const*, wchar_t const*)
 .text          0x000000006a912780       0x60 D:\projects\andrew-grechkin\libext\Release-x32/liblibext.a(sid_is_valid.o)
                0x000000006a912780                Ext::Sid::is_valid() const
                0x000000006a9127b0                Ext::Sid::is_valid(void*)
 .text          0x000000006a9127e0      0x130 D:\projects\andrew-grechkin\libext\Release-x32/liblibext.a(sid_get_name_dom.o)
                0x000000006a9127e0                Ext::Sid::get_name_dom(void*, std::basic_string<wchar_t, std::char_traits<wchar_t>, std::allocator<wchar_t> >&, std::basic_string<wchar_t, std::char_traits<wchar_t>, std::allocator<wchar_t> >&, wchar_t const*)
 .text          0x000000006a912910      0x500 D:\projects\andrew-grechkin\libext\Release-x32/liblibext.a(dll.o)
                0x000000006a912910                Ext::DynamicLibrary::~DynamicLibrary()
                0x000000006a912910                Ext::DynamicLibrary::~DynamicLibrary()
                0x000000006a912970                Ext::DynamicLibrary::~DynamicLibrary()
                0x000000006a9129e0                Ext::DynamicLibrary::DynamicLibrary(wchar_t const*, unsigned long)
                0x000000006a9129e0                Ext::DynamicLibrary::DynamicLibrary(wchar_t const*, unsigned long)
                0x000000006a912a30                Ext::DynamicLibrary::DynamicLibrary(HINSTANCE__*, unsigned long)
                0x000000006a912a30                Ext::DynamicLibrary::DynamicLibrary(HINSTANCE__*, unsigned long)
                0x000000006a912a60                Ext::DynamicLibrary::get_path() const
                0x000000006a912b30                Ext::DynamicLibrary::DynamicLibrary(Ext::DynamicLibrary const&)
                0x000000006a912b30                Ext::DynamicLibrary::DynamicLibrary(Ext::DynamicLibrary const&)
                0x000000006a912c60                Ext::DynamicLibrary::operator=(Ext::DynamicLibrary const&)
                0x000000006a912da0                Ext::DynamicLibrary::get_function(char const*) const
 .text          0x000000006a912e10      0x3e0 D:\projects\andrew-grechkin\libfar3\Release-x32/liblibfar3.a(panelcontroller_i.o)
                0x000000006a912e30                Far::PanelController_i::~PanelController_i()
                0x000000006a912e30                Far::PanelController_i::~PanelController_i()
                0x000000006a912e40                Far::PanelController_i::Close(ClosePanelInfo const*)
                0x000000006a912e60                Far::PanelController_i::Compare(CompareInfo const*)
                0x000000006a912e70                Far::PanelController_i::DeleteFiles(DeleteFilesInfo const*)
                0x000000006a912e80                Far::PanelController_i::FreeFindData(FreeFindDataInfo const*)
                0x000000006a912e90                Far::PanelController_i::GetFiles(GetFilesInfo*)
                0x000000006a912ea0                Far::PanelController_i::GetFindData(GetFindDataInfo*)
                0x000000006a912eb0                Far::PanelController_i::MakeDirectory(MakeDirectoryInfo*)
                0x000000006a912ec0                Far::PanelController_i::ProcessEvent(ProcessPanelEventInfo const*)
                0x000000006a912ed0                Far::PanelController_i::ProcessInput(ProcessPanelInputInfo const*)
                0x000000006a912ee0                Far::PanelController_i::ProcessHostFile(ProcessHostFileInfo const*)
                0x000000006a912ef0                Far::PanelController_i::PutFiles(PutFilesInfo const*)
                0x000000006a912f00                Far::PanelController_i::SetDirectory(SetDirectoryInfo const*)
                0x000000006a912f10                Far::PanelController_i::SetFindList(SetFindListInfo const*)
                0x000000006a912f20                Far::PanelController_i::~PanelController_i()
                0x000000006a912f40                Far::PanelController_i::ClosePanelW(ClosePanelInfo const*)
                0x000000006a912f60                Far::PanelController_i::CompareW(CompareInfo const*)
                0x000000006a912f80                Far::PanelController_i::DeleteFilesW(DeleteFilesInfo const*)
                0x000000006a912fa0                Far::PanelController_i::FreeFindDataW(FreeFindDataInfo const*)
                0x000000006a912fc0                Far::PanelController_i::GetFilesW(GetFilesInfo*)
                0x000000006a912fe0                Far::PanelController_i::GetFindDataW(GetFindDataInfo*)
                0x000000006a913000                Far::PanelController_i::GetOpenPanelInfoW(OpenPanelInfo*)
                0x000000006a913020                Far::PanelController_i::MakeDirectoryW(MakeDirectoryInfo*)
                0x000000006a913040                Far::PanelController_i::ProcessPanelEventW(ProcessPanelEventInfo const*)
                0x000000006a913060                Far::PanelController_i::ProcessHostFileW(ProcessHostFileInfo const*)
                0x000000006a913080                Far::PanelController_i::ProcessPanelInputW(ProcessPanelInputInfo const*)
                0x000000006a9130a0                Far::PanelController_i::PutFilesW(PutFilesInfo const*)
                0x000000006a9130c0                Far::PanelController_i::SetDirectoryW(SetDirectoryInfo const*)
                0x000000006a9130e0                Far::PanelController_i::SetFindListW(SetFindListInfo const*)
                0x000000006a913100                Far::PanelController_i::update(bool) const
                0x000000006a913180                Far::PanelController_i::redraw() const
                0x000000006a9131e0                Far::PanelController_i::PanelController_i()
                0x000000006a9131e0                Far::PanelController_i::PanelController_i()
 .text          0x000000006a9131f0      0x710 D:\projects\andrew-grechkin\libfar3\Release-x32/liblibfar3.a(panel.o)
                0x000000006a913210                Far::Panel::~Panel()
                0x000000006a913210                Far::Panel::~Panel()
                0x000000006a913290                Far::Panel::Panel(void*, FILE_CONTROL_COMMANDS)
                0x000000006a913290                Far::Panel::Panel(void*, FILE_CONTROL_COMMANDS)
                0x000000006a913320                Far::Panel::is_ok() const
                0x000000006a913330                Far::Panel::PanelType() const
                0x000000006a913340                Far::Panel::size() const
                0x000000006a913350                Far::Panel::selected() const
                0x000000006a913360                Far::Panel::current() const
                0x000000006a913370                Far::Panel::view_mode() const
                0x000000006a913380                Far::Panel::flags() const
                0x000000006a913390                Far::Panel::get_current_directory() const
                0x000000006a9134c0                Far::Panel::operator[](unsigned int) const
                0x000000006a913600                Far::Panel::get_selected(unsigned int) const
                0x000000006a913740                Far::Panel::get_current() const
                0x000000006a913760                Far::Panel::StartSelection()
                0x000000006a9137c0                Far::Panel::Select(unsigned int, bool)
                0x000000006a913830                Far::Panel::clear_selection(unsigned int)
                0x000000006a9138a0                Far::Panel::CommitSelection()
 .text          0x000000006a913900       0xc0 D:\projects\andrew-grechkin\libfar3\Release-x32/liblibfar3.a(message.o)
                0x000000006a913920                Far::get_msg(int)
 .text          0x000000006a9139c0      0x5c0 D:\projects\andrew-grechkin\libfar3\Release-x32/liblibfar3.a(messagebox.o)
                0x000000006a9139e0                Far::ibox(wchar_t const*, wchar_t const*)
                0x000000006a913aa0                Far::mbox(wchar_t const*, wchar_t const*)
                0x000000006a913b60                Far::ebox(wchar_t const*, wchar_t const*)
                0x000000006a913c20                Far::ebox(wchar_t const**, unsigned int, wchar_t const*)
                0x000000006a913cd0                Far::ebox(Base::mstring const&, wchar_t const*)
                0x000000006a913df0                Far::ebox(unsigned long)
                0x000000006a913eb0                Far::question(wchar_t const*, wchar_t const*)
 .text          0x000000006a913f80      0x1c0 D:\projects\andrew-grechkin\libfar3\Release-x32/liblibfar3.a(globalinfo_i.o)
                0x000000006a913f80                Far::GlobalInfo_i::~GlobalInfo_i()
                0x000000006a913f80                Far::GlobalInfo_i::~GlobalInfo_i()
                0x000000006a913fa0                Far::GlobalInfo_i::get_min_version() const
                0x000000006a913fd0                Far::GlobalInfo_i::Configure(ConfigureInfo const*)
                0x000000006a913fe0                Far::GlobalInfo_i::~GlobalInfo_i()
                0x000000006a914010                Far::GlobalInfo_i::GetGlobalInfoW(GlobalInfo*) const
                0x000000006a9140d0                Far::GlobalInfo_i::ConfigureW(ConfigureInfo const*)
                0x000000006a9140f0                Far::GlobalInfo_i::SetStartupInfoW(PluginStartupInfo const*)
                0x000000006a914120                Far::GlobalInfo_i::get_plugin() const
                0x000000006a914130                Far::GlobalInfo_i::GlobalInfo_i()
                0x000000006a914130                Far::GlobalInfo_i::GlobalInfo_i()
 .text          0x000000006a914140     0x1370 D:\projects\andrew-grechkin\libfar3\Release-x32/liblibfar3.a(dialog_builder.o)
                0x000000006a914160                Far::DialogBuilder_i::~DialogBuilder_i()
                0x000000006a914160                Far::DialogBuilder_i::~DialogBuilder_i()
                0x000000006a914170                Far::SimpleDialogBuilder_impl::add_empty_line_()
                0x000000006a914180                Far::SimpleDialogBuilder_impl::start_column_()
                0x000000006a914190                Far::SimpleDialogBuilder_impl::break_column_()
                0x000000006a9141a0                Far::SimpleDialogBuilder_impl::end_column_()
                0x000000006a9141b0                Far::SimpleDialogBuilder_impl::end_singlebox_()
                0x000000006a9141e0                Far::DialogBuilder_i::~DialogBuilder_i()
                0x000000006a914200                Far::SimpleDialogBuilder_impl::~SimpleDialogBuilder_impl()
                0x000000006a914200                Far::SimpleDialogBuilder_impl::~SimpleDialogBuilder_impl()
                0x000000006a914280                Far::SimpleDialogBuilder_impl::~SimpleDialogBuilder_impl()
                0x000000006a914310                Far::CompareX2_less(Far::FarDialogItem_t const&, Far::FarDialogItem_t const&)
                0x000000006a914330                Far::CompareWidth_less(Far::FarDialogItem_t const&, Far::FarDialogItem_t const&)
                0x000000006a914370                Far::SimpleDialogBuilder_impl::GetMaxItemX2() const
                0x000000006a9143f0                Far::SimpleDialogBuilder_impl::save()
                0x000000006a914420                Far::SimpleDialogBuilder_impl::set_next_y(Far::FarDialogItem_t*)
                0x000000006a914450                Far::SimpleDialogBuilder_impl::show_dialog_()
                0x000000006a9145b0                Far::SimpleDialogBuilder_impl::show_()
                0x000000006a9146b0                Far::SimpleDialogBuilder_impl::UpdateBorderSize()
                0x000000006a914760                Far::SimpleDialogBuilder_impl::add_dialog_item(Far::FarDialogItem_t*)
                0x000000006a9147f0                Far::SimpleDialogBuilder_impl::add_radiobuttons_(int*, int, Far::AddRadioButton_t const*, bool)
                0x000000006a9149d0                Far::SimpleDialogBuilder_impl::add_item_(Far::FarDialogItem_t*)
                0x000000006a914a90                Far::SimpleDialogBuilder_impl::add_item_before_(Far::FarDialogItem_t*)
                0x000000006a914b80                Far::SimpleDialogBuilder_impl::add_item_after_(Far::FarDialogItem_t*)
                0x000000006a914c70                Far::SimpleDialogBuilder_impl::add_dialog_item(FARDIALOGITEMTYPES, wchar_t const*, unsigned long long)
                0x000000006a914d40                Far::SimpleDialogBuilder_impl::create_border(wchar_t const*)
                0x000000006a914e30                Far::SimpleDialogBuilder_impl::start_singlebox_(int, wchar_t const*, bool)
                0x000000006a914f60                Far::SimpleDialogBuilder_impl::SimpleDialogBuilder_impl(_GUID const&, wchar_t const*, wchar_t const*, int (*)(void*, int, int, void*), void*)
                0x000000006a914f60                Far::SimpleDialogBuilder_impl::SimpleDialogBuilder_impl(_GUID const&, wchar_t const*, wchar_t const*, int (*)(void*, int, int, void*), void*)
                0x000000006a915080                Far::create_dialog_builder(_GUID const&, wchar_t const*, wchar_t const*, int (*)(void*, int, int, void*), void*)
                0x000000006a9151d0                Far::SimpleDialogBuilder_impl::add_OKCancel_(wchar_t const*, wchar_t const*, wchar_t const*)
 .text          0x000000006a9154b0       0x60 D:\projects\andrew-grechkin\libfar3\Release-x32/liblibfar3.a(create_label.o)
                0x000000006a9154b0                Far::create_label(wchar_t const*, unsigned long long)
 .text          0x000000006a915510      0x2a0 D:\projects\andrew-grechkin\libfar3\Release-x32/liblibfar3.a(create_edit.o)
                0x000000006a915530                Far::PluginEditFieldBinding::get_width_() const
                0x000000006a915540                Far::PluginEditFieldBinding::save_() const
                0x000000006a9155c0                Far::PluginEditFieldBinding::PluginEditFieldBinding(wchar_t*, int)
                0x000000006a9155c0                Far::PluginEditFieldBinding::PluginEditFieldBinding(wchar_t*, int)
                0x000000006a9155f0                Far::create_edit(wchar_t*, int, int, wchar_t const*, bool, unsigned long long)
                0x000000006a9156f0                Far::create_password(wchar_t*, int, int, unsigned long long)
 .text          0x000000006a9157b0       0x60 D:\projects\andrew-grechkin\libfar3\Release-x32/liblibfar3.a(create_separator.o)
                0x000000006a9157b0                Far::create_separator(wchar_t const*, unsigned long long)
 .text          0x000000006a915810      0x210 D:\projects\andrew-grechkin\libfar3\Release-x32/liblibfar3.a(create_combobox.o)
                0x000000006a915830                Far::PluginComboBoxBinding::get_width_() const
                0x000000006a915880                Far::PluginComboBoxBinding::save_() const
                0x000000006a915900                Far::PluginComboBoxBinding::PluginComboBoxBinding(int*, FarListItem*, unsigned int)
                0x000000006a915900                Far::PluginComboBoxBinding::PluginComboBoxBinding(int*, FarListItem*, unsigned int)
                0x000000006a915940                Far::PluginComboBoxBinding::get_items() const
                0x000000006a915950                Far::create_combobox(int*, FarListItem*, unsigned int, unsigned long long)
 .text          0x000000006a915a20      0x100 D:\projects\andrew-grechkin\libfar3\Release-x32/liblibfar3.a(plugin_i.o)
                0x000000006a915a20                Far::Plugin_i::~Plugin_i()
                0x000000006a915a20                Far::Plugin_i::~Plugin_i()
                0x000000006a915a30                Far::Plugin_i::Open(OpenInfo const*)
                0x000000006a915a40                Far::Plugin_i::ExitFAR(ExitInfo const*)
                0x000000006a915a50                Far::Plugin_i::~Plugin_i()
                0x000000006a915a70                Far::Plugin_i::GetPluginInfoW(PluginInfo*)
                0x000000006a915a90                Far::Plugin_i::OpenW(OpenInfo const*)
                0x000000006a915ab0                Far::Plugin_i::ExitFARW(ExitInfo const*)
                0x000000006a915ad0                Far::Plugin_i::Plugin_i(PluginStartupInfo const*)
                0x000000006a915ad0                Far::Plugin_i::Plugin_i(PluginStartupInfo const*)
 .text          0x000000006a915b20      0xa70 D:\projects\andrew-grechkin\libfar3\Release-x32/liblibfar3.a(settings.o)
                0x000000006a915b40                Far::Settings_t::~Settings_t()
                0x000000006a915b40                Far::Settings_t::~Settings_t()
                0x000000006a915bb0                Far::Settings_t::Settings_t(_GUID const&)
                0x000000006a915bb0                Far::Settings_t::Settings_t(_GUID const&)
                0x000000006a915c70                Far::Settings_t::create_key(wchar_t const*, FARSETTINGS_SUBFOLDERS)
                0x000000006a915cf0                Far::Settings_t::open_key(wchar_t const*, FARSETTINGS_SUBFOLDERS) const
                0x000000006a915d70                Far::Settings_t::del(wchar_t const*, FARSETTINGS_SUBFOLDERS)
                0x000000006a915df0                Far::Settings_t::get(wchar_t const*, void*, unsigned int, FARSETTINGS_SUBFOLDERS) const
                0x000000006a915ed0                Far::Settings_t::get(wchar_t const*, wchar_t const*, FARSETTINGS_SUBFOLDERS) const
                0x000000006a915f90                Far::Settings_t::get(wchar_t const*, unsigned long long, FARSETTINGS_SUBFOLDERS) const
                0x000000006a916060                Far::Settings_t::get(wchar_t const*, long long, FARSETTINGS_SUBFOLDERS) const
                0x000000006a916130                Far::Settings_t::get(wchar_t const*, bool, FARSETTINGS_SUBFOLDERS) const
                0x000000006a916200                Far::Settings_t::set(wchar_t const*, void const*, unsigned int, FARSETTINGS_SUBFOLDERS)
                0x000000006a9162b0                Far::Settings_t::set(wchar_t const*, wchar_t const*, FARSETTINGS_SUBFOLDERS)
                0x000000006a916360                Far::Settings_t::set(wchar_t const*, unsigned long long, FARSETTINGS_SUBFOLDERS)
                0x000000006a916420                Far::Settings_t::set(wchar_t const*, long long, FARSETTINGS_SUBFOLDERS)
                0x000000006a9164e0                Far::Settings_t::set(wchar_t const*, bool, FARSETTINGS_SUBFOLDERS)
 .text          0x000000006a916590      0x160 D:\projects\andrew-grechkin\libfar3\Release-x32/liblibfar3.a(create_checkbox.o)
                0x000000006a9165b0                Far::PluginCheckBoxBinding::get_width_() const
                0x000000006a9165c0                Far::PluginCheckBoxBinding::save_() const
                0x000000006a916630                Far::PluginCheckBoxBinding::PluginCheckBoxBinding(int*)
                0x000000006a916630                Far::PluginCheckBoxBinding::PluginCheckBoxBinding(int*)
                0x000000006a916650                Far::create_checkbox(int*, wchar_t const*, unsigned long long)
 .text          0x000000006a9166f0      0x2e0 D:\projects\andrew-grechkin\libfar3\Release-x32/liblibfar3.a(FarDialogItem.o)
                0x000000006a9166f0                Far::FarDialogItem_t::~FarDialogItem_t()
                0x000000006a9166f0                Far::FarDialogItem_t::~FarDialogItem_t()
                0x000000006a916710                Far::FarDialogItem_t::FarDialogItem_t(FARDIALOGITEMTYPES, wchar_t const*, unsigned long long)
                0x000000006a916710                Far::FarDialogItem_t::FarDialogItem_t(FARDIALOGITEMTYPES, wchar_t const*, unsigned long long)
                0x000000006a9167a0                Far::FarDialogItem_t::FarDialogItem_t(Far::DialogItemBinding_i*, FARDIALOGITEMTYPES, wchar_t const*, unsigned long long)
                0x000000006a9167a0                Far::FarDialogItem_t::FarDialogItem_t(Far::DialogItemBinding_i*, FARDIALOGITEMTYPES, wchar_t const*, unsigned long long)
                0x000000006a916830                Far::FarDialogItem_t::FarDialogItem_t(Far::FarDialogItem_t&&)
                0x000000006a916830                Far::FarDialogItem_t::FarDialogItem_t(Far::FarDialogItem_t&&)
                0x000000006a9168a0                Far::FarDialogItem_t::operator=(Far::FarDialogItem_t&&)
                0x000000006a916910                Far::FarDialogItem_t::get_height() const
                0x000000006a916920                Far::FarDialogItem_t::get_width() const
                0x000000006a9169a0                Far::FarDialogItem_t::set_dlg(void**)
                0x000000006a9169b0                Far::FarDialogItem_t::set_index(int)
                0x000000006a9169c0                Far::FarDialogItem_t::save() const
 .text          0x000000006a9169d0       0xd0 D:\projects\andrew-grechkin\libfar3\Release-x32/liblibfar3.a(DlgBuilder_c.o)
                0x000000006a9169f0                Far::PluginRadioButtonBinding::get_width_() const
                0x000000006a916a00                Far::PluginRadioButtonBinding::save_() const
                0x000000006a916a70                Far::PluginRadioButtonBinding::PluginRadioButtonBinding(void*&, int, int*, int)
                0x000000006a916a70                Far::PluginRadioButtonBinding::PluginRadioButtonBinding(void*&, int, int*, int)
 .text          0x000000006a916aa0       0xc0 D:\projects\andrew-grechkin\libfar3\Release-x32/liblibfar3.a(DialogItemBinding.o)
                0x000000006a916aa0                Far::DialogItemBinding_i::~DialogItemBinding_i()
                0x000000006a916aa0                Far::DialogItemBinding_i::~DialogItemBinding_i()
                0x000000006a916ab0                Far::DialogItemBinding_i::get_height_() const
                0x000000006a916ac0                Far::DialogItemBinding_i::~DialogItemBinding_i()
                0x000000006a916ae0                Far::DialogItemBinding_i::set_dlg(void**)
                0x000000006a916af0                Far::DialogItemBinding_i::set_index(int)
                0x000000006a916b00                Far::DialogItemBinding_i::save() const
                0x000000006a916b20                Far::DialogItemBinding_i::get_height() const
                0x000000006a916b40                Far::DialogItemBinding_i::get_width() const
 .text          0x000000006a916b60      0x4c0 D:\projects\andrew-grechkin\libbase\Release-x32/liblibbase.a(mstring.o)
                0x000000006a916b60                Base::mstring::impl::~impl()
                0x000000006a916b60                Base::mstring::impl::~impl()
                0x000000006a916ba0                Base::mstring::impl::impl(wchar_t const*)
                0x000000006a916ba0                Base::mstring::impl::impl(wchar_t const*)
                0x000000006a916c50                Base::mstring::impl::push_back(wchar_t const*)
                0x000000006a916d20                Base::mstring::~mstring()
                0x000000006a916d20                Base::mstring::~mstring()
                0x000000006a916d70                Base::mstring::mstring(wchar_t const*)
                0x000000006a916d70                Base::mstring::mstring(wchar_t const*)
                0x000000006a916e40                Base::mstring::mstring(Base::mstring&&)
                0x000000006a916e40                Base::mstring::mstring(Base::mstring&&)
                0x000000006a916e60                Base::mstring::operator=(Base::mstring&&)
                0x000000006a916ed0                Base::mstring::push_back(wchar_t const*)
                0x000000006a916fa0                Base::mstring::size() const
                0x000000006a916fb0                Base::mstring::capacity() const
                0x000000006a916fc0                Base::mstring::c_str() const
                0x000000006a916fd0                Base::mstring::operator[](unsigned int) const
 .text          0x000000006a917020      0x100 D:\projects\andrew-grechkin\libbase\Release-x32/liblibbase.a(Observable.o)
                0x000000006a917020                Base::Observable::~Observable()
                0x000000006a917020                Base::Observable::~Observable()
                0x000000006a917040                Base::Observable::~Observable()
                0x000000006a917070                Base::Observable::register_observer(Base::Observer*)
                0x000000006a9170a0                Base::Observable::unregister_observer(Base::Observer*)
                0x000000006a9170d0                Base::Observable::notify_all(Base::Message const&) const
                0x000000006a917100                Base::Observable::set_changed(bool) const
                0x000000006a917110                Base::Observable::get_changed() const
 .text          0x000000006a917120       0x50 D:\projects\andrew-grechkin\libbase\Release-x32/liblibbase.a(Observer.o)
                0x000000006a917120                Base::Observer::~Observer()
                0x000000006a917120                Base::Observer::~Observer()
                0x000000006a917140                Base::Observer::~Observer()
 .text          0x000000006a917170       0xc0 D:\projects\andrew-grechkin\libbase\Release-x32/liblibbase.a(Message.o)
                0x000000006a917170                Base::Message::~Message()
                0x000000006a917170                Base::Message::~Message()
                0x000000006a917180                Base::Message::Message(int const&, int const&, int const&, void* const&)
                0x000000006a917180                Base::Message::Message(int const&, int const&, int const&, void* const&)
                0x000000006a9171b0                Base::Message::get_type() const
                0x000000006a9171c0                Base::Message::get_code() const
                0x000000006a9171d0                Base::Message::get_param() const
                0x000000006a9171e0                Base::Message::get_data() const
                0x000000006a9171f0                Base::Message::set_type(int const&)
                0x000000006a917200                Base::Message::set_code(int const&)
                0x000000006a917210                Base::Message::set_param(int const&)
                0x000000006a917220                Base::Message::set_data(void* const&)
 .text          0x000000006a917230       0xc0 D:\projects\andrew-grechkin\libbase\Release-x32/liblibbase.a(va_list.o)
                0x000000006a917230                Base::String::format(wchar_t const*, char*)
                0x000000006a9172c0                Base::String::format(wchar_t const*, ...)
 .text          0x000000006a9172f0      0x880 D:\projects\andrew-grechkin\libbase\Release-x32/liblibbase.a(MessageManager_simple.o)
                0x000000006a9172f0                Base::SimpleMessageManager::notify(Base::Observable const*, Base::Message const&) const
                0x000000006a9174a0                Base::SimpleMessageManager::~SimpleMessageManager()
                0x000000006a9174a0                Base::SimpleMessageManager::~SimpleMessageManager()
                0x000000006a917520                Base::SimpleMessageManager::~SimpleMessageManager()
                0x000000006a917560                Base::get_simple_message_manager()
                0x000000006a9175e0                Base::SimpleMessageManager::unregister_all(Base::Observable*)
                0x000000006a917760                Base::SimpleMessageManager::unregister_all(Base::Observer*)
                0x000000006a9178e0                Base::SimpleMessageManager::unregister_observer(Base::Observable*, Base::Observer*)
                0x000000006a917a90                Base::SimpleMessageManager::register_observer(Base::Observable*, Base::Observer*)
 .text          0x000000006a917b70       0xb0 D:\projects\andrew-grechkin\libbase\Release-x32/liblibbase.a(ref_cnt.o)
                0x000000006a917b70                Base::ref_counter::~ref_counter()
                0x000000006a917b70                Base::ref_counter::~ref_counter()
                0x000000006a917b80                Base::ref_counter::destroy()
                0x000000006a917b90                Base::ref_counter::free()
                0x000000006a917bb0                Base::ref_counter::~ref_counter()
                0x000000006a917bd0                Base::ref_counter::ref_counter()
                0x000000006a917bd0                Base::ref_counter::ref_counter()
                0x000000006a917bf0                Base::ref_counter::decrease_ref()
 .text          0x000000006a917c20      0x2d0 D:\projects\andrew-grechkin\libbase\Release-x32/liblibbase.a(err.o)
                0x000000006a917c20                Base::ErrAsStr(unsigned long, wchar_t const*)
                0x000000006a917e90                Base::NTStatusAsStr(unsigned long)
                0x000000006a917ec0                Base::ErrAsStrWmi(long)
 .text          0x000000006a917ef0       0x30 D:\projects\andrew-grechkin\libbase\Release-x32/liblibbase.a(MessageManager.o)
                0x000000006a917ef0                Base::MessageManager::~MessageManager()
                0x000000006a917ef0                Base::MessageManager::~MessageManager()
                0x000000006a917f00                Base::MessageManager::~MessageManager()
 .text          0x000000006a917f20        0x0 c:/mingw/bin/../lib/gcc/x86_64-w64-mingw32/4.7.1/32\libstdc++.a(eh_personality.o)
 .text          0x000000006a917f20        0x0 c:/mingw/bin/../lib/gcc/x86_64-w64-mingw32/4.7.1/32\libstdc++.a(wstring-inst.o)
 .text          0x000000006a917f20        0x0 c:/mingw/bin/../lib/gcc/x86_64-w64-mingw32/4.7.1/32\libstdc++.a(del_op.o)
 .text          0x000000006a917f20        0x0 c:/mingw/bin/../lib/gcc/x86_64-w64-mingw32/4.7.1/32\libstdc++.a(eh_terminate.o)
 .text          0x000000006a917f20        0x0 c:/mingw/bin/../lib/gcc/x86_64-w64-mingw32/4.7.1/32\libstdc++.a(class_type_info.o)
 .text          0x000000006a917f20        0x0 c:/mingw/bin/../lib/gcc/x86_64-w64-mingw32/4.7.1/32\libstdc++.a(eh_catch.o)
 .text          0x000000006a917f20        0x0 c:/mingw/bin/../lib/gcc/x86_64-w64-mingw32/4.7.1/32\libstdc++.a(new_op.o)
 .text          0x000000006a917f20        0x0 c:/mingw/bin/../lib/gcc/x86_64-w64-mingw32/4.7.1/32\libstdc++.a(si_class_type_info.o)
 .text          0x000000006a917f20        0x0 c:/mingw/bin/../lib/gcc/x86_64-w64-mingw32/4.7.1/32\libstdc++.a(vmi_class_type_info.o)
 .text          0x000000006a917f20        0x0 c:/mingw/bin/../lib/gcc/x86_64-w64-mingw32/4.7.1/32\libstdc++.a(eh_throw.o)
 .text          0x000000006a917f20        0x0 c:/mingw/bin/../lib/gcc/x86_64-w64-mingw32/4.7.1/32\libstdc++.a(pure.o)
 .text          0x000000006a917f20        0x0 c:/mingw/bin/../lib/gcc/x86_64-w64-mingw32/4.7.1/32\libstdc++.a(eh_alloc.o)
 .text          0x000000006a917f20        0x0 c:/mingw/bin/../lib/gcc/x86_64-w64-mingw32/4.7.1/32\libstdc++.a(functexcept.o)
 .text          0x000000006a917f20        0x0 c:/mingw/bin/../lib/gcc/x86_64-w64-mingw32/4.7.1/32\libstdc++.a(eh_exception.o)
 .text          0x000000006a917f20        0x0 c:/mingw/bin/../lib/gcc/x86_64-w64-mingw32/4.7.1/32\libstdc++.a(eh_call.o)
 .text          0x000000006a917f20        0x0 c:/mingw/bin/../lib/gcc/x86_64-w64-mingw32/4.7.1/32\libstdc++.a(eh_globals.o)
 .text          0x000000006a917f20        0x0 c:/mingw/bin/../lib/gcc/x86_64-w64-mingw32/4.7.1/32\libstdc++.a(eh_term_handler.o)
 .text          0x000000006a917f20        0x0 c:/mingw/bin/../lib/gcc/x86_64-w64-mingw32/4.7.1/32\libstdc++.a(eh_unex_handler.o)
 .text          0x000000006a917f20        0x0 c:/mingw/bin/../lib/gcc/x86_64-w64-mingw32/4.7.1/32\libstdc++.a(tinfo.o)
 .text          0x000000006a917f20        0x0 c:/mingw/bin/../lib/gcc/x86_64-w64-mingw32/4.7.1/32\libstdc++.a(new_handler.o)
 .text          0x000000006a917f20        0x0 c:/mingw/bin/../lib/gcc/x86_64-w64-mingw32/4.7.1/32\libstdc++.a(bad_alloc.o)
 .text          0x000000006a917f20        0x0 c:/mingw/bin/../lib/gcc/x86_64-w64-mingw32/4.7.1/32\libstdc++.a(bad_cast.o)
 .text          0x000000006a917f20        0x0 c:/mingw/bin/../lib/gcc/x86_64-w64-mingw32/4.7.1/32\libstdc++.a(bad_typeid.o)
 .text          0x000000006a917f20        0x0 c:/mingw/bin/../lib/gcc/x86_64-w64-mingw32/4.7.1/32\libstdc++.a(system_error.o)
 .text          0x000000006a917f20        0x0 c:/mingw/bin/../lib/gcc/x86_64-w64-mingw32/4.7.1/32\libstdc++.a(future.o)
 .text          0x000000006a917f20        0x0 c:/mingw/bin/../lib/gcc/x86_64-w64-mingw32/4.7.1/32\libstdc++.a(functional.o)
 .text          0x000000006a917f20        0x0 c:/mingw/bin/../lib/gcc/x86_64-w64-mingw32/4.7.1/32\libstdc++.a(stdexcept.o)
 .text          0x000000006a917f20        0x0 c:/mingw/bin/../lib/gcc/x86_64-w64-mingw32/4.7.1/32\libstdc++.a(string-inst.o)
 .text          0x000000006a917f20        0x0 c:/mingw/bin/../lib/gcc/x86_64-w64-mingw32/4.7.1/32\libstdc++.a(ios_failure.o)
 .text          0x000000006a917f20        0x0 c:/mingw/bin/../lib/gcc/x86_64-w64-mingw32/4.7.1/32\libstdc++.a(regex.o)
 .text          0x000000006a917f20        0x0 c:/mingw/bin/../lib/gcc/x86_64-w64-mingw32/4.7.1/32\libstdc++.a(vterminate.o)
 .text          0x000000006a917f20        0x0 c:/mingw/bin/../lib/gcc/x86_64-w64-mingw32/4.7.1/32\libstdc++.a(guard.o)
 .text          0x000000006a917f20        0x0 c:/mingw/bin/../lib/gcc/x86_64-w64-mingw32/4.7.1/32\libstdc++.a(eh_type.o)
 .text          0x000000006a917f20     0x7320 c:/mingw/bin/../lib/gcc/x86_64-w64-mingw32/4.7.1/32\libstdc++.a(cp-demangle.o)
                0x000000006a91f0c0                __cxa_demangle
                0x000000006a91f210                __gcclibcxx_demangle_callback
 .text          0x000000006a91f240        0x0 c:/mingw/bin/../lib/gcc/x86_64-w64-mingw32/4.7.1/32\libstdc++.a(guard_error.o)
 .text          0x000000006a91f240       0xe0 c:/mingw/bin/../lib/gcc/x86_64-w64-mingw32/4.7.1/../../../../x86_64-w64-mingw32/lib/../lib32/libmingw32.a(lib32_libmingw32_a-atonexit.o)
                0x000000006a91f240                mingw_onexit
                0x000000006a91f300                atexit
 .text          0x000000006a91f320        0x0 c:/mingw/bin/../lib/gcc/x86_64-w64-mingw32/4.7.1/../../../../x86_64-w64-mingw32/lib/../lib32/libmingw32.a(lib32_libmingw32_a-natstart.o)
 .text          0x000000006a91f320       0xe0 c:/mingw/bin/../lib/gcc/x86_64-w64-mingw32/4.7.1/../../../../x86_64-w64-mingw32/lib/../lib32/libmingw32.a(lib32_libmingw32_a-tlssup.o)
                0x000000006a91f370                __dyn_tls_init@12
                0x000000006a91f3f0                __tlregdtor
 .text          0x000000006a91f400        0x0 c:/mingw/bin/../lib/gcc/x86_64-w64-mingw32/4.7.1/../../../../x86_64-w64-mingw32/lib/../lib32/libmingw32.a(lib32_libmingw32_a-cinitexe.o)
 .text          0x000000006a91f400       0x20 c:/mingw/bin/../lib/gcc/x86_64-w64-mingw32/4.7.1/../../../../x86_64-w64-mingw32/lib/../lib32/libmingw32.a(lib32_libmingw32_a-mingw_helpers.o)
                0x000000006a91f400                _decode_pointer
                0x000000006a91f410                _encode_pointer
 .text          0x000000006a91f420      0x550 c:/mingw/bin/../lib/gcc/x86_64-w64-mingw32/4.7.1/../../../../x86_64-w64-mingw32/lib/../lib32/libmingw32.a(lib32_libmingw32_a-pseudo-reloc.o)
                0x000000006a91f6c0                _pei386_runtime_relocator
 .text          0x000000006a91f970       0xa0 c:/mingw/bin/../lib/gcc/x86_64-w64-mingw32/4.7.1/../../../../x86_64-w64-mingw32/lib/../lib32/libmingw32.a(lib32_libmingw32_a-gccmain.o)
                0x000000006a91f970                __do_global_dtors
                0x000000006a91f9a0                __do_global_ctors
                0x000000006a91f9f0                __main
 .text          0x000000006a91fa10      0x160 c:/mingw/bin/../lib/gcc/x86_64-w64-mingw32/4.7.1/../../../../x86_64-w64-mingw32/lib/../lib32/libmingw32.a(lib32_libmingw32_a-gs_support.o)
                0x000000006a91fa10                __security_init_cookie
                0x000000006a91fae0                __report_gsfailure
 .text          0x000000006a91fb70        0x0 c:/mingw/bin/../lib/gcc/x86_64-w64-mingw32/4.7.1/../../../../x86_64-w64-mingw32/lib/../lib32/libmingw32.a(lib32_libmingw32_a-tlsmcrt.o)
 .text          0x000000006a91fb70      0x240 c:/mingw/bin/../lib/gcc/x86_64-w64-mingw32/4.7.1/../../../../x86_64-w64-mingw32/lib/../lib32/libmingw32.a(lib32_libmingw32_a-tlsthrd.o)
                0x000000006a91fbe0                ___w64_mingwthr_add_key_dtor
                0x000000006a91fc70                ___w64_mingwthr_remove_key_dtor
                0x000000006a91fd10                __mingw_TLScallback
 .text          0x000000006a91fdb0        0x0 c:/mingw/bin/../lib/gcc/x86_64-w64-mingw32/4.7.1/../../../../x86_64-w64-mingw32/lib/../lib32/libmingw32.a(lib32_libmingw32_a-pseudo-reloc-list.o)
 .text          0x000000006a91fdb0      0x3a0 c:/mingw/bin/../lib/gcc/x86_64-w64-mingw32/4.7.1/../../../../x86_64-w64-mingw32/lib/../lib32/libmingw32.a(lib32_libmingw32_a-pesect.o)
                0x000000006a91fdb0                _ValidateImageBase
                0x000000006a91fde0                _FindPESection
                0x000000006a91fe20                _FindPESectionByName
                0x000000006a91feb0                __mingw_GetSectionForAddress
                0x000000006a91fef0                __mingw_GetSectionCount
                0x000000006a91ff20                _FindPESectionExec
                0x000000006a91ff80                _GetPEImageBase
                0x000000006a91ffb0                _IsNonwritableInCurrentImage
                0x000000006a920000                __mingw_enum_import_library_names
                0x000000006a920090                __mingw_get_msvcrt_handle
 .text          0x000000006a920150      0xd10 c:/mingw/bin/../lib/gcc/x86_64-w64-mingw32/4.7.1/32/libgcc.a(unwind-sjlj.o)
                0x000000006a920150                __shmem_init_use_fc_key
                0x000000006a920160                __shmem_init_sjlj_once
                0x000000006a920220                __shmem_grabber_fc_static
                0x000000006a920250                __shmem_grabber_fc_key
                0x000000006a9202d0                __shmem_grabber_use_fc_key
                0x000000006a920380                __shmem_grabber_sjlj_once
                0x000000006a920510                _Unwind_SjLj_Register
                0x000000006a920660                _Unwind_SjLj_Unregister
                0x000000006a9207d0                _Unwind_GetGR
                0x000000006a9207e0                _Unwind_GetCFA
                0x000000006a920800                _Unwind_SetGR
                0x000000006a920820                _Unwind_GetIP
                0x000000006a920830                _Unwind_GetIPInfo
                0x000000006a920860                _Unwind_SetIP
                0x000000006a920880                _Unwind_GetLanguageSpecificData
                0x000000006a920890                _Unwind_GetRegionStart
                0x000000006a9208a0                _Unwind_FindEnclosingFunction
                0x000000006a9208b0                _Unwind_GetDataRelBase
                0x000000006a9208c0                _Unwind_GetTextRelBase
                0x000000006a9208d0                _Unwind_SjLj_RaiseException
                0x000000006a920a30                _Unwind_SjLj_ForcedUnwind
                0x000000006a920b40                _Unwind_SjLj_Resume
                0x000000006a920c30                _Unwind_SjLj_Resume_or_Rethrow
                0x000000006a920d30                _Unwind_DeleteException
                0x000000006a920d50                _Unwind_Backtrace
 .text          0x000000006a920e60       0x2c c:/mingw/bin/../lib/gcc/x86_64-w64-mingw32/4.7.1/32/libgcc.a(_chkstk_ms.o)
                0x000000006a920e60                __chkstk_ms
 *fill*         0x000000006a920e8c        0x4 
 .text          0x000000006a920e90      0x450 c:/mingw/bin/../lib/gcc/x86_64-w64-mingw32/4.7.1/32/libgcc.a(gthr-win32.o)
                0x000000006a920e90                __gthr_win32_once
                0x000000006a920f10                __gthr_win32_key_create
                0x000000006a920f60                __gthr_win32_key_delete
                0x000000006a920f90                __gthr_win32_getspecific
                0x000000006a920fd0                __gthr_win32_setspecific
                0x000000006a921000                __gthr_win32_mutex_init_function
                0x000000006a921040                __gthr_win32_mutex_destroy
                0x000000006a921060                __gthr_win32_mutex_lock
                0x000000006a9210b0                __gthr_win32_mutex_trylock
                0x000000006a9210d0                __gthr_win32_mutex_unlock
                0x000000006a921120                __gthr_win32_recursive_mutex_init_function
                0x000000006a921170                __gthr_win32_recursive_mutex_lock
                0x000000006a921220                __gthr_win32_recursive_mutex_trylock
                0x000000006a921280                __gthr_win32_recursive_mutex_unlock
 .text          0x000000006a9212e0      0x250 c:/mingw/bin/../lib/gcc/x86_64-w64-mingw32/4.7.1/32/libgcc.a(shmem-win32.o)
                0x000000006a921360                __shmem_grab
 .text          0x000000006a921530        0x0 c:/mingw/bin/../lib/gcc/x86_64-w64-mingw32/4.7.1/32/libgcc.a(_ctors.o)
 .text          0x000000006a921530        0x8 c:/mingw/bin/../lib/gcc/x86_64-w64-mingw32/4.7.1/../../../../x86_64-w64-mingw32/lib/../lib32/libmoldname.a(daeos00104.o)
                0x000000006a921530                write
 .text          0x000000006a921538        0x0 c:/mingw/bin/../lib/gcc/x86_64-w64-mingw32/4.7.1/../../../../x86_64-w64-mingw32/lib/../lib32/libmoldname.a(daeoh.o)
 .text          0x000000006a921538        0x0 c:/mingw/bin/../lib/gcc/x86_64-w64-mingw32/4.7.1/../../../../x86_64-w64-mingw32/lib/../lib32/libmoldname.a(daeot.o)
 *fill*         0x000000006a921538        0x8 
 .text          0x000000006a921540       0x40 c:/mingw/bin/../lib/gcc/x86_64-w64-mingw32/4.7.1/../../../../x86_64-w64-mingw32/lib/../lib32/libmingwex.a(lib32_libmingwex_a-ilockcxch.o)
                0x000000006a921540                _InterlockedCompareExchange
                0x000000006a921560                InterlockedCompareExchange@12
 .text          0x000000006a921580       0x10 c:/mingw/bin/../lib/gcc/x86_64-w64-mingw32/4.7.1/../../../../x86_64-w64-mingw32/lib/../lib32/libmingwex.a(lib32_libmingwex_a-dllmain.o)
                0x000000006a921580                DllMain@12
 .text          0x000000006a921590       0x10 c:/mingw/bin/../lib/gcc/x86_64-w64-mingw32/4.7.1/../../../../x86_64-w64-mingw32/lib/../lib32/libmingwex.a(lib32_libmingwex_a-dllentry.o)
                0x000000006a921590                DllEntryPoint@12
 .text          0x000000006a9215a0       0x40 c:/mingw/bin/../lib/gcc/x86_64-w64-mingw32/4.7.1/../../../../x86_64-w64-mingw32/lib/../lib32/libmingwex.a(lib32_libmingwex_a-mingw_fprintf.o)
                0x000000006a9215a0                __mingw_fprintf
 .text          0x000000006a9215e0       0x40 c:/mingw/bin/../lib/gcc/x86_64-w64-mingw32/4.7.1/../../../../x86_64-w64-mingw32/lib/../lib32/libmingwex.a(lib32_libmingwex_a-mingw_vfprintf.o)
                0x000000006a9215e0                __mingw_vfprintf
 .text          0x000000006a921620     0x1fc0 c:/mingw/bin/../lib/gcc/x86_64-w64-mingw32/4.7.1/../../../../x86_64-w64-mingw32/lib/../lib32/libmingwex.a(lib32_libmingwex_a-mingw_pformat.o)
                0x000000006a922c90                __mingw_pformat
 .text          0x000000006a9235e0     0x15c0 c:/mingw/bin/../lib/gcc/x86_64-w64-mingw32/4.7.1/../../../../x86_64-w64-mingw32/lib/../lib32/libmingwex.a(lib32_libmingwex_a-gdtoa.o)
                0x000000006a9235e0                __gdtoa
 .text          0x000000006a924ba0      0x200 c:/mingw/bin/../lib/gcc/x86_64-w64-mingw32/4.7.1/../../../../x86_64-w64-mingw32/lib/../lib32/libmingwex.a(lib32_libmingwex_a-wcrtomb.o)
                0x000000006a924c40                wcrtomb
                0x000000006a924ca0                wcsrtombs
 .text          0x000000006a924da0      0x3b0 c:/mingw/bin/../lib/gcc/x86_64-w64-mingw32/4.7.1/../../../../x86_64-w64-mingw32/lib/../lib32/libmingwex.a(lib32_libmingwex_a-mbrtowc.o)
                0x000000006a924f40                mbrtowc
                0x000000006a924fc0                mbsrtowcs
                0x000000006a9250f0                mbrlen
 .text          0x000000006a925150      0x2d0 c:/mingw/bin/../lib/gcc/x86_64-w64-mingw32/4.7.1/../../../../x86_64-w64-mingw32/lib/../lib32/libmingwex.a(lib32_libmingwex_a-dmisc.o)
                0x000000006a925150                __rv_alloc_D2A
                0x000000006a925190                __nrv_alloc_D2A
                0x000000006a9251e0                __freedtoa
                0x000000006a925200                __quorem_D2A
 .text          0x000000006a925420       0xd0 c:/mingw/bin/../lib/gcc/x86_64-w64-mingw32/4.7.1/../../../../x86_64-w64-mingw32/lib/../lib32/libmingwex.a(lib32_libmingwex_a-mingw_output_format.o)
                0x000000006a925420                __mingw_set_output_format
                0x000000006a925490                __mingw_get_output_format
 .text          0x000000006a9254f0      0xb40 c:/mingw/bin/../lib/gcc/x86_64-w64-mingw32/4.7.1/../../../../x86_64-w64-mingw32/lib/../lib32/libmingwex.a(lib32_libmingwex_a-misc.o)
                0x000000006a925620                __Balloc_D2A
                0x000000006a9256e0                __Bfree_D2A
                0x000000006a925730                __multadd_D2A
                0x000000006a925830                __i2b_D2A
                0x000000006a925860                __mult_D2A
                0x000000006a9259c0                __pow5mult_D2A
                0x000000006a925ae0                __lshift_D2A
                0x000000006a925bf0                __cmp_D2A
                0x000000006a925c60                __diff_D2A
                0x000000006a925df0                __b2d_D2A
                0x000000006a925ef0                __d2b_D2A
                0x000000006a926000                __strcp_D2A
 .text          0x000000006a926030      0x150 c:/mingw/bin/../lib/gcc/x86_64-w64-mingw32/4.7.1/../../../../x86_64-w64-mingw32/lib/../lib32/libmingwex.a(lib32_libmingwex_a-gmisc.o)
                0x000000006a926030                __rshift_D2A
                0x000000006a926140                __trailz_D2A
 .text          0x000000006a926180       0xf0 c:/mingw/bin/../lib/gcc/x86_64-w64-mingw32/4.7.1/../../../../x86_64-w64-mingw32/lib/../lib32/libmingwex.a(lib32_libmingwex_a-mingw_get_codepage.o)
 .text          0x000000006a926270        0x8 c:/mingw/bin/../lib/gcc/x86_64-w64-mingw32/4.7.1/../../../../x86_64-w64-mingw32/lib/../lib32/libmsvcrt.a(dwnhs01038.o)
                0x000000006a926270                malloc
 .text          0x000000006a926278        0x8 c:/mingw/bin/../lib/gcc/x86_64-w64-mingw32/4.7.1/../../../../x86_64-w64-mingw32/lib/../lib32/libmsvcrt.a(dwnhs00143.o)
                0x000000006a926278                _amsg_exit
 .text          0x000000006a926280        0x8 c:/mingw/bin/../lib/gcc/x86_64-w64-mingw32/4.7.1/../../../../x86_64-w64-mingw32/lib/../lib32/libmsvcrt.a(dwnhs00980.o)
                0x000000006a926280                free
 .text          0x000000006a926288        0x8 c:/mingw/bin/../lib/gcc/x86_64-w64-mingw32/4.7.1/../../../../x86_64-w64-mingw32/lib/../lib32/libmsvcrt.a(dwnhs00307.o)
                0x000000006a926288                _initterm
 .text          0x000000006a926290        0x8 c:/mingw/bin/../lib/gcc/x86_64-w64-mingw32/4.7.1/../../../../x86_64-w64-mingw32/lib/../lib32/libmsvcrt.a(dwnhs01150.o)
                0x000000006a926290                wcslen
 .text          0x000000006a926298        0x8 c:/mingw/bin/../lib/gcc/x86_64-w64-mingw32/4.7.1/../../../../x86_64-w64-mingw32/lib/../lib32/libmsvcrt.a(dwnhs01154.o)
                0x000000006a926298                wcsncpy
 .text          0x000000006a9262a0        0x8 c:/mingw/bin/../lib/gcc/x86_64-w64-mingw32/4.7.1/../../../../x86_64-w64-mingw32/lib/../lib32/libmsvcrt.a(dwnhs01049.o)
                0x000000006a9262a0                memset
 .text          0x000000006a9262a8        0x8 c:/mingw/bin/../lib/gcc/x86_64-w64-mingw32/4.7.1/../../../../x86_64-w64-mingw32/lib/../lib32/libmsvcrt.a(dwnhs01161.o)
                0x000000006a9262a8                wcsstr
 .text          0x000000006a9262b0        0x8 c:/mingw/bin/../lib/gcc/x86_64-w64-mingw32/4.7.1/../../../../x86_64-w64-mingw32/lib/../lib32/libmsvcrt.a(dwnhs01047.o)
                0x000000006a9262b0                memmove
 .text          0x000000006a9262b8        0x8 c:/mingw/bin/../lib/gcc/x86_64-w64-mingw32/4.7.1/../../../../x86_64-w64-mingw32/lib/../lib32/libmsvcrt.a(dwnhs01146.o)
                0x000000006a9262b8                wcscpy
 .text          0x000000006a9262c0        0x8 c:/mingw/bin/../lib/gcc/x86_64-w64-mingw32/4.7.1/../../../../x86_64-w64-mingw32/lib/../lib32/libmsvcrt.a(dwnhs01046.o)
                0x000000006a9262c0                memcpy
 .text          0x000000006a9262c8        0x8 c:/mingw/bin/../lib/gcc/x86_64-w64-mingw32/4.7.1/../../../../x86_64-w64-mingw32/lib/../lib32/libmsvcrt.a(dwnhs00934.o)
                0x000000006a9262c8                abort
 .text          0x000000006a9262d0        0x8 c:/mingw/bin/../lib/gcc/x86_64-w64-mingw32/4.7.1/../../../../x86_64-w64-mingw32/lib/../lib32/libmsvcrt.a(dwnhs01086.o)
                0x000000006a9262d0                strcmp
 .text          0x000000006a9262d8        0x8 c:/mingw/bin/../lib/gcc/x86_64-w64-mingw32/4.7.1/../../../../x86_64-w64-mingw32/lib/../lib32/libmsvcrt.a(dwnhs01091.o)
                0x000000006a9262d8                strerror
 .text          0x000000006a9262e0        0x8 c:/mingw/bin/../lib/gcc/x86_64-w64-mingw32/4.7.1/../../../../x86_64-w64-mingw32/lib/../lib32/libmsvcrt.a(dwnhs01045.o)
                0x000000006a9262e0                memcmp
 .text          0x000000006a9262e8        0x8 c:/mingw/bin/../lib/gcc/x86_64-w64-mingw32/4.7.1/../../../../x86_64-w64-mingw32/lib/../lib32/libmsvcrt.a(dwnhs01094.o)
                0x000000006a9262e8                strlen
 .text          0x000000006a9262f0        0x8 c:/mingw/bin/../lib/gcc/x86_64-w64-mingw32/4.7.1/../../../../x86_64-w64-mingw32/lib/../lib32/libmsvcrt.a(dwnhs01044.o)
                0x000000006a9262f0                memchr
 .text          0x000000006a9262f8        0x0 c:/mingw/bin/../lib/gcc/x86_64-w64-mingw32/4.7.1/../../../../x86_64-w64-mingw32/lib/../lib32/libmsvcrt.a(dwnhs00311.o)
 .text          0x000000006a9262f8        0x8 c:/mingw/bin/../lib/gcc/x86_64-w64-mingw32/4.7.1/../../../../x86_64-w64-mingw32/lib/../lib32/libmsvcrt.a(dwnhs00991.o)
                0x000000006a9262f8                fwrite
 .text          0x000000006a926300        0x8 c:/mingw/bin/../lib/gcc/x86_64-w64-mingw32/4.7.1/../../../../x86_64-w64-mingw32/lib/../lib32/libmsvcrt.a(dwnhs00975.o)
                0x000000006a926300                fputc
 .text          0x000000006a926308        0x8 c:/mingw/bin/../lib/gcc/x86_64-w64-mingw32/4.7.1/../../../../x86_64-w64-mingw32/lib/../lib32/libmsvcrt.a(dwnhs00976.o)
                0x000000006a926308                fputs
 .text          0x000000006a926310        0x8 c:/mingw/bin/../lib/gcc/x86_64-w64-mingw32/4.7.1/../../../../x86_64-w64-mingw32/lib/../lib32/libmsvcrt.a(dwnhs01065.o)
                0x000000006a926310                realloc
 .text          0x000000006a926318        0x8 c:/mingw/bin/../lib/gcc/x86_64-w64-mingw32/4.7.1/../../../../x86_64-w64-mingw32/lib/../lib32/libmsvcrt.a(dwnhs01077.o)
                0x000000006a926318                sprintf
 .text          0x000000006a926320        0x0 c:/mingw/bin/../lib/gcc/x86_64-w64-mingw32/4.7.1/../../../../x86_64-w64-mingw32/lib/../lib32/libmsvcrt.a(dwnhs00570.o)
 .text          0x000000006a926320        0x8 c:/mingw/bin/../lib/gcc/x86_64-w64-mingw32/4.7.1/../../../../x86_64-w64-mingw32/lib/../lib32/libmsvcrt.a(dwnhs00409.o)
                0x000000006a926320                _lock
 .text          0x000000006a926328        0x8 c:/mingw/bin/../lib/gcc/x86_64-w64-mingw32/4.7.1/../../../../x86_64-w64-mingw32/lib/../lib32/libmsvcrt.a(dwnhs00056.o)
                0x000000006a926328                __dllonexit
 .text          0x000000006a926330        0x8 c:/mingw/bin/../lib/gcc/x86_64-w64-mingw32/4.7.1/../../../../x86_64-w64-mingw32/lib/../lib32/libmsvcrt.a(dwnhs00743.o)
                0x000000006a926330                _unlock
 .text          0x000000006a926338        0x8 c:/mingw/bin/../lib/gcc/x86_64-w64-mingw32/4.7.1/../../../../x86_64-w64-mingw32/lib/../lib32/libmsvcrt.a(dwnhs00947.o)
                0x000000006a926338                calloc
 .text          0x000000006a926340        0x8 c:/mingw/bin/../lib/gcc/x86_64-w64-mingw32/4.7.1/../../../../x86_64-w64-mingw32/lib/../lib32/libmsvcrt.a(dwnhs01097.o)
                0x000000006a926340                strncmp
 .text          0x000000006a926348        0x8 c:/mingw/bin/../lib/gcc/x86_64-w64-mingw32/4.7.1/../../../../x86_64-w64-mingw32/lib/../lib32/libmsvcrt.a(dwnhs01033.o)
                0x000000006a926348                localeconv
 .text          0x000000006a926350        0x8 c:/mingw/bin/../lib/gcc/x86_64-w64-mingw32/4.7.1/../../../../x86_64-w64-mingw32/lib/../lib32/libmsvcrt.a(dwnhs00209.o)
                0x000000006a926350                _errno
 .text          0x000000006a926358        0x8 c:/mingw/bin/../lib/gcc/x86_64-w64-mingw32/4.7.1/../../../../x86_64-w64-mingw32/lib/../lib32/libmsvcrt.a(dwnhs00996.o)
                0x000000006a926358                getenv
 .text          0x000000006a926360        0x0 c:/mingw/bin/../lib/gcc/x86_64-w64-mingw32/4.7.1/../../../../x86_64-w64-mingw32/lib/../lib32/libmsvcrt.a(dwnhs00070.o)
 .text          0x000000006a926360        0x8 c:/mingw/bin/../lib/gcc/x86_64-w64-mingw32/4.7.1/../../../../x86_64-w64-mingw32/lib/../lib32/libmsvcrt.a(dwnhs01072.o)
                0x000000006a926360                setlocale
 .text          0x000000006a926368        0x8 c:/mingw/bin/../lib/gcc/x86_64-w64-mingw32/4.7.1/../../../../x86_64-w64-mingw32/lib/../lib32/libmsvcrt.a(dwnhs01085.o)
                0x000000006a926368                strchr
 .text          0x000000006a926370        0x8 c:/mingw/bin/../lib/gcc/x86_64-w64-mingw32/4.7.1/../../../../x86_64-w64-mingw32/lib/../lib32/libmsvcrt.a(dwnhs00943.o)
                0x000000006a926370                atoi
 .text          0x000000006a926378        0x0 c:/mingw/bin/../lib/gcc/x86_64-w64-mingw32/4.7.1/../../../../x86_64-w64-mingw32/lib/../lib32/libmsvcrt.a(dwnhh.o)
 .text          0x000000006a926378        0x0 c:/mingw/bin/../lib/gcc/x86_64-w64-mingw32/4.7.1/../../../../x86_64-w64-mingw32/lib/../lib32/libmsvcrt.a(dwnht.o)
 .text          0x000000006a926378        0x0 c:/mingw/bin/../lib/gcc/x86_64-w64-mingw32/4.7.1/../../../../x86_64-w64-mingw32/lib/../lib32/libadvapi32.a(dgnkh.o)
 .text          0x000000006a926378        0x0 c:/mingw/bin/../lib/gcc/x86_64-w64-mingw32/4.7.1/../../../../x86_64-w64-mingw32/lib/../lib32/libadvapi32.a(dgnkt.o)
 .text          0x000000006a926378        0x0 c:/mingw/bin/../lib/gcc/x86_64-w64-mingw32/4.7.1/../../../../x86_64-w64-mingw32/lib/../lib32/libkernel32.a(dodph.o)
 .text          0x000000006a926378        0x0 c:/mingw/bin/../lib/gcc/x86_64-w64-mingw32/4.7.1/../../../../x86_64-w64-mingw32/lib/../lib32/libkernel32.a(dodpt.o)
 *fill*         0x000000006a926378        0x8 
 .text          0x000000006a926380       0x30 c:/mingw/bin/../lib/gcc/x86_64-w64-mingw32/4.7.1/../../../../x86_64-w64-mingw32/lib/../lib32/libmingw32.a(lib32_libmingw32_a-tlsmthread.o)
                0x000000006a926380                __mingwthr_remove_key_dtor
                0x000000006a926390                __mingwthr_key_dtor
 .text          0x000000006a9263b0      0x140 c:/mingw/bin/../lib/gcc/x86_64-w64-mingw32/4.7.1/32/libgcc.a(_umoddi3.o)
                0x000000006a9263b0                __umoddi3
 .text          0x000000006a9264f0      0x110 c:/mingw/bin/../lib/gcc/x86_64-w64-mingw32/4.7.1/32/libgcc.a(_udivdi3.o)
                0x000000006a9264f0                __udivdi3
 .text          0x000000006a926600        0x0 c:/mingw/bin/../lib/gcc/x86_64-w64-mingw32/4.7.1/../../../../x86_64-w64-mingw32/lib/../lib32/crtend.o
 *(SORT(.text$*))
 .text$_Z20__shmem_grabber_initv
                0x000000006a926600       0x30 c:/mingw/bin/../lib/gcc/x86_64-w64-mingw32/4.7.1/32\libstdc++.a(eh_globals.o)
                0x000000006a926600                __shmem_grabber_init()
 .text$_Z26__shmem_grabber_eh_globalsv
                0x000000006a926630       0x30 c:/mingw/bin/../lib/gcc/x86_64-w64-mingw32/4.7.1/32\libstdc++.a(eh_globals.o)
                0x000000006a926630                __shmem_grabber_eh_globals()
 .text$_ZL12read_sleb128PKhPl
                0x000000006a926660       0x40 c:/mingw/bin/../lib/gcc/x86_64-w64-mingw32/4.7.1/32\libstdc++.a(eh_personality.o)
 .text$_ZL15eh_globals_dtorPv
                0x000000006a9266a0       0x40 c:/mingw/bin/../lib/gcc/x86_64-w64-mingw32/4.7.1/32\libstdc++.a(eh_globals.o)
 .text$_ZL15get_ttype_entryP16lsda_header_infom
                0x000000006a9266e0       0x70 c:/mingw/bin/../lib/gcc/x86_64-w64-mingw32/4.7.1/32\libstdc++.a(eh_personality.o)
 .text$_ZL16get_adjusted_ptrPKSt9type_infoS1_PPv
                0x000000006a926750       0x70 c:/mingw/bin/../lib/gcc/x86_64-w64-mingw32/4.7.1/32\libstdc++.a(eh_personality.o)
 .text$_ZL17parse_lsda_headerP15_Unwind_ContextPKhP16lsda_header_info
                0x000000006a9267c0       0xf0 c:/mingw/bin/../lib/gcc/x86_64-w64-mingw32/4.7.1/32\libstdc++.a(eh_personality.o)
 .text$_ZL20check_exception_specP16lsda_header_infoPKSt9type_infoPvl
                0x000000006a9268b0       0x70 c:/mingw/bin/../lib/gcc/x86_64-w64-mingw32/4.7.1/32\libstdc++.a(eh_personality.o)
 .text$_ZL21base_of_encoded_valuehP15_Unwind_Context
                0x000000006a926920       0x60 c:/mingw/bin/../lib/gcc/x86_64-w64-mingw32/4.7.1/32\libstdc++.a(eh_personality.o)
 .text$_ZL23__gxx_exception_cleanup19_Unwind_Reason_CodeP17_Unwind_Exception