 4Observer

 Timestamp is 5416ca68 (Mon Sep 15 15:15:52 2014)

 Preferred load address is 10000000

 Start         Length     Name                   Class
 0001:00000000 000148c4H .text                   CODE
 0001:000148d0 00000ccbH .text$x                 CODE
 0001:000155a0 0000000cH .text$yc                CODE
 0001:000155b0 0000008bH .text$yd                CODE
 0002:00000000 0000016cH .idata$5                DATA
 0002:0000016c 00000004H .CRT$XCA                DATA
 0002:00000170 00000004H .CRT$XCU                DATA
 0002:00000174 00000004H .CRT$XCZ                DATA
 0002:00000178 00000004H .CRT$XIA                DATA
 0002:0000017c 00000010H .CRT$XIC                DATA
 0002:0000018c 00000004H .CRT$XIZ                DATA
 0002:00000190 00000004H .CRT$XPA                DATA
 0002:00000194 00000004H .CRT$XPX                DATA
 0002:00000198 00000004H .CRT$XPXA               DATA
 0002:0000019c 00000004H .CRT$XPZ                DATA
 0002:000001a0 00000004H .CRT$XTA                DATA
 0002:000001a4 00000004H .CRT$XTZ                DATA
 0002:000001a8 000026a8H .rdata                  DATA
 0002:00002850 000004b8H .rdata$r                DATA
 0002:00002d10 00000100H .rdata$sxdata           DATA
 0002:00002e10 00000004H .rtc$IAA                DATA
 0002:00002e14 00000004H .rtc$IZZ                DATA
 0002:00002e18 00000004H .rtc$TAA                DATA
 0002:00002e1c 00000004H .rtc$TZZ                DATA
 0002:00002e20 00001324H .xdata$x                DATA
 0002:00004144 0000003cH .idata$2                DATA
 0002:00004180 00000014H .idata$3                DATA
 0002:00004194 0000016cH .idata$4                DATA
 0002:00004300 0000068aH .idata$6                DATA
 0002:00004990 00000177H .edata                  DATA
 0003:00000000 00001060H .data                   DATA
 0003:00001060 00004d20H .bss                    DATA
 0004:00000000 00000058H .rsrc$01                DATA
 0004:00000060 000002c8H .rsrc$02                DATA

  Address         Publics by Value              Rva+Base       Lib:Object

 0000:00000000       __except_list              00000000     <absolute>
 0000:00000040       ___safe_se_handler_count   00000040     <absolute>
 0000:00000000       ___ImageBase               10000000     <linker-defined>
 0001:00000000       ??3@YAXPAX0@Z              10001000 f i OptionsParser.obj
 0001:00000010       ??1bad_alloc@std@@UAE@XZ   10001010 f i OptionsParser.obj
 0001:00000020       ??0bad_alloc@std@@QAE@ABV01@@Z 10001020 f i OptionsParser.obj
 0001:00000040       ??_Gbad_alloc@std@@UAEPAXI@Z 10001040 f i OptionsParser.obj
 0001:00000040       ??_Ebad_alloc@std@@UAEPAXI@Z 10001040 f i  CIL library: CIL module
 0001:00000070       ?CheckEsc@@YA_NXZ          10001070 f   CommonFunc.obj
 0001:00000120       ?FileExists@@YA_NPB_WPAU_WIN32_FIND_DATAW@@@Z 10001120 f   CommonFunc.obj
 0001:00000190       ?ForceDirectoryExist@@YA_NPB_W@Z 10001190 f   CommonFunc.obj
 0001:000001f0       ?GetDirectoryName@@YA?AV?$basic_string@_WU?$char_traits@_W@std@@V?$allocator@_W@2@@std@@ABV12@_N@Z 100011f0 f   CommonFunc.obj
 0001:000002a0       ?IncludeTrailingPathDelim@@YAXAAV?$basic_string@_WU?$char_traits@_W@std@@V?$allocator@_W@2@@std@@@Z 100012a0 f   CommonFunc.obj
 0001:000002e0       ?CutFileNameFromPath@@YAXPA_W_N@Z 100012e0 f   CommonFunc.obj
 0001:00000300       ?InsertCommas@@YAXPA_W@Z   10001300 f   CommonFunc.obj
 0001:00000390       ?FormatString@@YA?AV?$basic_string@_WU?$char_traits@_W@std@@V?$allocator@_W@2@@std@@V12@ZZ 10001390 f   CommonFunc.obj
 0001:00000480       ?append@?$basic_string@_WU?$char_traits@_W@std@@V?$allocator@_W@2@@std@@QAEAAV12@PB_W@Z 10001480 f i CommonFunc.obj
 0001:000004b0       ?substr@?$basic_string@_WU?$char_traits@_W@std@@V?$allocator@_W@2@@std@@QBE?AV12@II@Z 100014b0 f i CommonFunc.obj
 0001:000004e0       ?assign@?$basic_string@_WU?$char_traits@_W@std@@V?$allocator@_W@2@@std@@QAEAAV12@$$QAV12@@Z 100014e0 f i CommonFunc.obj
 0001:00000550       ?append@?$basic_string@_WU?$char_traits@_W@std@@V?$allocator@_W@2@@std@@QAEAAV12@PB_WI@Z 10001550 f i CommonFunc.obj
 0001:00000680       ?rfind@?$basic_string@_WU?$char_traits@_W@std@@V?$allocator@_W@2@@std@@QBEIPB_WII@Z 10001680 f i CommonFunc.obj
 0001:00000720       ?append@?$basic_string@_WU?$char_traits@_W@std@@V?$allocator@_W@2@@std@@QAEAAV12@ABV12@II@Z 10001720 f i CommonFunc.obj
 0001:00000810       ?erase@?$basic_string@_WU?$char_traits@_W@std@@V?$allocator@_W@2@@std@@QAEAAV12@II@Z 10001810 f i CommonFunc.obj
 0001:00000890       ?assign@?$basic_string@_WU?$char_traits@_W@std@@V?$allocator@_W@2@@std@@QAEAAV12@ABV12@II@Z 10001890 f i CommonFunc.obj
 0001:00000990       ?allocate@?$allocator@_W@std@@QAEPA_WI@Z 10001990 f i CommonFunc.obj
 0001:000009e0       ?_Copy@?$basic_string@_WU?$char_traits@_W@std@@V?$allocator@_W@2@@std@@QAEXII@Z 100019e0 f i CommonFunc.obj
 0001:00000b50       ?_Grow@?$basic_string@_WU?$char_traits@_W@std@@V?$allocator@_W@2@@std@@QAE_NI_N@Z 10001b50 f i CommonFunc.obj
 0001:00000c10       ?assign@?$basic_string@_WU?$char_traits@_W@std@@V?$allocator@_W@2@@std@@QAEAAV12@PB_WI@Z 10001c10 f i CommonFunc.obj
 0001:00000d00       ??0?$basic_string@_WU?$char_traits@_W@std@@V?$allocator@_W@2@@std@@QAE@PB_W@Z 10001d00 f i CommonFunc.obj
 0001:00000d40       ?_Myptr@?$basic_string@_WU?$char_traits@_W@std@@V?$allocator@_W@2@@std@@QBEPB_WXZ 10001d40 f i CommonFunc.obj
 0001:00000d40       ?c_str@?$basic_string@_WU?$char_traits@_W@std@@V?$allocator@_W@2@@std@@QBEPB_WXZ 10001d40 f i CommonFunc.obj
 0001:00000d50       ?ToString@ConfigItem@@QBE?AV?$basic_string@_WU?$char_traits@_W@std@@V?$allocator@_W@2@@std@@XZ 10001d50 f i Config.obj
 0001:00000de0       ?GetValueByKey@ConfigSection@@ABE_NPB_WAAV?$basic_string@_WU?$char_traits@_W@std@@V?$allocator@_W@2@@std@@@Z 10001de0 f   Config.obj
 0001:00000e60       ?GetValue@ConfigSection@@QBE_NPB_WAAH@Z 10001e60 f   Config.obj
 0001:00000f20       ?GetValue@ConfigSection@@QBE_NPB_WPA_WI@Z 10001f20 f   Config.obj
 0001:00000fe0       ?GetValue@ConfigSection@@QBE_NPB_WAA_W@Z 10001fe0 f   Config.obj
 0001:00001090       ?AddItem@ConfigSection@@QAEXPB_W0@Z 10002090 f   Config.obj
 0001:000013f0       ?GetAll@ConfigSection@@QBE?AV?$basic_string@_WU?$char_traits@_W@std@@V?$allocator@_W@2@@std@@XZ 100023f0 f   Config.obj
 0001:000014f0       ??1Config@@QAE@XZ          100024f0 f   Config.obj
 0001:00001640       ?GetSection@Config@@QAEPAVConfigSection@@PB_W@Z 10002640 f   Config.obj
 0001:00001740       ?AddSection@Config@@QAEPAVConfigSection@@PB_W@Z 10002740 f   Config.obj
 0001:00001860       ?ParseFile@Config@@QAE_NPB_W@Z 10002860 f   Config.obj
 0001:00001900       ?ParseSectionValues@Config@@AAEHPAVConfigSection@@PB_W@Z 10002900 f   Config.obj
 0001:00001a00       ??4?$basic_string@_WU?$char_traits@_W@std@@V?$allocator@_W@2@@std@@QAEAAV01@PB_W@Z 10002a00 f i Config.obj
 0001:00001a30       ??A?$map@V?$basic_string@_WU?$char_traits@_W@std@@V?$allocator@_W@2@@std@@PAVConfigSection@@U?$less@V?$basic_string@_WU?$char_traits@_W@std@@V?$allocator@_W@2@@std@@@2@V?$allocator@U?$pair@$$CBV?$basic_string@_WU?$char_traits@_W@std@@V?$allocator@_W@2@@std@@PAVConfigSection@@@std@@@2@@std@@QAEAAPAVConfigSection@@ABV?$basic_string@_WU?$char_traits@_W@std@@V?$allocator@_W@2@@1@@Z 10002a30 f i Config.obj
 0001:00001b10       ?push_back@?$vector@V?$basic_string@_WU?$char_traits@_W@std@@V?$allocator@_W@2@@std@@V?$allocator@V?$basic_string@_WU?$char_traits@_W@std@@V?$allocator@_W@2@@std@@@2@@std@@QAEXABV?$basic_string@_WU?$char_traits@_W@std@@V?$allocator@_W@2@@2@@Z 10002b10 f i Config.obj
 0001:00001bf0       ?append@?$basic_string@_WU?$char_traits@_W@std@@V?$allocator@_W@2@@std@@QAEAAV12@I_W@Z 10002bf0 f i Config.obj
 0001:00001c90       ??R?$less@V?$basic_string@_WU?$char_traits@_W@std@@V?$allocator@_W@2@@std@@@std@@QBE_NABV?$basic_string@_WU?$char_traits@_W@std@@V?$allocator@_W@2@@1@0@Z 10002c90 f i Config.obj
 0001:00001cb0       ?resize@?$vector@V?$basic_string@_WU?$char_traits@_W@std@@V?$allocator@_W@2@@std@@V?$allocator@V?$basic_string@_WU?$char_traits@_W@std@@V?$allocator@_W@2@@std@@@2@@std@@QAEXI@Z 10002cb0 f i Config.obj
 0001:00001d80       ?_Reserve@?$vector@V?$basic_string@_WU?$char_traits@_W@std@@V?$allocator@_W@2@@std@@V?$allocator@V?$basic_string@_WU?$char_traits@_W@std@@V?$allocator@_W@2@@std@@@2@@std@@IAEXI@Z 10002d80 f i Config.obj
 0001:00001e00       ??1?$vector@V?$basic_string@_WU?$char_traits@_W@std@@V?$allocator@_W@2@@std@@V?$allocator@V?$basic_string@_WU?$char_traits@_W@std@@V?$allocator@_W@2@@std@@@2@@std@@QAE@XZ 10002e00 f i Config.obj
 0001:00001e00       ?_Tidy@?$vector@V?$basic_string@_WU?$char_traits@_W@std@@V?$allocator@_W@2@@std@@V?$allocator@V?$basic_string@_WU?$char_traits@_W@std@@V?$allocator@_W@2@@std@@@2@@std@@IAEXXZ 10002e00 f i Config.obj
 0001:00001e30       ?reserve@?$vector@V?$basic_string@_WU?$char_traits@_W@std@@V?$allocator@_W@2@@std@@V?$allocator@V?$basic_string@_WU?$char_traits@_W@std@@V?$allocator@_W@2@@std@@@2@@std@@QAEXI@Z 10002e30 f i Config.obj
 0001:00001f40       ?_Destroy@?$vector@V?$basic_string@_WU?$char_traits@_W@std@@V?$allocator@_W@2@@std@@V?$allocator@V?$basic_string@_WU?$char_traits@_W@std@@V?$allocator@_W@2@@std@@@2@@std@@IAEXPAV?$basic_string@_WU?$char_traits@_W@std@@V?$allocator@_W@2@@2@0@Z 10002f40 f i Config.obj
 0001:00001f80       ?allocate@?$allocator@UFailedModuleInfo@@@std@@QAEPAUFailedModuleInfo@@I@Z 10002f80 f i ModulesController.obj
 0001:00001f80       ?allocate@?$allocator@UConfigItem@@@std@@QAEPAUConfigItem@@I@Z 10002f80 f i Config.obj
 0001:00001fe0       ?allocate@?$allocator@V?$basic_string@_WU?$char_traits@_W@std@@V?$allocator@_W@2@@std@@@std@@QAEPAV?$basic_string@_WU?$char_traits@_W@std@@V?$allocator@_W@2@@2@I@Z 10002fe0 f i Config.obj
 0001:00002040       ?_Lrotate@?$_Tree@V?$_Tmap_traits@V?$basic_string@_WU?$char_traits@_W@std@@V?$allocator@_W@2@@std@@PAVConfigSection@@U?$less@V?$basic_string@_WU?$char_traits@_W@std@@V?$allocator@_W@2@@std@@@2@V?$allocator@U?$pair@$$CBV?$basic_string@_WU?$char_traits@_W@std@@V?$allocator@_W@2@@std@@PAVConfigSection@@@std@@@2@$0A@@std@@@std@@IAEXPAU_Node@?$_Tree_nod@V?$_Tmap_traits@V?$basic_string@_WU?$char_traits@_W@std@@V?$allocator@_W@2@@std@@PAVConfigSection@@U?$less@V?$basic_string@_WU?$char_traits@_W@std@@V?$allocator@_W@2@@std@@@2@V?$allocator@U?$pair@$$CBV?$basic_string@_WU?$char_traits@_W@std@@V?$allocator@_W@2@@std@@PAVConfigSection@@@std@@@2@$0A@@std@@@2@@Z 10003040 f i Config.obj
 0001:00002040       ?_Lrotate@?$_Tree@V?$_Tmap_traits@V?$basic_string@_WU?$char_traits@_W@std@@V?$allocator@_W@2@@std@@PAVContentTreeNode@@U?$less@V?$basic_string@_WU?$char_traits@_W@std@@V?$allocator@_W@2@@std@@@2@V?$allocator@U?$pair@$$CBV?$basic_string@_WU?$char_traits@_W@std@@V?$allocator@_W@2@@std@@PAVContentTreeNode@@@std@@@2@$0A@@std@@@std@@IAEXPAU_Node@?$_Tree_nod@V?$_Tmap_traits@V?$basic_string@_WU?$char_traits@_W@std@@V?$allocator@_W@2@@std@@PAVContentTreeNode@@U?$less@V?$basic_string@_WU?$char_traits@_W@std@@V?$allocator@_W@2@@std@@@2@V?$allocator@U?$pair@$$CBV?$basic_string@_WU?$char_traits@_W@std@@V?$allocator@_W@2@@std@@PAVContentTreeNode@@@std@@@2@$0A@@std@@@2@@Z 10003040 f i ContentStructures.obj
 0001:000020a0       ?_Rrotate@?$_Tree@V?$_Tmap_traits@V?$basic_string@_WU?$char_traits@_W@std@@V?$allocator@_W@2@@std@@PAVConfigSection@@U?$less@V?$basic_string@_WU?$char_traits@_W@std@@V?$allocator@_W@2@@std@@@2@V?$allocator@U?$pair@$$CBV?$basic_string@_WU?$char_traits@_W@std@@V?$allocator@_W@2@@std@@PAVConfigSection@@@std@@@2@$0A@@std@@@std@@IAEXPAU_Node@?$_Tree_nod@V?$_Tmap_traits@V?$basic_string@_WU?$char_traits@_W@std@@V?$allocator@_W@2@@std@@PAVConfigSection@@U?$less@V?$basic_string@_WU?$char_traits@_W@std@@V?$allocator@_W@2@@std@@@2@V?$allocator@U?$pair@$$CBV?$basic_string@_WU?$char_traits@_W@std@@V?$allocator@_W@2@@std@@PAVConfigSection@@@std@@@2@$0A@@std@@@2@@Z 100030a0 f i Config.obj
 0001:000020a0       ?_Rrotate@?$_Tree@V?$_Tmap_traits@V?$basic_string@_WU?$char_traits@_W@std@@V?$allocator@_W@2@@std@@PAVContentTreeNode@@U?$less@V?$basic_string@_WU?$char_traits@_W@std@@V?$allocator@_W@2@@std@@@2@V?$allocator@U?$pair@$$CBV?$basic_string@_WU?$char_traits@_W@std@@V?$allocator@_W@2@@std@@PAVContentTreeNode@@@std@@@2@$0A@@std@@@std@@IAEXPAU_Node@?$_Tree_nod@V?$_Tmap_traits@V?$basic_string@_WU?$char_traits@_W@std@@V?$allocator@_W@2@@std@@PAVContentTreeNode@@U?$less@V?$basic_string@_WU?$char_traits@_W@std@@V?$allocator@_W@2@@std@@@2@V?$allocator@U?$pair@$$CBV?$basic_string@_WU?$char_traits@_W@std@@V?$allocator@_W@2@@std@@PAVContentTreeNode@@@std@@@2@$0A@@std@@@2@@Z 100030a0 f i ContentStructures.obj
 0001:00002100       ??$?H_WU?$char_traits@_W@std@@V?$allocator@_W@1@@std@@YA?AV?$basic_string@_WU?$char_traits@_W@std@@V?$allocator@_W@2@@0@ABV10@PB_W@Z 10003100 f i Config.obj
 0001:000021f0       ??$?H_WU?$char_traits@_W@std@@V?$allocator@_W@1@@std@@YA?AV?$basic_string@_WU?$char_traits@_W@std@@V?$allocator@_W@2@@0@$$QAV10@ABV10@@Z 100031f0 f i Config.obj
 0001:00002230       ?_Insert@?$_Tree@V?$_Tmap_traits@V?$basic_string@_WU?$char_traits@_W@std@@V?$allocator@_W@2@@std@@PAVConfigSection@@U?$less@V?$basic_string@_WU?$char_traits@_W@std@@V?$allocator@_W@2@@std@@@2@V?$allocator@U?$pair@$$CBV?$basic_string@_WU?$char_traits@_W@std@@V?$allocator@_W@2@@std@@PAVConfigSection@@@std@@@2@$0A@@std@@@std@@QAE?AV?$_Tree_iterator@V?$_Tree_val@V?$_Tmap_traits@V?$basic_string@_WU?$char_traits@_W@std@@V?$allocator@_W@2@@std@@PAVConfigSection@@U?$less@V?$basic_string@_WU?$char_traits@_W@std@@V?$allocator@_W@2@@std@@@2@V?$allocator@U?$pair@$$CBV?$basic_string@_WU?$char_traits@_W@std@@V?$allocator@_W@2@@std@@PAVConfigSection@@@std@@@2@$0A@@std@@@std@@@2@V?$_Tree_const_iterator@V?$_Tree_val@V?$_Tmap_traits@V?$basic_string@_WU?$char_traits@_W@std@@V?$allocator@_W@2@@std@@PAVConfigSection@@U?$less@V?$basic_string@_WU?$char_traits@_W@std@@V?$allocator@_W@2@@std@@@2@V?$allocator@U?$pair@$$CBV?$basic_string@_WU?$char_traits@_W@std@@V?$allocator@_W@2@@std@@PAVConfigSection@@@std@@@2@$0A@@std@@@std@@@2@PAU_Node@?$_Tree_nod@V?$_Tmap_traits@V?$basic_string@_WU?$char_traits@_W@std@@V?$allocator@_W@2@@std@@PAVConfigSection@@U?$less@V?$basic_string@_WU?$char_traits@_W@std@@V?$allocator@_W@2@@std@@@2@V?$allocator@U?$pair@$$CBV?$basic_string@_WU?$char_traits@_W@std@@V?$allocator@_W@2@@std@@PAVConfigSection@@@std@@@2@$0A@@std@@@2@@Z 10003230 f i Config.obj
 0001:00002420       ?compare@?$basic_string@_WU?$char_traits@_W@std@@V?$allocator@_W@2@@std@@QBEHIIPB_WI@Z 10003420 f i Config.obj
 0001:00002490       ??$_Buynode@U?$pair@$$CBV?$basic_string@_WU?$char_traits@_W@std@@V?$allocator@_W@2@@std@@PAVConfigSection@@@std@@@?$_Tree_val@V?$_Tmap_traits@V?$basic_string@_WU?$char_traits@_W@std@@V?$allocator@_W@2@@std@@PAVConfigSection@@U?$less@V?$basic_string@_WU?$char_traits@_W@std@@V?$allocator@_W@2@@std@@@2@V?$allocator@U?$pair@$$CBV?$basic_string@_WU?$char_traits@_W@std@@V?$allocator@_W@2@@std@@PAVConfigSection@@@std@@@2@$0A@@std@@@std@@QAEPAU_Node@?$_Tree_nod@V?$_Tmap_traits@V?$basic_string@_WU?$char_traits@_W@std@@V?$allocator@_W@2@@std@@PAVConfigSection@@U?$less@V?$basic_string@_WU?$char_traits@_W@std@@V?$allocator@_W@2@@std@@@2@V?$allocator@U?$pair@$$CBV?$basic_string@_WU?$char_traits@_W@std@@V?$allocator@_W@2@@std@@PAVConfigSection@@@std@@@2@$0A@@std@@@1@$$QAU?$pair@$$CBV?$basic_string@_WU?$char_traits@_W@std@@V?$allocator@_W@2@@std@@PAVConfigSection@@@1@@Z 10003490 f i Config.obj
 0001:00002570       ??$_Uninit_def_fill_n@PAV?$basic_string@_WU?$char_traits@_W@std@@V?$allocator@_W@2@@std@@IV12@V?$allocator@V?$basic_string@_WU?$char_traits@_W@std@@V?$allocator@_W@2@@std@@@2@V12@@std@@YAXPAV?$basic_string@_WU?$char_traits@_W@std@@V?$allocator@_W@2@@0@IPBV10@AAV?$allocator@V?$basic_string@_WU?$char_traits@_W@std@@V?$allocator@_W@2@@std@@@0@0U_Nonscalar_ptr_iterator_tag@0@@Z 10003570 f i Config.obj
 0001:00002680       ??$_Destroy_range@V?$allocator@UFailedModuleInfo@@@std@@@std@@YAXPAUFailedModuleInfo@@0AAV?$allocator@UFailedModuleInfo@@@0@U_Nonscalar_ptr_iterator_tag@0@@Z 10003680 f i ModulesController.obj
 0001:00002680       ??$_Destroy_range@V?$allocator@UConfigItem@@@std@@@std@@YAXPAUConfigItem@@0AAV?$allocator@UConfigItem@@@0@U_Nonscalar_ptr_iterator_tag@0@@Z 10003680 f i Config.obj
 0001:000026e0       ??$_Move@PAV?$basic_string@_WU?$char_traits@_W@std@@V?$allocator@_W@2@@std@@PAV12@@std@@YAPAV?$basic_string@_WU?$char_traits@_W@std@@V?$allocator@_W@2@@0@PAV10@00U_Nonscalar_ptr_iterator_tag@0@@Z 100036e0 f i Config.obj
 0001:00002770       ??1FailedModuleInfo@@QAE@XZ 10003770 f i ModulesController.obj
 0001:00002770       ??$_Dest_val@V?$allocator@UFailedModuleInfo@@@std@@UFailedModuleInfo@@@std@@YAXAAV?$allocator@UFailedModuleInfo@@@0@PAUFailedModuleInfo@@@Z 10003770 f i ModulesController.obj
 0001:00002770       ??1ConfigItem@@QAE@XZ      10003770 f i Config.obj
 0001:00002770       ??$_Dest_val@V?$allocator@UConfigItem@@@std@@UConfigItem@@@std@@YAXAAV?$allocator@UConfigItem@@@0@PAUConfigItem@@@Z 10003770 f i Config.obj
 0001:000027c0       ??$_Uninit_move@PAV?$basic_string@_WU?$char_traits@_W@std@@V?$allocator@_W@2@@std@@PAV12@V?$allocator@V?$basic_string@_WU?$char_traits@_W@std@@V?$allocator@_W@2@@std@@@2@V12@@std@@YAPAV?$basic_string@_WU?$char_traits@_W@std@@V?$allocator@_W@2@@0@PAV10@00AAV?$allocator@V?$basic_string@_WU?$char_traits@_W@std@@V?$allocator@_W@2@@std@@@0@0U_Nonscalar_ptr_iterator_tag@0@@Z 100037c0 f i Config.obj
 0001:00002890       ??0ContentTreeNode@@QAE@XZ 10003890 f   ContentStructures.obj
 0001:00002a00       ??1?$map@V?$basic_string@_WU?$char_traits@_W@std@@V?$allocator@_W@2@@std@@PAVConfigSection@@U?$less@V?$basic_string@_WU?$char_traits@_W@std@@V?$allocator@_W@2@@std@@@2@V?$allocator@U?$pair@$$CBV?$basic_string@_WU?$char_traits@_W@std@@V?$allocator@_W@2@@std@@PAVConfigSection@@@std@@@2@@std@@QAE@XZ 10003a00 f i Config.obj
 0001:00002a00       ??1?$map@V?$basic_string@_WU?$char_traits@_W@std@@V?$allocator@_W@2@@std@@PAVContentTreeNode@@U?$less@V?$basic_string@_WU?$char_traits@_W@std@@V?$allocator@_W@2@@std@@@2@V?$allocator@U?$pair@$$CBV?$basic_string@_WU?$char_traits@_W@std@@V?$allocator@_W@2@@std@@PAVContentTreeNode@@@std@@@2@@std@@QAE@XZ 10003a00 f i ContentStructures.obj
 0001:00002a60       ??0ContentTreeNode@@QAE@HPAUStorageItemInfo@@@Z 10003a60 f   ContentStructures.obj
 0001:00002b80       ??1ContentTreeNode@@QAE@XZ 10003b80 f   ContentStructures.obj
 0001:00002c80       ?Init@ContentTreeNode@@AAEXHPAUStorageItemInfo@@@Z 10003c80 f   ContentStructures.obj
 0001:00002d00       ?GetPath@ContentTreeNode@@QBEIPA_WIPAV1@@Z 10003d00 f   ContentStructures.obj
 0001:00002dc0       ?AddChild@ContentTreeNode@@QAE_NPA_WPAV1@@Z 10003dc0 f   ContentStructures.obj
 0001:00002fa0       ?insertDummyDirectory@ContentTreeNode@@AAEPAV1@PB_W@Z 10003fa0 f   ContentStructures.obj
 0001:00003120       ?GetSubDir@ContentTreeNode@@AAEPAV1@PB_W@Z 10004120 f   ContentStructures.obj
 0001:00003210       ?GetChildByName@ContentTreeNode@@QAEPAV1@PB_W@Z 10004210 f   ContentStructures.obj
 0001:00003390       ?GetSubDirectoriesNum@ContentTreeNode@@QAEI_N@Z 10004390 f   ContentStructures.obj
 0001:00003420       ?AddFile@ContentTreeNode@@AAEXPAV1@@Z 10004420 f   ContentStructures.obj
 0001:00003830       ??1?$vector@PAVContentTreeNode@@V?$allocator@PAVContentTreeNode@@@std@@@std@@QAE@XZ 10004830 f i ContentStructures.obj
 0001:00003860       ?find@?$_Tree@V?$_Tmap_traits@V?$basic_string@_WU?$char_traits@_W@std@@V?$allocator@_W@2@@std@@PAVContentTreeNode@@U?$less@V?$basic_string@_WU?$char_traits@_W@std@@V?$allocator@_W@2@@std@@@2@V?$allocator@U?$pair@$$CBV?$basic_string@_WU?$char_traits@_W@std@@V?$allocator@_W@2@@std@@PAVContentTreeNode@@@std@@@2@$0A@@std@@@std@@QAE?AV?$_Tree_iterator@V?$_Tree_val@V?$_Tmap_traits@V?$basic_string@_WU?$char_traits@_W@std@@V?$allocator@_W@2@@std@@PAVContentTreeNode@@U?$less@V?$basic_string@_WU?$char_traits@_W@std@@V?$allocator@_W@2@@std@@@2@V?$allocator@U?$pair@$$CBV?$basic_string@_WU?$char_traits@_W@std@@V?$allocator@_W@2@@std@@PAVContentTreeNode@@@std@@@2@$0A@@std@@@std@@@2@ABV?$basic_string@_WU?$char_traits@_W@std@@V?$allocator@_W@2@@2@@Z 10004860 f i ContentStructures.obj
 0001:000038c0       ?_Reserve@?$vector@PAVContentTreeNode@@V?$allocator@PAVContentTreeNode@@@std@@@std@@IAEXI@Z 100048c0 f i ContentStructures.obj
 0001:00003910       ??1?$_Tree_val@V?$_Tmap_traits@V?$basic_string@_WU?$char_traits@_W@std@@V?$allocator@_W@2@@std@@PAVContentTreeNode@@U?$less@V?$basic_string@_WU?$char_traits@_W@std@@V?$allocator@_W@2@@std@@@2@V?$allocator@U?$pair@$$CBV?$basic_string@_WU?$char_traits@_W@std@@V?$allocator@_W@2@@std@@PAVContentTreeNode@@@std@@@2@$0A@@std@@@std@@QAE@XZ 10004910 f i ContentStructures.obj
 0001:00003910       ??1?$_Tree_val@V?$_Tmap_traits@V?$basic_string@_WU?$char_traits@_W@std@@V?$allocator@_W@2@@std@@PAVConfigSection@@U?$less@V?$basic_string@_WU?$char_traits@_W@std@@V?$allocator@_W@2@@std@@@2@V?$allocator@U?$pair@$$CBV?$basic_string@_WU?$char_traits@_W@std@@V?$allocator@_W@2@@std@@PAVConfigSection@@@std@@@2@$0A@@std@@@std@@QAE@XZ 10004910 f i Config.obj
 0001:00003920       ??E?$_Tree_const_iterator@V?$_Tree_val@V?$_Tmap_traits@V?$basic_string@_WU?$char_traits@_W@std@@V?$allocator@_W@2@@std@@PAVContentTreeNode@@U?$less@V?$basic_string@_WU?$char_traits@_W@std@@V?$allocator@_W@2@@std@@@2@V?$allocator@U?$pair@$$CBV?$basic_string@_WU?$char_traits@_W@std@@V?$allocator@_W@2@@std@@PAVContentTreeNode@@@std@@@2@$0A@@std@@@std@@@std@@QAEAAV01@XZ 10004920 f i ContentStructures.obj
 0001:00003920       ??E?$_Tree_const_iterator@V?$_Tree_val@V?$_Tmap_traits@V?$basic_string@_WU?$char_traits@_W@std@@V?$allocator@_W@2@@std@@PAVConfigSection@@U?$less@V?$basic_string@_WU?$char_traits@_W@std@@V?$allocator@_W@2@@std@@@2@V?$allocator@U?$pair@$$CBV?$basic_string@_WU?$char_traits@_W@std@@V?$allocator@_W@2@@std@@PAVConfigSection@@@std@@@2@$0A@@std@@@std@@@std@@QAEAAV01@XZ 10004920 f i Config.obj
 0001:00003970       ?reserve@?$vector@PAVContentTreeNode@@V?$allocator@PAVContentTreeNode@@@std@@@std@@QAEXI@Z 10004970 f i ContentStructures.obj
 0001:000039f0       ?erase@?$_Tree@V?$_Tmap_traits@V?$basic_string@_WU?$char_traits@_W@std@@V?$allocator@_W@2@@std@@PAVContentTreeNode@@U?$less@V?$basic_string@_WU?$char_traits@_W@std@@V?$allocator@_W@2@@std@@@2@V?$allocator@U?$pair@$$CBV?$basic_string@_WU?$char_traits@_W@std@@V?$allocator@_W@2@@std@@PAVContentTreeNode@@@std@@@2@$0A@@std@@@std@@QAE?AV?$_Tree_iterator@V?$_Tree_val@V?$_Tmap_traits@V?$basic_string@_WU?$char_traits@_W@std@@V?$allocator@_W@2@@std@@PAVContentTreeNode@@U?$less@V?$basic_string@_WU?$char_traits@_W@std@@V?$allocator@_W@2@@std@@@2@V?$allocator@U?$pair@$$CBV?$basic_string@_WU?$char_traits@_W@std@@V?$allocator@_W@2@@std@@PAVContentTreeNode@@@std@@@2@$0A@@std@@@std@@@2@V?$_Tree_const_iterator@V?$_Tree_val@V?$_Tmap_traits@V?$basic_string@_WU?$char_traits@_W@std@@V?$allocator@_W@2@@std@@PAVContentTreeNode@@U?$less@V?$basic_string@_WU?$char_traits@_W@std@@V?$allocator@_W@2@@std@@@2@V?$allocator@U?$pair@$$CBV?$basic_string@_WU?$char_traits@_W@std@@V?$allocator@_W@2@@std@@PAVContentTreeNode@@@std@@@2@$0A@@std@@@std@@@2@0@Z 100049f0 f i ContentStructures.obj
 0001:000039f0       ?erase@?$_Tree@V?$_Tmap_traits@V?$basic_string@_WU?$char_traits@_W@std@@V?$allocator@_W@2@@std@@PAVConfigSection@@U?$less@V?$basic_string@_WU?$char_traits@_W@std@@V?$allocator@_W@2@@std@@@2@V?$allocator@U?$pair@$$CBV?$basic_string@_WU?$char_traits@_W@std@@V?$allocator@_W@2@@std@@PAVConfigSection@@@std@@@2@$0A@@std@@@std@@QAE?AV?$_Tree_iterator@V?$_Tree_val@V?$_Tmap_traits@V?$basic_string@_WU?$char_traits@_W@std@@V?$allocator@_W@2@@std@@PAVConfigSection@@U?$less@V?$basic_string@_WU?$char_traits@_W@std@@V?$allocator@_W@2@@std@@@2@V?$allocator@U?$pair@$$CBV?$basic_string@_WU?$char_traits@_W@std@@V?$allocator@_W@2@@std@@PAVConfigSection@@@std@@@2@$0A@@std@@@std@@@2@V?$_Tree_const_iterator@V?$_Tree_val@V?$_Tmap_traits@V?$basic_string@_WU?$char_traits@_W@std@@V?$allocator@_W@2@@std@@PAVConfigSection@@U?$less@V?$basic_string@_WU?$char_traits@_W@std@@V?$allocator@_W@2@@std@@@2@V?$allocator@U?$pair@$$CBV?$basic_string@_WU?$char_traits@_W@std@@V?$allocator@_W@2@@std@@PAVConfigSection@@@std@@@2@$0A@@std@@@std@@@2@0@Z 100049f0 f i Config.obj
 0001:00003ab0       ?_Lbound@?$_Tree@V?$_Tmap_traits@V?$basic_string@_WU?$char_traits@_W@std@@V?$allocator@_W@2@@std@@PAVConfigSection@@U?$less@V?$basic_string@_WU?$char_traits@_W@std@@V?$allocator@_W@2@@std@@@2@V?$allocator@U?$pair@$$CBV?$basic_string@_WU?$char_traits@_W@std@@V?$allocator@_W@2@@std@@PAVConfigSection@@@std@@@2@$0A@@std@@@std@@IAEPAU_Node@?$_Tree_nod@V?$_Tmap_traits@V?$basic_string@_WU?$char_traits@_W@std@@V?$allocator@_W@2@@std@@PAVConfigSection@@U?$less@V?$basic_string@_WU?$char_traits@_W@std@@V?$allocator@_W@2@@std@@@2@V?$allocator@U?$pair@$$CBV?$basic_string@_WU?$char_traits@_W@std@@V?$allocator@_W@2@@std@@PAVConfigSection@@@std@@@2@$0A@@std@@@2@ABV?$basic_string@_WU?$char_traits@_W@std@@V?$allocator@_W@2@@2@@Z 10004ab0 f i Config.obj
 0001:00003ab0       ?_Lbound@?$_Tree@V?$_Tmap_traits@V?$basic_string@_WU?$char_traits@_W@std@@V?$allocator@_W@2@@std@@PAVContentTreeNode@@U?$less@V?$basic_string@_WU?$char_traits@_W@std@@V?$allocator@_W@2@@std@@@2@V?$allocator@U?$pair@$$CBV?$basic_string@_WU?$char_traits@_W@std@@V?$allocator@_W@2@@std@@PAVContentTreeNode@@@std@@@2@$0A@@std@@@std@@IAEPAU_Node@?$_Tree_nod@V?$_Tmap_traits@V?$basic_string@_WU?$char_traits@_W@std@@V?$allocator@_W@2@@std@@PAVContentTreeNode@@U?$less@V?$basic_string@_WU?$char_traits@_W@std@@V?$allocator@_W@2@@std@@@2@V?$allocator@U?$pair@$$CBV?$basic_string@_WU?$char_traits@_W@std@@V?$allocator@_W@2@@std@@PAVContentTreeNode@@@std@@@2@$0A@@std@@@2@ABV?$basic_string@_WU?$char_traits@_W@std@@V?$allocator@_W@2@@2@@Z 10004ab0 f i ContentStructures.obj
 0001:00003b60       ?allocate@?$allocator@PAVContentTreeNode@@@std@@QAEPAPAVContentTreeNode@@I@Z 10004b60 f i ContentStructures.obj
 0001:00003bc0       ?erase@?$_Tree@V?$_Tmap_traits@V?$basic_string@_WU?$char_traits@_W@std@@V?$allocator@_W@2@@std@@PAVConfigSection@@U?$less@V?$basic_string@_WU?$char_traits@_W@std@@V?$allocator@_W@2@@std@@@2@V?$allocator@U?$pair@$$CBV?$basic_string@_WU?$char_traits@_W@std@@V?$allocator@_W@2@@std@@PAVConfigSection@@@std@@@2@$0A@@std@@@std@@QAE?AV?$_Tree_iterator@V?$_Tree_val@V?$_Tmap_traits@V?$basic_string@_WU?$char_traits@_W@std@@V?$allocator@_W@2@@std@@PAVConfigSection@@U?$less@V?$basic_string@_WU?$char_traits@_W@std@@V?$allocator@_W@2@@std@@@2@V?$allocator@U?$pair@$$CBV?$basic_string@_WU?$char_traits@_W@std@@V?$allocator@_W@2@@std@@PAVConfigSection@@@std@@@2@$0A@@std@@@std@@@2@V?$_Tree_const_iterator@V?$_Tree_val@V?$_Tmap_traits@V?$basic_string@_WU?$char_traits@_W@std@@V?$allocator@_W@2@@std@@PAVConfigSection@@U?$less@V?$basic_string@_WU?$char_traits@_W@std@@V?$allocator@_W@2@@std@@@2@V?$allocator@U?$pair@$$CBV?$basic_string@_WU?$char_traits@_W@std@@V?$allocator@_W@2@@std@@PAVConfigSection@@@std@@@2@$0A@@std@@@std@@@2@@Z 10004bc0 f i Config.obj
 0001:00003bc0       ?erase@?$_Tree@V?$_Tmap_traits@V?$basic_string@_WU?$char_traits@_W@std@@V?$allocator@_W@2@@std@@PAVContentTreeNode@@U?$less@V?$basic_string@_WU?$char_traits@_W@std@@V?$allocator@_W@2@@std@@@2@V?$allocator@U?$pair@$$CBV?$basic_string@_WU?$char_traits@_W@std@@V?$allocator@_W@2@@std@@PAVContentTreeNode@@@std@@@2@$0A@@std@@@std@@QAE?AV?$_Tree_iterator@V?$_Tree_val@V?$_Tmap_traits@V?$basic_string@_WU?$char_traits@_W@std@@V?$allocator@_W@2@@std@@PAVContentTreeNode@@U?$less@V?$basic_string@_WU?$char_traits@_W@std@@V?$allocator@_W@2@@std@@@2@V?$allocator@U?$pair@$$CBV?$basic_string@_WU?$char_traits@_W@std@@V?$allocator@_W@2@@std@@PAVContentTreeNode@@@std@@@2@$0A@@std@@@std@@@2@V?$_Tree_const_iterator@V?$_Tree_val@V?$_Tmap_traits@V?$basic_string@_WU?$char_traits@_W@std@@V?$allocator@_W@2@@std@@PAVContentTreeNode@@U?$less@V?$basic_string@_WU?$char_traits@_W@std@@V?$allocator@_W@2@@std@@@2@V?$allocator@U?$pair@$$CBV?$basic_string@_WU?$char_traits@_W@std@@V?$allocator@_W@2@@std@@PAVContentTreeNode@@@std@@@2@$0A@@std@@@std@@@2@@Z 10004bc0 f i ContentStructures.obj
 0001:00003e50       ?_Erase@?$_Tree@V?$_Tmap_traits@V?$basic_string@_WU?$char_traits@_W@std@@V?$allocator@_W@2@@std@@PAVConfigSection@@U?$less@V?$basic_string@_WU?$char_traits@_W@std@@V?$allocator@_W@2@@std@@@2@V?$allocator@U?$pair@$$CBV?$basic_string@_WU?$char_traits@_W@std@@V?$allocator@_W@2@@std@@PAVConfigSection@@@std@@@2@$0A@@std@@@std@@IAEXPAU_Node@?$_Tree_nod@V?$_Tmap_traits@V?$basic_string@_WU?$char_traits@_W@std@@V?$allocator@_W@2@@std@@PAVConfigSection@@U?$less@V?$basic_string@_WU?$char_traits@_W@std@@V?$allocator@_W@2@@std@@@2@V?$allocator@U?$pair@$$CBV?$basic_string@_WU?$char_traits@_W@std@@V?$allocator@_W@2@@std@@PAVConfigSection@@@std@@@2@$0A@@std@@@2@@Z 10004e50 f i Config.obj
 0001:00003e50       ?_Erase@?$_Tree@V?$_Tmap_traits@V?$basic_string@_WU?$char_traits@_W@std@@V?$allocator@_W@2@@std@@PAVContentTreeNode@@U?$less@V?$basic_string@_WU?$char_traits@_W@std@@V?$allocator@_W@2@@std@@@2@V?$allocator@U?$pair@$$CBV?$basic_string@_WU?$char_traits@_W@std@@V?$allocator@_W@2@@std@@PAVContentTreeNode@@@std@@@2@$0A@@std@@@std@@IAEXPAU_Node@?$_Tree_nod@V?$_Tmap_traits@V?$basic_string@_WU?$char_traits@_W@std@@V?$allocator@_W@2@@std@@PAVContentTreeNode@@U?$less@V?$basic_string@_WU?$char_traits@_W@std@@V?$allocator@_W@2@@std@@@2@V?$allocator@U?$pair@$$CBV?$basic_string@_WU?$char_traits@_W@std@@V?$allocator@_W@2@@std@@PAVContentTreeNode@@@std@@@2@$0A@@std@@@2@@Z 10004e50 f i ContentStructures.obj
 0001:00003eb0       ?_Max@?$_Tree_val@V?$_Tmap_traits@V?$basic_string@_WU?$char_traits@_W@std@@V?$allocator@_W@2@@std@@PAVContentTreeNode@@U?$less@V?$basic_string@_WU?$char_traits@_W@std@@V?$allocator@_W@2@@std@@@2@V?$allocator@U?$pair@$$CBV?$basic_string@_WU?$char_traits@_W@std@@V?$allocator@_W@2@@std@@PAVContentTreeNode@@@std@@@2@$0A@@std@@@std@@SAPAU_Node@?$_Tree_nod@V?$_Tmap_traits@V?$basic_string@_WU?$char_traits@_W@std@@V?$allocator@_W@2@@std@@PAVContentTreeNode@@U?$less@V?$basic_string@_WU?$char_traits@_W@std@@V?$allocator@_W@2@@std@@@2@V?$allocator@U?$pair@$$CBV?$basic_string@_WU?$char_traits@_W@std@@V?$allocator@_W@2@@std@@PAVContentTreeNode@@@std@@@2@$0A@@std@@@2@PAU342@@Z 10004eb0 f i ContentStructures.obj
 0001:00003eb0       ?_Max@?$_Tree_val@V?$_Tmap_traits@V?$basic_string@_WU?$char_traits@_W@std@@V?$allocator@_W@2@@std@@PAVConfigSection@@U?$less@V?$basic_string@_WU?$char_traits@_W@std@@V?$allocator@_W@2@@std@@@2@V?$allocator@U?$pair@$$CBV?$basic_string@_WU?$char_traits@_W@std@@V?$allocator@_W@2@@std@@PAVConfigSection@@@std@@@2@$0A@@std@@@std@@SAPAU_Node@?$_Tree_nod@V?$_Tmap_traits@V?$basic_string@_WU?$char_traits@_W@std@@V?$allocator@_W@2@@std@@PAVConfigSection@@U?$less@V?$basic_string@_WU?$char_traits@_W@std@@V?$allocator@_W@2@@std@@@2@V?$allocator@U?$pair@$$CBV?$basic_string@_WU?$char_traits@_W@std@@V?$allocator@_W@2@@std@@PAVConfigSection@@@std@@@2@$0A@@std@@@2@PAU342@@Z 10004eb0 f i Config.obj
 0001:00003ed0       ?_Linsert@?$_Tree@V?$_Tmap_traits@V?$basic_string@_WU?$char_traits@_W@std@@V?$allocator@_W@2@@std@@PAVContentTreeNode@@U?$less@V?$basic_string@_WU?$char_traits@_W@std@@V?$allocator@_W@2@@std@@@2@V?$allocator@U?$pair@$$CBV?$basic_string@_WU?$char_traits@_W@std@@V?$allocator@_W@2@@std@@PAVContentTreeNode@@@std@@@2@$0A@@std@@@std@@QAE?AU?$pair@V?$_Tree_iterator@V?$_Tree_val@V?$_Tmap_traits@V?$basic_string@_WU?$char_traits@_W@std@@V?$allocator@_W@2@@std@@PAVContentTreeNode@@U?$less@V?$basic_string@_WU?$char_traits@_W@std@@V?$allocator@_W@2@@std@@@2@V?$allocator@U?$pair@$$CBV?$basic_string@_WU?$char_traits@_W@std@@V?$allocator@_W@2@@std@@PAVContentTreeNode@@@std@@@2@$0A@@std@@@std@@@std@@_N@2@PAU_Node@?$_Tree_nod@V?$_Tmap_traits@V?$basic_string@_WU?$char_traits@_W@std@@V?$allocator@_W@2@@std@@PAVContentTreeNode@@U?$less@V?$basic_string@_WU?$char_traits@_W@std@@V?$allocator@_W@2@@std@@@2@V?$allocator@U?$pair@$$CBV?$basic_string@_WU?$char_traits@_W@std@@V?$allocator@_W@2@@std@@PAVContentTreeNode@@@std@@@2@$0A@@std@@@2@_N@Z 10004ed0 f i ContentStructures.obj
 0001:00003ed0       ?_Linsert@?$_Tree@V?$_Tmap_traits@V?$basic_string@_WU?$char_traits@_W@std@@V?$allocator@_W@2@@std@@PAVConfigSection@@U?$less@V?$basic_string@_WU?$char_traits@_W@std@@V?$allocator@_W@2@@std@@@2@V?$allocator@U?$pair@$$CBV?$basic_string@_WU?$char_traits@_W@std@@V?$allocator@_W@2@@std@@PAVConfigSection@@@std@@@2@$0A@@std@@@std@@QAE?AU?$pair@V?$_Tree_iterator@V?$_Tree_val@V?$_Tmap_traits@V?$basic_string@_WU?$char_traits@_W@std@@V?$allocator@_W@2@@std@@PAVConfigSection@@U?$less@V?$basic_string@_WU?$char_traits@_W@std@@V?$allocator@_W@2@@std@@@2@V?$allocator@U?$pair@$$CBV?$basic_string@_WU?$char_traits@_W@std@@V?$allocator@_W@2@@std@@PAVConfigSection@@@std@@@2@$0A@@std@@@std@@@std@@_N@2@PAU_Node@?$_Tree_nod@V?$_Tmap_traits@V?$basic_string@_WU?$char_traits@_W@std@@V?$allocator@_W@2@@std@@PAVConfigSection@@U?$less@V?$basic_string@_WU?$char_traits@_W@std@@V?$allocator@_W@2@@std@@@2@V?$allocator@U?$pair@$$CBV?$basic_string@_WU?$char_traits@_W@std@@V?$allocator@_W@2@@std@@PAVConfigSection@@@std@@@2@$0A@@std@@@2@_N@Z 10004ed0 f i Config.obj
 0001:00004060       ?_Insert@?$_Tree@V?$_Tmap_traits@V?$basic_string@_WU?$char_traits@_W@std@@V?$allocator@_W@2@@std@@PAVContentTreeNode@@U?$less@V?$basic_string@_WU?$char_traits@_W@std@@V?$allocator@_W@2@@std@@@2@V?$allocator@U?$pair@$$CBV?$basic_string@_WU?$char_traits@_W@std@@V?$allocator@_W@2@@std@@PAVContentTreeNode@@@std@@@2@$0A@@std@@@std@@IAE?AV?$_Tree_iterator@V?$_Tree_val@V?$_Tmap_traits@V?$basic_string@_WU?$char_traits@_W@std@@V?$allocator@_W@2@@std@@PAVContentTreeNode@@U?$less@V?$basic_string@_WU?$char_traits@_W@std@@V?$allocator@_W@2@@std@@@2@V?$allocator@U?$pair@$$CBV?$basic_string@_WU?$char_traits@_W@std@@V?$allocator@_W@2@@std@@PAVContentTreeNode@@@std@@@2@$0A@@std@@@std@@@2@_NPAU_Node@?$_Tree_nod@V?$_Tmap_traits@V?$basic_string@_WU?$char_traits@_W@std@@V?$allocator@_W@2@@std@@PAVContentTreeNode@@U?$less@V?$basic_string@_WU?$char_traits@_W@std@@V?$allocator@_W@2@@std@@@2@V?$allocator@U?$pair@$$CBV?$basic_string@_WU?$char_traits@_W@std@@V?$allocator@_W@2@@std@@PAVContentTreeNode@@@std@@@2@$0A@@std@@@2@1@Z 10005060 f i ContentStructures.obj
 0001:00004060       ?_Insert@?$_Tree@V?$_Tmap_traits@V?$basic_string@_WU?$char_traits@_W@std@@V?$allocator@_W@2@@std@@PAVConfigSection@@U?$less@V?$basic_string@_WU?$char_traits@_W@std@@V?$allocator@_W@2@@std@@@2@V?$allocator@U?$pair@$$CBV?$basic_string@_WU?$char_traits@_W@std@@V?$allocator@_W@2@@std@@PAVConfigSection@@@std@@@2@$0A@@std@@@std@@IAE?AV?$_Tree_iterator@V?$_Tree_val@V?$_Tmap_traits@V?$basic_string@_WU?$char_traits@_W@std@@V?$allocator@_W@2@@std@@PAVConfigSection@@U?$less@V?$basic_string@_WU?$char_traits@_W@std@@V?$allocator@_W@2@@std@@@2@V?$allocator@U?$pair@$$CBV?$basic_string@_WU?$char_traits@_W@std@@V?$allocator@_W@2@@std@@PAVConfigSection@@@std@@@2@$0A@@std@@@std@@@2@_NPAU_Node@?$_Tree_nod@V?$_Tmap_traits@V?$basic_string@_WU?$char_traits@_W@std@@V?$allocator@_W@2@@std@@PAVConfigSection@@U?$less@V?$basic_string@_WU?$char_traits@_W@std@@V?$allocator@_W@2@@std@@@2@V?$allocator@U?$pair@$$CBV?$basic_string@_WU?$char_traits@_W@std@@V?$allocator@_W@2@@std@@PAVConfigSection@@@std@@@2@$0A@@std@@@2@1@Z 10005060 f i Config.obj
 0001:000042b0       ??F?$_Tree_unchecked_const_iterator@V?$_Tree_val@V?$_Tmap_traits@V?$basic_string@_WU?$char_traits@_W@std@@V?$allocator@_W@2@@std@@PAVConfigSection@@U?$less@V?$basic_string@_WU?$char_traits@_W@std@@V?$allocator@_W@2@@std@@@2@V?$allocator@U?$pair@$$CBV?$basic_string@_WU?$char_traits@_W@std@@V?$allocator@_W@2@@std@@PAVConfigSection@@@std@@@2@$0A@@std@@@std@@U_Iterator_base0@2@@std@@QAEAAV01@XZ 100052b0 f i Config.obj
 0001:000042b0       ??F?$_Tree_unchecked_const_iterator@V?$_Tree_val@V?$_Tmap_traits@V?$basic_string@_WU?$char_traits@_W@std@@V?$allocator@_W@2@@std@@PAVContentTreeNode@@U?$less@V?$basic_string@_WU?$char_traits@_W@std@@V?$allocator@_W@2@@std@@@2@V?$allocator@U?$pair@$$CBV?$basic_string@_WU?$char_traits@_W@std@@V?$allocator@_W@2@@std@@PAVContentTreeNode@@@std@@@2@$0A@@std@@@std@@U_Iterator_base0@2@@std@@QAEAAV01@XZ 100052b0 f i ContentStructures.obj
 0001:00004310       ??$_Buynode@U?$pair@V?$basic_string@_WU?$char_traits@_W@std@@V?$allocator@_W@2@@std@@PAVContentTreeNode@@@std@@@?$_Tree_val@V?$_Tmap_traits@V?$basic_string@_WU?$char_traits@_W@std@@V?$allocator@_W@2@@std@@PAVContentTreeNode@@U?$less@V?$basic_string@_WU?$char_traits@_W@std@@V?$allocator@_W@2@@std@@@2@V?$allocator@U?$pair@$$CBV?$basic_string@_WU?$char_traits@_W@std@@V?$allocator@_W@2@@std@@PAVContentTreeNode@@@std@@@2@$0A@@std@@@std@@QAEPAU_Node@?$_Tree_nod@V?$_Tmap_traits@V?$basic_string@_WU?$char_traits@_W@std@@V?$allocator@_W@2@@std@@PAVContentTreeNode@@U?$less@V?$basic_string@_WU?$char_traits@_W@std@@V?$allocator@_W@2@@std@@@2@V?$allocator@U?$pair@$$CBV?$basic_string@_WU?$char_traits@_W@std@@V?$allocator@_W@2@@std@@PAVContentTreeNode@@@std@@@2@$0A@@std@@@1@$$QAU?$pair@V?$basic_string@_WU?$char_traits@_W@std@@V?$allocator@_W@2@@std@@PAVContentTreeNode@@@1@@Z 10005310 f i ContentStructures.obj
 0001:000043e0       _DllMain@12                100053e0 f   dllmain.obj
 0001:00004400       ?Open@StorageObject@@QAEHPB_W_NH@Z 10005400 f   FarStorage.obj
 0001:00004570       ?Close@StorageObject@@QAEXXZ 10005570 f   FarStorage.obj
 0001:00004650       ?ReadFileList@StorageObject@@QAEHAA_N@Z 10005650 f   FarStorage.obj
 0001:00004940       ?ChangeCurrentDir@StorageObject@@QAEHPB_W@Z 10005940 f   FarStorage.obj
 0001:00004ae0       ?GetFinalExtractionPath@@YA?AV?$basic_string@_WU?$char_traits@_W@std@@V?$allocator@_W@2@@std@@PBVStorageObject@@PBVContentTreeNode@@PB_WH@Z 10005ae0 f   InterfaceCommon.obj
 0001:00004c40       ?CollectFileList@@YAHPAVContentTreeNode@@AAV?$vector@PAVContentTreeNode@@V?$allocator@PAVContentTreeNode@@@std@@@std@@AA_J_N@Z 10005c40 f   InterfaceCommon.obj
 0001:00004fa0       ??0ExternalModule@@QAE@PB_W0@Z 10005fa0 f i ModulesController.obj
 0001:00005230       ?Init@ModulesController@@QAEHPB_WPAVConfig@@AAV?$vector@UFailedModuleInfo@@V?$allocator@UFailedModuleInfo@@@std@@@std@@@Z 10006230 f   ModulesController.obj
 0001:000059b0       ??1ExternalModule@@QAE@XZ  100069b0 f i ModulesController.obj
 0001:00005a20       ?Cleanup@ModulesController@@QAEXXZ 10006a20 f   ModulesController.obj
 0001:00005ac0       ?OpenStorageFile@ModulesController@@QAEHUOpenStorageFileInParams@@PAHPAPAXPAUStorageGeneralInfo@@@Z 10006ac0 f   ModulesController.obj
 0001:00005bf0       ?LoadModule@ModulesController@@AAE_NPB_WAAUExternalModule@@0AAV?$basic_string@_WU?$char_traits@_W@std@@V?$allocator@_W@2@@std@@@Z 10006bf0 f   ModulesController.obj
 0001:00005f10       ?push_back@?$vector@UExternalModule@@V?$allocator@UExternalModule@@@std@@@std@@QAEXABUExternalModule@@@Z 10006f10 f i ModulesController.obj
 0001:00005fd0       ?_Reserve@?$vector@UExternalModule@@V?$allocator@UExternalModule@@@std@@@std@@IAEXI@Z 10006fd0 f i ModulesController.obj
 0001:00006050       ?_Reserve@?$vector@UFailedModuleInfo@@V?$allocator@UFailedModuleInfo@@@std@@@std@@IAEXI@Z 10007050 f i ModulesController.obj
 0001:000060d0       ?reserve@?$vector@UExternalModule@@V?$allocator@UExternalModule@@@std@@@std@@QAEXI@Z 100070d0 f i ModulesController.obj
 0001:000061f0       ?reserve@?$vector@UConfigItem@@V?$allocator@UConfigItem@@@std@@@std@@QAEXI@Z 100071f0 f i Config.obj
 0001:000061f0       ?reserve@?$vector@UFailedModuleInfo@@V?$allocator@UFailedModuleInfo@@@std@@@std@@QAEXI@Z 100071f0 f i ModulesController.obj
 0001:00006300       ?allocate@?$allocator@UExternalModule@@@std@@QAEPAUExternalModule@@I@Z 10007300 f i ModulesController.obj
 0001:00006350       ??$_Move@PAUExternalModule@@PAU1@@std@@YAPAUExternalModule@@PAU1@00U_Nonscalar_ptr_iterator_tag@0@@Z 10007350 f i ModulesController.obj
 0001:000063e0       ??$_Destroy_range@V?$allocator@UExternalModule@@@std@@@std@@YAXPAUExternalModule@@0AAV?$allocator@UExternalModule@@@0@U_Nonscalar_ptr_iterator_tag@0@@Z 100073e0 f i ModulesController.obj
 0001:000064a0       ??0ExternalModule@@QAE@ABU0@@Z 100074a0 f i ModulesController.obj
 0001:00006580       ??0?$vector@V?$basic_string@_WU?$char_traits@_W@std@@V?$allocator@_W@2@@std@@V?$allocator@V?$basic_string@_WU?$char_traits@_W@std@@V?$allocator@_W@2@@std@@@2@@std@@QAE@ABV01@@Z 10007580 f i ModulesController.obj
 0001:00006660       ??4?$vector@V?$basic_string@_WU?$char_traits@_W@std@@V?$allocator@_W@2@@std@@V?$allocator@V?$basic_string@_WU?$char_traits@_W@std@@V?$allocator@_W@2@@std@@@2@@std@@QAEAAV01@ABV01@@Z 10007660 f i ModulesController.obj
 0001:000067e0       ?_Buy@?$vector@V?$basic_string@_WU?$char_traits@_W@std@@V?$allocator@_W@2@@std@@V?$allocator@V?$basic_string@_WU?$char_traits@_W@std@@V?$allocator@_W@2@@std@@@2@@std@@IAE_NI@Z 100077e0 f i ModulesController.obj
 0001:00006830       ??$_Uninit_move@PAUExternalModule@@PAU1@V?$allocator@UExternalModule@@@std@@U1@@std@@YAPAUExternalModule@@PAU1@00AAV?$allocator@UExternalModule@@@0@0U_Nonscalar_ptr_iterator_tag@0@@Z 10007830 f i ModulesController.obj
 0001:000068c0       ??$_Uninit_move@PAUConfigItem@@PAU1@V?$allocator@UConfigItem@@@std@@U1@@std@@YAPAUConfigItem@@PAU1@00AAV?$allocator@UConfigItem@@@0@0U_Nonscalar_ptr_iterator_tag@0@@Z 100078c0 f i Config.obj
 0001:000068c0       ??$_Uninit_move@PAUFailedModuleInfo@@PAU1@V?$allocator@UFailedModuleInfo@@@std@@U1@@std@@YAPAUFailedModuleInfo@@PAU1@00AAV?$allocator@UFailedModuleInfo@@@0@0U_Nonscalar_ptr_iterator_tag@0@@Z 100078c0 f i ModulesController.obj
 0001:00006990       ??$_Copy_impl@PAV?$basic_string@_WU?$char_traits@_W@std@@V?$allocator@_W@2@@std@@PAV12@@std@@YAPAV?$basic_string@_WU?$char_traits@_W@std@@V?$allocator@_W@2@@0@PAV10@00@Z 10007990 f i ModulesController.obj
 0001:000069c0       ??$_Uninit_copy@V?$_Vector_const_iterator@V?$_Vector_val@V?$basic_string@_WU?$char_traits@_W@std@@V?$allocator@_W@2@@std@@V?$allocator@V?$basic_string@_WU?$char_traits@_W@std@@V?$allocator@_W@2@@std@@@2@@std@@@std@@PAV?$basic_string@_WU?$char_traits@_W@std@@V?$allocator@_W@2@@2@V?$allocator@V?$basic_string@_WU?$char_traits@_W@std@@V?$allocator@_W@2@@std@@@2@@std@@YAPAV?$basic_string@_WU?$char_traits@_W@std@@V?$allocator@_W@2@@0@V?$_Vector_const_iterator@V?$_Vector_val@V?$basic_string@_WU?$char_traits@_W@std@@V?$allocator@_W@2@@std@@V?$allocator@V?$basic_string@_WU?$char_traits@_W@std@@V?$allocator@_W@2@@std@@@2@@std@@@0@0PAV10@AAV?$allocator@V?$basic_string@_WU?$char_traits@_W@std@@V?$allocator@_W@2@@std@@@0@U_Nonscalar_ptr_iterator_tag@0@@Z 100079c0 f i ModulesController.obj
 0001:00006a70       ??$_Uninit_copy@PAV?$basic_string@_WU?$char_traits@_W@std@@V?$allocator@_W@2@@std@@PAV12@V?$allocator@V?$basic_string@_WU?$char_traits@_W@std@@V?$allocator@_W@2@@std@@@2@@std@@YAPAV?$basic_string@_WU?$char_traits@_W@std@@V?$allocator@_W@2@@0@PAV10@00AAV?$allocator@V?$basic_string@_WU?$char_traits@_W@std@@V?$allocator@_W@2@@std@@@0@U_Nonscalar_ptr_iterator_tag@0@@Z 10007a70 f i ModulesController.obj
 0001:00006b20       ??1DialogAPIBinding@@UAE@XZ 10007b20 f i ObserverUni3.obj
 0001:00006b30       ?SaveValue@PluginCheckBoxBinding@@UAEXPAUFarDialogItem@@H@Z 10007b30 f i ObserverUni3.obj
 0001:00006b70       ?SaveValue@PluginRadioButtonBinding@@UAEXPAUFarDialogItem@@H@Z 10007b70 f i ObserverUni3.obj
 0001:00006ba0       ?SaveValue@PluginEditFieldBinding@@UAEXPAUFarDialogItem@@H@Z 10007ba0 f i ObserverUni3.obj
 0001:00006bd0       ??_GPluginRadioButtonBinding@@UAEPAXI@Z 10007bd0 f i ObserverUni3.obj
 0001:00006bd0       ??_G?$DialogItemBinding@UFarDialogItem@@@@UAEPAXI@Z 10007bd0 f i ObserverUni3.obj
 0001:00006bd0       ??_GPluginEditFieldBinding@@UAEPAXI@Z 10007bd0 f i ObserverUni3.obj
 0001:00006bd0       ??_GPluginCheckBoxBinding@@UAEPAXI@Z 10007bd0 f i ObserverUni3.obj
 0001:00006bd0       ??_EPluginUIntEditFieldBinding@@UAEPAXI@Z 10007bd0 f i  CIL library: CIL module
 0001:00006bd0       ??_EPluginRadioButtonBinding@@UAEPAXI@Z 10007bd0 f i  CIL library: CIL module
 0001:00006bd0       ??_EPluginIntEditFieldBinding@@UAEPAXI@Z 10007bd0 f i  CIL library: CIL module
 0001:00006bd0       ??_E?$DialogItemBinding@UFarDialogItem@@@@UAEPAXI@Z 10007bd0 f i  CIL library: CIL module
 0001:00006bd0       ??_GPluginUIntEditFieldBinding@@UAEPAXI@Z 10007bd0 f i ObserverUni3.obj
 0001:00006bd0       ??_GPluginIntEditFieldBinding@@UAEPAXI@Z 10007bd0 f i ObserverUni3.obj
 0001:00006bd0       ??_EPluginEditFieldBinding@@UAEPAXI@Z 10007bd0 f i  CIL library: CIL module
 0001:00006bd0       ??_EPluginCheckBoxBinding@@UAEPAXI@Z 10007bd0 f i  CIL library: CIL module
 0001:00006c00       ??0PluginIntEditFieldBinding@@QAE@ABUPluginStartupInfo@@PAPAXHPAHH@Z 10007c00 f i ObserverUni3.obj
 0001:00006cd0       ?SaveValue@PluginIntEditFieldBinding@@UAEXPAUFarDialogItem@@H@Z 10007cd0 f i ObserverUni3.obj
 0001:00006d00       ??0PluginUIntEditFieldBinding@@QAE@ABUPluginStartupInfo@@PAPAXHPAIH@Z 10007d00 f i ObserverUni3.obj
 0001:00006dd0       ?SaveValue@PluginUIntEditFieldBinding@@UAEXPAUFarDialogItem@@H@Z 10007dd0 f i ObserverUni3.obj
 0001:00006e00       ?InitDialogItem@PluginDialogBuilder@@MAEXPAUFarDialogItem@@PB_W@Z 10007e00 f i ObserverUni3.obj
 0001:00006e20       ?TextWidth@PluginDialogBuilder@@MAEHABUFarDialogItem@@@Z 10007e20 f i ObserverUni3.obj
 0001:00006e40       ?GetLangString@PluginDialogBuilder@@MAEPB_WH@Z 10007e40 f i ObserverUni3.obj
 0001:00006e60       ?DoShowDialog@PluginDialogBuilder@@MAEHXZ 10007e60 f i ObserverUni3.obj
 0001:00006ec0       ?CreateCheckBoxBinding@PluginDialogBuilder@@MAEPAU?$DialogItemBinding@UFarDialogItem@@@@PAHH@Z 10007ec0 f i ObserverUni3.obj
 0001:00006f20       ?CreateRadioButtonBinding@PluginDialogBuilder@@MAEPAU?$DialogItemBinding@UFarDialogItem@@@@PAH@Z 10007f20 f i ObserverUni3.obj
 0001:00006f70       ??0PluginDialogBuilder@@QAE@ABUPluginStartupInfo@@ABU_GUID@@1PB_W2P6GHPAXHH3@Z3@Z 10007f70 f i ObserverUni3.obj
 0001:00007080       ??1PluginDialogBuilder@@UAE@XZ 10008080 f i ObserverUni3.obj
 0001:00007120       ?AddIntEditField@PluginDialogBuilder@@UAEPAUFarDialogItem@@PAHH@Z 10008120 f i ObserverUni3.obj
 0001:00007220       ?AddUIntEditField@PluginDialogBuilder@@UAEPAUFarDialogItem@@PAIH@Z 10008220 f i ObserverUni3.obj
 0001:00007320       ?AddEditField@PluginDialogBuilder@@QAEPAUFarDialogItem@@PA_WHHPB_W_N@Z 10008320 f i ObserverUni3.obj
 0001:000073f0       ?AddFixEditField@PluginDialogBuilder@@QAEPAUFarDialogItem@@PA_WHHPB_W@Z 100083f0 f i ObserverUni3.obj
 0001:000074b0       ??_GPluginDialogBuilder@@UAEPAXI@Z 100084b0 f i ObserverUni3.obj
 0001:000074b0       ??_EPluginDialogBuilder@@UAEPAXI@Z 100084b0 f i  CIL library: CIL module
 0001:000074e0       ??1PluginSettings@@QAE@XZ  100084e0 f i ObserverUni3.obj
 0001:000074f0       ??0ProgressContext@@QAE@XZ 100084f0 f i ObserverUni3.obj
 0001:00007560       ??0ExtractSelectedParams@@QAE@PB_W@Z 10008560 f i ObserverUni3.obj
 0001:00008c70       ?BatchExtract@@YAHPAVStorageObject@@AAV?$vector@PAVContentTreeNode@@V?$allocator@PAVContentTreeNode@@@std@@@std@@_JAAUExtractSelectedParams@@@Z 10009c70 f   ObserverUni3.obj
 0001:00009140       ?ConfirmExtract@@YA_NHHAAUExtractSelectedParams@@@Z 1000a140 f   ObserverUni3.obj
 0001:00009440       _GetGlobalInfoW@4          1000a440 f   ObserverUni3.obj
 0001:000094d0       _SetStartupInfoW@4         1000a4d0 f   ObserverUni3.obj
 0001:00009700       _GetPluginInfoW@4          1000a700 f   ObserverUni3.obj
 0001:00009770       _ExitFARW@4                1000a770 f   ObserverUni3.obj
 0001:00009780       _ConfigureW@4              1000a780 f   ObserverUni3.obj
 0001:00009880       _ClosePanelW@4             1000a880 f   ObserverUni3.obj
 0001:000098d0       _AnalyseW@4                1000a8d0 f   ObserverUni3.obj
 0001:00009920       _OpenW@4                   1000a920 f   ObserverUni3.obj
 0001:00009c50       _GetFindDataW@4            1000ac50 f   ObserverUni3.obj
 0001:00009e30       _FreeFindDataW@4           1000ae30 f   ObserverUni3.obj
 0001:00009e50       _SetDirectoryW@4           1000ae50 f   ObserverUni3.obj
 0001:00009e90       _GetOpenPanelInfoW@4       1000ae90 f   ObserverUni3.obj
 0001:0000a1c0       _GetFilesW@4               1000b1c0 f   ObserverUni3.obj
 0001:0000a490       ??1?$pair@V?$basic_string@_WU?$char_traits@_W@std@@V?$allocator@_W@2@@std@@PAVContentTreeNode@@@std@@QAE@XZ 1000b490 f i ContentStructures.obj
 0001:0000a490       ??1ExtractSelectedParams@@QAE@XZ 1000b490 f i ObserverUni3.obj
 0001:0000a490       ??$_Dest_val@V?$allocator@V?$basic_string@_WU?$char_traits@_W@std@@V?$allocator@_W@2@@std@@@std@@V?$basic_string@_WU?$char_traits@_W@std@@V?$allocator@_W@2@@2@@std@@YAXAAV?$allocator@V?$basic_string@_WU?$char_traits@_W@std@@V?$allocator@_W@2@@std@@@0@PAV?$basic_string@_WU?$char_traits@_W@std@@V?$allocator@_W@2@@0@@Z 1000b490 f i Config.obj
 0001:0000a490       ??1?$pair@$$CBV?$basic_string@_WU?$char_traits@_W@std@@V?$allocator@_W@2@@std@@PAVConfigSection@@@std@@QAE@XZ 1000b490 f i Config.obj
 0001:0000a490       ??1?$basic_string@_WU?$char_traits@_W@std@@V?$allocator@_W@2@@std@@QAE@XZ 1000b490 f i CommonFunc.obj
 0001:0000a4c0       _ProcessPanelInputW@4      1000b4c0 f   ObserverUni3.obj
 0001:0000a6e0       ?InitDialogItem@?$DialogBuilderBase@UFarDialogItem@@@@MAEXPAUFarDialogItem@@PB_W@Z 1000b6e0 f i ObserverUni3.obj
 0001:0000a6e0       ?SaveValue@?$DialogItemBinding@UFarDialogItem@@@@UAEXPAUFarDialogItem@@H@Z 1000b6e0 f i ObserverUni3.obj
 0001:0000a6f0       ?TextWidth@?$DialogBuilderBase@UFarDialogItem@@@@MAEHABUFarDialogItem@@@Z 1000b6f0 f i ObserverUni3.obj
 0001:0000a700       ?DoShowDialog@?$DialogBuilderBase@UFarDialogItem@@@@MAEHXZ 1000b700 f i ObserverUni3.obj
 0001:0000a710       ?AddUIntEditField@?$DialogBuilderBase@UFarDialogItem@@@@UAEPAUFarDialogItem@@PAIH@Z 1000b710 f i ObserverUni3.obj
 0001:0000a710       ?CreateCheckBoxBinding@?$DialogBuilderBase@UFarDialogItem@@@@MAEPAU?$DialogItemBinding@UFarDialogItem@@@@PAHH@Z 1000b710 f i ObserverUni3.obj
 0001:0000a710       ?AddIntEditField@?$DialogBuilderBase@UFarDialogItem@@@@UAEPAUFarDialogItem@@PAHH@Z 1000b710 f i ObserverUni3.obj
 0001:0000a720       ?GetLangString@?$DialogBuilderBase@UFarDialogItem@@@@MAEPB_WH@Z 1000b720 f i ObserverUni3.obj
 0001:0000a720       ?CreateRadioButtonBinding@?$DialogBuilderBase@UFarDialogItem@@@@MAEPAU?$DialogItemBinding@UFarDialogItem@@@@PAH@Z 1000b720 f i ObserverUni3.obj
 0001:0000a730       ??1?$DialogBuilderBase@UFarDialogItem@@@@MAE@XZ 1000b730 f i ObserverUni3.obj
 0001:0000a780       ?AddCheckbox@?$DialogBuilderBase@UFarDialogItem@@@@QAEPAUFarDialogItem@@HPAHH_N@Z 1000b780 f i ObserverUni3.obj
 0001:0000a8a0       ?AddOKCancel@?$DialogBuilderBase@UFarDialogItem@@@@QAEXHHH_N@Z 1000b8a0 f i ObserverUni3.obj
 0001:0000a990       ??1?$vector@UExternalModule@@V?$allocator@UExternalModule@@@std@@@std@@QAE@XZ 1000b990 f i ObserverUni3.obj
 0001:0000a9e0       ??_E?$DialogBuilderBase@UFarDialogItem@@@@MAEPAXI@Z 1000b9e0 f i  CIL library: CIL module
 0001:0000a9e0       ??_G?$DialogBuilderBase@UFarDialogItem@@@@MAEPAXI@Z 1000b9e0 f i ObserverUni3.obj
 0001:0000aa40       ?ReallocDialogItems@?$DialogBuilderBase@UFarDialogItem@@@@IAEXXZ 1000ba40 f i ObserverUni3.obj
 0001:0000ab20       ?AddSeparator@?$DialogBuilderBase@UFarDialogItem@@@@QAEXPB_W@Z 1000bb20 f i ObserverUni3.obj
 0001:0000ab90       ?UpdateBorderSize@?$DialogBuilderBase@UFarDialogItem@@@@IAEXXZ 1000bb90 f i ObserverUni3.obj
 0001:0000ac30       ?UpdateSecondColumnPosition@?$DialogBuilderBase@UFarDialogItem@@@@IAEXXZ 1000bc30 f i ObserverUni3.obj
 0001:0000ac90       ?SaveValues@?$DialogBuilderBase@UFarDialogItem@@@@IAEXXZ 1000bc90 f i ObserverUni3.obj
 0001:0000acf0       ?MaxTextWidth@?$DialogBuilderBase@UFarDialogItem@@@@IAEHXZ 1000bcf0 f i ObserverUni3.obj
 0001:0000adc0       ??$_Sort@PAPAVContentTreeNode@@HP6A_NPAV1@0@Z@std@@YAXPAPAVContentTreeNode@@0HP6A_NPAV1@1@Z@Z 1000bdc0 f i ObserverUni3.obj
 0001:0000aeb0       ??$_Unguarded_partition@PAPAVContentTreeNode@@P6A_NPAV1@0@Z@std@@YA?AU?$pair@PAPAVContentTreeNode@@PAPAV1@@0@PAPAVContentTreeNode@@0P6A_NPAV2@1@Z@Z 1000beb0 f i ObserverUni3.obj
 0001:0000b060       ??$_Median@PAPAVContentTreeNode@@P6A_NPAV1@0@Z@std@@YAXPAPAVContentTreeNode@@00P6A_NPAV1@1@Z@Z 1000c060 f i ObserverUni3.obj
 0001:0000b280       ??$_Make_heap@PAPAVContentTreeNode@@HPAV1@P6A_NPAV1@0@Z@std@@YAXPAPAVContentTreeNode@@0P6A_NPAV1@1@ZPAH0@Z 1000c280 f i ObserverUni3.obj
 0001:0000b320       ??$_Sort_heap@PAPAVContentTreeNode@@P6A_NPAV1@0@Z@std@@YAXPAPAVContentTreeNode@@0P6A_NPAV1@1@Z@Z 1000c320 f i ObserverUni3.obj
 0001:0000b370       ??$_Insertion_sort1@PAPAVContentTreeNode@@P6A_NPAV1@0@ZPAV1@@std@@YAXPAPAVContentTreeNode@@0P6A_NPAV1@1@Z0@Z 1000c370 f i ObserverUni3.obj
 0001:0000b400       ??$_Adjust_heap@PAPAVContentTreeNode@@HPAV1@P6A_NPAV1@0@Z@std@@YAXPAPAVContentTreeNode@@HH$$QAPAV1@P6A_NPAV1@2@Z@Z 1000c400 f i ObserverUni3.obj
 0001:0000b4c0       ??$_Push_heap@PAPAVContentTreeNode@@HPAV1@P6A_NPAV1@0@Z@std@@YAXPAPAVContentTreeNode@@HH$$QAPAV1@P6A_NPAV1@2@Z@Z 1000c4c0 f i ObserverUni3.obj
 0001:0000b525       ??1length_error@std@@UAE@XZ 1000c525 f i libcpmt:xthrow.obj
 0001:0000b525       ??1out_of_range@std@@UAE@XZ 1000c525 f i libcpmt:xthrow.obj
 0001:0000b52a       ??0logic_error@std@@QAE@ABV01@@Z 1000c52a f i libcpmt:xthrow.obj
 0001:0000b547       ?_Xlength_error@std@@YAXPBD@Z 1000c547 f   libcpmt:xthrow.obj
 0001:0000b577       ??0length_error@std@@QAE@ABV01@@Z 1000c577 f i libcpmt:xthrow.obj
 0001:0000b594       ?_Xout_of_range@std@@YAXPBD@Z 1000c594 f   libcpmt:xthrow.obj
 0001:0000b5c4       ??0out_of_range@std@@QAE@ABV01@@Z 1000c5c4 f i libcpmt:xthrow.obj
 0001:0000b5e1       ??_Eout_of_range@std@@UAEPAXI@Z 1000c5e1 f i libcpmt:xthrow.obj
 0001:0000b5e1       ??_Glength_error@std@@UAEPAXI@Z 1000c5e1 f i libcpmt:xthrow.obj
 0001:0000b5e1       ??_Elogic_error@std@@UAEPAXI@Z 1000c5e1 f i libcpmt:xthrow.obj
 0001:0000b5e1       ??_Gout_of_range@std@@UAEPAXI@Z 1000c5e1 f i libcpmt:xthrow.obj
 0001:0000b5e1       ??_Elength_error@std@@UAEPAXI@Z 1000c5e1 f i libcpmt:xthrow.obj
 0001:0000b5e1       ??_Glogic_error@std@@UAEPAXI@Z 1000c5e1 f i libcpmt:xthrow.obj
 0001:0000b602       ??_U@YAPAXI@Z              1000c602 f   libcpmt:newaop.obj
 0001:0000b60d       @__security_check_cookie@4 1000c60d f   LIBCMT:secchk.obj
 0001:0000b61c       __wcsdup                   1000c61c f   LIBCMT:wcsdup.obj
 0001:0000b671       _wcschr                    1000c671 f   LIBCMT:wcschr.obj
 0001:0000b698       _free                      1000c698 f   LIBCMT:free.obj
 0001:0000b6d2       _wcscpy_s                  1000c6d2 f   LIBCMT:wcscpy_s.obj
 0001:0000b735       ??0_LocaleUpdate@@QAE@PAUlocaleinfo_struct@@@Z 1000c735 f i LIBCMT:wcsicmp.obj
 0001:0000b97e       _wcstol                    1000c97e f   LIBCMT:wcstol.obj
 0001:0000b998       __get_errno_from_oserr     1000c998 f   LIBCMT:dosmap.obj
 0001:0000b9da       __errno                    1000c9da f   LIBCMT:dosmap.obj
 0001:0000b9ed       ___doserrno                1000c9ed f   LIBCMT:dosmap.obj
 0001:0000ba00       __dosmaperr                1000ca00 f   LIBCMT:dosmap.obj
 0001:0000ba23       _malloc                    1000ca23 f   LIBCMT:malloc.obj
 0001:0000bab7       ??3@YAXPAX@Z               1000cab7 f   LIBCMT:delete.obj
 0001:0000bac2       ??2@YAPAXI@Z               1000cac2 f   LIBCMT:new.obj
 0001:0000bb42       ??0exception@std@@QAE@ABQBDH@Z 1000cb42 f   LIBCMT:stdexcpt.obj
 0001:0000bb5f       ?what@exception@std@@UBEPBDXZ 1000cb5f f   LIBCMT:stdexcpt.obj
 0001:0000bb6c       ?_Copy_str@exception@std@@AAEXPBD@Z 1000cb6c f   LIBCMT:stdexcpt.obj
 0001:0000bbac       ?_Tidy@exception@std@@AAEXXZ 1000cbac f   LIBCMT:stdexcpt.obj
 0001:0000bbca       ??0exception@std@@QAE@ABQBD@Z 1000cbca f   LIBCMT:stdexcpt.obj
 0001:0000bbf1       ??4exception@std@@QAEAAV01@ABV01@@Z 1000cbf1 f   LIBCMT:stdexcpt.obj
 0001:0000bc26       ??1exception@std@@UAE@XZ   1000cc26 f   LIBCMT:stdexcpt.obj
 0001:0000bc31       ??_Eexception@std@@UAEPAXI@Z 1000cc31 f i LIBCMT:stdexcpt.obj
 0001:0000bc31       ??_Gexception@std@@UAEPAXI@Z 1000cc31 f i LIBCMT:stdexcpt.obj
 0001:0000bc58       ??0exception@std@@QAE@ABV01@@Z 1000cc58 f   LIBCMT:stdexcpt.obj
 0001:0000bc7d       ??1type_info@@UAE@XZ       1000cc7d f   LIBCMT:typinfo.obj
 0001:0000bc8d       ??_Etype_info@@UAEPAXI@Z   1000cc8d f i LIBCMT:typinfo.obj
 0001:0000bc8d       ??_Gtype_info@@UAEPAXI@Z   1000cc8d f i LIBCMT:typinfo.obj
 0001:0000bcae       ??8type_info@@QBE_NABV0@@Z 1000ccae f   LIBCMT:typinfo.obj
 0001:0000bcce       _wcsrchr                   1000ccce f   LIBCMT:wcsrchr.obj
 0001:0000bcfc       _wcscat_s                  1000ccfc f   LIBCMT:wcscat_s.obj
 0001:0000bd80       _memmove                   1000cd80 f   LIBCMT:memmove.obj
 0001:0000c0e1       __vswprintf_helper         1000d0e1 f   LIBCMT:vswprnc.obj
 0001:0000c1d7       __vswprintf_s_l            1000d1d7 f   LIBCMT:vswprnc.obj
 0001:0000c250       __vsnwprintf_s_l           1000d250 f   LIBCMT:vswprnc.obj
 0001:0000c340       __vsnwprintf_s             1000d340 f   LIBCMT:vswprnc.obj
 0001:0000c360       _wcsncpy_s                 1000d360 f   LIBCMT:wcsncpy_s.obj
 0001:0000c42d       ??_V@YAXPAX@Z              1000d42d f   LIBCMT:delete2.obj
 0001:0000c438       _swprintf_s                1000d438 f   LIBCMT:swprintf.obj
 0001:0000c456       _wcstok_s                  1000d456 f   LIBCMT:wcstok_s.obj
 0001:0000c534       __towupper_l               1000d534 f   LIBCMT:towupper.obj
 0001:0000c5da       _towupper                  1000d5da f   LIBCMT:towupper.obj
 0001:0000c5ed       __isleadbyte_l             1000d5ed f i LIBCMT:_wctype.obj
 0001:0000c625       _isleadbyte                1000d625 f i LIBCMT:_wctype.obj
 0001:0000c638       _iswalpha                  1000d638 f i LIBCMT:_wctype.obj
 0001:0000c704       ___onexitinit              1000d704 f   LIBCMT:onexit.obj
 0001:0000c735       __onexit                   1000d735 f   LIBCMT:onexit.obj
 0001:0000c771       _atexit                    1000d771 f   LIBCMT:onexit.obj
 0001:0000c788       _calloc                    1000d788 f   LIBCMT:calloc.obj
 0001:0000c8a7       __ultow_s                  1000d8a7 f   LIBCMT:xtows.obj
 0001:0000c9c0       __i64tow_s                 1000d9c0 f   LIBCMT:xtows.obj
 0001:0000c9f5       __CRT_INIT@12              1000d9f5 f   LIBCMT:dllcrt0.obj
 0001:0000cc4f       __DllMainCRTStartup@12     1000dc4f f   LIBCMT:dllcrt0.obj
 0001:0000cc72       __CxxThrowException@8      1000dc72 f   LIBCMT:throw.obj
 0001:0000ccbe       ___report_gsfailure        1000dcbe f   LIBCMT:gs_report.obj
 0001:0000cdc4       __initp_misc_invarg        1000ddc4 f   LIBCMT:invarg.obj
 0001:0000cdd3       __call_reportfault         1000ddd3 f   LIBCMT:invarg.obj
 0001:0000cefc       __invoke_watson            1000defc f   LIBCMT:invarg.obj
 0001:0000cf21       __invalid_parameter        1000df21 f   LIBCMT:invarg.obj
 0001:0000cf4e       __invalid_parameter_noinfo 1000df4e f   LIBCMT:invarg.obj
 0001:0000cf5e       _wcslen                    1000df5e f   LIBCMT:wcslen.obj
 0001:0000cf79       __heap_init                1000df79 f   LIBCMT:heapinit.obj
 0001:0000cf97       __heap_term                1000df97 f   LIBCMT:heapinit.obj
 0001:0000d1ce       ___updatetmbcinfo          1000e1ce f   LIBCMT:mbctype.obj
 0001:0000d2ee       __setmbcp_nolock           1000e2ee f   LIBCMT:mbctype.obj
 0001:0000d4d7       __setmbcp                  1000e4d7 f   LIBCMT:mbctype.obj
 0001:0000d671       ___initmbctable            1000e671 f   LIBCMT:mbctype.obj
 0001:0000d68f       ___addlocaleref            1000e68f f   LIBCMT:localref.obj
 0001:0000d71e       ___removelocaleref         1000e71e f   LIBCMT:localref.obj
 0001:0000d7b7       ___freetlocinfo            1000e7b7 f   LIBCMT:localref.obj
 0001:0000d902       __updatetlocinfoEx_nolock  1000e902 f   LIBCMT:localref.obj
 0001:0000d94f       ___updatetlocinfo          1000e94f f   LIBCMT:localref.obj
 0001:0000d9c8       __encoded_null             1000e9c8 f   LIBCMT:tidtable.obj
 0001:0000d9d1       ___crtTlsAlloc@4           1000e9d1 f   LIBCMT:tidtable.obj
 0001:0000d9da       ___set_flsgetvalue         1000e9da f   LIBCMT:tidtable.obj
 0001:0000da0e       __mtterm                   1000ea0e f   LIBCMT:tidtable.obj
 0001:0000da4b       __initptd                  1000ea4b f   LIBCMT:tidtable.obj
 0001:0000daff       __getptd_noexit            1000eaff f   LIBCMT:tidtable.obj
 0001:0000db78       __getptd                   1000eb78 f   LIBCMT:tidtable.obj
 0001:0000db92       __freefls@4                1000eb92 f   LIBCMT:tidtable.obj
 0001:0000dcc1       __freeptd                  1000ecc1 f   LIBCMT:tidtable.obj
 0001:0000dd2f       __mtinit                   1000ed2f f   LIBCMT:tidtable.obj
 0001:0000deaa       __wchartodigit             1000eeaa f   LIBCMT:wchtodig.obj
 0001:0000e04a       _iswctype                  1000f04a f   LIBCMT:iswctype.obj
 0001:0000e09f       ___crtCorExitProcess       1000f09f f   LIBCMT:crt0dat.obj
 0001:0000e0ca       ___crtExitProcess          1000f0ca f   LIBCMT:crt0dat.obj
 0001:0000e0e2       __lockexit                 1000f0e2 f   LIBCMT:crt0dat.obj
 0001:0000e0eb       __unlockexit               1000f0eb f   LIBCMT:crt0dat.obj
 0001:0000e0f4       __init_pointers            1000f0f4 f   LIBCMT:crt0dat.obj
 0001:0000e127       __initterm_e               1000f127 f   LIBCMT:crt0dat.obj
 0001:0000e14b       __cinit                    1000f14b f   LIBCMT:crt0dat.obj
 0001:0000e322       __exit                     1000f322 f   LIBCMT:crt0dat.obj
 0001:0000e338       __cexit                    1000f338 f   LIBCMT:crt0dat.obj
 0001:0000e347       __amsg_exit                1000f347 f   LIBCMT:crt0dat.obj
 0001:0000e365       __GET_RTERRMSG             1000f365 f   LIBCMT:crt0msg.obj
 0001:0000e38b       __NMSG_WRITE               1000f38b f   LIBCMT:crt0msg.obj
 0001:0000e53a       __FF_MSGBANNER             1000f53a f   LIBCMT:crt0msg.obj
 0001:0000e573       __initp_heap_handler       1000f573 f   LIBCMT:handler.obj
 0001:0000e582       __callnewh                 1000f582 f   LIBCMT:handler.obj
 0001:0000e5aa       _strcpy_s                  1000f5aa f   LIBCMT:strcpy_s.obj
 0001:0000e610       _strlen                    1000f610 f   LIBCMT:strlen.obj
 0001:0000e69b       ?_Type_info_dtor@type_info@@CAXPAV1@@Z 1000f69b f   LIBCMT:typname.obj
 0001:0000e710       _strcmp                    1000f710 f   LIBCMT:strcmp.obj
 0001:0000e798       __VEC_memcpy               1000f798 f   LIBCMT:p4_memcpy.obj
 0001:0000e89b       ___sse2_available_init     1000f89b f   LIBCMT:cpu_disp.obj
 0001:0000e8ab       __flsbuf                   1000f8ab f   LIBCMT:_flsbuf.obj
 0001:0000eaa5       __woutput_s_l              1000faa5 f   LIBCMT:woutputs.obj
 0001:0000f665       ___crtLCMapStringW         10010665 f   LIBCMT:w_map.obj
 0001:0000f694       __malloc_crt               10010694 f   LIBCMT:crtheap.obj
 0001:0000f6d9       __calloc_crt               100106d9 f   LIBCMT:crtheap.obj
 0001:0000f725       __realloc_crt              10010725 f   LIBCMT:crtheap.obj
 0001:0000f773       __msize                    10010773 f   LIBCMT:msize.obj
 0001:0000f7b0       __SEH_prolog4              100107b0 f   LIBCMT:sehprolg4.obj
 0001:0000f7f5       __SEH_epilog4              100107f5 f   LIBCMT:sehprolg4.obj
 0001:0000f810       __except_handler4          10010810 f   LIBCMT:chandler4.obj
 0001:0000f99f       __calloc_impl              1001099f f   LIBCMT:calloc_impl.obj
 0001:0000fa30       __aulldvrm                 10010a30 f   LIBCMT:ulldvrm.obj
 0001:0000fac5       __ioinit                   10010ac5 f   LIBCMT:ioinit.obj
 0001:0000fd0a       __ioterm                   10010d0a f   LIBCMT:ioinit.obj
 0001:0000fd5d       __setenvp                  10010d5d f   LIBCMT:stdenvp.obj
 0001:0000ffd3       __setargv                  10010fd3 f   LIBCMT:stdargv.obj
 0001:0001008e       ___crtGetEnvironmentStringsA 1001108e f   LIBCMT:a_env.obj
 0001:00010125       __RTC_Initialize           10011125 f   LIBCMT:_initsect_.obj
 0001:0001014b       __RTC_Terminate            1001114b f   LIBCMT:_initsect_.obj
 0001:00010171       __XcptFilter               10011171 f   LIBCMT:winxfltr.obj
 0001:000102bb       ___CppXcptFilter           100112bb f   LIBCMT:winxfltr.obj
 0001:000102db       ___security_init_cookie    100112db f   LIBCMT:gs_support.obj
 0001:00010376       __crt_debugger_hook        10011376 f   LIBCMT:dbghook.obj
 0001:00010380       _memset                    10011380 f   LIBCMT:memset.obj
 0001:000103fa       __freea                    100113fa f i LIBCMT:a_map.obj
 0001:00010601       ___crtLCMapStringA         10011601 f   LIBCMT:a_map.obj
 0001:0001072e       ___crtGetStringTypeA       1001172e f   LIBCMT:a_str.obj
 0001:0001076e       __mtinitlocks              1001176e f   LIBCMT:mlock.obj
 0001:000107b8       __mtdeletelocks            100117b8 f   LIBCMT:mlock.obj
 0001:0001080f       __unlock                   1001180f f   LIBCMT:mlock.obj
 0001:00010826       __mtinitlocknum            10011826 f   LIBCMT:mlock.obj
 0001:000108e8       __lock                     100118e8 f   LIBCMT:mlock.obj
 0001:0001091b       ___free_lc_time            1001191b f   LIBCMT:inittime.obj
 0001:00010c92       ___free_lconv_num          10011c92 f   LIBCMT:initnum.obj
 0001:00010cfb       ___free_lconv_mon          10011cfb f   LIBCMT:initmon.obj
 0001:00010e00       _strcspn                   10011e00 f   LIBCMT:strcspn.obj
 0001:00010e50       _memcpy                    10011e50 f   LIBCMT:memcpy.obj
 0001:000111c0       _strpbrk                   100121c0 f   LIBCMT:strpbrk.obj
 0001:00011200       ?terminate@@YAXXZ          10012200 f   LIBCMT:hooks.obj
 0001:00011239       ?unexpected@@YAXXZ         10012239 f   LIBCMT:hooks.obj
 0001:0001124c       ?_inconsistency@@YAXXZ     1001224c f   LIBCMT:hooks.obj
 0001:00011284       __initp_eh_hooks           10012284 f   LIBCMT:hooks.obj
 0001:00011295       __initp_misc_winsig        10012295 f   LIBCMT:winsig.obj
 0001:000112ea       ___get_sigabrt             100122ea f   LIBCMT:winsig.obj
 0001:000112f7       _raise                     100122f7 f   LIBCMT:winsig.obj
 0001:0001149a       __initp_misc_rand_s        1001249a f   LIBCMT:rand_s.obj
 0001:000114a9       __initp_misc_purevirt      100124a9 f   LIBCMT:inithelp.obj
 0001:000114b8       __initp_misc_cfltcvt_tab   100124b8 f   LIBCMT:cmiscdat.obj
 0001:000114e0       __ValidateImageBase        100124e0 f   LIBCMT:pesect.obj
 0001:00011520       __FindPESection            10012520 f   LIBCMT:pesect.obj
 0001:00011570       __IsNonwritableInCurrentImage 10012570 f   LIBCMT:pesect.obj
 0001:0001162c       ___crtMessageBoxW          1001262c f   LIBCMT:crtmboxw.obj
 0001:00011798       __set_error_mode           10012798 f   LIBCMT:errmode.obj
 0001:000117e0       __local_unwind4            100127e0 f   LIBCMT:exsup4.obj
 0001:000118b6       __seh_longjmp_unwind4@4    100128b6 f   LIBCMT:exsup4.obj
 0001:000118d2       @_EH4_CallFilterFunc@8     100128d2 f   LIBCMT:exsup4.obj
 0001:000118e9       @_EH4_TransferToHandler@8  100128e9 f   LIBCMT:exsup4.obj
 0001:00011902       @_EH4_GlobalUnwind2@8      10012902 f   LIBCMT:exsup4.obj
 0001:0001191b       @_EH4_LocalUnwind@16       1001291b f   LIBCMT:exsup4.obj
 0001:00011932       __lseeki64_nolock          10012932 f   LIBCMT:lseeki64.obj
 0001:000119b7       __lseeki64                 100129b7 f   LIBCMT:lseeki64.obj
 0001:00011aa1       __write_nolock             10012aa1 f   LIBCMT:write.obj
 0001:0001219e       __write                    1001319e f   LIBCMT:write.obj
 0001:00012272       __getbuf                   10013272 f   LIBCMT:_getbuf.obj
 0001:000122bb       __isatty                   100132bb f   LIBCMT:isatty.obj
 0001:00012311       ___iob_func                10013311 f   LIBCMT:_file.obj
 0001:00012317       ___initstdio               10013317 f   LIBCMT:_file.obj
 0001:000123c8       ___endstdio                100133c8 f   LIBCMT:_file.obj
 0001:000123e8       __lock_file                100133e8 f   LIBCMT:_file.obj
 0001:00012429       __lock_file2               10013429 f   LIBCMT:_file.obj
 0001:0001245b       __unlock_file              1001345b f   LIBCMT:_file.obj
 0001:00012497       __unlock_file2             10013497 f   LIBCMT:_file.obj
 0001:000124c6       __fileno                   100134c6 f   LIBCMT:fileno.obj
 0001:000124ec       __fputwc_nolock            100134ec f   LIBCMT:fputwc.obj
 0001:00012673       __get_printf_count_output  10013673 f   LIBCMT:printf.obj
 0001:00012689       __mbtowc_l                 10013689 f   LIBCMT:mbtowc.obj
 0001:0001279f       _mbtowc                    1001379f f   LIBCMT:mbtowc.obj
 0001:000127b9       _wcsnlen                   100137b9 f   LIBCMT:wcslen_s.obj
 0001:000127d9       _realloc                   100137d9 f   LIBCMT:realloc.obj
 0001:000128d9       __ismbblead                100138d9 f   LIBCMT:ismbbyte.obj
 0001:000128f1       __VEC_memzero              100138f1 f   LIBCMT:p4_memset.obj
 0001:000129b0       __alloca_probe_16          100139b0 f   LIBCMT:alloca16.obj
 0001:000129c6       __alloca_probe_8           100139c6     LIBCMT:alloca16.obj
 0001:000129dc       _abort                     100139dc f   LIBCMT:abort.obj
 0001:00012a0f       __fptrap                   10013a0f f   LIBCMT:crt0fp.obj
 0001:00012a20       __global_unwind2           10013a20 f   LIBCMT:exsup.obj
 0001:00012a85       __local_unwind2            10013a85 f   LIBCMT:exsup.obj
 0001:00012b09       __abnormal_termination     10013b09 f   LIBCMT:exsup.obj
 0001:00012b2c       __NLG_Notify1              10013b2c f   LIBCMT:exsup.obj
 0001:00012b35       __NLG_Notify               10013b35 f   LIBCMT:exsup.obj
 0001:00012b4c       __NLG_Dispatch2            10013b4c     LIBCMT:exsup.obj
 0001:00012b4c       __NLG_Dispatch             10013b4c     LIBCMT:exsup.obj
 0001:00012b54       __NLG_Call                 10013b54 f   LIBCMT:exsup.obj
 0001:00012b56       __NLG_Return2              10013b56     LIBCMT:exsup.obj
 0001:00012b57       __free_osfhnd              10013b57 f   LIBCMT:osfinfo.obj
 0001:00012bdd       __get_osfhandle            10013bdd f   LIBCMT:osfinfo.obj
 0001:00012c46       ___lock_fhandle            10013c46 f   LIBCMT:osfinfo.obj
 0001:00012ce5       __unlock_fhandle           10013ce5 f   LIBCMT:osfinfo.obj
 0001:00012d0c       __putwch_nolock            10013d0c f   LIBCMT:putwch.obj
 0001:00012d50       __alloca_probe             10013d50     LIBCMT:chkstk.obj
 0001:00012d50       __chkstk                   10013d50 f   LIBCMT:chkstk.obj
 0001:00012d7b       __fcloseall                10013d7b f   LIBCMT:closeall.obj
 0001:00012e17       __flush                    10013e17 f   LIBCMT:fflush.obj
 0001:00012e7f       __fflush_nolock            10013e7f f   LIBCMT:fflush.obj
 0001:00012fa1       __flushall                 10013fa1 f   LIBCMT:fflush.obj
 0001:00012faa       __flswbuf                  10013faa f   LIBCMT:_flswbuf.obj
 0001:0001311e       __wctomb_s_l               1001411e f   LIBCMT:wctomb.obj
 0001:00013273       _wctomb_s                  10014273 f   LIBCMT:wctomb.obj
 0001:00013290       ___ascii_strnicmp          10014290 f   LIBCMT:_strnicm.obj
 0001:000132f1       ___initconout              100142f1 f   LIBCMT:initcon.obj
 0001:00013310       ___termconout              10014310 f   LIBCMT:initcon.obj
 0001:00013327       __fclose_nolock            10014327 f   LIBCMT:fclose.obj
 0001:00013394       _fclose                    10014394 f   LIBCMT:fclose.obj
 0001:00013408       __commit                   10014408 f   LIBCMT:commit.obj
 0001:000134f0       __allmul                   100144f0 f   LIBCMT:llmul.obj
 0001:00013524       __close_nolock             10014524 f   LIBCMT:close.obj
 0001:000135c0       __close                    100145c0 f   LIBCMT:close.obj
 0001:00013684       __freebuf                  10014684 f   LIBCMT:_freebuf.obj
 0001:000136b6       _RtlUnwind@16              100146b6 f   kernel32:KERNEL32.dll
 0001:000136bc       ?_JumpToContinuation@@YGXPAXPAUEHRegistrationNode@@@Z 100146bc f   LIBCMT:_trnsctrl_.obj
 0001:000136ee       ?_CallMemberFunction1@@YGXPAX00@Z 100146ee f   LIBCMT:_trnsctrl_.obj
 0001:000136ee       ?_CallMemberFunction2@@YGXPAX00H@Z 100146ee f   LIBCMT:_trnsctrl_.obj
 0001:000136ee       ?_CallMemberFunction0@@YGXPAX0@Z 100146ee f   LIBCMT:_trnsctrl_.obj
 0001:000136f5       ?_UnwindNestedFrames@@YGXPAUEHRegistrationNode@@PAUEHExceptionRecord@@@Z 100146f5 f   LIBCMT:_trnsctrl_.obj
 0001:00013749       ___CxxFrameHandler3        10014749 f   LIBCMT:_trnsctrl_.obj
 0001:000137b2       ?_CallSETranslator@@YAHPAUEHExceptionRecord@@PAUEHRegistrationNode@@PAX2PBU_s_FuncInfo@@H1@Z 100147b2 f   LIBCMT:_trnsctrl_.obj
 0001:00013928       ?_GetRangeOfTrysToCheck@@YAPBU_s_TryBlockMapEntry@@PBU_s_FuncInfo@@HHPAI1@Z 10014928 f   LIBCMT:_trnsctrl_.obj
 0001:0001399b       __CreateFrameInfo          1001499b f   LIBCMT:_trnsctrl_.obj
 0001:000139c7       __IsExceptionObjectToBeDestroyed 100149c7 f   LIBCMT:_trnsctrl_.obj
 0001:000139ee       __FindAndUnlinkFrame       100149ee f   LIBCMT:_trnsctrl_.obj
 0001:00013a40       ?_CallCatchBlock2@@YAPAXPAUEHRegistrationNode@@PBU_s_FuncInfo@@PAXHK@Z 10014a40 f   LIBCMT:_trnsctrl_.obj
 0001:00013aa0       __alldiv                   10014aa0 f   LIBCMT:lldiv.obj
 0001:00013b4a       ??1bad_exception@std@@UAE@XZ 10014b4a f i LIBCMT:frame.obj
 0001:00013b55       ??_Gbad_exception@std@@UAEPAXI@Z 10014b55 f i LIBCMT:frame.obj
 0001:00013b55       ??_Ebad_exception@std@@UAEPAXI@Z 10014b55 f i LIBCMT:frame.obj
 0001:00013b7c       ___TypeMatch               10014b7c f   LIBCMT:frame.obj
 0001:00013bdb       ___FrameUnwindFilter       10014bdb f   LIBCMT:frame.obj
 0001:00013c2a       ___FrameUnwindToState      10014c2a f   LIBCMT:frame.obj
 0001:00013d4b       ___DestructExceptionObject 10014d4b f   LIBCMT:frame.obj
 0001:00013da0       ___AdjustPointer           10014da0 f   LIBCMT:frame.obj
 0001:00014024       ___BuildCatchObjectHelper  10015024 f   LIBCMT:frame.obj
 0001:000141a3       ___BuildCatchObject        100151a3 f   LIBCMT:frame.obj
 0001:0001471f       ??0bad_exception@std@@QAE@ABV01@@Z 1001571f f i LIBCMT:frame.obj
 0001:0001473c       ___InternalCxxFrameHandler 1001573c f   LIBCMT:frame.obj
 0001:00014830       __CallSettingFrame@12      10015830 f   LIBCMT:lowhelpr.obj
 0001:00014857       __NLG_Return               10015857     LIBCMT:lowhelpr.obj
 0001:0001487c       __EH_prolog3_catch         1001587c f   LIBCMT:ehprolg3.obj
 0001:000148b2       ?_ValidateWrite@@YAHPAXI@Z 100158b2 f   LIBCMT:validate.obj
 0001:000148b2       ?_ValidateRead@@YAHPBXI@Z  100158b2 f   LIBCMT:validate.obj
 0001:000148b2       ?_ValidateExecute@@YAHP6GHXZ@Z 100158b2 f   LIBCMT:validate.obj
 0002:00000000       __imp__FindClose@4         10017000     kernel32:KERNEL32.dll
 0002:00000004       __imp__GetDiskFreeSpaceExW@16 10017004     kernel32:KERNEL32.dll
 0002:00000008       __imp__GetPrivateProfileSectionNamesW@12 10017008     kernel32:KERNEL32.dll
 0002:0000000c       __imp__GetPrivateProfileSectionW@16 1001700c     kernel32:KERNEL32.dll
 0002:00000010       __imp__FreeLibrary@4       10017010     kernel32:KERNEL32.dll
 0002:00000014       __imp__LoadLibraryExW@12   10017014     kernel32:KERNEL32.dll
 0002:00000018       __imp__GetProcAddress@8    10017018     kernel32:KERNEL32.dll
 0002:0000001c       __imp__FormatMessageW@28   1001701c     kernel32:KERNEL32.dll
 0002:00000020       __imp__GetModuleHandleW@4  10017020     kernel32:KERNEL32.dll
 0002:00000024       __imp__LocalAlloc@8        10017024     kernel32:KERNEL32.dll
 0002:00000028       __imp__LocalFree@4         10017028     kernel32:KERNEL32.dll
 0002:0000002c       __imp__FindFirstFileW@8    1001702c     kernel32:KERNEL32.dll
 0002:00000030       __imp__LocalSize@4         10017030     kernel32:KERNEL32.dll
 0002:00000034       __imp__lstrcpynW@12        10017034     kernel32:KERNEL32.dll
 0002:00000038       __imp__lstrlenW@4          10017038     kernel32:KERNEL32.dll
 0002:0000003c       __imp__GetConsoleScreenBufferInfo@8 1001703c     kernel32:KERNEL32.dll
 0002:00000040       __imp__FileTimeToSystemTime@8 10017040     kernel32:KERNEL32.dll
 0002:00000044       __imp__SystemTimeToTzSpecificLocalTime@12 10017044     kernel32:KERNEL32.dll
 0002:00000048       __imp__SetFileAttributesW@8 10017048     kernel32:KERNEL32.dll
 0002:0000004c       __imp__GetConsoleTitleW@8  1001704c     kernel32:KERNEL32.dll
 0002:00000050       __imp__SetConsoleTitleW@4  10017050     kernel32:KERNEL32.dll
 0002:00000054       __imp__GetModuleFileNameW@12 10017054     kernel32:KERNEL32.dll
 0002:00000058       __imp__MultiByteToWideChar@24 10017058     kernel32:KERNEL32.dll
 0002:0000005c       __imp__ReadConsoleInputA@16 1001705c     kernel32:KERNEL32.dll
 0002:00000060       __imp__PeekConsoleInputA@16 10017060     kernel32:KERNEL32.dll
 0002:00000064       __imp__GetNumberOfConsoleInputEvents@8 10017064     kernel32:KERNEL32.dll
 0002:00000068       __imp__GetStdHandle@4      10017068     kernel32:KERNEL32.dll
 0002:0000006c       __imp__WideCharToMultiByte@32 1001706c     kernel32:KERNEL32.dll
 0002:00000070       __imp__CloseHandle@4       10017070     kernel32:KERNEL32.dll
 0002:00000074       __imp__GetLastError@0      10017074     kernel32:KERNEL32.dll
 0002:00000078       __imp__IsDebuggerPresent@0 10017078     kernel32:KERNEL32.dll
 0002:0000007c       __imp__CreateFileW@28      1001707c     kernel32:KERNEL32.dll
 0002:00000080       __imp__WriteConsoleW@20    10017080     kernel32:KERNEL32.dll
 0002:00000084       __imp__HeapFree@12         10017084     kernel32:KERNEL32.dll
 0002:00000088       __imp__HeapAlloc@12        10017088     kernel32:KERNEL32.dll
 0002:0000008c       __imp__EncodePointer@4     1001708c     kernel32:KERNEL32.dll
 0002:00000090       __imp__DecodePointer@4     10017090     kernel32:KERNEL32.dll
 0002:00000094       __imp__GetCurrentThreadId@0 10017094     kernel32:KERNEL32.dll
 0002:00000098       __imp__GetCommandLineA@0   10017098     kernel32:KERNEL32.dll
 0002:0000009c       __imp__RaiseException@16   1001709c     kernel32:KERNEL32.dll
 0002:000000a0       __imp__TerminateProcess@8  100170a0     kernel32:KERNEL32.dll
 0002:000000a4       __imp__GetCurrentProcess@0 100170a4     kernel32:KERNEL32.dll
 0002:000000a8       __imp__UnhandledExceptionFilter@4 100170a8     kernel32:KERNEL32.dll
 0002:000000ac       __imp__SetUnhandledExceptionFilter@4 100170ac     kernel32:KERNEL32.dll
 0002:000000b0       __imp__FlushFileBuffers@4  100170b0     kernel32:KERNEL32.dll
 0002:000000b4       __imp__HeapCreate@12       100170b4     kernel32:KERNEL32.dll
 0002:000000b8       __imp__HeapDestroy@4       100170b8     kernel32:KERNEL32.dll
 0002:000000bc       __imp__GetCPInfo@8         100170bc     kernel32:KERNEL32.dll
 0002:000000c0       __imp__InterlockedIncrement@4 100170c0     kernel32:KERNEL32.dll
 0002:000000c4       __imp__InterlockedDecrement@4 100170c4     kernel32:KERNEL32.dll
 0002:000000c8       __imp__GetACP@0            100170c8     kernel32:KERNEL32.dll
 0002:000000cc       __imp__GetOEMCP@0          100170cc     kernel32:KERNEL32.dll
 0002:000000d0       __imp__IsValidCodePage@4   100170d0     kernel32:KERNEL32.dll
 0002:000000d4       __imp__TlsAlloc@0          100170d4     kernel32:KERNEL32.dll
 0002:000000d8       __imp__TlsGetValue@4       100170d8     kernel32:KERNEL32.dll
 0002:000000dc       __imp__TlsSetValue@8       100170dc     kernel32:KERNEL32.dll
 0002:000000e0       __imp__TlsFree@4           100170e0     kernel32:KERNEL32.dll
 0002:000000e4       __imp__SetLastError@4      100170e4     kernel32:KERNEL32.dll
 0002:000000e8       __imp__GetStringTypeW@16   100170e8     kernel32:KERNEL32.dll
 0002:000000ec       __imp__ExitProcess@4       100170ec     kernel32:KERNEL32.dll
 0002:000000f0       __imp__WriteFile@20        100170f0     kernel32:KERNEL32.dll
 0002:000000f4       __imp__IsProcessorFeaturePresent@4 100170f4     kernel32:KERNEL32.dll
[...]
 0001:00014bcd       __ehhandler$??$_Uninit_def_fill_n@PAV?$basic_string@_WU?$char_traits@_W@std@@V?$allocator@_W@2@@std@@IV12@V?$allocator@V?$basic_string@_WU?$char_traits@_W@std@@V?$allocator@_W@2@@std@@@2@V12@@std@@YAXPAV?$basic_string@_WU?$char_traits@_W@std@@V?$allocator@_W@2@@0@IPBV10@AAV?$allocator@V?$basic_string@_WU?$char_traits@_W@std@@V?$allocator@_W@2@@std@@@0@0U_Nonscalar_ptr_iterator_tag@0@@Z 10015bcd f    CIL library: CIL module
 0001:00014c00       __unwindfunclet$??$?H_WU?$char_traits@_W@std@@V?$allocator@_W@1@@std@@YA?AV?$basic_string@_WU?$char_traits@_W@std@@V?$allocator@_W@2@@0@ABV10@PB_W@Z$0 10015c00 f    CIL library: CIL module
 0001:00014c19       __ehhandler$??$?H_WU?$char_traits@_W@std@@V?$allocator@_W@1@@std@@YA?AV?$basic_string@_WU?$char_traits@_W@std@@V?$allocator@_W@2@@0@ABV10@PB_W@Z 10015c19 f    CIL library: CIL module
 0001:00014c40       __ehhandler$?reserve@?$vector@V?$basic_string@_WU?$char_traits@_W@std@@V?$allocator@_W@2@@std@@V?$allocator@V?$basic_string@_WU?$char_traits@_W@std@@V?$allocator@_W@2@@std@@@2@@std@@QAEXI@Z 10015c40 f    CIL library: CIL module
 0001:00014c60       __unwindfunclet$?push_back@?$vector@V?$basic_string@_WU?$char_traits@_W@std@@V?$allocator@_W@2@@std@@V?$allocator@V?$basic_string@_WU?$char_traits@_W@std@@V?$allocator@_W@2@@std@@@2@@std@@QAEXABV?$basic_string@_WU?$char_traits@_W@std@@V?$allocator@_W@2@@2@@Z$0 10015c60 f    CIL library: CIL module
 0001:00014c65       __unwindfunclet$?push_back@?$vector@V?$basic_string@_WU?$char_traits@_W@std@@V?$allocator@_W@2@@std@@V?$allocator@V?$basic_string@_WU?$char_traits@_W@std@@V?$allocator@_W@2@@std@@@2@@std@@QAEXABV?$basic_string@_WU?$char_traits@_W@std@@V?$allocator@_W@2@@2@@Z$1 10015c65 f    CIL library: CIL module
 0001:00014c6a       __ehhandler$?push_back@?$vector@V?$basic_string@_WU?$char_traits@_W@std@@V?$allocator@_W@2@@std@@V?$allocator@V?$basic_string@_WU?$char_traits@_W@std@@V?$allocator@_W@2@@std@@@2@@std@@QAEXABV?$basic_string@_WU?$char_traits@_W@std@@V?$allocator@_W@2@@2@@Z 10015c6a f    CIL library: CIL module
 0001:00014c90       __unwindfunclet$??A?$map@V?$basic_string@_WU?$char_traits@_W@std@@V?$allocator@_W@2@@std@@PAVConfigSection@@U?$less@V?$basic_string@_WU?$char_traits@_W@std@@V?$allocator@_W@2@@std@@@2@V?$allocator@U?$pair@$$CBV?$basic_string@_WU?$char_traits@_W@std@@V?$allocator@_W@2@@std@@PAVConfigSection@@@std@@@2@@std@@QAEAAPAVConfigSection@@ABV?$basic_string@_WU?$char_traits@_W@std@@V?$allocator@_W@2@@1@@Z$0 10015c90 f    CIL library: CIL module
 0001:00014c98       __ehhandler$??A?$map@V?$basic_string@_WU?$char_traits@_W@std@@V?$allocator@_W@2@@std@@PAVConfigSection@@U?$less@V?$basic_string@_WU?$char_traits@_W@std@@V?$allocator@_W@2@@std@@@2@V?$allocator@U?$pair@$$CBV?$basic_string@_WU?$char_traits@_W@std@@V?$allocator@_W@2@@std@@PAVConfigSection@@@std@@@2@@std@@QAEAAPAVConfigSection@@ABV?$basic_string@_WU?$char_traits@_W@std@@V?$allocator@_W@2@@1@@Z 10015c98 f    CIL library: CIL module
 0001:00014cc0       __unwindfunclet$?GetValue@ConfigSection@@QBE_NPB_WAA_W@Z$0 10015cc0 f    CIL library: CIL module
 0001:00014cc8       __ehhandler$?GetValue@ConfigSection@@QBE_NPB_WAA_W@Z 10015cc8 f    CIL library: CIL module
 0001:00014cf0       __unwindfunclet$?GetValue@ConfigSection@@QBE_NPB_WAAH@Z$0 10015cf0 f    CIL library: CIL module
 0001:00014cf0       __unwindfunclet$?GetValue@ConfigSection@@QBE_NPB_WPA_WI@Z$0 10015cf0 f    CIL library: CIL module
 0001:00014cf8       __ehhandler$?GetValue@ConfigSection@@QBE_NPB_WAAH@Z 10015cf8 f    CIL library: CIL module
 0001:00014cf8       __ehhandler$?GetValue@ConfigSection@@QBE_NPB_WPA_WI@Z 10015cf8 f    CIL library: CIL module
 0001:00014d20       __unwindfunclet$?ToString@ConfigItem@@QBE?AV?$basic_string@_WU?$char_traits@_W@std@@V?$allocator@_W@2@@std@@XZ$0 10015d20 f    CIL library: CIL module
 0001:00014d28       __ehhandler$?ToString@ConfigItem@@QBE?AV?$basic_string@_WU?$char_traits@_W@std@@V?$allocator@_W@2@@std@@XZ 10015d28 f    CIL library: CIL module
 0001:00014d50       __unwindfunclet$??$_Uninit_move@PAUConfigItem@@PAU1@V?$allocator@UConfigItem@@@std@@U1@@std@@YAPAUConfigItem@@PAU1@00AAV?$allocator@UConfigItem@@@0@0U_Nonscalar_ptr_iterator_tag@0@@Z$2 10015d50 f    CIL library: CIL module
 0001:00014d50       __unwindfunclet$??$_Uninit_move@PAUFailedModuleInfo@@PAU1@V?$allocator@UFailedModuleInfo@@@std@@U1@@std@@YAPAUFailedModuleInfo@@PAU1@00AAV?$allocator@UFailedModuleInfo@@@0@0U_Nonscalar_ptr_iterator_tag@0@@Z$2 10015d50 f    CIL library: CIL module
 0001:00014d55       __unwindfunclet$??$_Uninit_move@PAUFailedModuleInfo@@PAU1@V?$allocator@UFailedModuleInfo@@@std@@U1@@std@@YAPAUFailedModuleInfo@@PAU1@00AAV?$allocator@UFailedModuleInfo@@@0@0U_Nonscalar_ptr_iterator_tag@0@@Z$3 10015d55 f    CIL library: CIL module
 0001:00014d55       __unwindfunclet$??$_Uninit_move@PAUConfigItem@@PAU1@V?$allocator@UConfigItem@@@std@@U1@@std@@YAPAUConfigItem@@PAU1@00AAV?$allocator@UConfigItem@@@0@0U_Nonscalar_ptr_iterator_tag@0@@Z$3 10015d55 f    CIL library: CIL module
 0001:00014d5d       __ehhandler$??$_Uninit_move@PAUFailedModuleInfo@@PAU1@V?$allocator@UFailedModuleInfo@@@std@@U1@@std@@YAPAUFailedModuleInfo@@PAU1@00AAV?$allocator@UFailedModuleInfo@@@0@0U_Nonscalar_ptr_iterator_tag@0@@Z 10015d5d f    CIL library: CIL module
 0001:00014d5d       __ehhandler$??$_Uninit_move@PAUConfigItem@@PAU1@V?$allocator@UConfigItem@@@std@@U1@@std@@YAPAUConfigItem@@PAU1@00AAV?$allocator@UConfigItem@@@0@0U_Nonscalar_ptr_iterator_tag@0@@Z 10015d5d f    CIL library: CIL module
 0001:00014d80       __unwindfunclet$??$_Uninit_move@PAUExternalModule@@PAU1@V?$allocator@UExternalModule@@@std@@U1@@std@@YAPAUExternalModule@@PAU1@00AAV?$allocator@UExternalModule@@@0@0U_Nonscalar_ptr_iterator_tag@0@@Z$2 10015d80 f    CIL library: CIL module
 0001:00014d85       __ehhandler$??$_Uninit_move@PAUExternalModule@@PAU1@V?$allocator@UExternalModule@@@std@@U1@@std@@YAPAUExternalModule@@PAU1@00AAV?$allocator@UExternalModule@@@0@0U_Nonscalar_ptr_iterator_tag@0@@Z 10015d85 f    CIL library: CIL module
 0001:00014da0       __ehhandler$?reserve@?$vector@UFailedModuleInfo@@V?$allocator@UFailedModuleInfo@@@std@@@std@@QAEXI@Z 10015da0 f    CIL library: CIL module
 0001:00014da0       __ehhandler$?reserve@?$vector@UConfigItem@@V?$allocator@UConfigItem@@@std@@@std@@QAEXI@Z 10015da0 f    CIL library: CIL module
 0001:00014dc0       __ehhandler$?reserve@?$vector@UExternalModule@@V?$allocator@UExternalModule@@@std@@@std@@QAEXI@Z 10015dc0 f    CIL library: CIL module
 0001:00014de0       __unwindfunclet$?push_back@?$vector@UExternalModule@@V?$allocator@UExternalModule@@@std@@@std@@QAEXABUExternalModule@@@Z$0 10015de0 f    CIL library: CIL module
 0001:00014de5       __unwindfunclet$?push_back@?$vector@UExternalModule@@V?$allocator@UExternalModule@@@std@@@std@@QAEXABUExternalModule@@@Z$1 10015de5 f    CIL library: CIL module
 0001:00014dea       __ehhandler$?push_back@?$vector@UExternalModule@@V?$allocator@UExternalModule@@@std@@@std@@QAEXABUExternalModule@@@Z 10015dea f    CIL library: CIL module
 0001:00014e10       __unwindfunclet$??1Config@@QAE@XZ$0 10015e10 f    CIL library: CIL module
 0001:00014e1a       __unwindfunclet$??1Config@@QAE@XZ$2 10015e1a f    CIL library: CIL module
 0001:00014e22       __ehhandler$??1Config@@QAE@XZ 10015e22 f    CIL library: CIL module
 0001:00014e40       __unwindfunclet$?GetAll@ConfigSection@@QBE?AV?$basic_string@_WU?$char_traits@_W@std@@V?$allocator@_W@2@@std@@XZ$0 10015e40 f    CIL library: CIL module
 0001:00014e59       __unwindfunclet$?GetAll@ConfigSection@@QBE?AV?$basic_string@_WU?$char_traits@_W@std@@V?$allocator@_W@2@@std@@XZ$1 10015e59 f    CIL library: CIL module
 0001:00014e61       __ehhandler$?GetAll@ConfigSection@@QBE?AV?$basic_string@_WU?$char_traits@_W@std@@V?$allocator@_W@2@@std@@XZ 10015e61 f    CIL library: CIL module
 0001:00014e90       __unwindfunclet$?AddItem@ConfigSection@@QAEXPB_W0@Z$0 10015e90 f    CIL library: CIL module
 0001:00014e98       __unwindfunclet$?AddItem@ConfigSection@@QAEXPB_W0@Z$1 10015e98 f    CIL library: CIL module
 0001:00014e9d       __unwindfunclet$?AddItem@ConfigSection@@QAEXPB_W0@Z$2 10015e9d f    CIL library: CIL module
 0001:00014ea5       __unwindfunclet$?AddItem@ConfigSection@@QAEXPB_W0@Z$4 10015ea5 f    CIL library: CIL module
 0001:00014eaa       __unwindfunclet$?AddItem@ConfigSection@@QAEXPB_W0@Z$5 10015eaa f    CIL library: CIL module
 0001:00014eb2       __ehhandler$?AddItem@ConfigSection@@QAEXPB_W0@Z 10015eb2 f    CIL library: CIL module
 0001:00014ee0       __unwindfunclet$?FormatString@@YA?AV?$basic_string@_WU?$char_traits@_W@std@@V?$allocator@_W@2@@std@@V12@ZZ$0 10015ee0 f    CIL library: CIL module
 0001:00014ee8       __ehhandler$?FormatString@@YA?AV?$basic_string@_WU?$char_traits@_W@std@@V?$allocator@_W@2@@std@@V12@ZZ 10015ee8 f    CIL library: CIL module
 0001:00014f10       __unwindfunclet$?ExtractStorageItem@@YAHPAVStorageObject@@PBVContentTreeNode@@PB_W_NAAHAA_NPAUProgressContext@@@Z$0 10015f10 f    CIL library: CIL module
 0001:00014f18       __unwindfunclet$?ExtractStorageItem@@YAHPAVStorageObject@@PBVContentTreeNode@@PB_W_NAAHAA_NPAUProgressContext@@@Z$1 10015f18 f    CIL library: CIL module
 0001:00014f20       __ehhandler$?ExtractStorageItem@@YAHPAVStorageObject@@PBVContentTreeNode@@PB_W_NAAHAA_NPAUProgressContext@@@Z 10015f20 f    CIL library: CIL module
 0001:00014f50       __unwindfunclet$?GetSelectedPanelFilePath@@YA_NAAV?$basic_string@_WU?$char_traits@_W@std@@V?$allocator@_W@2@@std@@@Z$0 10015f50 f    CIL library: CIL module
 0001:00014f58       __ehhandler$?GetSelectedPanelFilePath@@YA_NAAV?$basic_string@_WU?$char_traits@_W@std@@V?$allocator@_W@2@@std@@@Z 10015f58 f    CIL library: CIL module
 0001:00014f80       __unwindfunclet$?SelectModuleToOpenFileAs@@YAHXZ$0 10015f80 f    CIL library: CIL module
 0001:00014f88       __unwindfunclet$?SelectModuleToOpenFileAs@@YAHXZ$2 10015f88 f    CIL library: CIL module
 0001:00014f90       __ehhandler$?SelectModuleToOpenFileAs@@YAHXZ 10015f90 f    CIL library: CIL module
 0001:00014fc0       __unwindfunclet$?ResolveFullPath@@YA?AV?$basic_string@_WU?$char_traits@_W@std@@V?$allocator@_W@2@@std@@PB_W@Z$0 10015fc0 f    CIL library: CIL module
 0001:00014fd9       __ehhandler$?ResolveFullPath@@YA?AV?$basic_string@_WU?$char_traits@_W@std@@V?$allocator@_W@2@@std@@PB_W@Z 10015fd9 f    CIL library: CIL module
 0001:00015000       __unwindfunclet$??0ExtractSelectedParams@@QAE@PB_W@Z$0 10016000 f    CIL library: CIL module
 0001:00015008       __ehhandler$??0ExtractSelectedParams@@QAE@PB_W@Z 10016008 f    CIL library: CIL module
 0001:00015030       __unwindfunclet$?ParseExtensionList@@YAXPB_WAAUExternalModule@@@Z$0 10016030 f    CIL library: CIL module
 0001:00015038       __ehhandler$?ParseExtensionList@@YAXPB_WAAUExternalModule@@@Z 10016038 f    CIL library: CIL module
 0001:00015060       __unwindfunclet$??0ExternalModule@@QAE@PB_W0@Z$0 10016060 f    CIL library: CIL module
 0001:0001506b       __unwindfunclet$??0ExternalModule@@QAE@PB_W0@Z$1 1001606b f    CIL library: CIL module
 0001:00015076       __ehhandler$??0ExternalModule@@QAE@PB_W0@Z 10016076 f    CIL library: CIL module
 0001:000150a0       __unwindfunclet$?GetFinalExtractionPath@@YA?AV?$basic_string@_WU?$char_traits@_W@std@@V?$allocator@_W@2@@std@@PBVStorageObject@@PBVContentTreeNode@@PB_WH@Z$0 100160a0 f    CIL library: CIL module
 0001:000150b9       __ehhandler$?GetFinalExtractionPath@@YA?AV?$basic_string@_WU?$char_traits@_W@std@@V?$allocator@_W@2@@std@@PBVStorageObject@@PBVContentTreeNode@@PB_WH@Z 100160b9 f    CIL library: CIL module
 0001:000150e0       __unwindfunclet$?GetSection@Config@@QAEPAVConfigSection@@PB_W@Z$0 100160e0 f    CIL library: CIL module
 0001:000150e0       __unwindfunclet$?GetSubDir@ContentTreeNode@@AAEPAV1@PB_W@Z$0 100160e0 f    CIL library: CIL module
 0001:000150e8       __ehhandler$?GetSubDir@ContentTreeNode@@AAEPAV1@PB_W@Z 100160e8 f    CIL library: CIL module
 0001:000150e8       __ehhandler$?GetSection@Config@@QAEPAVConfigSection@@PB_W@Z 100160e8 f    CIL library: CIL module
 0001:00015110       __unwindfunclet$??0ContentTreeNode@@QAE@HPAUStorageItemInfo@@@Z$0 10016110 f    CIL library: CIL module
 0001:00015118       __unwindfunclet$??0ContentTreeNode@@QAE@HPAUStorageItemInfo@@@Z$1 10016118 f    CIL library: CIL module
 0001:00015123       __unwindfunclet$??0ContentTreeNode@@QAE@HPAUStorageItemInfo@@@Z$2 10016123 f    CIL library: CIL module
 0001:00015130       __unwindfunclet$??0ContentTreeNode@@QAE@HPAUStorageItemInfo@@@Z$3 10016130 f    CIL library: CIL module
 0001:0001513d       __ehhandler$??0ContentTreeNode@@QAE@HPAUStorageItemInfo@@@Z 1001613d f    CIL library: CIL module
 0001:00015160       __unwindfunclet$??0ContentTreeNode@@QAE@XZ$0 10016160 f    CIL library: CIL module
 0001:0001516b       __unwindfunclet$??0ContentTreeNode@@QAE@XZ$1 1001616b f    CIL library: CIL module
 0001:00015179       __unwindfunclet$??0ContentTreeNode@@QAE@XZ$2 10016179 f    CIL library: CIL module
 0001:00015189       __unwindfunclet$??0ContentTreeNode@@QAE@XZ$3 10016189 f    CIL library: CIL module
 0001:00015199       __ehhandler$??0ContentTreeNode@@QAE@XZ 10016199 f    CIL library: CIL module
 0001:000151d0       __unwindfunclet$?ConfirmExtract@@YA_NHHAAUExtractSelectedParams@@@Z$0 100161d0 f    CIL library: CIL module
 0001:000151dd       __unwindfunclet$?ConfirmExtract@@YA_NHHAAUExtractSelectedParams@@@Z$1 100161dd f    CIL library: CIL module
 0001:000151e8       __ehhandler$?ConfirmExtract@@YA_NHHAAUExtractSelectedParams@@@Z 100161e8 f    CIL library: CIL module
 0001:00015210       __unwindfunclet$?BatchExtract@@YAHPAVStorageObject@@AAV?$vector@PAVContentTreeNode@@V?$allocator@PAVContentTreeNode@@@std@@@std@@_JAAUExtractSelectedParams@@@Z$0 10016210 f    CIL library: CIL module
 0001:0001521b       __ehhandler$?BatchExtract@@YAHPAVStorageObject@@AAV?$vector@PAVContentTreeNode@@V?$allocator@PAVContentTreeNode@@@std@@@std@@_JAAUExtractSelectedParams@@@Z 1001621b f    CIL library: CIL module
 0001:00015250       __unwindfunclet$?LoadSettings@@YAXPAVConfig@@@Z$0 10016250 f    CIL library: CIL module
 0001:00015258       __ehhandler$?LoadSettings@@YAXPAVConfig@@@Z 10016258 f    CIL library: CIL module
 0001:00015280       __unwindfunclet$?Init@ModulesController@@QAEHPB_WPAVConfig@@AAV?$vector@UFailedModuleInfo@@V?$allocator@UFailedModuleInfo@@@std@@@std@@@Z$0 10016280 f    CIL library: CIL module
 0001:0001528b       __unwindfunclet$?Init@ModulesController@@QAEHPB_WPAVConfig@@AAV?$vector@UFailedModuleInfo@@V?$allocator@UFailedModuleInfo@@@std@@@std@@@Z$1 1001628b f    CIL library: CIL module
 0001:000152ad       __unwindfunclet$?Init@ModulesController@@QAEHPB_WPAVConfig@@AAV?$vector@UFailedModuleInfo@@V?$allocator@UFailedModuleInfo@@@std@@@std@@@Z$2 100162ad f    CIL library: CIL module
 0001:000152cc       __unwindfunclet$?Init@ModulesController@@QAEHPB_WPAVConfig@@AAV?$vector@UFailedModuleInfo@@V?$allocator@UFailedModuleInfo@@@std@@@std@@@Z$3 100162cc f    CIL library: CIL module
 0001:000152d4       __unwindfunclet$?Init@ModulesController@@QAEHPB_WPAVConfig@@AAV?$vector@UFailedModuleInfo@@V?$allocator@UFailedModuleInfo@@@std@@@std@@@Z$4 100162d4 f    CIL library: CIL module
 0001:000152df       __unwindfunclet$?Init@ModulesController@@QAEHPB_WPAVConfig@@AAV?$vector@UFailedModuleInfo@@V?$allocator@UFailedModuleInfo@@@std@@@std@@@Z$5 100162df f    CIL library: CIL module
 0001:000152e7       __unwindfunclet$?Init@ModulesController@@QAEHPB_WPAVConfig@@AAV?$vector@UFailedModuleInfo@@V?$allocator@UFailedModuleInfo@@@std@@@std@@@Z$6 100162e7 f    CIL library: CIL module
 0001:000152f2       __unwindfunclet$?Init@ModulesController@@QAEHPB_WPAVConfig@@AAV?$vector@UFailedModuleInfo@@V?$allocator@UFailedModuleInfo@@@std@@@std@@@Z$7 100162f2 f    CIL library: CIL module
 0001:000152f7       __unwindfunclet$?Init@ModulesController@@QAEHPB_WPAVConfig@@AAV?$vector@UFailedModuleInfo@@V?$allocator@UFailedModuleInfo@@@std@@@std@@@Z$8 100162f7 f    CIL library: CIL module
 0001:00015302       __unwindfunclet$?Init@ModulesController@@QAEHPB_WPAVConfig@@AAV?$vector@UFailedModuleInfo@@V?$allocator@UFailedModuleInfo@@@std@@@std@@@Z$10 10016302 f    CIL library: CIL module
 0001:00015307       __unwindfunclet$?Init@ModulesController@@QAEHPB_WPAVConfig@@AAV?$vector@UFailedModuleInfo@@V?$allocator@UFailedModuleInfo@@@std@@@std@@@Z$11 10016307 f    CIL library: CIL module
 0001:00015312       __ehhandler$?Init@ModulesController@@QAEHPB_WPAVConfig@@AAV?$vector@UFailedModuleInfo@@V?$allocator@UFailedModuleInfo@@@std@@@std@@@Z 10016312 f    CIL library: CIL module
 0001:00015340       __unwindfunclet$?Open@StorageObject@@QAEHPB_W_NH@Z$0 10016340 f    CIL library: CIL module
 0001:0001534e       __ehhandler$?Open@StorageObject@@QAEHPB_W_NH@Z 1001634e f    CIL library: CIL module
 0001:00015380       __unwindfunclet$?AddFile@ContentTreeNode@@AAEXPAV1@@Z$0 10016380 f    CIL library: CIL module
 0001:0001538b       __unwindfunclet$?AddFile@ContentTreeNode@@AAEXPAV1@@Z$1 1001638b f    CIL library: CIL module
 0001:00015396       __unwindfunclet$?AddFile@ContentTreeNode@@AAEXPAV1@@Z$2 10016396 f    CIL library: CIL module
 0001:000153a1       __ehhandler$?AddFile@ContentTreeNode@@AAEXPAV1@@Z 100163a1 f    CIL library: CIL module
 0001:000153d0       __unwindfunclet$?GetChildByName@ContentTreeNode@@QAEPAV1@PB_W@Z$0 100163d0 f    CIL library: CIL module
 0001:000153d8       __ehhandler$?GetChildByName@ContentTreeNode@@QAEPAV1@PB_W@Z 100163d8 f    CIL library: CIL module
 0001:00015400       __unwindfunclet$?insertDummyDirectory@ContentTreeNode@@AAEPAV1@PB_W@Z$0 10016400 f    CIL library: CIL module
 0001:0001540b       __unwindfunclet$?insertDummyDirectory@ContentTreeNode@@AAEPAV1@PB_W@Z$1 1001640b f    CIL library: CIL module
 0001:00015413       __ehhandler$?insertDummyDirectory@ContentTreeNode@@AAEPAV1@PB_W@Z 10016413 f    CIL library: CIL module
 0001:00015440       __unwindfunclet$?AddChild@ContentTreeNode@@QAE_NPA_WPAV1@@Z$0 10016440 f    CIL library: CIL module
 0001:00015448       __ehhandler$?AddChild@ContentTreeNode@@QAE_NPA_WPAV1@@Z 10016448 f    CIL library: CIL module
 0001:00015470       __unwindfunclet$?AddSection@Config@@QAEPAVConfigSection@@PB_W@Z$0 10016470 f    CIL library: CIL module
 0001:0001547b       __unwindfunclet$?AddSection@Config@@QAEPAVConfigSection@@PB_W@Z$1 1001647b f    CIL library: CIL module
 0001:00015483       __ehhandler$?AddSection@Config@@QAEPAVConfigSection@@PB_W@Z 10016483 f    CIL library: CIL module
 0001:000154b0       __unwindfunclet$?AnalizeStorage@@YA_NPB_W_N@Z$1 100164b0 f    CIL library: CIL module
 0001:000154bb       __ehhandler$?AnalizeStorage@@YA_NPB_W_N@Z 100164bb f    CIL library: CIL module
 0001:000154e0       __unwindfunclet$?ReadFileList@StorageObject@@QAEHAA_N@Z$0 100164e0 f    CIL library: CIL module
 0001:000154ee       __ehhandler$?ReadFileList@StorageObject@@QAEHAA_N@Z 100164ee f    CIL library: CIL module
 0001:00015520       __unwindfunclet$?OpenStorage@@YAPAXPB_W_NH@Z$1 10016520 f    CIL library: CIL module
 0001:0001552b       __unwindfunclet$?OpenStorage@@YAPAXPB_W_NH@Z$2 1001652b f    CIL library: CIL module
 0001:00015536       __ehhandler$?OpenStorage@@YAPAXPB_W_NH@Z 10016536 f    CIL library: CIL module
 0001:00015560       __unwindfunclet$??__Fg_pController@@YAXXZ$0 10016560 f    CIL library: CIL module
 0001:00015565       __ehhandler$??__Fg_pController@@YAXXZ 10016565 f    CIL library: CIL module
 0001:00015580       __ehhandler$?CallUnexpected@@YAXPBU_s_ESTypeList@@@Z 10016580 f   LIBCMT:frame.obj
 0001:000155a0       ??__Eg_pController@@YAXXZ  100165a0 f    CIL library: CIL module
 0001:000155b0       ??__Fg_pController@@YAXXZ  100165b0 f    CIL library: CIL module
 0001:00015627       ??__Fnomem@?5???2@YAPAXI@Z@YAXXZ 10016627 f   LIBCMT:new.obj
