 ntfsfile

 Timestamp is 50797d3d (Sat Oct 13 18:39:57 2012)

 Preferred load address is 61000000

 Start         Length     Name                   Class
 0001:00000000 0005fa54H .text                   CODE
 0001:0005fa60 00006cd3H .text$x                 CODE
 0001:00066740 00000106H .text$yc                CODE
 0001:00066850 000000cbH .text$yd                CODE
 0002:00000000 00000244H .idata$5                DATA
 0002:00000244 00000004H .CRT$XCA                DATA
 0002:00000248 0000001cH .CRT$XCU                DATA
 0002:00000264 00000004H .CRT$XCZ                DATA
 0002:00000268 00000004H .CRT$XIA                DATA
 0002:0000026c 00000010H .CRT$XIC                DATA
 0002:0000027c 00000004H .CRT$XIZ                DATA
 0002:00000280 00000004H .CRT$XPA                DATA
 0002:00000284 00000004H .CRT$XPX                DATA
 0002:00000288 00000004H .CRT$XPXA               DATA
 0002:0000028c 00000004H .CRT$XPZ                DATA
 0002:00000290 00000004H .CRT$XTA                DATA
 0002:00000294 00000004H .CRT$XTZ                DATA
 0002:000002a0 00013e08H .rdata                  DATA
 0002:000140a8 0000004bH .rdata$debug            DATA
 0002:000140f4 00000840H .rdata$r                DATA
 0002:00014940 00000344H .rdata$sxdata           DATA
 0002:00014c84 00000004H .rtc$IAA                DATA
 0002:00014c88 00000004H .rtc$IZZ                DATA
 0002:00014c8c 00000004H .rtc$TAA                DATA
 0002:00014c90 00000004H .rtc$TZZ                DATA
 0002:00014c98 0000924cH .xdata$x                DATA
 0002:0001dee4 00000078H .idata$2                DATA
 0002:0001df5c 00000014H .idata$3                DATA
 0002:0001df70 00000244H .idata$4                DATA
 0002:0001e1b4 00000ab8H .idata$6                DATA
 0002:0001ec70 0000015bH .edata                  DATA
 0003:00000000 00001a60H .data                   DATA
 0003:00001a60 000037c8H .bss                    DATA
 0004:00000000 00000058H .rsrc$01                DATA
 0004:00000060 000002a0H .rsrc$02                DATA

  Address         Publics by Value              Rva+Base       Lib:Object

 0000:00000000       __except_list              00000000     <absolute>
 0000:000000d1       ___safe_se_handler_count   000000d1     <absolute>
 0000:00000000       ___ImageBase               61000000     <linker-defined>
 0001:00000000       ??0MsgError@@QAE@PB_W@Z    61001000 f i main.obj
 0001:00000040       ?message@MsgError@@UBE?AVUnicodeString@col@@XZ 61001040 f i main.obj
 0001:00000050       ?get_system_message@@YA?AVUnicodeString@col@@K@Z 61001050 f i main.obj
 0001:00000140       ?message@SystemError@@UBE?AVUnicodeString@col@@XZ 61001140 f i main.obj
 0001:00000170       ??1NtfsVolume@@QAE@XZ      61001170 f i main.obj
 0001:000001e0       ?close@NtfsVolume@@QAEXXZ  610011e0 f i main.obj
 0001:00000290       ??0SystemError@@QAE@ABV0@@Z 61001290 f i main.obj
 0001:000002c0       ??0Error@@QAE@ABV0@@Z      610012c0 f i main.obj
 0001:000002e0       ?load_base_file_rec@FileInfo@@QAE_K_K@Z 610012e0 f i main.obj
 0001:00000310       ?process_file@FileInfo@@QAEX_K@Z 61001310 f i main.obj
 0001:00000340       ??0FileAnalyzer@@QAE@XZ    61001340 f i main.obj
 0001:00000500       ??1FileAnalyzer@@QAE@XZ    61001500 f i main.obj
 0001:000005f0       ??0FileInfo@@QAE@XZ        610015f0 f i main.obj
 0001:00000670       ??1FileInfo@@QAE@XZ        61001670 f i main.obj
 0001:000006d0       ?str_to_char_info@@YA?AV?$Array@UFAR_CHAR_INFO@@@col@@ABVUnicodeString@2@ABV?$Array@UFarColor@@@2@@Z 610016d0 f   main.obj
 0001:00000860       ?fmt_char_cnt@@YAIABVUnicodeString@col@@@Z 61001860 f   main.obj
 0001:00000880       ?far_get_text@@YA?AVUnicodeString@col@@PAXI@Z 61001880 f   main.obj
 0001:000009e0       ?display_file_info@FileAnalyzer@@QAEX_N@Z 610019e0 f   main.obj
 0001:0000a970       ??1MsgError@@QAE@XZ        6100b970 f i main.obj
 0001:0000a990       ??0MsgError@@QAE@ABV0@@Z   6100b990 f i main.obj
 0001:0000a9c0       ?update_totals@FileAnalyzer@@QAEXABVFileInfo@@_N@Z 6100b9c0 f   main.obj
 0001:0000ab40       ?process_file@FileAnalyzer@@QAEXAAVFileInfo@@_N@Z 6100bb40 f   main.obj
 0001:0000aee0       ?process_recursive@FileAnalyzer@@QAEXABVUnicodeString@col@@@Z 6100bee0 f   main.obj
 0001:0000b280       ?panel_go_to_file@@YA_NABVUnicodeString@col@@@Z 6100c280 f   main.obj
 0001:0000b570       _GetGlobalInfoW@4          6100c570 f   main.obj
 0001:0000b600       _SetStartupInfoW@4         6100c600 f   main.obj
 0001:0000b6b0       _GetPluginInfoW@4          6100c6b0 f   main.obj
 0001:0000b710       ?process@FileAnalyzer@@QAEXXZ 6100c710 f   main.obj
 0001:0000ba60       ?th_proc@FileAnalyzer@@SGIPAX@Z 6100ca60 f   main.obj
 0001:0000bae0       ?dialog_handler@FileAnalyzer@@QAEHHHPAX@Z 6100cae0 f   main.obj
 0001:0000bdf0       ?dlg_proc@FileAnalyzer@@SGHPAXHH0@Z 6100cdf0 f   main.obj
 0001:0000bf10       ?file_list_from_cmdline@@YA_NABVUnicodeString@col@@AAV?$ObjectArray@VUnicodeString@col@@@2@AAV12@@Z 6100cf10 f   main.obj
 0001:0000c090       ?get_unicode_file_path@@YA?AVUnicodeString@col@@ABUPluginPanelItem@@ABV12@_N@Z 6100d090 f   main.obj
 0001:0000c0c0       ?file_list_from_panel@@YA_NAAV?$ObjectArray@VUnicodeString@col@@@col@@_N@Z 6100d0c0 f   main.obj
 0001:0000c4b0       ?plugin_show_metadata@@YAXABV?$ObjectArray@VUnicodeString@col@@@col@@@Z 6100d4b0 f   main.obj
 0001:0000c640       ?plugin_process_contents@@YAXABV?$ObjectArray@VUnicodeString@col@@@col@@@Z 6100d640 f   main.obj
 0001:0000c740       ??0ContentInfo@@QAE@XZ     6100d740 f i main.obj
 0001:0000c7d0       ??1ContentInfo@@QAE@XZ     6100d7d0 f i main.obj
 0001:0000c870       _OpenW@4                   6100d870 f   main.obj
 0001:0000d6e0       ??1?$ObjectArray@UListData@FarDialog@@@col@@QAE@XZ 6100e6e0 f i content.obj
 0001:0000d6e0       ??1Log@@QAE@XZ             6100e6e0 f i main.obj
 0001:0000d6e0       ??1?$ObjectArray@UNameValue@@@col@@QAE@XZ 6100e6e0 f i filever.obj
 0001:0000d6f0       _ClosePanelW@4             6100e6f0 f   main.obj
 0001:0000d7e0       _GetOpenPanelInfoW@4       6100e7e0 f   main.obj
 0001:0000d8e0       _GetFindDataW@4            6100e8e0 f   main.obj
 0001:0000da20       _FreeFindDataW@4           6100ea20 f   main.obj
 0001:0000db60       _SetDirectoryW@4           6100eb60 f   main.obj
 0001:0000dcf0       _ConfigureW@4              6100ecf0 f   main.obj
 0001:0000de30       ??0FilePanelMode@@QAE@ABU0@@Z 6100ee30 f i main.obj
 0001:0000dee0       ??1FilePanelMode@@QAE@XZ   6100eee0 f i main.obj
 0001:0000df60       ??4FilePanelMode@@QAEAAU0@ABU0@@Z 6100ef60 f i main.obj
 0001:0000e0b0       _ProcessPanelInputW@4      6100f0b0 f   main.obj
 0001:0000e1b0       _ProcessSynchroEventW@4    6100f1b0 f   main.obj
 0001:0000e270       _DllMain@12                6100f270 f   main.obj
 0001:0000e290       ??1?$ObjectArray@VUnicodeString@col@@@col@@QAE@XZ 6100f290 f i main.obj
 0001:0000e2a0       ?item@?$ObjectArray@VUnicodeString@col@@@col@@QAEAAVUnicodeString@2@I@Z 6100f2a0 f i main.obj
 0001:0000e2c0       ??Y?$ObjectArray@VUnicodeString@col@@@col@@QAEAAV01@ABVUnicodeString@1@@Z 6100f2c0 f i main.obj
 0001:0000e2e0       ?item@?$Array@UFarDialogItem@@@col@@QAEAAUFarDialogItem@@I@Z 6100f2e0 f i main.obj
 0001:0000e330       ??1?$ObjectArray@UAttrInfo@@@col@@QAE@XZ 6100f330 f i main.obj
 0001:0000e340       ??0?$Array@UFarColor@@@col@@QAE@XZ 6100f340 f i main.obj
 0001:0000e3a0       ?buf@?$Array@UFarColor@@@col@@QAEPAUFarColor@@I@Z 6100f3a0 f i main.obj
 0001:0000e410       ??1?$ObjectArray@VFileInfo@@@col@@QAE@XZ 6100f410 f i main.obj
 0001:0000e420       ?bsearch@?$ObjectArray@VFileInfo@@@col@@QBEIABVFileInfo@@@Z 6100f420 f i main.obj
 0001:0000e460       ??4UnicodeString@col@@QAEAAV01@ABV01@@Z 6100f460 f i main.obj
 0001:0000e460       ??4?$Array@UFAR_CHAR_INFO@@@col@@QAEAAV01@ABV01@@Z 6100f460 f i main.obj
 0001:0000e490       ?_cmp_def@?$ObjectArray@VUnicodeString@col@@@col@@CAHPBX0@Z 6100f490 f i main.obj
 0001:0000e4e0       ?create@?$Array@E@col@@CAPAUBuffer@12@PBEI@Z 6100f4e0 f i main.obj
 0001:0000e560       ?clean@?$ObjectArray@UAttrInfo@@@col@@AAEXXZ 6100f560 f i main.obj
 0001:0000e5b0       ?clean@?$ObjectArray@UFileNameAttr@@@col@@AAEXXZ 6100f5b0 f i main.obj
 0001:0000e600       ?create@?$ObjectArray@UVarVerInfo@@@col@@CAPAUBuffer@12@PBUVarVerInfo@@I@Z 6100f600 f i filever.obj
 0001:0000e600       ?create@?$ObjectArray@ULogRecord@@@col@@CAPAUBuffer@12@PBULogRecord@@I@Z 6100f600 f i main.obj
 0001:0000e600       ?create@?$ObjectArray@UNameValue@@@col@@CAPAUBuffer@12@PBUNameValue@@I@Z 6100f600 f i filever.obj
 0001:0000e600       ?create@?$ObjectArray@UListData@FarDialog@@@col@@CAPAUBuffer@12@PBUListData@FarDialog@@I@Z 6100f600 f i dlgapi.obj
 0001:0000e660       ?clean@?$ObjectArray@ULogRecord@@@col@@AAEXXZ 6100f660 f i main.obj
 0001:0000e660       ?clean@?$ObjectArray@UListData@FarDialog@@@col@@AAEXXZ 6100f660 f i content.obj
 0001:0000e660       ?clean@?$ObjectArray@UNameValue@@@col@@AAEXXZ 6100f660 f i filever.obj
 0001:0000e6e0       ?resize@?$Array@UFarColor@@@col@@AAEXI@Z 6100f6e0 f i main.obj
 0001:0000e750       ?copy_if_ref@?$Array@UFarColor@@@col@@AAEXXZ 6100f750 f i main.obj
 0001:0000e7b0       ?clean@?$ObjectArray@VFileInfo@@@col@@AAEXXZ 6100f7b0 f i main.obj
 0001:0000e860       ?_cmp_def@?$ObjectArray@VFileInfo@@@col@@CAHPBX0@Z 6100f860 f i main.obj
 0001:0000e8a0       ?resize@?$Array@UFAR_CHAR_INFO@@@col@@AAEXI@Z 6100f8a0 f i main.obj
 0001:0000e900       ?replace@?$ObjectArray@VUnicodeString@col@@@col@@QAEAAV12@IIPBVUnicodeString@2@I@Z 6100f900 f i main.obj
 0001:0000ec00       ?copy_item@?$ObjectArray@UFileNameAttr@@@col@@CAXPAUFileNameAttr@@PBU3@@Z 6100fc00 f i main.obj
 0001:0000ec60       ?ref_alloc@?$Array@UFarColor@@@col@@AAEPAUBuffer@12@I@Z 6100fc60 f i main.obj
 0001:0000ec60       ?ref_alloc@?$Array@UFarListItem@@@col@@AAEPAUBuffer@12@I@Z 6100fc60 f i dlgapi.obj
 0001:0000ece0       ?replace@?$Array@UFarListItem@@@col@@QAEAAV12@IIPBUFarListItem@@I@Z 6100fce0 f i dlgapi.obj
 0001:0000ece0       ?replace@?$Array@UFarColor@@@col@@QAEAAV12@IIPBUFarColor@@I@Z 6100fce0 f i main.obj
 0001:0000f020       ?ref_resize@?$ObjectArray@VFileInfo@@@col@@AAEXI@Z 61010020 f i main.obj
 0001:0000f080       ?ref_alloc@?$Array@UFarMenuItem@@@col@@AAEPAUBuffer@12@I@Z 61010080 f i dlgapi.obj
 0001:0000f080       ?ref_alloc@?$Array@UFAR_CHAR_INFO@@@col@@AAEPAUBuffer@12@I@Z 61010080 f i main.obj
 0001:0000f0f0       ?replace@?$Array@UFAR_CHAR_INFO@@@col@@QAEAAV12@IIPBUFAR_CHAR_INFO@@I@Z 610100f0 f i main.obj
 0001:0000f0f0       ?replace@?$Array@UFarMenuItem@@@col@@QAEAAV12@IIPBUFarMenuItem@@I@Z 610100f0 f i dlgapi.obj
 0001:0000f370       ??0AttrInfo@@QAE@ABU0@@Z   61010370 f i main.obj
 0001:0000f3e0       ??0FileInfo@@QAE@ABV0@@Z   610103e0 f i main.obj
 0001:0000f470       ??1AttrInfo@@QAE@XZ        61010470 f i main.obj
 0001:0000f490       ??1FileNameAttr@@QAE@XZ    61010490 f i main.obj
 0001:0000f4b0       ?ref_alloc@?$Array@UFarDialogItem@@@col@@AAEPAUBuffer@12@I@Z 610104b0 f i main.obj
 0001:0000f520       ?replace@?$Array@UFarDialogItem@@@col@@QAEAAV12@IIPBUFarDialogItem@@I@Z 61010520 f i main.obj
 0001:0000f840       ?ref_alloc@?$ObjectArray@VFileInfo@@@col@@AAEPAUBuffer@12@I@Z 61010840 f i main.obj
 0001:0000f8b0       ?replace@?$ObjectArray@VFileInfo@@@col@@QAEAAV12@IIPBVFileInfo@@I@Z 610108b0 f i main.obj
 0001:0000fc20       ?compare@UnicodeString@col@@QBEHIIPB_WI@Z 61010c20 f i main.obj
 0001:0000fcd0       ?slice@UnicodeString@col@@QBE?AV12@I@Z 61010cd0 f i main.obj
 0001:0000fd00       ?left@UnicodeString@col@@QBE?AV12@I@Z 61010d00 f i main.obj
 0001:0000fd30       ?slice@UnicodeString@col@@QBE?AV12@II@Z 61010d30 f i main.obj
 0001:0000fd60       ?rsearch@UnicodeString@col@@QBEIIIPB_WI@Z 61010d60 f i main.obj
 0001:0000fdc0       ?equal@UnicodeString@col@@QBE_NIIPB_WI@Z 61010dc0 f i main.obj
 0001:0000fe80       ?set_inc@UnicodeString@col@@QAEAAV12@I@Z 61010e80 f i main.obj
 0001:0000fed0       ??Hcol@@YA?AVUnicodeString@0@ABV10@AB_W@Z 61010ed0 f i main.obj
 0001:0000ff70       ??Hcol@@YA?AVUnicodeString@0@ABV10@0@Z 61010f70 f i main.obj
 0001:00010010       ?search@UnicodeString@col@@QBEIIIPB_WI@Z 61011010 f i main.obj
 0001:000100c0       ?add@UnicodeString@col@@QAEAAV12@ABV12@@Z 610110c0 f i main.obj
 0001:000100e0       ??Hcol@@YA?AVUnicodeString@0@PB_WABV10@@Z 610110e0 f i main.obj
 0001:000101b0       ??Hcol@@YA?AVUnicodeString@0@ABV10@PB_W@Z 610111b0 f i main.obj
 0001:00010270       ?format@UnicodeString@col@@SA?AV12@PB_WZZ 61011270 f i main.obj
 0001:000102f0       ?remove@UnicodeString@col@@QAEAAV12@II@Z 610112f0 f i main.obj
 0001:00010490       ?buf@UnicodeString@col@@QAEPA_WI@Z 61011490 f i main.obj
 0001:00010500       ?buf@UnicodeString@col@@QAEPA_WXZ 61011500 f i main.obj
 0001:00010570       ?set_size@UnicodeString@col@@QAEAAV12@I@Z 61011570 f i main.obj
 0001:000105c0       ?resize@UnicodeString@col@@AAEXI@Z 610115c0 f i main.obj
 0001:00010620       ?extend@UnicodeString@col@@QAEAAV12@I@Z 61011620 f i main.obj
 0001:00010680       ?do_format@UnicodeString@col@@AAEAAV12@PB_WPAD@Z 61011680 f i main.obj
 0001:00010e00       ?add_fmt@UnicodeString@col@@QAAAAV12@PB_WZZ 61011e00 f i main.obj
 0001:00010e20       ?strip@UnicodeString@col@@QAEAAV12@XZ 61011e20 f i main.obj
 0001:00010e90       ?ref_alloc@UnicodeString@col@@AAEPAUBuffer@12@I@Z 61011e90 f i main.obj
 0001:00010f00       ?replace@UnicodeString@col@@QAEAAV12@IIPB_WI@Z 61011f00 f i main.obj
 0001:000111d0       ??4UnicodeString@col@@QAEAAV01@PB_W@Z 610121d0 f i main.obj
 0001:00011200       ??1bad_alloc@std@@UAE@XZ   61012200 f i main.obj
 0001:00011210       ??_Ebad_alloc@std@@UAEPAXI@Z 61012210 f i  CIL library: CIL module
 0001:00011210       ??_Gbad_alloc@std@@UAEPAXI@Z 61012210 f i main.obj
 0001:00011240       ??0bad_alloc@std@@QAE@ABV01@@Z 61012240 f i main.obj
 0001:00011260       ?create@UnicodeString@col@@CAPAUBuffer@12@PB_WI@Z 61012260 f i main.obj
 0001:000112f0       ??0UnicodeString@col@@QAE@PB_W@Z 610122f0 f i main.obj
 0001:00011320       ?message@LzoError@@UBE?AVUnicodeString@col@@XZ 61012320 f i content.obj
 0001:00011490       ?options_dlg_proc@@YGHPAXHH0@Z 61012490 f   content.obj
 0001:00011840       ?show_options_dialog@@YA_NAAUContentOptions@@_N@Z 61012840 f   content.obj
 0001:00011da0       ??1FarDialog@@QAE@XZ       61012da0 f i content.obj
 0001:00011e00       ?ed2k_extract_hash_from_url@@YA?AVUnicodeString@col@@ABV12@@Z 61012e00 f   content.obj
 0001:00011ee0       ?save_hashes_to_file@@YAXABVUnicodeString@col@@ABUContentOptions@@ABUContentInfo@@@Z 61012ee0 f   content.obj
 0001:00012a10       ?result_dlg_proc@@YGHPAXHH0@Z 61013a10 f   content.obj
 0001:00012ed0       ?show_result_dialog@@YAXABVUnicodeString@col@@ABUContentOptions@@ABUContentInfo@@@Z 61013ed0 f   content.obj
 0001:00018380       ?ed2k_update_block_hashes@@YAXPBEIAAV?$Array@E@col@@AAIAAUMD4state_st@@@Z 61019380 f   content.obj
 0001:000185d0       ?ed2k_finalize_block_hashes@@YA?AV?$Array@E@col@@AAV12@IAAUMD4state_st@@@Z 610195d0 f   content.obj
 0001:00018730       ?do_update_ui@ProcessFileProgress@@MAEXXZ 61019730 f i content.obj
 0001:00018f40       ??0ProcessFileProgress@@QAE@AAUSharedData@@ABUContentInfo@@ABUContentOptions@@@Z 61019f40 f i content.obj
 0001:00018fc0       ?process_file_content@@YAXABVUnicodeString@col@@ABUContentOptions@@AAUContentInfo@@@Z 61019fc0 f   content.obj
 0001:0001a470       ??0SharedData@@QAE@XZ      6101b470 f i content.obj
 0001:0001a560       ??1SharedData@@QAE@XZ      6101b560 f i content.obj
 0001:0001a590       ??0LzoError@@QAE@ABV0@@Z   6101b590 f i content.obj
 0001:0001a5c0       ?show_result_dialog@@YAXABUCompressionStats@@@Z 6101b5c0 f   content.obj
 0001:0001ac60       ?do_update_ui@CompressFilesProgress@@MAEXXZ 6101bc60 f i content.obj
 0001:0001b740       ?do_update_ui@EstimationProgress@@MAEXXZ 6101c740 f i content.obj
 0001:0001bbd0       ??0EstimationProgress@@QAE@ABUCompressionState@@@Z 6101cbd0 f i content.obj
 0001:0001bc40       ??1FileListProgress@@UAE@XZ 6101cc40 f i file_panel.obj
 0001:0001bc40       ??1VolumeListProgress@?1??create_mft_index@FilePanel@@AAEXXZ@UAE@XZ 6101cc40 f i mftindex.obj
 0001:0001bc40       ??1Progress@?1??update_mft_index_from_usn@FilePanel@@AAEXXZ@UAE@XZ 6101cc40 f i mftindex.obj
 0001:0001bc40       ??1CompressFilesProgress@@UAE@XZ 6101cc40 f i content.obj
 0001:0001bc40       ??1Progress@?3??store_mft_index@FilePanel@@AAEXXZ@UAE@XZ 6101cc40 f i mftindex.obj
 0001:0001bc40       ??1Progress@?1??load_mft_index@FilePanel@@AAEXXZ@UAE@XZ 6101cc40 f i mftindex.obj
 0001:0001bc40       ??1EstimationProgress@@UAE@XZ 6101cc40 f i content.obj
 0001:0001bc40       ??1ProcessFileProgress@@UAE@XZ 6101cc40 f i content.obj
 0001:0001bc50       ?estimate_file_size@@YAXABVUnicodeString@col@@AAUCompressionState@@AAVEstimationProgress@@@Z 6101cc50 f   content.obj
 0001:0001bd60       ?estimate_directory_size@@YAXABVUnicodeString@col@@AAUCompressionState@@AAVEstimationProgress@@@Z 6101cd60 f   content.obj
 0001:0001c130       ?compress_file@@YAXABVUnicodeString@col@@AAUCompressionState@@AAVCompressFilesProgress@@@Z 6101d130 f   content.obj
 0001:0001c710       ?compress_directory@@YAXABVUnicodeString@col@@AAUCompressionState@@AAVCompressFilesProgress@@@Z 6101d710 f   content.obj
 0001:0001caa0       ?compress_files@@YAXABV?$ObjectArray@VUnicodeString@col@@@col@@AAUCompressionStats@@@Z 6101daa0 f   content.obj
 0001:0001d4c0       ??0CompressionState@@QAE@XZ 6101e4c0 f i content.obj
 0001:0001d5c0       ??1CompressionState@@QAE@XZ 6101e5c0 f i content.obj
 0001:0001d610       ?create@?$Array@PAX@col@@CAPAUBuffer@12@PBQAXI@Z 6101e610 f i content.obj
 0001:0001d6a0       ?replace@?$Array@E@col@@QAEAAV12@IIPBEI@Z 6101e6a0 f i content.obj
 0001:0001d940       ?ref_alloc@?$Array@D@col@@AAEPAUBuffer@12@I@Z 6101e940 f i utils.obj
 0001:0001d940       ?ref_alloc@?$Array@E@col@@AAEPAUBuffer@12@I@Z 6101e940 f i content.obj
 0001:0001d9b0       ?replace@?$Array@PB_W@col@@QAEAAV12@IIPBQB_WI@Z 6101e9b0 f i file_panel.obj
 0001:0001d9b0       ?replace@?$Array@I@col@@QAEAAV12@IIPBII@Z 6101e9b0 f i content.obj
 0001:0001dc90       ?replace@?$Array@PAX@col@@QAEAAV12@IIPBQAXI@Z 6101ec90 f i content.obj
 0001:0001df40       ?replace@?$Array@W4BufState@@@col@@QAEAAV12@IIPBW4BufState@@I@Z 6101ef40 f i content.obj
 0001:0001e170       ?ref_alloc@?$Array@I@col@@AAEPAUBuffer@12@I@Z 6101f170 f i content.obj
 0001:0001e170       ?ref_alloc@?$Array@PAX@col@@AAEPAUBuffer@12@I@Z 6101f170 f i content.obj
 0001:0001e170       ?ref_alloc@?$ObjectArray@V?$Array@PB_W@col@@@col@@AAEPAUBuffer@12@I@Z 6101f170 f i file_panel.obj
 0001:0001e170       ?ref_alloc@?$Array@W4BufState@@@col@@AAEPAUBuffer@12@I@Z 6101f170 f i content.obj
 0001:0001e170       ?ref_alloc@?$ObjectArray@VUnicodeString@col@@@col@@AAEPAUBuffer@12@I@Z 6101f170 f i main.obj
 0001:0001e170       ?ref_alloc@?$Array@PB_W@col@@AAEPAUBuffer@12@I@Z 6101f170 f i file_panel.obj
 0001:0001e1e0       ??$wth_proc@USharedData@@@@YGIPAX@Z 6101f1e0 f i content.obj
 0001:0001e2f0       ??$?HPAX@col@@YA?AV?$Array@PAX@0@ABQAXABV10@@Z 6101f2f0 f i content.obj
 0001:0001e3a0       ??$wth_proc@UCompressionState@@@@YGIPAX@Z 6101f3a0 f i content.obj
 0001:0001e4b0       ??$compress_buffer@USharedData@@@@YA_NPAUSharedData@@@Z 6101f4b0 f i content.obj
 0001:0001e700       ??$compress_buffer@UCompressionState@@@@YA_NPAUCompressionState@@@Z 6101f700 f i content.obj
 0001:0001e950       ?icompare@UnicodeString@col@@QBEHABV12@@Z 6101f950 f i content.obj
 0001:0001e9a0       ?create@AnsiString@col@@CAPAUBuffer@12@PBDI@Z 6101f9a0 f i content.obj
 0001:0001ea20       ??0AnsiString@col@@QAE@PBD@Z 6101fa20 f i content.obj
 0001:0001ea40       ??Hcol@@YA?AVAnsiString@0@PBDABV10@@Z 6101fa40 f i content.obj
 0001:0001eb00       ?ref_alloc@AnsiString@col@@AAEPAUBuffer@12@I@Z 6101fb00 f i content.obj
 0001:0001eb70       ?replace@AnsiString@col@@QAEAAV12@IIPBDI@Z 6101fb70 f i content.obj
 0001:0001edc0       ??Hcol@@YA?AVAnsiString@0@ABV10@PBD@Z 6101fdc0 f i content.obj
 0001:0001ee60       ?copy_fmt@UnicodeString@col@@QAAAAV12@PB_WZZ 6101fe60 f i content.obj
 0001:0001ee90       ??0FileListProgress@@QAE@XZ 6101fe90 f i file_panel.obj
 0001:0001ef00       ?invalidate_mft_index@FilePanel@@AAEXXZ 6101ff00 f i file_panel.obj
 0001:0001ef30       ??0FilePanel@@AAE@XZ       6101ff30 f i file_panel.obj
 0001:0001f150       ??1PanelState@@QAE@XZ      61020150 f i file_panel.obj
 0001:0001f1a0       ?save_state@@YA?AUPanelState@@PAX@Z 610201a0 f   file_panel.obj
 0001:0001f480       ?restore_state@@YAXPAXABUPanelState@@@Z 61020480 f   file_panel.obj
 0001:0001f740       ?open@FilePanel@@SAPAV1@XZ 61020740 f   file_panel.obj
 0001:0001f8c0       ??4PanelState@@QAEAAU0@ABU0@@Z 610208c0 f i file_panel.obj
 0001:0001f960       ??1FilePanel@@QAE@XZ       61020960 f i file_panel.obj
 0001:0001fb10       ?apply_saved_state@FilePanel@@QAEXXZ 61020b10 f   file_panel.obj
 0001:0001fb60       ?close@FilePanel@@QAEXXZ   61020b60 f   file_panel.obj
 0001:0001fc80       ?on_close@FilePanel@@QAEXXZ 61020c80 f   file_panel.obj
 0001:0001fdd0       ?get_active_panel@FilePanel@@SAPAV1@XZ 61020dd0 f   file_panel.obj
 0001:0001fe80       ?do_update_ui@FileListProgress@@MAEXXZ 61020e80 f   file_panel.obj
 0001:00020010       ?fit_col_str@@YAAAVUnicodeString@col@@AAV12@I@Z 61021010 f   file_panel.obj
 0001:00020140       ?create_panel_items@FilePanel@@AAE?AUPluginItemList@@ABV?$list@UPanelItemData@FilePanel@@V?$allocator@UPanelItemData@FilePanel@@@std@@@std@@_N@Z 61021140 f   file_panel.obj
 0001:00020930       ??0PluginItemList@@QAE@XZ  61021930 f i file_panel.obj
 0001:000209f0       ??1PluginItemList@@QAE@XZ  610219f0 f i file_panel.obj
 0001:00020a30       ?scan_dir@FilePanel@@AAEXABVUnicodeString@col@@0AAV?$list@UPanelItemData@FilePanel@@V?$allocator@UPanelItemData@FilePanel@@@std@@@std@@AAVFileListProgress@@@Z 61021a30 f   file_panel.obj
 0001:00021d10       ?sort_file_list@FilePanel@@AAEXAAV?$list@UPanelItemData@FilePanel@@V?$allocator@UPanelItemData@FilePanel@@@std@@@std@@@Z 61022d10 f   file_panel.obj
 0001:00021ee0       ?new_file_list@FilePanel@@QAEXAAPAUPluginPanelItem@@AAI_N@Z 61022ee0 f   file_panel.obj
 0001:00022140       ?change_directory@FilePanel@@QAEXABVUnicodeString@col@@_N@Z 61023140 f   file_panel.obj
 0001:00022650       ?fill_plugin_info@FilePanel@@QAEXPAUOpenPanelInfo@@@Z 61023650 f   file_panel.obj
 0001:00022960       ?dialog_proc@FilePanelModeDialog@@CGHPAXHH0@Z 61023960 f i file_panel.obj
 0001:00022fd0       ?show@FilePanelModeDialog@@QAE_NXZ 61023fd0 f i file_panel.obj
 0001:00023e30       ?show_file_panel_mode_dialog@@YA_NAAUFilePanelMode@@@Z 61024e30 f   file_panel.obj
 0001:00023f60       ?parse_column_spec@FilePanel@@AAEXABVUnicodeString@col@@0AAV23@1_N@Z 61024f60 f   file_panel.obj
 0001:00024600       ??1?$ObjectArray@UPluginItemList@@@col@@QAE@XZ 61025600 f i file_panel.obj
 0001:00024610       ??1AnsiString@col@@QAE@XZ  61025610 f i content.obj
 0001:00024610       ??1?$Array@E@col@@QAE@XZ   61025610 f i main.obj
 0001:00024610       ??1?$Array@_K@col@@QAE@XZ  61025610 f i ntfs_file.obj
 0001:00024610       ??1?$Array@_N@col@@QAE@XZ  61025610 f i mftindex.obj
 0001:00024610       ??1?$Array@I@col@@QAE@XZ   61025610 f i content.obj
 0001:00024610       ??1?$Array@W4BufState@@@col@@QAE@XZ 61025610 f i content.obj
 0001:00024610       ??1?$Array@UFarMenuItem@@@col@@QAE@XZ 61025610 f i dlgapi.obj
 0001:00024610       ??1?$Array@D@col@@QAE@XZ   61025610 f i utils.obj
 0001:00024610       ??1?$Array@UFarList@@@col@@QAE@XZ 61025610 f i content.obj
 0001:00024610       ??1?$Array@UClusterChain@@@col@@QAE@XZ 61025610 f i defragment.obj
 0001:00024610       ??1?$Array@PB_W@col@@QAE@XZ 61025610 f i file_panel.obj
 0001:00024610       ??1?$Array@UPluginPanelItem@@@col@@QAE@XZ 61025610 f i file_panel.obj
 0001:00024610       ??1FileVersionDialogData@@QAE@XZ 61025610 f i filever.obj
 0001:00024610       ??1?$Array@UFarColor@@@col@@QAE@XZ 61025610 f i main.obj
 0001:00024610       ??1?$Array@UDataRun@FileInfo@@@col@@QAE@XZ 61025610 f i ntfs_file.obj
 0001:00024610       ??1?$Array@UFarDialogItem@@@col@@QAE@XZ 61025610 f i main.obj
 0001:00024610       ??1?$Array@PAX@col@@QAE@XZ 61025610 f i content.obj
 0001:00024610       ??1?$Array@UFAR_CHAR_INFO@@@col@@QAE@XZ 61025610 f i main.obj
 0001:00024610       ??1UnicodeString@col@@QAE@XZ 61025610 f i main.obj
 0001:00024630       ??0?$Array@PAVFilePanel@@@col@@QAE@XZ 61025630 f i file_panel.obj
 0001:000246a0       ??1?$ObjectArray@UFileRecord@FilePanel@@@col@@QAE@XZ 610256a0 f i file_panel.obj
 0001:000246b0       ??0?$list@UPanelItemData@FilePanel@@V?$allocator@UPanelItemData@FilePanel@@@std@@@std@@QAE@XZ 610256b0 f i file_panel.obj
 0001:00024710       ??1?$list@UPanelItemData@FilePanel@@V?$allocator@UPanelItemData@FilePanel@@@std@@@std@@QAE@XZ 61025710 f i file_panel.obj
 0001:00024730       ?remove@?$Array@PB_W@col@@QAEAAV12@II@Z 61025730 f i file_panel.obj
 0001:00024730       ?remove@?$Array@I@col@@QAEAAV12@II@Z 61025730 f i file_panel.obj
 0001:00024880       ?search@?$Array@W4BufState@@@col@@QBEIIIPBW4BufState@@I@Z 61025880 f i content.obj
 0001:00024880       ?search@?$Array@I@col@@QBEIIIPBII@Z 61025880 f i file_panel.obj
 0001:00024920       ?resize@?$Array@UPluginPanelItem@@@col@@AAEXI@Z 61025920 f i file_panel.obj
 0001:00024980       ?create@?$ObjectArray@V?$Array@PB_W@col@@@col@@CAPAUBuffer@12@PBV?$Array@PB_W@2@I@Z 61025980 f i file_panel.obj
 0001:00024980       ?create@?$ObjectArray@VUnicodeString@col@@@col@@CAPAUBuffer@12@PBVUnicodeString@2@I@Z 61025980 f i main.obj
 0001:000249e0       ?ref_resize@?$ObjectArray@V?$Array@PB_W@col@@@col@@AAEXI@Z 610259e0 f i file_panel.obj
 0001:000249e0       ?ref_resize@?$ObjectArray@VUnicodeString@col@@@col@@AAEXI@Z 610259e0 f i main.obj
 0001:00024a30       ?clean@?$ObjectArray@VUnicodeString@col@@@col@@AAEXXZ 61025a30 f i main.obj
 0001:00024a30       ?clean@?$ObjectArray@V?$Array@PB_W@col@@@col@@AAEXXZ 61025a30 f i file_panel.obj
 0001:00024a80       ?create@?$ObjectArray@UPluginItemList@@@col@@CAPAUBuffer@12@PBUPluginItemList@@I@Z 61025a80 f i file_panel.obj
 0001:00024ae0       ?clean@?$ObjectArray@UPluginItemList@@@col@@AAEXXZ 61025ae0 f i file_panel.obj
 0001:00024b60       ?resize@?$ObjectArray@V?$Array@PB_W@col@@@col@@AAEXI@Z 61025b60 f i file_panel.obj
 0001:00024b60       ?resize@?$ObjectArray@VUnicodeString@col@@@col@@AAEXI@Z 61025b60 f i main.obj
 0001:00024b60       ?resize@?$Array@PB_W@col@@AAEXI@Z 61025b60 f i file_panel.obj
 0001:00024bc0       ?remove@?$Array@PAVFilePanel@@@col@@QAEAAV12@II@Z 61025bc0 f i file_panel.obj
 0001:00024d50       ?search@?$Array@PAVFilePanel@@@col@@QBEIIIPBQAVFilePanel@@I@Z 61025d50 f i file_panel.obj
 0001:00024df0       ?create@?$ObjectArray@UFileRecord@FilePanel@@@col@@CAPAUBuffer@12@PBUFileRecord@FilePanel@@I@Z 61025df0 f i file_panel.obj
 0001:00024df0       ?create@?$ObjectArray@UFileNameAttr@@@col@@CAPAUBuffer@12@PBUFileNameAttr@@I@Z 61025df0 f i main.obj
 0001:00024df0       ?create@?$ObjectArray@UAttrInfo@@@col@@CAPAUBuffer@12@PBUAttrInfo@@I@Z 61025df0 f i main.obj
 0001:00024df0       ?create@?$ObjectArray@VFileInfo@@@col@@CAPAUBuffer@12@PBVFileInfo@@I@Z 61025df0 f i main.obj
 0001:00024e50       ?clean@?$ObjectArray@UFileRecord@FilePanel@@@col@@AAEXXZ 61025e50 f i file_panel.obj
 0001:00024ea0       ?ref_alloc@?$Array@UPluginPanelItem@@@col@@AAEPAUBuffer@12@I@Z 61025ea0 f i file_panel.obj
 0001:00024f10       ?replace@?$ObjectArray@UPluginItemList@@@col@@QAEAAV12@IIPBUPluginItemList@@I@Z 61025f10 f i file_panel.obj
 0001:00025490       ?replace@?$Array@PAVFilePanel@@@col@@QAEAAV12@IIPBQAVFilePanel@@I@Z 61026490 f i file_panel.obj
 0001:000257b0       ?replace@?$ObjectArray@UFileRecord@FilePanel@@@col@@QAEAAV12@IIPBUFileRecord@FilePanel@@I@Z 610267b0 f i file_panel.obj
 0001:00025b40       ?clear@?$list@UPanelItemData@FilePanel@@V?$allocator@UPanelItemData@FilePanel@@@std@@@std@@QAEXXZ 61026b40 f i file_panel.obj
 0001:00025bb0       ?_Buynode@?$_List_val@UPanelItemData@FilePanel@@V?$allocator@UPanelItemData@FilePanel@@@std@@@std@@QAEPAU_Node@?$_List_nod@UPanelItemData@FilePanel@@V?$allocator@UPanelItemData@FilePanel@@@std@@@2@PAU342@0ABUPanelItemData@FilePanel@@@Z 61026bb0 f i file_panel.obj
 0001:00025c20       ??0FileRecord@FilePanel@@QAE@ABU01@@Z 61026c20 f i file_panel.obj
 0001:00025cc0       ??1FileRecord@FilePanel@@QAE@XZ 61026cc0 f i file_panel.obj
 0001:00025ce0       ?replace@?$Array@UPluginPanelItem@@@col@@QAEAAV12@IIPBUPluginPanelItem@@I@Z 61026ce0 f i file_panel.obj
 0001:00025f80       ?replace@?$ObjectArray@V?$Array@PB_W@col@@@col@@QAEAAV12@IIPBV?$Array@PB_W@2@I@Z 61026f80 f i file_panel.obj
 0001:000261d0       ?ref_alloc@?$Array@UClusterChain@@@col@@AAEPAUBuffer@12@I@Z 610271d0 f i defragment.obj
 0001:000261d0       ?ref_alloc@?$Array@UDataRun@FileInfo@@@col@@AAEPAUBuffer@12@I@Z 610271d0 f i ntfs_file.obj
 0001:000261d0       ?ref_alloc@?$ObjectArray@UPluginItemList@@@col@@AAEPAUBuffer@12@I@Z 610271d0 f i file_panel.obj
 0001:00026240       ?ref_alloc@?$Array@PAVFilePanel@@@col@@AAEPAUBuffer@12@I@Z 61027240 f i file_panel.obj
 0001:000262c0       ?ref_alloc@?$ObjectArray@UFileRecord@FilePanel@@@col@@AAEPAUBuffer@12@I@Z 610272c0 f i file_panel.obj
 0001:00026330       ??$sort@UDataSizeCmp@?3??sort_file_list@FilePanel@@AAEXAAV?$list@UPanelItemData@FilePanel@@V?$allocator@UPanelItemData@FilePanel@@@std@@@std@@@Z@@?$list@UPanelItemData@FilePanel@@V?$allocator@UPanelItemData@FilePanel@@@std@@@std@@QAEXUDataSizeCmp@?3??sort_file_list@FilePanel@@AAEXAAV01@@Z@@Z 61027330 f i file_panel.obj
 0001:000265a0       ??$sort@UDiskSizeCmp@?4??sort_file_list@FilePanel@@AAEXAAV?$list@UPanelItemData@FilePanel@@V?$allocator@UPanelItemData@FilePanel@@@std@@@std@@@Z@@?$list@UPanelItemData@FilePanel@@V?$allocator@UPanelItemData@FilePanel@@@std@@@std@@QAEXUDiskSizeCmp@?4??sort_file_list@FilePanel@@AAEXAAV01@@Z@@Z 610275a0 f i file_panel.obj
 0001:00026810       ??$sort@UFragmentsCmp@?5??sort_file_list@FilePanel@@AAEXAAV?$list@UPanelItemData@FilePanel@@V?$allocator@UPanelItemData@FilePanel@@@std@@@std@@@Z@@?$list@UPanelItemData@FilePanel@@V?$allocator@UPanelItemData@FilePanel@@@std@@@std@@QAEXUFragmentsCmp@?5??sort_file_list@FilePanel@@AAEXAAV01@@Z@@Z 61027810 f i file_panel.obj
 0001:00026a80       ??$sort@UStreamsCmp@?6??sort_file_list@FilePanel@@AAEXAAV?$list@UPanelItemData@FilePanel@@V?$allocator@UPanelItemData@FilePanel@@@std@@@std@@@Z@@?$list@UPanelItemData@FilePanel@@V?$allocator@UPanelItemData@FilePanel@@@std@@@std@@QAEXUStreamsCmp@?6??sort_file_list@FilePanel@@AAEXAAV01@@Z@@Z 61027a80 f i file_panel.obj
 0001:00026cf0       ??$sort@UHardLinksCmp@?7??sort_file_list@FilePanel@@AAEXAAV?$list@UPanelItemData@FilePanel@@V?$allocator@UPanelItemData@FilePanel@@@std@@@std@@@Z@@?$list@UPanelItemData@FilePanel@@V?$allocator@UPanelItemData@FilePanel@@@std@@@std@@QAEXUHardLinksCmp@?7??sort_file_list@FilePanel@@AAEXAAV01@@Z@@Z 61027cf0 f i file_panel.obj
 0001:00026f60       ??$sort@UMftRecordsCmp@?8??sort_file_list@FilePanel@@AAEXAAV?$list@UPanelItemData@FilePanel@@V?$allocator@UPanelItemData@FilePanel@@@std@@@std@@@Z@@?$list@UPanelItemData@FilePanel@@V?$allocator@UPanelItemData@FilePanel@@@std@@@std@@QAEXUMftRecordsCmp@?8??sort_file_list@FilePanel@@AAEXAAV01@@Z@@Z 61027f60 f i file_panel.obj
 0001:000271d0       ??$sort@UFragmLevelCmp@?9??sort_file_list@FilePanel@@AAEXAAV?$list@UPanelItemData@FilePanel@@V?$allocator@UPanelItemData@FilePanel@@@std@@@std@@@Z@@?$list@UPanelItemData@FilePanel@@V?$allocator@UPanelItemData@FilePanel@@@std@@@std@@QAEXUFragmLevelCmp@?9??sort_file_list@FilePanel@@AAEXAAV01@@Z@@Z 610281d0 f i file_panel.obj
 0001:00027440       ??$sort@UValidSizeCmp@?L@??sort_file_list@FilePanel@@AAEXAAV?$list@UPanelItemData@FilePanel@@V?$allocator@UPanelItemData@FilePanel@@@std@@@std@@@Z@@?$list@UPanelItemData@FilePanel@@V?$allocator@UPanelItemData@FilePanel@@@std@@@std@@QAEXUValidSizeCmp@?L@??sort_file_list@FilePanel@@AAEXAAV01@@Z@@Z 61028440 f i file_panel.obj
 0001:000276b0       ??$sort@UNameLenCmp@?M@??sort_file_list@FilePanel@@AAEXAAV?$list@UPanelItemData@FilePanel@@V?$allocator@UPanelItemData@FilePanel@@@std@@@std@@@Z@@?$list@UPanelItemData@FilePanel@@V?$allocator@UPanelItemData@FilePanel@@@std@@@std@@QAEXUNameLenCmp@?M@??sort_file_list@FilePanel@@AAEXAAV01@@Z@@Z 610286b0 f i file_panel.obj
 0001:00027920       ?_Splice_same@?$list@UPanelItemData@FilePanel@@V?$allocator@UPanelItemData@FilePanel@@@std@@@std@@QAEXV?$_List_const_iterator@V?$_List_val@UPanelItemData@FilePanel@@V?$allocator@UPanelItemData@FilePanel@@@std@@@std@@@2@AAV12@00I@Z 61028920 f i file_panel.obj
 0001:000279a0       ??$merge@UDataSizeCmp@?3??sort_file_list@FilePanel@@AAEXAAV?$list@UPanelItemData@FilePanel@@V?$allocator@UPanelItemData@FilePanel@@@std@@@std@@@Z@@?$list@UPanelItemData@FilePanel@@V?$allocator@UPanelItemData@FilePanel@@@std@@@std@@QAEXAAV01@UDataSizeCmp@?3??sort_file_list@FilePanel@@AAEX0@Z@@Z 610289a0 f i file_panel.obj
 0001:00027a30       ??$merge@UDiskSizeCmp@?4??sort_file_list@FilePanel@@AAEXAAV?$list@UPanelItemData@FilePanel@@V?$allocator@UPanelItemData@FilePanel@@@std@@@std@@@Z@@?$list@UPanelItemData@FilePanel@@V?$allocator@UPanelItemData@FilePanel@@@std@@@std@@QAEXAAV01@UDiskSizeCmp@?4??sort_file_list@FilePanel@@AAEX0@Z@@Z 61028a30 f i file_panel.obj
 0001:00027ac0       ??$merge@UFragmentsCmp@?5??sort_file_list@FilePanel@@AAEXAAV?$list@UPanelItemData@FilePanel@@V?$allocator@UPanelItemData@FilePanel@@@std@@@std@@@Z@@?$list@UPanelItemData@FilePanel@@V?$allocator@UPanelItemData@FilePanel@@@std@@@std@@QAEXAAV01@UFragmentsCmp@?5??sort_file_list@FilePanel@@AAEX0@Z@@Z 61028ac0 f i file_panel.obj
 0001:00027b40       ??$merge@UStreamsCmp@?6??sort_file_list@FilePanel@@AAEXAAV?$list@UPanelItemData@FilePanel@@V?$allocator@UPanelItemData@FilePanel@@@std@@@std@@@Z@@?$list@UPanelItemData@FilePanel@@V?$allocator@UPanelItemData@FilePanel@@@std@@@std@@QAEXAAV01@UStreamsCmp@?6??sort_file_list@FilePanel@@AAEX0@Z@@Z 61028b40 f i file_panel.obj
 0001:00027bc0       ??$merge@UHardLinksCmp@?7??sort_file_list@FilePanel@@AAEXAAV?$list@UPanelItemData@FilePanel@@V?$allocator@UPanelItemData@FilePanel@@@std@@@std@@@Z@@?$list@UPanelItemData@FilePanel@@V?$allocator@UPanelItemData@FilePanel@@@std@@@std@@QAEXAAV01@UHardLinksCmp@?7??sort_file_list@FilePanel@@AAEX0@Z@@Z 61028bc0 f i file_panel.obj
 0001:00027c40       ??$merge@UMftRecordsCmp@?8??sort_file_list@FilePanel@@AAEXAAV?$list@UPanelItemData@FilePanel@@V?$allocator@UPanelItemData@FilePanel@@@std@@@std@@@Z@@?$list@UPanelItemData@FilePanel@@V?$allocator@UPanelItemData@FilePanel@@@std@@@std@@QAEXAAV01@UMftRecordsCmp@?8??sort_file_list@FilePanel@@AAEX0@Z@@Z 61028c40 f i file_panel.obj
 0001:00027cc0       ??$merge@UFragmLevelCmp@?9??sort_file_list@FilePanel@@AAEXAAV?$list@UPanelItemData@FilePanel@@V?$allocator@UPanelItemData@FilePanel@@@std@@@std@@@Z@@?$list@UPanelItemData@FilePanel@@V?$allocator@UPanelItemData@FilePanel@@@std@@@std@@QAEXAAV01@UFragmLevelCmp@?9??sort_file_list@FilePanel@@AAEX0@Z@@Z 61028cc0 f i file_panel.obj
 0001:00027d50       ??$merge@UValidSizeCmp@?L@??sort_file_list@FilePanel@@AAEXAAV?$list@UPanelItemData@FilePanel@@V?$allocator@UPanelItemData@FilePanel@@@std@@@std@@@Z@@?$list@UPanelItemData@FilePanel@@V?$allocator@UPanelItemData@FilePanel@@@std@@@std@@QAEXAAV01@UValidSizeCmp@?L@??sort_file_list@FilePanel@@AAEX0@Z@@Z 61028d50 f i file_panel.obj
 0001:00027de0       ??$merge@UNameLenCmp@?M@??sort_file_list@FilePanel@@AAEXAAV?$list@UPanelItemData@FilePanel@@V?$allocator@UPanelItemData@FilePanel@@@std@@@std@@@Z@@?$list@UPanelItemData@FilePanel@@V?$allocator@UPanelItemData@FilePanel@@@std@@@std@@QAEXAAV01@UNameLenCmp@?M@??sort_file_list@FilePanel@@AAEX0@Z@@Z 61028de0 f i file_panel.obj
 0001:00027e60       ??0PanelItemData@FilePanel@@QAE@ABU01@@Z 61028e60 f i file_panel.obj
 0001:00027f00       ??3@YAXPAX0@Z              61028f00 f i file_panel.obj
 0001:00027f10       ??Hcol@@YA?AVUnicodeString@0@AB_WABV10@@Z 61028f10 f i file_panel.obj
 0001:00027fc0       ?last_item@UnicodeString@col@@QAEAA_WXZ 61028fc0 f i file_panel.obj
 0001:00028010       ?type_name@AttrInfo@@QBE?AVUnicodeString@col@@XZ 61029010 f   ntfs_file.obj
 0001:000280e0       ?find_full_paths@FileInfo@@QAEXXZ 610290e0 f   ntfs_file.obj
 0001:00028810       ?load_mft_record@FileInfo@@AAE_K_KAAV?$Array@E@col@@@Z 61029810 f   ntfs_file.obj
 0001:00028ab0       ?find_attribute@FileInfo@@AAEIABV?$Array@E@col@@IG@Z 61029ab0 f   ntfs_file.obj
 0001:00028c80       ?decode_data_runs@FileInfo@@AAE?AV?$Array@UDataRun@FileInfo@@@col@@ABV?$Array@E@3@I@Z 61029c80 f   ntfs_file.obj
 0001:00029040       ?process_attribute@FileInfo@@AAEXABV?$Array@E@col@@I@Z 6102a040 f   ntfs_file.obj
 0001:000299c0       ?process_attr_list_entry@FileInfo@@AAEXPBUATTR_LIST_ENTRY@@AAV?$Array@_K@col@@@Z 6102a9c0 f   ntfs_file.obj
 0001:00029b30       ?process_base_file_rec@FileInfo@@QAEXXZ 6102ab30 f   ntfs_file.obj
 0001:0002a490       ?buf@?$Array@E@col@@QAEPAEI@Z 6102b490 f i ntfs_file.obj
 0001:0002a490       ?buf@?$Array@D@col@@QAEPADI@Z 6102b490 f i utils.obj
 0001:0002a4f0       ?set_size@?$Array@E@col@@QAEAAV12@I@Z 6102b4f0 f i ntfs_file.obj
 0001:0002a530       ?remove@?$Array@E@col@@QAEAAV12@II@Z 6102b530 f i ntfs_file.obj
 0001:0002a660       ?resize@?$Array@E@col@@AAEXI@Z 6102b660 f i ntfs_file.obj
 0001:0002a660       ?resize@?$Array@D@col@@AAEXI@Z 6102b660 f i utils.obj
 0001:0002a6c0       ?search@?$Array@_K@col@@QBEIIIPB_KI@Z 6102b6c0 f i ntfs_file.obj
 0001:0002a760       ?ref_resize@?$ObjectArray@UAttrInfo@@@col@@AAEXI@Z 6102b760 f i ntfs_file.obj
 0001:0002a820       ?replace@?$ObjectArray@UAttrInfo@@@col@@QAEAAV12@IIPBUAttrInfo@@I@Z 6102b820 f i ntfs_file.obj
 0001:0002ade0       ?replace@?$ObjectArray@UFileNameAttr@@@col@@QAEAAV12@IIPBUFileNameAttr@@I@Z 6102bde0 f i ntfs_file.obj
 0001:0002b3a0       ?ref_alloc@?$ObjectArray@UFileNameAttr@@@col@@AAEPAUBuffer@12@I@Z 6102c3a0 f i ntfs_file.obj
 0001:0002b3a0       ?ref_alloc@?$ObjectArray@UAttrInfo@@@col@@AAEPAUBuffer@12@I@Z 6102c3a0 f i ntfs_file.obj
 0001:0002b420       ?replace@?$Array@UDataRun@FileInfo@@@col@@QAEAAV12@IIPBUDataRun@FileInfo@@I@Z 6102c420 f i ntfs_file.obj
 0001:0002b420       ?replace@?$Array@UClusterChain@@@col@@QAEAAV12@IIPBUClusterChain@@I@Z 6102c420 f i defragment.obj
 0001:0002b6f0       ?replace@?$Array@_K@col@@QAEAAV12@IIPB_KI@Z 6102c6f0 f i ntfs_file.obj
 0001:0002b950       ?set@Options@@IAE_NPB_W_K@Z 6102c950 f i options.obj
 0001:0002b9c0       ?get@Options@@IAE_NPB_WAAVUnicodeString@col@@@Z 6102c9c0 f i options.obj
 0001:0002ba50       ??1Options@@QAE@XZ         6102ca50 f i options.obj
 0001:0002ba70       ?create@Options@@QAE_NXZ   6102ca70 f i options.obj
 0001:0002bb30       ?get_bool@Options@@QAE_NPB_W_N@Z 6102cb30 f i options.obj
 0001:0002bbb0       ?get_str@Options@@QAE?AVUnicodeString@col@@PB_WABV23@@Z 6102cbb0 f i options.obj
 0001:0002bc60       ?set_str@Options@@QAEXPB_WABVUnicodeString@col@@1@Z 6102cc60 f i options.obj
 0001:0002bcf0       ??0FilePanelMode@@QAE@XZ   6102ccf0 f   options.obj
 0001:0002bdd0       ?load_plugin_options@@YAXXZ 6102cdd0 f   options.obj
 0001:0002c420       ?store_plugin_options@@YAXXZ 6102d420 f   options.obj
 0001:0002ccc0       ?unicode_to_oem@@YAXAAVAnsiString@col@@ABVUnicodeString@2@@Z 6102dcc0 f   utils.obj
 0001:0002ce10       ?oem_to_unicode@@YAXAAVUnicodeString@col@@ABVAnsiString@2@@Z 6102de10 f   utils.obj
 0001:0002cf70       ?unicode_to_oem@@YA?AVAnsiString@col@@ABVUnicodeString@2@@Z 6102df70 f   utils.obj
 0001:0002cff0       ?oem_to_unicode@@YA?AVUnicodeString@col@@ABVAnsiString@2@@Z 6102dff0 f   utils.obj
 0001:0002d070       ?ansi_to_unicode@@YA?AVUnicodeString@col@@ABVAnsiString@2@I@Z 6102e070 f   utils.obj
 0001:0002d190       ?unicode_to_ansi@@YA?AVAnsiString@col@@ABVUnicodeString@2@I@Z 6102e190 f   utils.obj
 0001:0002d320       ?format_inf_amount@@YA?AVUnicodeString@col@@_K@Z 6102e320 f   utils.obj
 0001:0002d430       ?format_inf_amount_short@@YA?AVUnicodeString@col@@_K_N@Z 6102e430 f   utils.obj
 0001:0002d470       ?load_suffixes@@YAXXZ      6102e470 f   utils.obj
 0001:0002da10       ?format_data_size@@YA?AVUnicodeString@col@@_KABV?$ObjectArray@VUnicodeString@col@@@2@@Z 6102ea10 f   utils.obj
 0001:0002dd20       ?format_time@@YA?AVUnicodeString@col@@_K@Z 6102ed20 f   utils.obj
 0001:0002dd90       ?format_time2@@YA?AVUnicodeString@col@@_K@Z 6102ed90 f   utils.obj
 0001:0002dee0       ?format_hex_array@@YA?AVUnicodeString@col@@ABV?$Array@E@2@@Z 6102eee0 f   utils.obj
 0001:0002df70       ?word_wrap@@YA?AVUnicodeString@col@@ABV12@I@Z 6102ef70 f   utils.obj
 0001:0002e020       ?get_module_version@@YA?AUModuleVersion@@PAUHINSTANCE__@@@Z 6102f020 f   utils.obj
 0001:0002e240       ?locate_path_root@@YAXABVUnicodeString@col@@AAIAA_N@Z 6102f240 f   utils.obj
 0001:0002e360       ?extract_path_root@@YA?AVUnicodeString@col@@ABV12@@Z 6102f360 f   utils.obj
 0001:0002e3a0       ?extract_file_name@@YA?AVUnicodeString@col@@ABV12@@Z 6102f3a0 f   utils.obj
 0001:0002e420       ?extract_file_path@@YA?AVUnicodeString@col@@ABV12@@Z 6102f420 f   utils.obj
 0001:0002e490       ?remove_path_root@@YA?AVUnicodeString@col@@ABV12@@Z 6102f490 f   utils.obj
 0001:0002e4e0       ?long_path@@YA?AVUnicodeString@col@@ABV12@@Z 6102f4e0 f   utils.obj
 0001:0002e9a0       ?add_trailing_slash@@YA?AVUnicodeString@col@@ABV12@@Z 6102f9a0 f   utils.obj
 0001:0002e9f0       ?del_trailing_slash@@YA?AVUnicodeString@col@@ABV12@@Z 6102f9f0 f   utils.obj
 0001:0002ea30       ?add_trailing_slash@@YA?AV?$basic_string@_WU?$char_traits@_W@std@@V?$allocator@_W@2@@std@@ABV12@@Z 6102fa30 f   utils.obj
 0001:0002ea90       ?del_trailing_slash@@YA?AV?$basic_string@_WU?$char_traits@_W@std@@V?$allocator@_W@2@@std@@ABV12@@Z 6102fa90 f   utils.obj
 0001:0002eaf0       ?int_to_str@@YA?AVUnicodeString@col@@H@Z 6102faf0 f   utils.obj
 0001:0002eb80       ?center@@YA?AVUnicodeString@col@@ABV12@I@Z 6102fb80 f   utils.obj
 0001:0002ebc0       ?fit_str@@YA?AVUnicodeString@col@@ABV12@I@Z 6102fbc0 f   utils.obj
 0001:0002ecd0       ?split_str@@YA?AV?$ObjectArray@VUnicodeString@col@@@col@@ABVUnicodeString@2@_W@Z 6102fcd0 f   utils.obj
 0001:0002edd0       ?round@@YAHN@Z             6102fdd0 f   utils.obj
 0001:0002ee10       ??1ProgressMonitor@@UAE@XZ 6102fe10 f   utils.obj
 0001:0002eec0       ?update_ui@ProgressMonitor@@QAEX_N@Z 6102fec0 f   utils.obj
 0001:0002f040       ?show@Log@@QAEXXZ          61030040 f   utils.obj
 0001:0002f470       ?far_get_panel_dir@@YA?AVUnicodeString@col@@PAX@Z 61030470 f   utils.obj
 0001:0002f5c0       ?far_set_panel_dir@@YA_NPAXABVUnicodeString@col@@@Z 610305c0 f   utils.obj
 0001:0002f630       ?far_get_full_path@@YA?AVUnicodeString@col@@ABV12@@Z 61030630 f   utils.obj
 0001:0002f730       ?far_get_panel_item@@YAPAUPluginPanelItem@@PAXI@Z 61030730 f   utils.obj
 0001:0002fa20       ?far_get_selected_panel_item@@YAPAUPluginPanelItem@@PAXI@Z 61030a20 f   utils.obj
 0001:0002fd10       ?error_dlg@@YAXABVError@@@Z 61030d10 f   utils.obj
 0001:0002ffc0       ?error_dlg@@YAXABVexception@std@@@Z 61030fc0 f   utils.obj
 0001:00030210       ?get_temp_path@@YA?AVUnicodeString@col@@XZ 61031210 f   utils.obj
 0001:00030390       ??0Event@@QAE@_N0@Z        61031390 f   utils.obj
 0001:00030430       ??1Event@@QAE@XZ           61031430 f   utils.obj
 0001:00030430       ??1Semaphore@@QAE@XZ       61031430 f   utils.obj
 0001:00030430       ??1File@@QAE@XZ            61031430 f   utils.obj
 0001:00030440       ??0Semaphore@@QAE@II@Z     61031440 f   utils.obj
 0001:000304e0       ??0File@@QAE@ABVUnicodeString@col@@KKKK@Z 610314e0 f   utils.obj
 0001:000305b0       ?size@File@@QAE_KXZ        610315b0 f   utils.obj
 0001:00030650       ?read@File@@QAEIPAXI@Z     61031650 f   utils.obj
 0001:000306f0       ??1FileEnum@@QAE@XZ        610316f0 f   utils.obj
 0001:00030720       ?next@FileEnum@@QAE_NXZ    61031720 f   utils.obj
 0001:00030900       ?get_find_data@@YA?AUFindData@@ABVUnicodeString@col@@@Z 61031900 f   utils.obj
 0001:000309d0       ?substr@?$basic_string@_WU?$char_traits@_W@std@@V?$allocator@_W@2@@std@@QBE?AV12@II@Z 610319d0 f i utils.obj
 0001:00030a00       ?buf@?$Array@E@col@@QAEPAEXZ 61031a00 f i utils.obj
 0001:00030a60       ??0?$Array@D@col@@QAE@XZ   61031a60 f i utils.obj
 0001:00030ac0       ??1?$unique_ptr@EU?$default_delete@E@std@@@std@@QAE@XZ 61031ac0 f i utils.obj
 0001:00030ae0       ??$?H_WU?$char_traits@_W@std@@V?$allocator@_W@1@@std@@YA?AV?$basic_string@_WU?$char_traits@_W@std@@V?$allocator@_W@2@@0@ABV10@_W@Z 61031ae0 f i utils.obj
 0001:00030b90       ?assign@?$basic_string@_WU?$char_traits@_W@std@@V?$allocator@_W@2@@std@@QAEAAV12@$$QAV12@@Z 61031b90 f i utils.obj
 0001:00030c00       ?append@?$basic_string@_WU?$char_traits@_W@std@@V?$allocator@_W@2@@std@@QAEAAV12@I_W@Z 61031c00 f i utils.obj
 0001:00030ca0       ?append@?$basic_string@_WU?$char_traits@_W@std@@V?$allocator@_W@2@@std@@QAEAAV12@ABV12@II@Z 61031ca0 f i utils.obj
 0001:00030d80       ?set_size@UnicodeString@col@@QAEAAV12@XZ 61031d80 f i utils.obj
 0001:00030df0       ?compact@UnicodeString@col@@QAEAAV12@XZ 61031df0 f i utils.obj
 0001:00030e50       ?right@UnicodeString@col@@QBE?AV12@I@Z 61031e50 f i utils.obj
 0001:00030e80       ??1?$basic_string@_WU?$char_traits@_W@std@@V?$allocator@_W@2@@std@@QAE@XZ 61031e80 f i utils.obj
 0001:00030eb0       ?erase@?$basic_string@_WU?$char_traits@_W@std@@V?$allocator@_W@2@@std@@QAEAAV12@II@Z 61031eb0 f i utils.obj
 0001:00030f30       ?allocate@?$allocator@_W@std@@QAEPA_WI@Z 61031f30 f i utils.obj
 0001:00030f90       ?_Copy@?$basic_string@_WU?$char_traits@_W@std@@V?$allocator@_W@2@@std@@QAEXII@Z 61031f90 f i utils.obj
 0001:00031110       ?_Grow@?$basic_string@_WU?$char_traits@_W@std@@V?$allocator@_W@2@@std@@QAE_NI_N@Z 61032110 f i utils.obj
 0001:000311d0       ?assign@?$basic_string@_WU?$char_traits@_W@std@@V?$allocator@_W@2@@std@@QAEAAV12@ABV12@II@Z 610321d0 f i utils.obj
 0001:000312d0       ?equal@UnicodeString@col@@QBE_NIPB_W@Z 610322d0 f i utils.obj
 0001:00031320       ?resize@AnsiString@col@@AAEXI@Z 61032320 f i utils.obj
 0001:00031380       ?buf@AnsiString@col@@QAEPADI@Z 61032380 f i utils.obj
 0001:000313e0       ?get_real_path@@YA?AVUnicodeString@col@@ABV12@@Z 610323e0 f   volume.obj
 0001:000314e0       ??0VolumeInfo@@QAE@ABVUnicodeString@col@@@Z 610324e0 f   volume.obj
 0001:00031640       ?get_volume_path@@YA?AVUnicodeString@col@@ABV12@@Z 61032640 f   volume.obj
 0001:00031690       ?open@NtfsVolume@@QAEXABVUnicodeString@col@@@Z 61032690 f   volume.obj
 0001:000319f0       ?flush@NtfsVolume@@QAEXXZ  610329f0 f   volume.obj
 0001:00031a60       ?get_volume_guid@@YA?AVUnicodeString@col@@ABV12@@Z 61032a60 f   volume.obj
 0001:00031c70       ?far_get_msg@@YA?AVUnicodeString@col@@H@Z 61032c70 f   dlgapi.obj
 0001:00031cd0       ?get_msg_width@@YAIXZ      61032cd0 f   dlgapi.obj
 0001:00031d20       ?far_message@@YAHABU_GUID@@ABVUnicodeString@col@@H_K@Z 61032d20 f   dlgapi.obj
 0001:00031d60       ?far_menu@@YAHABU_GUID@@ABVUnicodeString@col@@ABV?$ObjectArray@VUnicodeString@col@@@3@PB_W@Z 61032d60 f   dlgapi.obj
 0001:00031ed0       ?get_label_len@@YAIABVUnicodeString@col@@@Z 61032ed0 f   dlgapi.obj
 0001:00031ef0       ?draw_text_box@@YAXABVUnicodeString@col@@ABV?$ObjectArray@VUnicodeString@col@@@2@I@Z 61032ef0 f   dlgapi.obj
 0001:000321e0       ?frame@FarDialog@@AAEXABVUnicodeString@col@@@Z 610331e0 f   dlgapi.obj
 0001:000322a0       ?calc_frame_size@FarDialog@@AAEXXZ 610332a0 f   dlgapi.obj
 0001:00032310       ??0FarDialog@@QAE@ABU_GUID@@ABVUnicodeString@col@@I@Z 61033310 f   dlgapi.obj
 0001:00032450       ?separator@FarDialog@@QAEIXZ 61033450 f   dlgapi.obj
 0001:000324f0       ?separator@FarDialog@@QAEIABVUnicodeString@col@@@Z 610334f0 f   dlgapi.obj
 0001:000325b0       ?label@FarDialog@@QAEIABVUnicodeString@col@@IK@Z 610335b0 f   dlgapi.obj
 0001:000326c0       ?var_edit_box@FarDialog@@QAEIABVUnicodeString@col@@IK@Z 610336c0 f   dlgapi.obj
 0001:000327b0       ?fix_edit_box@FarDialog@@QAEIABVUnicodeString@col@@IK@Z 610337b0 f   dlgapi.obj
 0001:000328a0       ?button@FarDialog@@QAEIABVUnicodeString@col@@K_N@Z 610338a0 f   dlgapi.obj
 0001:000329b0       ?check_box@FarDialog@@QAEIABVUnicodeString@col@@HK@Z 610339b0 f   dlgapi.obj
 0001:00032ac0       ?combo_box@FarDialog@@QAEIABV?$ObjectArray@VUnicodeString@col@@@col@@IIK@Z 61033ac0 f   dlgapi.obj
 0001:00032dc0       ??0ListData@FarDialog@@QAE@XZ 61033dc0 f i dlgapi.obj
 0001:00032eb0       ?show@FarDialog@@QAEHP6GHPAXHH0@ZPB_W@Z 61033eb0 f   dlgapi.obj
 0001:00032fa0       ?get_text@FarDialog@@QAE?AVUnicodeString@col@@I@Z 61033fa0 f   dlgapi.obj
 0001:00033110       ?get_check@FarDialog@@QAE_NI@Z 61034110 f   dlgapi.obj
 0001:00033140       ?get_list_pos@FarDialog@@QAEII@Z 61034140 f   dlgapi.obj
 0001:00033160       ?link_label@FarDialog@@QAEXII@Z 61034160 f   dlgapi.obj
 0001:00033450       ?remove@?$Array@UFarDialogItem@@@col@@QAEAAV12@II@Z 61034450 f i dlgapi.obj
 0001:000335e0       ?resize@?$Array@UFarDialogItem@@@col@@AAEXI@Z 610345e0 f i dlgapi.obj
 0001:00033640       ?replace@?$Array@UFarList@@@col@@QAEAAV12@IIPBUFarList@@I@Z 61034640 f i dlgapi.obj
 0001:00033860       ?ref_alloc@?$Array@UFarList@@@col@@AAEPAUBuffer@12@I@Z 61034860 f i dlgapi.obj
 0001:000338e0       ?add@Log@@QAEXABVUnicodeString@col@@0@Z 610348e0 f i defragment.obj
 0001:000339f0       ?do_update_ui@DefragProgress@@MAEXXZ 610349f0 f i defragment.obj
 0001:00033fd0       ??0DefragProgress@@QAE@XZ  61034fd0 f i defragment.obj
 0001:00034080       ?update_defrag_ui@DefragProgress@@UAEX_N@Z 61035080 f i defragment.obj
 0001:00034090       ??_EDefragProgress@@UAEPAXI@Z 61035090 f i  CIL library: CIL module
 0001:00034090       ??_GDefragProgress@@UAEPAXI@Z 61035090 f i defragment.obj
 0001:000340d0       ??1DefragProgress@@UAE@XZ  610350d0 f i defragment.obj
 0001:00034100       ?get_chain_count@@YAIABV?$Array@UClusterChain@@@col@@I_K@Z 61035100 f   defragment.obj
 0001:00034160       ?defragment@@YAXABVUnicodeString@col@@AAVIDefragProgress@@@Z 61035160 f   defragment.obj
 0001:00035550       ?defragment@@YAXABV?$ObjectArray@VUnicodeString@col@@@col@@AAULog@@@Z 61036550 f   defragment.obj
 0001:000357d0       ?slice@?$Array@UClusterChain@@@col@@QBE?AV12@II@Z 610367d0 f i defragment.obj
 0001:00035800       ?create@?$Array@UClusterChain@@@col@@CAPAUBuffer@12@PBUClusterChain@@I@Z 61036800 f i defragment.obj
 0001:00035880       ?resize@?$Array@UClusterChain@@@col@@AAEXI@Z 61036880 f i defragment.obj
 0001:00035880       ?resize@?$Array@UDataRun@FileInfo@@@col@@AAEXI@Z 61036880 f i ntfs_file.obj
 0001:000358e0       ?replace@?$ObjectArray@UListData@FarDialog@@@col@@QAEAAV12@IIPBUListData@FarDialog@@I@Z 610368e0 f i dlgapi.obj
 0001:000358e0       ?replace@?$ObjectArray@ULogRecord@@@col@@QAEAAV12@IIPBULogRecord@@I@Z 610368e0 f i defragment.obj
 0001:000358e0       ?replace@?$ObjectArray@UNameValue@@@col@@QAEAAV12@IIPBUNameValue@@I@Z 610368e0 f i filever.obj
 0001:00035ba0       ?alloc@?$Array@UClusterChain@@@col@@AAEPAUBuffer@12@I@Z 61036ba0 f i defragment.obj
 0001:00035ba0       ?alloc@?$Array@UPluginPanelItem@@@col@@AAEPAUBuffer@12@I@Z 61036ba0 f i file_panel.obj
 0001:00035ba0       ?alloc@?$Array@PAX@col@@AAEPAUBuffer@12@I@Z 61036ba0 f i content.obj
 0001:00035ba0       ?alloc@?$Array@UFAR_CHAR_INFO@@@col@@AAEPAUBuffer@12@I@Z 61036ba0 f i main.obj
 0001:00035ba0       ?alloc@?$Array@I@col@@AAEPAUBuffer@12@I@Z 61036ba0 f i content.obj
 0001:00035ba0       ?alloc@?$Array@UFarMenuItem@@@col@@AAEPAUBuffer@12@I@Z 61036ba0 f i dlgapi.obj
 0001:00035ba0       ?alloc@?$Array@PB_W@col@@AAEPAUBuffer@12@I@Z 61036ba0 f i file_panel.obj
 0001:00035ba0       ?alloc@?$Array@_K@col@@AAEPAUBuffer@12@I@Z 61036ba0 f i ntfs_file.obj
 0001:00035ba0       ?alloc@UnicodeString@col@@AAEPAUBuffer@12@I@Z 61036ba0 f i main.obj
 0001:00035ba0       ?alloc@?$Array@UFarDialogItem@@@col@@AAEPAUBuffer@12@I@Z 61036ba0 f i main.obj
 0001:00035ba0       ?alloc@?$Array@W4BufState@@@col@@AAEPAUBuffer@12@I@Z 61036ba0 f i content.obj
 0001:00035ba0       ?alloc@?$Array@PAVFilePanel@@@col@@AAEPAUBuffer@12@I@Z 61036ba0 f i file_panel.obj
 0001:00035ba0       ?alloc@?$Array@E@col@@AAEPAUBuffer@12@I@Z 61036ba0 f i content.obj
 0001:00035ba0       ?alloc@?$Array@UFarList@@@col@@AAEPAUBuffer@12@I@Z 61036ba0 f i dlgapi.obj
 0001:00035ba0       ?alloc@?$Array@UDataRun@FileInfo@@@col@@AAEPAUBuffer@12@I@Z 61036ba0 f i ntfs_file.obj
 0001:00035ba0       ?alloc@?$Array@UFarColor@@@col@@AAEPAUBuffer@12@I@Z 61036ba0 f i main.obj
 0001:00035ba0       ?alloc@?$Array@UFarListItem@@@col@@AAEPAUBuffer@12@I@Z 61036ba0 f i dlgapi.obj
 0001:00035ba0       ?alloc@AnsiString@col@@AAEPAUBuffer@12@I@Z 61036ba0 f i content.obj
 0001:00035be0       ??$_cmp@UClusterChain_CompareCnt@?GA@??defragment@@YAXABVUnicodeString@col@@AAVIDefragProgress@@@Z@UClusterChain@@@?$Array@UClusterChain@@@col@@CAHPBX0@Z 61036be0 f i defragment.obj
 0001:00035c50       ?add_file_records@FilePanel@@AAEXAAV?$list@UFileRecord@FilePanel@@V?$allocator@UFileRecord@FilePanel@@@std@@@std@@ABVFileInfo@@@Z 61036c50 f   mftindex.obj
 0001:000363e0       ?prepare_usn_journal@FilePanel@@AAEXXZ 610373e0 f   mftindex.obj
 0001:00036650       ?delete_usn_journal@FilePanel@@AAEXXZ 61037650 f   mftindex.obj
 0001:00036740       ?create_mft_index@FilePanel@@AAEXXZ 61037740 f   mftindex.obj
 0001:00036f20       ??_EProcessFileProgress@@UAEPAXI@Z 61037f20 f i  CIL library: CIL module
 0001:00036f20       ??_GCompressFilesProgress@@UAEPAXI@Z 61037f20 f i content.obj
 0001:00036f20       ??_EVolumeListProgress@?1??create_mft_index@FilePanel@@AAEXXZ@UAEPAXI@Z 61037f20 f i  CIL library: CIL module
 0001:00036f20       ??_EProgress@?3??store_mft_index@FilePanel@@AAEXXZ@UAEPAXI@Z 61037f20 f i  CIL library: CIL module
 0001:00036f20       ??_GFileListProgress@@UAEPAXI@Z 61037f20 f i file_panel.obj
 0001:00036f20       ??_EFileListProgress@@UAEPAXI@Z 61037f20 f i  CIL library: CIL module
 0001:00036f20       ??_GProgress@?3??store_mft_index@FilePanel@@AAEXXZ@UAEPAXI@Z 61037f20 f i mftindex.obj
 0001:00036f20       ??_GProcessFileProgress@@UAEPAXI@Z 61037f20 f i content.obj
 0001:00036f20       ??_GEstimationProgress@@UAEPAXI@Z 61037f20 f i content.obj
 0001:00036f20       ??_EProgress@?1??load_mft_index@FilePanel@@AAEXXZ@UAEPAXI@Z 61037f20 f i  CIL library: CIL module
 0001:00036f20       ??_ECompressFilesProgress@@UAEPAXI@Z 61037f20 f i  CIL library: CIL module
 0001:00036f20       ??_EProgressMonitor@@UAEPAXI@Z 61037f20 f i  CIL library: CIL module
 0001:00036f20       ??_GProgress@?1??load_mft_index@FilePanel@@AAEXXZ@UAEPAXI@Z 61037f20 f i mftindex.obj
 0001:00036f20       ??_EProgress@?1??update_mft_index_from_usn@FilePanel@@AAEXXZ@UAEPAXI@Z 61037f20 f i  CIL library: CIL module
 0001:00036f20       ??_GProgress@?1??update_mft_index_from_usn@FilePanel@@AAEXXZ@UAEPAXI@Z 61037f20 f i mftindex.obj
 0001:00036f20       ??_EEstimationProgress@@UAEPAXI@Z 61037f20 f i  CIL library: CIL module
 0001:00036f20       ??_GProgressMonitor@@UAEPAXI@Z 61037f20 f i utils.obj
 0001:00036f20       ??_GVolumeListProgress@?1??create_mft_index@FilePanel@@AAEXXZ@UAEPAXI@Z 61037f20 f i mftindex.obj
 0001:00036f40       ?update_mft_index_from_usn@FilePanel@@AAEXXZ 61037f40 f   mftindex.obj
 0001:00037bc0       ??1?$set@_KU?$less@_K@std@@V?$allocator@_K@2@@std@@QAE@XZ 61038bc0 f i mftindex.obj
 0001:00037c30       ?mft_scan_dir@FilePanel@@AAEX_KABVUnicodeString@col@@AAV?$list@UPanelItemData@FilePanel@@V?$allocator@UPanelItemData@FilePanel@@@std@@@std@@AAVFileListProgress@@@Z 61038c30 f   mftindex.obj
 0001:00038090       ?mft_find_root@FilePanel@@ABE_KXZ 61039090 f   mftindex.obj
 0001:00038150       ?mft_find_path@FilePanel@@AAE_KABVUnicodeString@col@@@Z 61039150 f   mftindex.obj
 0001:000383c0       ?open_volume@FilePanel@@AAEXABVUnicodeString@col@@@Z 610393c0 f   mftindex.obj
 0001:000384c0       ?toggle_mft_mode@FilePanel@@QAEXXZ 610394c0 f   mftindex.obj
 0001:00038700       ?reload_mft_all@FilePanel@@SAXXZ 61039700 f   mftindex.obj
 0001:00038740       ?store_mft_index@FilePanel@@AAEXXZ 61039740 f   mftindex.obj
 0001:000399c0       ?load_mft_index@FilePanel@@AAEXXZ 6103a9c0 f   mftindex.obj
 0001:0003a4f0       ?get_mft_index_cache_name@FilePanel@@AAE?AVUnicodeString@col@@XZ 6103b4f0 f   mftindex.obj
 0001:0003a720       ?mft_get_totals@FilePanel@@QAE?AUTotals@1@ABV?$ObjectArray@VUnicodeString@col@@@col@@@Z 6103b720 f   mftindex.obj
 0001:0003ae50       ??1?$map@_KIU?$less@_K@std@@V?$allocator@U?$pair@$$CB_KI@std@@@2@@std@@QAE@XZ 6103be50 f i mftindex.obj
 0001:0003aec0       ?extend@?$Array@E@col@@QAEAAV12@I@Z 6103bec0 f i mftindex.obj
 0001:0003af10       ?extend@?$ObjectArray@UFileRecord@FilePanel@@@col@@QAEAAV12@I@Z 6103bf10 f i mftindex.obj
 0001:0003af40       ??1?$list@UFileRecord@FilePanel@@V?$allocator@UFileRecord@FilePanel@@@std@@@std@@QAE@XZ 6103bf40 f i mftindex.obj
 0001:0003af60       ?resize@?$ObjectArray@UFileRecord@FilePanel@@@col@@AAEXI@Z 6103bf60 f i mftindex.obj
 0001:0003afc0       ?ref_resize@?$ObjectArray@UFileRecord@FilePanel@@@col@@AAEXI@Z 6103bfc0 f i mftindex.obj
 0001:0003b020       ??1?$_Tree_val@V?$_Tmap_traits@V?$basic_string@_WU?$char_traits@_W@std@@V?$allocator@_W@2@@std@@V12@U?$less@V?$basic_string@_WU?$char_traits@_W@std@@V?$allocator@_W@2@@std@@@2@V?$allocator@U?$pair@$$CBV?$basic_string@_WU?$char_traits@_W@std@@V?$allocator@_W@2@@std@@V12@@std@@@2@$0A@@std@@@std@@QAE@XZ 6103c020 f i volume_list.obj
 0001:0003b020       ??1?$_Tree_val@V?$_Tmap_traits@_KIU?$less@_K@std@@V?$allocator@U?$pair@$$CB_KI@std@@@2@$0A@@std@@@std@@QAE@XZ 6103c020 f i mftindex.obj
 0001:0003b020       ??1?$_Tree_val@V?$_Tset_traits@_KU?$less@_K@std@@V?$allocator@_K@2@$0A@@std@@@std@@QAE@XZ 6103c020 f i mftindex.obj
 0001:0003b040       ?clear@?$list@UFileRecord@FilePanel@@V?$allocator@UFileRecord@FilePanel@@@std@@@std@@QAEXXZ 6103c040 f i mftindex.obj
 0001:0003b090       ?_Buynode@?$_List_val@UFileRecord@FilePanel@@V?$allocator@UFileRecord@FilePanel@@@std@@@std@@QAEPAU_Node@?$_List_nod@UFileRecord@FilePanel@@V?$allocator@UFileRecord@FilePanel@@@std@@@2@PAU342@0ABUFileRecord@FilePanel@@@Z 6103c090 f i mftindex.obj
 0001:0003b100       ?erase@?$_Tree@V?$_Tset_traits@_KU?$less@_K@std@@V?$allocator@_K@2@$0A@@std@@@std@@QAE?AV?$_Tree_const_iterator@V?$_Tree_val@V?$_Tset_traits@_KU?$less@_K@std@@V?$allocator@_K@2@$0A@@std@@@std@@@2@V32@0@Z 6103c100 f i mftindex.obj
 0001:0003b1b0       ?_Eqrange@?$_Tree@V?$_Tset_traits@_KU?$less@_K@std@@V?$allocator@_K@2@$0A@@std@@@std@@IBE?AU?$pair@V?$_Tree_const_iterator@V?$_Tree_val@V?$_Tset_traits@_KU?$less@_K@std@@V?$allocator@_K@2@$0A@@std@@@std@@@std@@V12@@2@AB_K@Z 6103c1b0 f i mftindex.obj
 0001:0003b260       ?erase@?$_Tree@V?$_Tmap_traits@_KIU?$less@_K@std@@V?$allocator@U?$pair@$$CB_KI@std@@@2@$0A@@std@@@std@@QAE?AV?$_Tree_iterator@V?$_Tree_val@V?$_Tmap_traits@_KIU?$less@_K@std@@V?$allocator@U?$pair@$$CB_KI@std@@@2@$0A@@std@@@std@@@2@V?$_Tree_const_iterator@V?$_Tree_val@V?$_Tmap_traits@_KIU?$less@_K@std@@V?$allocator@U?$pair@$$CB_KI@std@@@2@$0A@@std@@@std@@@2@0@Z 6103c260 f i mftindex.obj
 0001:0003b310       ?_Eqrange@?$_Tree@V?$_Tmap_traits@_KIU?$less@_K@std@@V?$allocator@U?$pair@$$CB_KI@std@@@2@$0A@@std@@@std@@IBE?AU?$pair@V?$_Tree_const_iterator@V?$_Tree_val@V?$_Tmap_traits@_KIU?$less@_K@std@@V?$allocator@U?$pair@$$CB_KI@std@@@2@$0A@@std@@@std@@@std@@V12@@2@AB_K@Z 6103c310 f i mftindex.obj
 0001:0003b3c0       ?erase@?$_Tree@V?$_Tset_traits@_KU?$less@_K@std@@V?$allocator@_K@2@$0A@@std@@@std@@QAE?AV?$_Tree_const_iterator@V?$_Tree_val@V?$_Tset_traits@_KU?$less@_K@std@@V?$allocator@_K@2@$0A@@std@@@std@@@2@V32@@Z 6103c3c0 f i mftindex.obj
 0001:0003b640       ?clear@?$_Tree@V?$_Tset_traits@_KU?$less@_K@std@@V?$allocator@_K@2@$0A@@std@@@std@@QAEXXZ 6103c640 f i mftindex.obj
 0001:0003b690       ?_Min@?$_Tree_val@V?$_Tset_traits@_KU?$less@_K@std@@V?$allocator@_K@2@$0A@@std@@@std@@SAPAU_Node@?$_Tree_nod@V?$_Tset_traits@_KU?$less@_K@std@@V?$allocator@_K@2@$0A@@std@@@2@PAU342@@Z 6103c690 f i mftindex.obj
 0001:0003b6b0       ?erase@?$_Tree@V?$_Tmap_traits@_KIU?$less@_K@std@@V?$allocator@U?$pair@$$CB_KI@std@@@2@$0A@@std@@@std@@QAE?AV?$_Tree_iterator@V?$_Tree_val@V?$_Tmap_traits@_KIU?$less@_K@std@@V?$allocator@U?$pair@$$CB_KI@std@@@2@$0A@@std@@@std@@@2@V?$_Tree_const_iterator@V?$_Tree_val@V?$_Tmap_traits@_KIU?$less@_K@std@@V?$allocator@U?$pair@$$CB_KI@std@@@2@$0A@@std@@@std@@@2@@Z 6103c6b0 f i mftindex.obj
 0001:0003b930       ?clear@?$_Tree@V?$_Tmap_traits@_KIU?$less@_K@std@@V?$allocator@U?$pair@$$CB_KI@std@@@2@$0A@@std@@@std@@QAEXXZ 6103c930 f i mftindex.obj
 0001:0003b980       ?_Min@?$_Tree_val@V?$_Tmap_traits@_KIU?$less@_K@std@@V?$allocator@U?$pair@$$CB_KI@std@@@2@$0A@@std@@@std@@SAPAU_Node@?$_Tree_nod@V?$_Tmap_traits@_KIU?$less@_K@std@@V?$allocator@U?$pair@$$CB_KI@std@@@2@$0A@@std@@@2@PAU342@@Z 6103c980 f i mftindex.obj
 0001:0003b9a0       ?_Erase@?$_Tree@V?$_Tset_traits@_KU?$less@_K@std@@V?$allocator@_K@2@$0A@@std@@@std@@IAEXPAU_Node@?$_Tree_nod@V?$_Tset_traits@_KU?$less@_K@std@@V?$allocator@_K@2@$0A@@std@@@2@@Z 6103c9a0 f i mftindex.obj
 0001:0003b9e0       ?_Lrotate@?$_Tree@V?$_Tset_traits@_KU?$less@_K@std@@V?$allocator@_K@2@$0A@@std@@@std@@IAEXPAU_Node@?$_Tree_nod@V?$_Tset_traits@_KU?$less@_K@std@@V?$allocator@_K@2@$0A@@std@@@2@@Z 6103c9e0 f i mftindex.obj
 0001:0003ba30       ?_Rrotate@?$_Tree@V?$_Tset_traits@_KU?$less@_K@std@@V?$allocator@_K@2@$0A@@std@@@std@@IAEXPAU_Node@?$_Tree_nod@V?$_Tset_traits@_KU?$less@_K@std@@V?$allocator@_K@2@$0A@@std@@@2@@Z 6103ca30 f i mftindex.obj
 0001:0003ba80       ?_Max@?$_Tree_val@V?$_Tset_traits@_KU?$less@_K@std@@V?$allocator@_K@2@$0A@@std@@@std@@SAPAU_Node@?$_Tree_nod@V?$_Tset_traits@_KU?$less@_K@std@@V?$allocator@_K@2@$0A@@std@@@2@PAU342@@Z 6103ca80 f i mftindex.obj
 0001:0003baa0       ?_Erase@?$_Tree@V?$_Tmap_traits@_KIU?$less@_K@std@@V?$allocator@U?$pair@$$CB_KI@std@@@2@$0A@@std@@@std@@IAEXPAU_Node@?$_Tree_nod@V?$_Tmap_traits@_KIU?$less@_K@std@@V?$allocator@U?$pair@$$CB_KI@std@@@2@$0A@@std@@@2@@Z 6103caa0 f i mftindex.obj
 0001:0003bae0       ?_Lrotate@?$_Tree@V?$_Tmap_traits@_KIU?$less@_K@std@@V?$allocator@U?$pair@$$CB_KI@std@@@2@$0A@@std@@@std@@IAEXPAU_Node@?$_Tree_nod@V?$_Tmap_traits@_KIU?$less@_K@std@@V?$allocator@U?$pair@$$CB_KI@std@@@2@$0A@@std@@@2@@Z 6103cae0 f i mftindex.obj
 0001:0003bb30       ?_Rrotate@?$_Tree@V?$_Tmap_traits@_KIU?$less@_K@std@@V?$allocator@U?$pair@$$CB_KI@std@@@2@$0A@@std@@@std@@IAEXPAU_Node@?$_Tree_nod@V?$_Tmap_traits@_KIU?$less@_K@std@@V?$allocator@U?$pair@$$CB_KI@std@@@2@$0A@@std@@@2@@Z 6103cb30 f i mftindex.obj
 0001:0003bb80       ?_Max@?$_Tree_val@V?$_Tmap_traits@_KIU?$less@_K@std@@V?$allocator@U?$pair@$$CB_KI@std@@@2@$0A@@std@@@std@@SAPAU_Node@?$_Tree_nod@V?$_Tmap_traits@_KIU?$less@_K@std@@V?$allocator@U?$pair@$$CB_KI@std@@@2@$0A@@std@@@2@PAU342@@Z 6103cb80 f i mftindex.obj
 0001:0003bba0       ??$swap@UFileRecord@FilePanel@@@std@@YAXAAUFileRecord@FilePanel@@0@Z 6103cba0 f i mftindex.obj
 0001:0003bc00       ??4FileRecord@FilePanel@@QAEAAU01@ABU01@@Z 6103cc00 f i mftindex.obj
 0001:0003bcb0       ?_Linsert@?$_Tree@V?$_Tset_traits@_KU?$less@_K@std@@V?$allocator@_K@2@$0A@@std@@@std@@QAE?AU?$pair@V?$_Tree_const_iterator@V?$_Tree_val@V?$_Tset_traits@_KU?$less@_K@std@@V?$allocator@_K@2@$0A@@std@@@std@@@std@@_N@2@PAU_Node@?$_Tree_nod@V?$_Tset_traits@_KU?$less@_K@std@@V?$allocator@_K@2@$0A@@std@@@2@_N@Z 6103ccb0 f i mftindex.obj
 0001:0003bdb0       ?_Linsert@?$_Tree@V?$_Tmap_traits@_KIU?$less@_K@std@@V?$allocator@U?$pair@$$CB_KI@std@@@2@$0A@@std@@@std@@QAE?AU?$pair@V?$_Tree_iterator@V?$_Tree_val@V?$_Tmap_traits@_KIU?$less@_K@std@@V?$allocator@U?$pair@$$CB_KI@std@@@2@$0A@@std@@@std@@@std@@_N@2@PAU_Node@?$_Tree_nod@V?$_Tmap_traits@_KIU?$less@_K@std@@V?$allocator@U?$pair@$$CB_KI@std@@@2@$0A@@std@@@2@_N@Z 6103cdb0 f i mftindex.obj
 0001:0003beb0       ?_Insert@?$_Tree@V?$_Tset_traits@_KU?$less@_K@std@@V?$allocator@_K@2@$0A@@std@@@std@@IAE?AV?$_Tree_const_iterator@V?$_Tree_val@V?$_Tset_traits@_KU?$less@_K@std@@V?$allocator@_K@2@$0A@@std@@@std@@@2@_NPAU_Node@?$_Tree_nod@V?$_Tset_traits@_KU?$less@_K@std@@V?$allocator@_K@2@$0A@@std@@@2@1@Z 6103ceb0 f i mftindex.obj
 0001:0003c0d0       ?_Insert@?$_Tree@V?$_Tmap_traits@_KIU?$less@_K@std@@V?$allocator@U?$pair@$$CB_KI@std@@@2@$0A@@std@@@std@@IAE?AV?$_Tree_iterator@V?$_Tree_val@V?$_Tmap_traits@_KIU?$less@_K@std@@V?$allocator@U?$pair@$$CB_KI@std@@@2@$0A@@std@@@std@@@2@_NPAU_Node@?$_Tree_nod@V?$_Tmap_traits@_KIU?$less@_K@std@@V?$allocator@U?$pair@$$CB_KI@std@@@2@$0A@@std@@@2@1@Z 6103d0d0 f i mftindex.obj
 0001:0003c2f0       ??F?$_Tree_unchecked_const_iterator@V?$_Tree_val@V?$_Tset_traits@_KU?$less@_K@std@@V?$allocator@_K@2@$0A@@std@@@std@@U_Iterator_base0@2@@std@@QAEAAV01@XZ 6103d2f0 f i mftindex.obj
 0001:0003c350       ??F?$_Tree_unchecked_const_iterator@V?$_Tree_val@V?$_Tmap_traits@_KIU?$less@_K@std@@V?$allocator@U?$pair@$$CB_KI@std@@@2@$0A@@std@@@std@@U_Iterator_base0@2@@std@@QAEAAV01@XZ 6103d350 f i mftindex.obj
 0001:0003c3b0       ??$_cmp@UFileRecordCompare@FilePanel@@UFileRecord@2@@?$ObjectArray@UFileRecord@FilePanel@@@col@@CAHPBX0@Z 6103d3b0 f i mftindex.obj
 0001:0003c410       ??$_cmp@UParentFileIndexCompare@?1??mft_scan_dir@FilePanel@@AAEX_KABVUnicodeString@col@@AAV?$list@UPanelItemData@FilePanel@@V?$allocator@UPanelItemData@FilePanel@@@std@@@std@@AAVFileListProgress@@@Z@_K@?$ObjectArray@UFileRecord@FilePanel@@@col@@CAHPBX0@Z 6103d410 f i mftindex.obj
 0001:0003c450       ??$_Buynode@$$CB_K@?$_Tree_val@V?$_Tset_traits@_KU?$less@_K@std@@V?$allocator@_K@2@$0A@@std@@@std@@QAEPAU_Node@?$_Tree_nod@V?$_Tset_traits@_KU?$less@_K@std@@V?$allocator@_K@2@$0A@@std@@@1@$$QB_K@Z 6103d450 f i mftindex.obj
 0001:0003c450       ??$_Buynode@_K@?$_Tree_val@V?$_Tset_traits@_KU?$less@_K@std@@V?$allocator@_K@2@$0A@@std@@@std@@QAEPAU_Node@?$_Tree_nod@V?$_Tset_traits@_KU?$less@_K@std@@V?$allocator@_K@2@$0A@@std@@@1@$$QA_K@Z 6103d450 f i mftindex.obj
 0001:0003c4c0       ??$_Buynode@U?$pair@_KI@std@@@?$_Tree_val@V?$_Tmap_traits@_KIU?$less@_K@std@@V?$allocator@U?$pair@$$CB_KI@std@@@2@$0A@@std@@@std@@QAEPAU_Node@?$_Tree_nod@V?$_Tmap_traits@_KIU?$less@_K@std@@V?$allocator@U?$pair@$$CB_KI@std@@@2@$0A@@std@@@1@$$QAU?$pair@_KI@1@@Z 6103d4c0 f i mftindex.obj
 0001:0003c540       ??$_Distance2@V?$_Tree_const_iterator@V?$_Tree_val@V?$_Tset_traits@_KU?$less@_K@std@@V?$allocator@_K@2@$0A@@std@@@std@@@std@@I@std@@YAXV?$_Tree_const_iterator@V?$_Tree_val@V?$_Tset_traits@_KU?$less@_K@std@@V?$allocator@_K@2@$0A@@std@@@std@@@0@0AAIUbidirectional_iterator_tag@0@@Z 6103d540 f i mftindex.obj
 0001:0003c5b0       ??$_Distance2@V?$_Tree_const_iterator@V?$_Tree_val@V?$_Tmap_traits@_KIU?$less@_K@std@@V?$allocator@U?$pair@$$CB_KI@std@@@2@$0A@@std@@@std@@@std@@I@std@@YAXV?$_Tree_const_iterator@V?$_Tree_val@V?$_Tmap_traits@_KIU?$less@_K@std@@V?$allocator@U?$pair@$$CB_KI@std@@@2@$0A@@std@@@std@@@0@0AAIUbidirectional_iterator_tag@0@@Z 6103d5b0 f i mftindex.obj
 0001:0003c620       ?get_version_info@@YA?AUVersionData@@ABVUnicodeString@col@@@Z 6103d620 f   filever.obj
 0001:0003ea40       ??1VersionData@@QAE@XZ     6103fa40 f i filever.obj
 0001:0003ea70       ??1ListData@FarDialog@@QAE@XZ 6103fa70 f i content.obj
 0001:0003ea70       ??1PanelItemData@FilePanel@@QAE@XZ 6103fa70 f i file_panel.obj
 0001:0003ea70       ??1CertificateInfo@@QAE@XZ 6103fa70 f i filever.obj
 0001:0003ea70       ??1LogRecord@@QAE@XZ       6103fa70 f i main.obj
 0001:0003ea70       ??1NameValue@@QAE@XZ       6103fa70 f i filever.obj
 0001:0003eaa0       ??1VarVerInfo@@QAE@XZ      6103faa0 f i filever.obj
 0001:0003eab0       ?get_certificate_info@@YA?AUCertificateInfo@@PAXPBU_CMSG_SIGNER_INFO@@@Z 6103fab0 f   filever.obj
 0001:0003ecc0       ?get_signature_info@@YA?AV?$ObjectArray@UNameValue@@@col@@ABVUnicodeString@2@@Z 6103fcc0 f   filever.obj
 0001:0003fb50       ?verify_signature@@YAJABVUnicodeString@col@@@Z 61040b50 f   filever.obj
 0001:0003fc30       ?get_prop_list@@YA?AV?$ObjectArray@UNameValue@@@col@@ABVUnicodeString@2@@Z 61040c30 f   filever.obj
 0001:00040030       ?file_version_dialog_proc@@YGHPAXHH0@Z 61041030 f   filever.obj
 0001:00040500       ?show_file_version_dialog@@YAXABVUnicodeString@col@@ABUVersionData@@@Z 61041500 f   filever.obj
 0001:00041380       ?plugin_show_file_version@@YAXABVUnicodeString@col@@@Z 61042380 f   filever.obj
 0001:000415e0       ??1?$ObjectArray@UVarVerInfo@@@col@@QAE@XZ 610425e0 f i filever.obj
 0001:000415f0       ??1?$_com_ptr_t@V?$_com_IIID@UIPropertyStorage@@$1?_GUID_00000138_0000_0000_c000_000000000046@@3U__s_GUID@@B@@@@QAE@XZ 610425f0 f i filever.obj
 0001:000415f0       ??1?$_com_ptr_t@V?$_com_IIID@UIPropertySetStorage@@$1?_GUID_0000013a_0000_0000_c000_000000000046@@3U__s_GUID@@B@@@@QAE@XZ 610425f0 f i filever.obj
 0001:00041610       ?clean@?$ObjectArray@UVarVerInfo@@@col@@AAEXXZ 61042610 f i filever.obj
 0001:00041660       ?ref_alloc@?$ObjectArray@UNameValue@@@col@@AAEPAUBuffer@12@I@Z 61042660 f i filever.obj
 0001:00041660       ?ref_alloc@?$ObjectArray@UVarVerInfo@@@col@@AAEPAUBuffer@12@I@Z 61042660 f i filever.obj
 0001:00041660       ?ref_alloc@?$ObjectArray@ULogRecord@@@col@@AAEPAUBuffer@12@I@Z 61042660 f i defragment.obj
 0001:00041660       ?ref_alloc@?$ObjectArray@UListData@FarDialog@@@col@@AAEPAUBuffer@12@I@Z 61042660 f i dlgapi.obj
 0001:00041660       ?ref_alloc@?$Array@_K@col@@AAEPAUBuffer@12@I@Z 61042660 f i ntfs_file.obj
 0001:000416d0       ?replace@?$ObjectArray@UVarVerInfo@@@col@@QAEAAV12@IIPBUVarVerInfo@@I@Z 610426d0 f i filever.obj
 0001:00041990       ??YUnicodeString@col@@QAEAAV01@PB_W@Z 61042990 f i filever.obj
 0001:00041990       ?add@UnicodeString@col@@QAEAAV12@PB_W@Z 61042990 f i main.obj
 0001:000419c0       ??1CriticalSection@@UAE@XZ 610429c0 f i compress_files.obj
 0001:000419e0       ??_GCriticalSection@@UAEPAXI@Z 610429e0 f i compress_files.obj
 0001:000419e0       ??_ECriticalSection@@UAEPAXI@Z 610429e0 f i  CIL library: CIL module
 0001:00041a10       ??0CriticalSectionLock@@QAE@AAVCriticalSection@@@Z 61042a10 f i compress_files.obj
 0001:00041a40       ??1CriticalSectionLock@@QAE@XZ 61042a40 f i compress_files.obj
 0001:00041a60       ?init_comp_api@@YAXXZ      61042a60 f   compress_files.obj
 0001:00041b60       ?get_comp_work_buffer_size@@YAIXZ 61042b60 f   compress_files.obj
 0001:00041c10       ?get_cluster_size@@YAIABVUnicodeString@col@@@Z 61042c10 f   compress_files.obj
 0001:00041cc0       ?get_time@@YA_KXZ          61042cc0 f   compress_files.obj
 0001:00041d60       ?get_time_freq@@YA_KXZ     61042d60 f   compress_files.obj
 0001:00041e00       ??0Buffer@@QAE@XZ          61042e00 f i compress_files.obj
 0001:00041e20       ??1Buffer@@QAE@XZ          61042e20 f i compress_files.obj
 0001:00041e60       ?allocate@Buffer@@QAEXIII@Z 61042e60 f i compress_files.obj
 0001:00041f20       ??0BufferArray@@QAE@II@Z   61042f20 f i compress_files.obj
 0001:00042020       ??1BufferArray@@QAE@XZ     61043020 f i compress_files.obj
 0001:00042050       ??_EBuffer@@QAEPAXI@Z      61043050 f i compress_files.obj
 0001:00042080       ?update_defrag_ui@CompressFiles@@UAEX_N@Z 61043080 f i compress_files.obj
 0001:000420a0       ??0CompressFiles@@QAE@ABUCompressFilesParams@@AAULog@@II@Z 610430a0 f i compress_files.obj
 0001:000421f0       ??_ECompressFiles@@UAEPAXI@Z 610431f0 f i  CIL library: CIL module
 0001:000421f0       ??_GCompressFiles@@UAEPAXI@Z 610431f0 f i compress_files.obj
 0001:00042210       ??1CompressFiles@@UAE@XZ   61043210 f i compress_files.obj
 0001:00042300       ?stop_threads@WorkerThreads@@AAEXXZ 61043300 f i compress_files.obj
 0001:00042370       ?thread_proc@WorkerThreads@@CGIPAX@Z 61043370 f i compress_files.obj
 0001:000423e0       ??0WorkerThreads@@QAE@AAUCompressFiles@@@Z 610433e0 f i compress_files.obj
 0001:000425c0       ??1WorkerThreads@@QAE@XZ   610435c0 f i compress_files.obj
 0001:00042620       ?do_update_ui@CompressFiles@@UAEXXZ 61043620 f   compress_files.obj
 0001:00043a80       ?estimate_file_size@CompressFiles@@QAEXABUFindData@@@Z 61044a80 f   compress_files.obj
 0001:00043b00       ?estimate_directory_size@CompressFiles@@QAEXABVUnicodeString@col@@@Z 61044b00 f   compress_files.obj
 0001:00043cf0       ?run_compression_thread@CompressFiles@@QAEXXZ 61044cf0 f   compress_files.obj
 0001:00043fc0       ??0ReadOnlyFileAccess@@QAE@ABVUnicodeString@col@@@Z 61044fc0 f i compress_files.obj
 0001:00044110       ??1ReadOnlyFileAccess@@QAE@XZ 61045110 f i compress_files.obj
 0001:000441e0       ?compress_file@CompressFiles@@QAEXABVUnicodeString@col@@ABUFindData@@@Z 610451e0 f   compress_files.obj
 0001:00044950       ?compress_directory@CompressFiles@@QAEXABVUnicodeString@col@@@Z 61045950 f   compress_files.obj
 0001:00044b80       ?process@CompressFiles@@QAEXABV?$ObjectArray@VUnicodeString@col@@@col@@@Z 61045b80 f   compress_files.obj
 0001:00045140       ?plugin_compress_files@@YAXABV?$ObjectArray@VUnicodeString@col@@@col@@ABUCompressFilesParams@@AAULog@@@Z 61046140 f   compress_files.obj
 0001:000451f0       ?dialog_proc@CompressFilesDialog@@CGHPAXHH0@Z 610461f0 f i compress_files.obj
 0001:00045370       ?show@CompressFilesDialog@@QAE_NXZ 61046370 f i compress_files.obj
 0001:000455d0       ?show_compress_files_dialog@@YA_NAAUCompressFilesParams@@@Z 610465d0 f   compress_files.obj
 0001:000456e0       ??1CompressFilesDialog@@QAE@XZ 610466e0 f i compress_files.obj
 0001:000456e0       ??1FilePanelModeDialog@@QAE@XZ 610466e0 f i file_panel.obj
 0001:000456f0       ??1?$vector@PAXV?$allocator@PAX@std@@@std@@QAE@XZ 610466f0 f i compress_files.obj
 0001:00045720       ?reserve@?$vector@PAXV?$allocator@PAX@std@@@std@@QAEXI@Z 61046720 f i compress_files.obj
 0001:000457a0       ?allocate@?$allocator@PAX@std@@QAEPAPAXI@Z 610467a0 f i compress_files.obj
 0001:00045800       ??$_Insert@V?$_Vector_iterator@V?$_Vector_val@PAXV?$allocator@PAX@std@@@std@@@std@@@?$vector@PAXV?$allocator@PAX@std@@@std@@QAEXV?$_Vector_const_iterator@V?$_Vector_val@PAXV?$allocator@PAX@std@@@std@@@1@V?$_Vector_iterator@V?$_Vector_val@PAXV?$allocator@PAX@std@@@std@@@1@1Uforward_iterator_tag@1@@Z 61046800 f i compress_files.obj
 0001:000459b0       ??$_Uninit_copy@V?$_Vector_iterator@V?$_Vector_val@PAXV?$allocator@PAX@std@@@std@@@std@@PAPAXV?$allocator@PAX@2@@std@@YAPAPAXV?$_Vector_iterator@V?$_Vector_val@PAXV?$allocator@PAX@std@@@std@@@0@0PAPAXAAV?$allocator@PAX@0@U_Nonscalar_ptr_iterator_tag@0@@Z 610469b0 f i compress_files.obj
 0001:000459e0       ??$_Rotate@PAPAXHPAX@std@@YAXPAPAX00PAH0@Z 610469e0 f i compress_files.obj
 0001:00045a70       ??1VolumeEnum@@QAE@XZ      61046a70 f i volume_list.obj
 0001:00045a90       ?next@VolumeEnum@@QAE_NXZ  61046a90 f i volume_list.obj
 0001:00045bb0       ?get_volume_path@VolumeEnum@@QBE?AV?$basic_string@_WU?$char_traits@_W@std@@V?$allocator@_W@2@@std@@XZ 61046bb0 f i volume_list.obj
 0001:00045c10       ?next@LogicalDrivesEnum@@QAE_NXZ 61046c10 f i volume_list.obj
 0001:00045d60       ?get_drive@LogicalDrivesEnum@@QBE?AV?$basic_string@_WU?$char_traits@_W@std@@V?$allocator@_W@2@@std@@XZ 61046d60 f i volume_list.obj
 0001:00045dc0       ?get_volume_mount_points@@YA?AV?$list@V?$basic_string@_WU?$char_traits@_W@std@@V?$allocator@_W@2@@std@@V?$allocator@V?$basic_string@_WU?$char_traits@_W@std@@V?$allocator@_W@2@@std@@@2@@std@@ABV?$basic_string@_WU?$char_traits@_W@std@@V?$allocator@_W@2@@2@@Z 61046dc0 f   volume_list.obj
 0001:000460e0       ?get_device_path@@YA_NABV?$basic_string@_WU?$char_traits@_W@std@@V?$allocator@_W@2@@std@@AAV12@@Z 610470e0 f   volume_list.obj
 0001:00046340       ?get_volume_guid_path@@YA_NABV?$basic_string@_WU?$char_traits@_W@std@@V?$allocator@_W@2@@std@@AAV12@@Z 61047340 f   volume_list.obj
 0001:00046450       ?enum_volumes@@YA?AV?$list@UVolumeItem@@V?$allocator@UVolumeItem@@@std@@@std@@XZ 61047450 f   volume_list.obj
 0001:00046c00       ??1LogicalDrivesEnum@@QAE@XZ 61047c00 f i volume_list.obj
 0001:00046c20       ??1?$map@V?$basic_string@_WU?$char_traits@_W@std@@V?$allocator@_W@2@@std@@V12@U?$less@V?$basic_string@_WU?$char_traits@_W@std@@V?$allocator@_W@2@@std@@@2@V?$allocator@U?$pair@$$CBV?$basic_string@_WU?$char_traits@_W@std@@V?$allocator@_W@2@@std@@V12@@std@@@2@@std@@QAE@XZ 61047c20 f i volume_list.obj
 0001:00046c90       ??1VolumeItem@@QAE@XZ      61047c90 f i volume_list.obj
 0001:00046d10       ?create_volume_items@FilePanel@@AAE?AUPluginItemList@@XZ 61047d10 f   volume_list.obj
 0001:00047430       ??1?$unique_ptr@$$BY0A@_WU?$default_delete@$$BY0A@_W@std@@@std@@QAE@XZ 61048430 f i volume_list.obj
 0001:00047440       ??1?$list@V?$basic_string@_WU?$char_traits@_W@std@@V?$allocator@_W@2@@std@@V?$allocator@V?$basic_string@_WU?$char_traits@_W@std@@V?$allocator@_W@2@@std@@@2@@std@@QAE@XZ 61048440 f i volume_list.obj
 0001:00047460       ?erase@?$list@V?$basic_string@_WU?$char_traits@_W@std@@V?$allocator@_W@2@@std@@V?$allocator@V?$basic_string@_WU?$char_traits@_W@std@@V?$allocator@_W@2@@std@@@2@@std@@QAE?AV?$_List_iterator@V?$_List_val@V?$basic_string@_WU?$char_traits@_W@std@@V?$allocator@_W@2@@std@@V?$allocator@V?$basic_string@_WU?$char_traits@_W@std@@V?$allocator@_W@2@@std@@@2@@std@@@2@V?$_List_const_iterator@V?$_List_val@V?$basic_string@_WU?$char_traits@_W@std@@V?$allocator@_W@2@@std@@V?$allocator@V?$basic_string@_WU?$char_traits@_W@std@@V?$allocator@_W@2@@std@@@2@@std@@@2@@Z 61048460 f i volume_list.obj
 0001:000474c0       ??1?$list@UVolumeItem@@V?$allocator@UVolumeItem@@@std@@@std@@QAE@XZ 610484c0 f i volume_list.obj
 0001:00047510       ??A?$map@V?$basic_string@_WU?$char_traits@_W@std@@V?$allocator@_W@2@@std@@V12@U?$less@V?$basic_string@_WU?$char_traits@_W@std@@V?$allocator@_W@2@@std@@@2@V?$allocator@U?$pair@$$CBV?$basic_string@_WU?$char_traits@_W@std@@V?$allocator@_W@2@@std@@V12@@std@@@2@@std@@QAEAAV?$basic_string@_WU?$char_traits@_W@std@@V?$allocator@_W@2@@1@ABV21@@Z 61048510 f i volume_list.obj
 0001:000476a0       ??1?$pair@$$CBV?$basic_string@_WU?$char_traits@_W@std@@V?$allocator@_W@2@@std@@V12@@std@@QAE@XZ 610486a0 f i volume_list.obj
 0001:000476a0       ??$_Dest_val@V?$allocator@U?$pair@$$CBV?$basic_string@_WU?$char_traits@_W@std@@V?$allocator@_W@2@@std@@V12@@std@@@std@@U?$pair@$$CBV?$basic_string@_WU?$char_traits@_W@std@@V?$allocator@_W@2@@std@@V12@@2@@std@@YAXAAV?$allocator@U?$pair@$$CBV?$basic_string@_WU?$char_traits@_W@std@@V?$allocator@_W@2@@std@@V12@@std@@@0@PAU?$pair@$$CBV?$basic_string@_WU?$char_traits@_W@std@@V?$allocator@_W@2@@std@@V12@@0@@Z 610486a0 f i volume_list.obj
 0001:000476f0       ??1?$_List_val@V?$basic_string@_WU?$char_traits@_W@std@@V?$allocator@_W@2@@std@@V?$allocator@V?$basic_string@_WU?$char_traits@_W@std@@V?$allocator@_W@2@@std@@@2@@std@@QAE@XZ 610486f0 f i volume_list.obj
 0001:00047700       ??R?$less@V?$basic_string@_WU?$char_traits@_W@std@@V?$allocator@_W@2@@std@@@std@@QBE_NABV?$basic_string@_WU?$char_traits@_W@std@@V?$allocator@_W@2@@1@0@Z 61048700 f i volume_list.obj
 0001:00047730       ?clear@?$list@V?$basic_string@_WU?$char_traits@_W@std@@V?$allocator@_W@2@@std@@V?$allocator@V?$basic_string@_WU?$char_traits@_W@std@@V?$allocator@_W@2@@std@@@2@@std@@QAEXXZ 61048730 f i volume_list.obj
 0001:00047790       ?_Buynode@?$_List_val@UVolumeItem@@V?$allocator@UVolumeItem@@@std@@@std@@QAEPAU_Node@?$_List_nod@UVolumeItem@@V?$allocator@UVolumeItem@@@std@@@2@PAU342@0ABUVolumeItem@@@Z 61048790 f i volume_list.obj
[...]
 0001:00065e92       __unwindfunclet$?display_file_info@FileAnalyzer@@QAEX_N@Z$96 61066e92 f    CIL library: CIL module
 0001:00065e9c       __unwindfunclet$?display_file_info@FileAnalyzer@@QAEX_N@Z$97 61066e9c f    CIL library: CIL module
 0001:00065ea6       __unwindfunclet$?display_file_info@FileAnalyzer@@QAEX_N@Z$98 61066ea6 f    CIL library: CIL module
 0001:00065eb3       __unwindfunclet$?display_file_info@FileAnalyzer@@QAEX_N@Z$99 61066eb3 f    CIL library: CIL module
 0001:00065ebd       __unwindfunclet$?display_file_info@FileAnalyzer@@QAEX_N@Z$103 61066ebd f    CIL library: CIL module
 0001:00065eca       __unwindfunclet$?display_file_info@FileAnalyzer@@QAEX_N@Z$104 61066eca f    CIL library: CIL module
 0001:00065ed7       __unwindfunclet$?display_file_info@FileAnalyzer@@QAEX_N@Z$106 61066ed7 f    CIL library: CIL module
 0001:00065ee4       __unwindfunclet$?display_file_info@FileAnalyzer@@QAEX_N@Z$107 61066ee4 f    CIL library: CIL module
 0001:00065ef1       __unwindfunclet$?display_file_info@FileAnalyzer@@QAEX_N@Z$108 61066ef1 f    CIL library: CIL module
 0001:00065efe       __unwindfunclet$?display_file_info@FileAnalyzer@@QAEX_N@Z$109 61066efe f    CIL library: CIL module
 0001:00065f0b       __unwindfunclet$?display_file_info@FileAnalyzer@@QAEX_N@Z$111 61066f0b f    CIL library: CIL module
 0001:00065f18       __unwindfunclet$?display_file_info@FileAnalyzer@@QAEX_N@Z$112 61066f18 f    CIL library: CIL module
 0001:00065f25       __unwindfunclet$?display_file_info@FileAnalyzer@@QAEX_N@Z$113 61066f25 f    CIL library: CIL module
 0001:00065f2f       __unwindfunclet$?display_file_info@FileAnalyzer@@QAEX_N@Z$114 61066f2f f    CIL library: CIL module
 0001:00065f3c       __unwindfunclet$?display_file_info@FileAnalyzer@@QAEX_N@Z$125 61066f3c f    CIL library: CIL module
 0001:00065f49       __unwindfunclet$?display_file_info@FileAnalyzer@@QAEX_N@Z$126 61066f49 f    CIL library: CIL module
 0001:00065f56       __unwindfunclet$?display_file_info@FileAnalyzer@@QAEX_N@Z$127 61066f56 f    CIL library: CIL module
 0001:00065f73       __unwindfunclet$?display_file_info@FileAnalyzer@@QAEX_N@Z$131 61066f73 f    CIL library: CIL module
 0001:00065f80       __unwindfunclet$?display_file_info@FileAnalyzer@@QAEX_N@Z$132 61066f80 f    CIL library: CIL module
 0001:00065f8d       __unwindfunclet$?display_file_info@FileAnalyzer@@QAEX_N@Z$133 61066f8d f    CIL library: CIL module
 0001:00065f9a       __unwindfunclet$?display_file_info@FileAnalyzer@@QAEX_N@Z$134 61066f9a f    CIL library: CIL module
 0001:00065fa7       __unwindfunclet$?display_file_info@FileAnalyzer@@QAEX_N@Z$136 61066fa7 f    CIL library: CIL module
 0001:00065fb4       __unwindfunclet$?display_file_info@FileAnalyzer@@QAEX_N@Z$137 61066fb4 f    CIL library: CIL module
 0001:00065fc1       __unwindfunclet$?display_file_info@FileAnalyzer@@QAEX_N@Z$138 61066fc1 f    CIL library: CIL module
 0001:00065fce       __unwindfunclet$?display_file_info@FileAnalyzer@@QAEX_N@Z$139 61066fce f    CIL library: CIL module
 0001:00065fdb       __unwindfunclet$?display_file_info@FileAnalyzer@@QAEX_N@Z$140 61066fdb f    CIL library: CIL module
 0001:00065fe8       __unwindfunclet$?display_file_info@FileAnalyzer@@QAEX_N@Z$142 61066fe8 f    CIL library: CIL module
 0001:00065ff5       __unwindfunclet$?display_file_info@FileAnalyzer@@QAEX_N@Z$143 61066ff5 f    CIL library: CIL module
 0001:00066002       __unwindfunclet$?display_file_info@FileAnalyzer@@QAEX_N@Z$144 61067002 f    CIL library: CIL module
 0001:0006600c       __unwindfunclet$?display_file_info@FileAnalyzer@@QAEX_N@Z$145 6106700c f    CIL library: CIL module
 0001:00066019       __unwindfunclet$?display_file_info@FileAnalyzer@@QAEX_N@Z$146 61067019 f    CIL library: CIL module
 0001:00066026       __unwindfunclet$?display_file_info@FileAnalyzer@@QAEX_N@Z$147 61067026 f    CIL library: CIL module
 0001:00066033       __unwindfunclet$?display_file_info@FileAnalyzer@@QAEX_N@Z$148 61067033 f    CIL library: CIL module
 0001:00066040       __unwindfunclet$?display_file_info@FileAnalyzer@@QAEX_N@Z$149 61067040 f    CIL library: CIL module
 0001:0006604d       __unwindfunclet$?display_file_info@FileAnalyzer@@QAEX_N@Z$150 6106704d f    CIL library: CIL module
 0001:0006605a       __unwindfunclet$?display_file_info@FileAnalyzer@@QAEX_N@Z$151 6106705a f    CIL library: CIL module
 0001:00066067       __unwindfunclet$?display_file_info@FileAnalyzer@@QAEX_N@Z$152 61067067 f    CIL library: CIL module
 0001:00066071       __unwindfunclet$?display_file_info@FileAnalyzer@@QAEX_N@Z$153 61067071 f    CIL library: CIL module
 0001:0006607e       __unwindfunclet$?display_file_info@FileAnalyzer@@QAEX_N@Z$156 6106707e f    CIL library: CIL module
 0001:0006608b       __unwindfunclet$?display_file_info@FileAnalyzer@@QAEX_N@Z$157 6106708b f    CIL library: CIL module
 0001:00066098       __unwindfunclet$?display_file_info@FileAnalyzer@@QAEX_N@Z$158 61067098 f    CIL library: CIL module
 0001:000660a5       __unwindfunclet$?display_file_info@FileAnalyzer@@QAEX_N@Z$160 610670a5 f    CIL library: CIL module
 0001:000660b2       __unwindfunclet$?display_file_info@FileAnalyzer@@QAEX_N@Z$161 610670b2 f    CIL library: CIL module
 0001:000660bf       __unwindfunclet$?display_file_info@FileAnalyzer@@QAEX_N@Z$162 610670bf f    CIL library: CIL module
 0001:000660cc       __unwindfunclet$?display_file_info@FileAnalyzer@@QAEX_N@Z$164 610670cc f    CIL library: CIL module
 0001:000660d9       __unwindfunclet$?display_file_info@FileAnalyzer@@QAEX_N@Z$165 610670d9 f    CIL library: CIL module
 0001:000660e6       __unwindfunclet$?display_file_info@FileAnalyzer@@QAEX_N@Z$166 610670e6 f    CIL library: CIL module
 0001:00066103       __unwindfunclet$?display_file_info@FileAnalyzer@@QAEX_N@Z$170 61067103 f    CIL library: CIL module
 0001:00066110       __unwindfunclet$?display_file_info@FileAnalyzer@@QAEX_N@Z$171 61067110 f    CIL library: CIL module
 0001:0006611d       __unwindfunclet$?display_file_info@FileAnalyzer@@QAEX_N@Z$172 6106711d f    CIL library: CIL module
 0001:0006612a       __unwindfunclet$?display_file_info@FileAnalyzer@@QAEX_N@Z$173 6106712a f    CIL library: CIL module
 0001:00066137       __unwindfunclet$?display_file_info@FileAnalyzer@@QAEX_N@Z$175 61067137 f    CIL library: CIL module
 0001:00066144       __unwindfunclet$?display_file_info@FileAnalyzer@@QAEX_N@Z$176 61067144 f    CIL library: CIL module
 0001:00066151       __unwindfunclet$?display_file_info@FileAnalyzer@@QAEX_N@Z$177 61067151 f    CIL library: CIL module
 0001:0006615e       __unwindfunclet$?display_file_info@FileAnalyzer@@QAEX_N@Z$178 6106715e f    CIL library: CIL module
 0001:0006616b       __unwindfunclet$?display_file_info@FileAnalyzer@@QAEX_N@Z$179 6106716b f    CIL library: CIL module
 0001:00066178       __unwindfunclet$?display_file_info@FileAnalyzer@@QAEX_N@Z$181 61067178 f    CIL library: CIL module
 0001:00066185       __unwindfunclet$?display_file_info@FileAnalyzer@@QAEX_N@Z$182 61067185 f    CIL library: CIL module
 0001:00066192       __unwindfunclet$?display_file_info@FileAnalyzer@@QAEX_N@Z$183 61067192 f    CIL library: CIL module
 0001:0006619c       __unwindfunclet$?display_file_info@FileAnalyzer@@QAEX_N@Z$184 6106719c f    CIL library: CIL module
 0001:000661a6       __unwindfunclet$?display_file_info@FileAnalyzer@@QAEX_N@Z$187 610671a6 f    CIL library: CIL module
 0001:000661b3       __unwindfunclet$?display_file_info@FileAnalyzer@@QAEX_N@Z$188 610671b3 f    CIL library: CIL module
 0001:000661c0       __unwindfunclet$?display_file_info@FileAnalyzer@@QAEX_N@Z$189 610671c0 f    CIL library: CIL module
 0001:000661cd       __unwindfunclet$?display_file_info@FileAnalyzer@@QAEX_N@Z$191 610671cd f    CIL library: CIL module
 0001:000661da       __unwindfunclet$?display_file_info@FileAnalyzer@@QAEX_N@Z$192 610671da f    CIL library: CIL module
 0001:000661e7       __unwindfunclet$?display_file_info@FileAnalyzer@@QAEX_N@Z$193 610671e7 f    CIL library: CIL module
 0001:000661f4       __unwindfunclet$?display_file_info@FileAnalyzer@@QAEX_N@Z$195 610671f4 f    CIL library: CIL module
 0001:00066201       __unwindfunclet$?display_file_info@FileAnalyzer@@QAEX_N@Z$196 61067201 f    CIL library: CIL module
 0001:0006620e       __unwindfunclet$?display_file_info@FileAnalyzer@@QAEX_N@Z$197 6106720e f    CIL library: CIL module
 0001:00066230       __unwindfunclet$?display_file_info@FileAnalyzer@@QAEX_N@Z$201 61067230 f    CIL library: CIL module
 0001:0006623d       __unwindfunclet$?display_file_info@FileAnalyzer@@QAEX_N@Z$202 6106723d f    CIL library: CIL module
 0001:0006624a       __unwindfunclet$?display_file_info@FileAnalyzer@@QAEX_N@Z$203 6106724a f    CIL library: CIL module
 0001:00066257       __unwindfunclet$?display_file_info@FileAnalyzer@@QAEX_N@Z$204 61067257 f    CIL library: CIL module
 0001:00066264       __unwindfunclet$?display_file_info@FileAnalyzer@@QAEX_N@Z$206 61067264 f    CIL library: CIL module
 0001:00066271       __unwindfunclet$?display_file_info@FileAnalyzer@@QAEX_N@Z$207 61067271 f    CIL library: CIL module
 0001:0006627e       __unwindfunclet$?display_file_info@FileAnalyzer@@QAEX_N@Z$208 6106727e f    CIL library: CIL module
 0001:0006628b       __unwindfunclet$?display_file_info@FileAnalyzer@@QAEX_N@Z$209 6106728b f    CIL library: CIL module
 0001:00066298       __unwindfunclet$?display_file_info@FileAnalyzer@@QAEX_N@Z$210 61067298 f    CIL library: CIL module
 0001:000662a5       __unwindfunclet$?display_file_info@FileAnalyzer@@QAEX_N@Z$212 610672a5 f    CIL library: CIL module
 0001:000662b2       __unwindfunclet$?display_file_info@FileAnalyzer@@QAEX_N@Z$213 610672b2 f    CIL library: CIL module
 0001:000662bf       __unwindfunclet$?display_file_info@FileAnalyzer@@QAEX_N@Z$214 610672bf f    CIL library: CIL module
 0001:000662c9       __unwindfunclet$?display_file_info@FileAnalyzer@@QAEX_N@Z$215 610672c9 f    CIL library: CIL module
 0001:000662d6       __unwindfunclet$?display_file_info@FileAnalyzer@@QAEX_N@Z$218 610672d6 f    CIL library: CIL module
 0001:000662e3       __unwindfunclet$?display_file_info@FileAnalyzer@@QAEX_N@Z$219 610672e3 f    CIL library: CIL module
 0001:000662f0       __unwindfunclet$?display_file_info@FileAnalyzer@@QAEX_N@Z$220 610672f0 f    CIL library: CIL module
 0001:000662fd       __unwindfunclet$?display_file_info@FileAnalyzer@@QAEX_N@Z$222 610672fd f    CIL library: CIL module
 0001:0006630a       __unwindfunclet$?display_file_info@FileAnalyzer@@QAEX_N@Z$223 6106730a f    CIL library: CIL module
 0001:00066317       __unwindfunclet$?display_file_info@FileAnalyzer@@QAEX_N@Z$224 61067317 f    CIL library: CIL module
 0001:00066324       __unwindfunclet$?display_file_info@FileAnalyzer@@QAEX_N@Z$226 61067324 f    CIL library: CIL module
 0001:00066331       __unwindfunclet$?display_file_info@FileAnalyzer@@QAEX_N@Z$227 61067331 f    CIL library: CIL module
 0001:0006633e       __unwindfunclet$?display_file_info@FileAnalyzer@@QAEX_N@Z$228 6106733e f    CIL library: CIL module
 0001:00066360       __unwindfunclet$?display_file_info@FileAnalyzer@@QAEX_N@Z$229 61067360 f    CIL library: CIL module
 0001:00066382       __unwindfunclet$?display_file_info@FileAnalyzer@@QAEX_N@Z$230 61067382 f    CIL library: CIL module
 0001:000663a4       __unwindfunclet$?display_file_info@FileAnalyzer@@QAEX_N@Z$232 610673a4 f    CIL library: CIL module
 0001:000663b1       __unwindfunclet$?display_file_info@FileAnalyzer@@QAEX_N@Z$233 610673b1 f    CIL library: CIL module
 0001:000663be       __unwindfunclet$?display_file_info@FileAnalyzer@@QAEX_N@Z$234 610673be f    CIL library: CIL module
 0001:000663cb       __unwindfunclet$?display_file_info@FileAnalyzer@@QAEX_N@Z$235 610673cb f    CIL library: CIL module
 0001:000663d8       __unwindfunclet$?display_file_info@FileAnalyzer@@QAEX_N@Z$237 610673d8 f    CIL library: CIL module
 0001:000663e5       __unwindfunclet$?display_file_info@FileAnalyzer@@QAEX_N@Z$238 610673e5 f    CIL library: CIL module
 0001:000663f2       __unwindfunclet$?display_file_info@FileAnalyzer@@QAEX_N@Z$239 610673f2 f    CIL library: CIL module
 0001:000663ff       __unwindfunclet$?display_file_info@FileAnalyzer@@QAEX_N@Z$240 610673ff f    CIL library: CIL module
 0001:0006640c       __unwindfunclet$?display_file_info@FileAnalyzer@@QAEX_N@Z$241 6106740c f    CIL library: CIL module
 0001:00066419       __unwindfunclet$?display_file_info@FileAnalyzer@@QAEX_N@Z$243 61067419 f    CIL library: CIL module
 0001:00066426       __unwindfunclet$?display_file_info@FileAnalyzer@@QAEX_N@Z$244 61067426 f    CIL library: CIL module
 0001:00066433       __unwindfunclet$?display_file_info@FileAnalyzer@@QAEX_N@Z$245 61067433 f    CIL library: CIL module
 0001:00066440       __unwindfunclet$?display_file_info@FileAnalyzer@@QAEX_N@Z$246 61067440 f    CIL library: CIL module
 0001:0006644d       __unwindfunclet$?display_file_info@FileAnalyzer@@QAEX_N@Z$247 6106744d f    CIL library: CIL module
 0001:0006645a       __ehhandler$?display_file_info@FileAnalyzer@@QAEX_N@Z 6106745a f    CIL library: CIL module
 0001:00066490       __unwindfunclet$?plugin_show_metadata@@YAXABV?$ObjectArray@VUnicodeString@col@@@col@@@Z$0 61067490 f    CIL library: CIL module
 0001:0006649d       __unwindfunclet$?plugin_show_metadata@@YAXABV?$ObjectArray@VUnicodeString@col@@@col@@@Z$1 6106749d f    CIL library: CIL module
 0001:000664aa       __unwindfunclet$?plugin_show_metadata@@YAXABV?$ObjectArray@VUnicodeString@col@@@col@@@Z$2 610674aa f    CIL library: CIL module
 0001:000664b7       __unwindfunclet$?plugin_show_metadata@@YAXABV?$ObjectArray@VUnicodeString@col@@@col@@@Z$3 610674b7 f    CIL library: CIL module
 0001:000664c4       __ehhandler$?plugin_show_metadata@@YAXABV?$ObjectArray@VUnicodeString@col@@@col@@@Z 610674c4 f    CIL library: CIL module
 0001:00066500       __unwindfunclet$_OpenW@4$7 61067500 f    CIL library: CIL module
 0001:00066508       __unwindfunclet$_OpenW@4$8 61067508 f    CIL library: CIL module
 0001:00066512       __unwindfunclet$_OpenW@4$9 61067512 f    CIL library: CIL module
 0001:0006651c       __unwindfunclet$_OpenW@4$10 6106751c f    CIL library: CIL module
 0001:00066526       __unwindfunclet$_OpenW@4$11 61067526 f    CIL library: CIL module
 0001:0006652e       __unwindfunclet$_OpenW@4$12 6106752e f    CIL library: CIL module
 0001:00066538       __unwindfunclet$_OpenW@4$13 61067538 f    CIL library: CIL module
 0001:00066542       __unwindfunclet$_OpenW@4$14 61067542 f    CIL library: CIL module
 0001:0006654c       __unwindfunclet$_OpenW@4$15 6106754c f    CIL library: CIL module
 0001:00066556       __unwindfunclet$_OpenW@4$16 61067556 f    CIL library: CIL module
 0001:00066560       __unwindfunclet$_OpenW@4$17 61067560 f    CIL library: CIL module
 0001:0006656a       __unwindfunclet$_OpenW@4$18 6106756a f    CIL library: CIL module
 0001:00066574       __unwindfunclet$_OpenW@4$19 61067574 f    CIL library: CIL module
 0001:0006657e       __unwindfunclet$_OpenW@4$20 6106757e f    CIL library: CIL module
 0001:00066588       __unwindfunclet$_OpenW@4$21 61067588 f    CIL library: CIL module
 0001:00066592       __unwindfunclet$_OpenW@4$22 61067592 f    CIL library: CIL module
 0001:0006659c       __unwindfunclet$_OpenW@4$23 6106759c f    CIL library: CIL module
 0001:000665a6       __unwindfunclet$_OpenW@4$24 610675a6 f    CIL library: CIL module
 0001:000665b0       __unwindfunclet$_OpenW@4$25 610675b0 f    CIL library: CIL module
 0001:000665ba       __unwindfunclet$_OpenW@4$26 610675ba f    CIL library: CIL module
 0001:000665c4       __unwindfunclet$_OpenW@4$27 610675c4 f    CIL library: CIL module
 0001:000665ce       __unwindfunclet$_OpenW@4$28 610675ce f    CIL library: CIL module
 0001:000665d8       __unwindfunclet$_OpenW@4$29 610675d8 f    CIL library: CIL module
 0001:000665e2       __unwindfunclet$_OpenW@4$30 610675e2 f    CIL library: CIL module
 0001:000665ec       __unwindfunclet$_OpenW@4$31 610675ec f    CIL library: CIL module
 0001:000665f6       __unwindfunclet$_OpenW@4$32 610675f6 f    CIL library: CIL module
 0001:00066600       __unwindfunclet$_OpenW@4$33 61067600 f    CIL library: CIL module
 0001:0006660a       __unwindfunclet$_OpenW@4$34 6106760a f    CIL library: CIL module
 0001:00066614       __unwindfunclet$_OpenW@4$35 61067614 f    CIL library: CIL module
 0001:0006661e       __unwindfunclet$_OpenW@4$36 6106761e f    CIL library: CIL module
 0001:00066628       __unwindfunclet$_OpenW@4$37 61067628 f    CIL library: CIL module
 0001:00066632       __unwindfunclet$_OpenW@4$38 61067632 f    CIL library: CIL module
 0001:0006663c       __unwindfunclet$_OpenW@4$39 6106763c f    CIL library: CIL module
 0001:00066646       __unwindfunclet$_OpenW@4$40 61067646 f    CIL library: CIL module
 0001:00066650       __unwindfunclet$_OpenW@4$41 61067650 f    CIL library: CIL module
 0001:0006665a       __unwindfunclet$_OpenW@4$42 6106765a f    CIL library: CIL module
 0001:00066664       __unwindfunclet$_OpenW@4$43 61067664 f    CIL library: CIL module
 0001:0006666e       __unwindfunclet$_OpenW@4$44 6106766e f    CIL library: CIL module
 0001:00066678       __unwindfunclet$_OpenW@4$45 61067678 f    CIL library: CIL module
 0001:00066682       __unwindfunclet$_OpenW@4$46 61067682 f    CIL library: CIL module
 0001:0006668c       __unwindfunclet$_OpenW@4$47 6106768c f    CIL library: CIL module
 0001:00066696       __unwindfunclet$_OpenW@4$48 61067696 f    CIL library: CIL module
 0001:000666a0       __unwindfunclet$_OpenW@4$49 610676a0 f    CIL library: CIL module
 0001:000666aa       __unwindfunclet$_OpenW@4$50 610676aa f    CIL library: CIL module
 0001:000666b4       __unwindfunclet$_OpenW@4$51 610676b4 f    CIL library: CIL module
 0001:000666be       __unwindfunclet$_OpenW@4$52 610676be f    CIL library: CIL module
 0001:000666c8       __unwindfunclet$_OpenW@4$53 610676c8 f    CIL library: CIL module
 0001:000666d2       __unwindfunclet$_OpenW@4$54 610676d2 f    CIL library: CIL module
 0001:000666dc       __unwindfunclet$_OpenW@4$55 610676dc f    CIL library: CIL module
 0001:000666e6       __unwindfunclet$_OpenW@4$56 610676e6 f    CIL library: CIL module
 0001:000666f0       __unwindfunclet$_OpenW@4$57 610676f0 f    CIL library: CIL module
 0001:000666fa       __ehhandler$_OpenW@4       610676fa f    CIL library: CIL module
 0001:00066718       __ehhandler$?CallUnexpected@@YAXPBU_s_ESTypeList@@@Z 61067718 f   LIBCMT:frame.obj
 0001:00066740       ??__Eg_colors@@YAXXZ       61067740 f    CIL library: CIL module
 0001:000667b0       ??__Eg_file_panel_mode@@YAXXZ 610677b0 f    CIL library: CIL module
 0001:000667d0       ??__E?g_file_panels@FilePanel@@0V?$Array@PAVFilePanel@@@col@@A@@YAXXZ 610677d0 f    CIL library: CIL module
 0001:000667f0       ??__Esize_suffixes@@YAXXZ  610677f0 f    CIL library: CIL module
 0001:00066810       ??__Espeed_suffixes@@YAXXZ 61067810 f    CIL library: CIL module
 0001:00066830       ??__Eshort_size_suffixes@@YAXXZ 61067830 f    CIL library: CIL module
 0001:00066850       ??__Fg_colors@@YAXXZ       61067850 f    CIL library: CIL module
 0001:00066870       ??__Fg_file_panel_mode@@YAXXZ 61067870 f    CIL library: CIL module
 0001:00066880       ??__F?g_file_panels@FilePanel@@0V?$Array@PAVFilePanel@@@col@@A@@YAXXZ 61067880 f    CIL library: CIL module
 0001:000668a0       ??__Fsize_suffixes@@YAXXZ  610678a0 f    CIL library: CIL module
 0001:000668b0       ??__Fspeed_suffixes@@YAXXZ 610678b0 f    CIL library: CIL module
 0001:000668c0       ??__Fshort_size_suffixes@@YAXXZ 610678c0 f    CIL library: CIL module
 0001:000668d0       ??__Fppi@?1??far_get_panel_item@@YAPAUPluginPanelItem@@PAXI@Z@YAXXZ 610678d0 f    CIL library: CIL module
 0001:000668f0       ??__Fppi@?1??far_get_selected_panel_item@@YAPAUPluginPanelItem@@PAXI@Z@YAXXZ 610678f0 f    CIL library: CIL module
 0001:00066907       ??__Fnomem@?5???2@YAPAXI@Z@YAXXZ 61067907 f   LIBCMT:new.obj
