Archive member included because of file (symbol)

D:\projects\andrew-grechkin\LIB\libfar3\Release-x64-NoStr\liblibfar3.a(editor.o)
                              src\process.o (Far::Editor::set_string(long long, wchar_t const*, unsigned long long, wchar_t const*))
D:\projects\andrew-grechkin\LIB\libfar3\Release-x64-NoStr\liblibfar3.a(message.o)
                              src\process.o (Far::get_msg(long long))
D:\projects\andrew-grechkin\LIB\libfar3\Release-x64-NoStr\liblibfar3.a(dialog_builder.o)
                              src\process.o (Far::create_dialog_builder(_GUID const&, wchar_t const*, wchar_t const*, long long (*)(void*, long long, long long, void*), void*))
D:\projects\andrew-grechkin\LIB\libfar3\Release-x64-NoStr\liblibfar3.a(create_label.o)
                              src\process.o (Far::create_label(wchar_t const*, unsigned long long))
D:\projects\andrew-grechkin\LIB\libfar3\Release-x64-NoStr\liblibfar3.a(create_combobox.o)
                              src\process.o (Far::create_combobox(long long*, FarListItem*, unsigned long long, unsigned long long))
D:\projects\andrew-grechkin\LIB\libfar3\Release-x64-NoStr\liblibfar3.a(create_separator.o)
                              src\process.o (Far::create_separator(wchar_t const*, unsigned long long))
D:\projects\andrew-grechkin\LIB\libfar3\Release-x64-NoStr\liblibfar3.a(create_checkbox.o)
                              src\process.o (Far::create_checkbox(long long*, wchar_t const*, unsigned long long))
D:\projects\andrew-grechkin\LIB\libfar3\Release-x64-NoStr\liblibfar3.a(create_edit.o)
                              src\process.o (Far::create_edit(wchar_t*, long long, long long, wchar_t const*, bool, unsigned long long))
D:\projects\andrew-grechkin\LIB\libfar3\Release-x64-NoStr\liblibfar3.a(globalinfo_i.o)
                              src\globalinfo.o (Far::GlobalInfo_i::~GlobalInfo_i())
D:\projects\andrew-grechkin\LIB\libfar3\Release-x64-NoStr\liblibfar3.a(plugin_i.o)
                              src\farplugin.o (Far::Plugin_i::~Plugin_i())
D:\projects\andrew-grechkin\LIB\libfar3\Release-x64-NoStr\liblibfar3.a(settings.o)
                              src\globalinfo.o (Far::Settings_t::~Settings_t())
D:\projects\andrew-grechkin\LIB\libfar3\Release-x64-NoStr\liblibfar3.a(FarDialogItem.o)
                              D:\projects\andrew-grechkin\LIB\libfar3\Release-x64-NoStr\liblibfar3.a(dialog_builder.o) (Far::FarDialogItem_t::~FarDialogItem_t())
D:\projects\andrew-grechkin\LIB\libfar3\Release-x64-NoStr\liblibfar3.a(DlgBuilder_c.o)
                              D:\projects\andrew-grechkin\LIB\libfar3\Release-x64-NoStr\liblibfar3.a(dialog_builder.o) (Far::PluginRadioButtonBinding::PluginRadioButtonBinding(void*&, long long, long long*, long long))
D:\projects\andrew-grechkin\LIB\libfar3\Release-x64-NoStr\liblibfar3.a(DialogItemBinding.o)
                              D:\projects\andrew-grechkin\LIB\libfar3\Release-x64-NoStr\liblibfar3.a(create_combobox.o) (Far::DialogItemBinding_i::~DialogItemBinding_i())
D:\projects\andrew-grechkin\LIB\liblog\Release-x64-stub\libliblog.a(logger_stub.o)
                              src\main.o (Logger::set_default_level(Logger::Level))
D:\projects\andrew-grechkin\LIB\liblog\Release-x64-stub\libliblog.a(target_null.o)
                              D:\projects\andrew-grechkin\LIB\liblog\Release-x64-stub\libliblog.a(logger_stub.o) (Logger::get_TargetToNull())
D:\projects\andrew-grechkin\LIB\libbase\Release-x64-NoStr\liblibbase.a(ref_cnt.o)
                              src\process.o (Base::ref_counter::~ref_counter())
D:\projects\andrew-grechkin\LIB\libbase\Release-x64-NoStr\liblibbase.a(new_delete.o)
                              src\process.o (operator new(unsigned long long))
D:\projects\andrew-grechkin\LIB\libbase\Release-x64-NoStr\liblibbase.a(crt.o)
                              src\main.o (Base::init_atexit())
c:/mingw/bin/../lib/gcc/x86_64-w64-mingw32/4.8.1\libgcc.a(_ctors.o)
                              D:\projects\andrew-grechkin\LIB\libbase\Release-x64-NoStr\liblibbase.a(crt.o) (__DTOR_LIST__)
c:/mingw/bin/../lib/gcc/x86_64-w64-mingw32/4.8.1/../../../../x86_64-w64-mingw32/lib/../lib\libmingwex.a(lib64_libmingwex_a-wcstold.o)
                              src\process.o (wcstold)
c:/mingw/bin/../lib/gcc/x86_64-w64-mingw32/4.8.1/../../../../x86_64-w64-mingw32/lib/../lib\libmingwex.a(lib64_libmingwex_a-strtold.o)
                              c:/mingw/bin/../lib/gcc/x86_64-w64-mingw32/4.8.1/../../../../x86_64-w64-mingw32/lib/../lib\libmingwex.a(lib64_libmingwex_a-wcstold.o) (strtold)
c:/mingw/bin/../lib/gcc/x86_64-w64-mingw32/4.8.1/../../../../x86_64-w64-mingw32/lib/../lib\libmingwex.a(lib64_libmingwex_a-cephes_emath.o)
                              c:/mingw/bin/../lib/gcc/x86_64-w64-mingw32/4.8.1/../../../../x86_64-w64-mingw32/lib/../lib\libmingwex.a(lib64_libmingwex_a-strtold.o) (__emovi)
[...]
Memory Configuration

Name             Origin             Length             Attributes
*default*        0x0000000000000000 0xffffffffffffffff

Linker script and memory map

                0x0000000068a80000                __image_base__ = 0x68a80000
                0x0000000000000000                __dll__ = 0x0
                0x0000000068a80000                __ImageBase = 0x68a80000
                0x0000000000001000                __section_alignment__ = 0x1000
                0x0000000000000200                __file_alignment__ = 0x200
                0x0000000000000004                __major_os_version__ = 0x4
                0x0000000000000000                __minor_os_version__ = 0x0
                0x0000000000000000                __major_image_version__ = 0x0
                0x0000000000000000                __minor_image_version__ = 0x0
                0x0000000000000005                __major_subsystem_version__ = 0x5
                0x0000000000000002                __minor_subsystem_version__ = 0x2
                0x0000000000000003                __subsystem__ = 0x3
                0x0000000000200000                __size_of_stack_reserve__ = 0x200000
                0x0000000000001000                __size_of_stack_commit__ = 0x1000
                0x0000000000100000                __size_of_heap_reserve__ = 0x100000
                0x0000000000001000                __size_of_heap_commit__ = 0x1000
                0x0000000000000000                __loader_flags__ = 0x0
                0x0000000000000000                __dll_characteristics__ = 0x0
LOAD ..\src\mainW.gcc.def
LOAD src\process.o
LOAD src\main.o
LOAD src\guid.o
LOAD src\globalinfo.o
LOAD src\farplugin.o
LOAD src\main.res
LOAD D:\projects\andrew-grechkin\LIB\libfar3\Release-x64-NoStr\liblibfar3.a
LOAD D:\projects\andrew-grechkin\LIB\liblog\Release-x64-stub\libliblog.a
LOAD D:\projects\andrew-grechkin\LIB\libbase\Release-x64-NoStr\liblibbase.a
LOAD c:/mingw/bin/../lib/gcc/x86_64-w64-mingw32/4.8.1\libgcc.a
LOAD c:/mingw/bin/../lib/gcc/x86_64-w64-mingw32/4.8.1/../../../../x86_64-w64-mingw32/lib/../lib\libmingwex.a
LOAD c:/mingw/bin/../lib/gcc/x86_64-w64-mingw32/4.8.1/../../../../x86_64-w64-mingw32/lib/../lib\libmingw32.a
LOAD c:/mingw/bin/../lib/gcc/x86_64-w64-mingw32/4.8.1/../../../../x86_64-w64-mingw32/lib/../lib\libntdll.a
LOAD c:/mingw/bin/../lib/gcc/x86_64-w64-mingw32/4.8.1/../../../../x86_64-w64-mingw32/lib/../lib\libmsvcrt.a
LOAD c:/mingw/bin/../lib/gcc/x86_64-w64-mingw32/4.8.1/../../../../x86_64-w64-mingw32/lib/../lib\libkernel32.a
                0x0000000000000318                . = SIZEOF_HEADERS
                0x0000000000001000                . = ALIGN (__section_alignment__)

.text           0x0000000068a81000     0xce00
 *(.init)
 *(.text)
 .text          0x0000000068a81000     0x1600 src\process.o
                0x0000000068a81000                SortInfoEqNum(SortInfo const&, SortInfo const&)
                0x0000000068a81020                SortInfoLessLine(SortInfo const&, SortInfo const&)
                0x0000000068a81030                SortInfoEqLength(SortInfo const&, SortInfo const&)
                0x0000000068a81050                SortInfoLessNum(SortInfo const&, SortInfo const&)
                0x0000000068a81090                SortInfoLessLength(SortInfo const&, SortInfo const&)
                0x0000000068a810c0                SortInfoEqCI(SortInfo const&, SortInfo const&)
                0x0000000068a81100                SortInfoEqCS(SortInfo const&, SortInfo const&)
                0x0000000068a81140                SortInfoLessCI(SortInfo const&, SortInfo const&)
                0x0000000068a811b0                SortInfoLessCS(SortInfo const&, SortInfo const&)
                0x0000000068a81220                SortInfoEqCScode(SortInfo const&, SortInfo const&)
                0x0000000068a81250                SortInfoLessCScode(SortInfo const&, SortInfo const&)
                0x0000000068a812a0                is_whitespace(wchar_t)
                0x0000000068a812d0                editor_set_string(long long, Base::basic_string<wchar_t, Base::char_traits<wchar_t> > const&, wchar_t const*)
                0x0000000068a81350                SortInfo::get_substr(StringInfo const&, EDITOR_BLOCK_TYPES, bool)
                0x0000000068a814a0                SortInfo::FindNum(wchar_t const*)
                0x0000000068a81600                Execute()
                0x0000000068a82260                process()
 .text          0x0000000068a82600      0x420 src\main.o
                0x0000000068a82630                GetGlobalInfoW
                0x0000000068a82740                SetStartupInfoW
                0x0000000068a827b0                ConfigureW
                0x0000000068a82810                GetPluginInfoW
                0x0000000068a828a0                OpenW
                0x0000000068a82930                ExitFARW
                0x0000000068a829c0                atexit
                0x0000000068a829d0                __cxa_pure_virtual
                0x0000000068a829e0                _pei386_runtime_relocator
                0x0000000068a829f0                DllMainCRTStartup
 .text          0x0000000068a82a20        0x0 src\guid.o
 .text          0x0000000068a82a20      0x850 src\globalinfo.o
                0x0000000068a82a50                FarGlobalInfo::get_author() const
                0x0000000068a82a60                FarGlobalInfo::get_description() const
                0x0000000068a82a70                FarGlobalInfo::get_guid() const
                0x0000000068a82a80                FarGlobalInfo::get_title() const
                0x0000000068a82a90                FarGlobalInfo::get_version() const
                0x0000000068a82ac0                FarGlobalInfo::get_min_version() const
                0x0000000068a82af0                FarGlobalInfo::~FarGlobalInfo()
                0x0000000068a82af0                FarGlobalInfo::~FarGlobalInfo()
                0x0000000068a82b50                FarGlobalInfo::CreatePlugin(PluginStartupInfo const*) const
                0x0000000068a82ba0                FarGlobalInfo::~FarGlobalInfo()
                0x0000000068a82c00                FarGlobalInfo::FarGlobalInfo()
                0x0000000068a82c00                FarGlobalInfo::FarGlobalInfo()
                0x0000000068a82ca0                FarGlobalInfo::load_settings()
                0x0000000068a82f60                FarGlobalInfo::save_settings() const
                0x0000000068a831a0                FarGlobalInfo::load_editor_info()
                0x0000000068a83230                get_global_info()
 .text          0x0000000068a83270      0x2c0 src\farplugin.o
                0x0000000068a83270                FarPlugin::~FarPlugin()
                0x0000000068a83270                FarPlugin::~FarPlugin()
                0x0000000068a832d0                FarPlugin::GetPluginInfo(PluginInfo*)
                0x0000000068a83390                FarPlugin::Open(OpenInfo const*)
                0x0000000068a833e0                FarPlugin::~FarPlugin()
                0x0000000068a83440                FarPlugin::FarPlugin(PluginStartupInfo const*)
                0x0000000068a83440                FarPlugin::FarPlugin(PluginStartupInfo const*)
                0x0000000068a834a0                create_FarPlugin(PluginStartupInfo const*)
                0x0000000068a83510                destroy(Far::Plugin_i*)
 .text          0x0000000068a83530      0x7c0 D:\projects\andrew-grechkin\LIB\libfar3\Release-x64-NoStr\liblibfar3.a(editor.o)
                0x0000000068a83560                Far::Editor::get_filename(wchar_t*, long long)
                0x0000000068a83620                Far::Editor::get_string(long long, wchar_t const*&)
                0x0000000068a836b0                Far::Editor::set_position(long long, long long)
                0x0000000068a83750                Far::Editor::set_string(long long, wchar_t const*, unsigned long long, wchar_t const*)
                0x0000000068a837d0                Far::Editor::insert_string(long long, wchar_t const*, int, wchar_t const*)
                0x0000000068a83960                Far::Editor::del_string(long long)
                0x0000000068a83a50                Far::Editor::unselect_block()
                0x0000000068a83ad0                Far::Editor::start_undo()
                0x0000000068a83b40                Far::Editor::stop_undo()
                0x0000000068a83bb0                Far::Editor::redraw()
                0x0000000068a83c10                Far::Editor::get_info(EditorInfo&)
                0x0000000068a83c80                Far::Editor::get_string(unsigned long long, EditorGetString&)
 .text          0x0000000068a83cf0       0xe0 D:\projects\andrew-grechkin\LIB\libfar3\Release-x64-NoStr\liblibfar3.a(message.o)
                0x0000000068a83d20                Far::get_msg(long long)
 .text          0x0000000068a83dd0     0x1bd0 D:\projects\andrew-grechkin\LIB\libfar3\Release-x64-NoStr\liblibfar3.a(dialog_builder.o)
                0x0000000068a83e00                Far::SimpleDialogBuilder_impl::start_column_()
                0x0000000068a83e10                Far::SimpleDialogBuilder_impl::break_column_()
                0x0000000068a83e20                Far::SimpleDialogBuilder_impl::end_column_()
                0x0000000068a83e30                Far::SimpleDialogBuilder_impl::end_singlebox_()
                0x0000000068a83e70                Far::DialogBuilder_i::~DialogBuilder_i()
                0x0000000068a83e70                Far::DialogBuilder_i::~DialogBuilder_i()
                0x0000000068a83ec0                Far::SimpleDialogBuilder_impl::add_empty_line_()
                0x0000000068a83f10                Far::DialogBuilder_i::~DialogBuilder_i()
                0x0000000068a83f70                Far::SimpleDialogBuilder_impl::~SimpleDialogBuilder_impl()
                0x0000000068a83f70                Far::SimpleDialogBuilder_impl::~SimpleDialogBuilder_impl()
                0x0000000068a84080                Far::SimpleDialogBuilder_impl::~SimpleDialogBuilder_impl()
                0x0000000068a840a0                Far::CompareX2_less(Far::FarDialogItem_t const&, Far::FarDialogItem_t const&)
                0x0000000068a840b0                Far::CompareWidth_less(Far::FarDialogItem_t const&, Far::FarDialogItem_t const&)
                0x0000000068a840f0                Far::SimpleDialogBuilder_impl::GetMaxItemX2() const
                0x0000000068a84200                Far::SimpleDialogBuilder_impl::save()
                0x0000000068a84270                Far::SimpleDialogBuilder_impl::set_next_y(Far::FarDialogItem_t*)
                0x0000000068a842f0                Far::SimpleDialogBuilder_impl::show_dialog_()
                0x0000000068a844a0                Far::SimpleDialogBuilder_impl::UpdateBorderSize()
                0x0000000068a84580                Far::SimpleDialogBuilder_impl::show_()
                0x0000000068a84660                Far::SimpleDialogBuilder_impl::add_dialog_item(Far::FarDialogItem_t*)
                0x0000000068a84730                Far::SimpleDialogBuilder_impl::add_item_(Far::FarDialogItem_t*)
                0x0000000068a84880                Far::SimpleDialogBuilder_impl::add_item_before_(Far::FarDialogItem_t*)
                0x0000000068a849d0                Far::SimpleDialogBuilder_impl::add_item_after_(Far::FarDialogItem_t*)
                0x0000000068a84b40                Far::SimpleDialogBuilder_impl::add_radiobuttons_(long long*, long long, Far::AddRadioButton_t const*, bool)
                0x0000000068a84db0                Far::SimpleDialogBuilder_impl::add_dialog_item(FARDIALOGITEMTYPES, wchar_t const*, unsigned long long)
                0x0000000068a84e90                Far::SimpleDialogBuilder_impl::start_singlebox_(long long, wchar_t const*, bool)
                0x0000000068a84ff0                Far::SimpleDialogBuilder_impl::create_border(wchar_t const*)
                0x0000000068a85150                Far::SimpleDialogBuilder_impl::SimpleDialogBuilder_impl(_GUID const&, wchar_t const*, wchar_t const*, long long (*)(void*, long long, long long, void*), void*)
                0x0000000068a85150                Far::SimpleDialogBuilder_impl::SimpleDialogBuilder_impl(_GUID const&, wchar_t const*, wchar_t const*, long long (*)(void*, long long, long long, void*), void*)
                0x0000000068a85360                Far::create_dialog_builder(_GUID const&, wchar_t const*, wchar_t const*, long long (*)(void*, long long, long long, void*), void*)
                0x0000000068a85600                Far::SimpleDialogBuilder_impl::add_OKCancel_(wchar_t const*, wchar_t const*, wchar_t const*)
 .text          0x0000000068a859a0       0x80 D:\projects\andrew-grechkin\LIB\libfar3\Release-x64-NoStr\liblibfar3.a(create_label.o)
                0x0000000068a859a0                Far::create_label(wchar_t const*, unsigned long long)
 .text          0x0000000068a85a20      0x330 D:\projects\andrew-grechkin\LIB\libfar3\Release-x64-NoStr\liblibfar3.a(create_combobox.o)
                0x0000000068a85a50                Far::ComboBoxBinding::save_() const
                0x0000000068a85b10                Far::ComboBoxBinding::get_width_() const
                0x0000000068a85bc0                Far::ComboBoxBinding::ComboBoxBinding(long long*, FarListItem*, unsigned long long)
                0x0000000068a85bc0                Far::ComboBoxBinding::ComboBoxBinding(long long*, FarListItem*, unsigned long long)
                0x0000000068a85bf0                Far::ComboBoxBinding::get_items() const
                0x0000000068a85c00                Far::create_combobox(long long*, FarListItem*, unsigned long long, unsigned long long)
 .text          0x0000000068a85d50       0x80 D:\projects\andrew-grechkin\LIB\libfar3\Release-x64-NoStr\liblibfar3.a(create_separator.o)
                0x0000000068a85d50                Far::create_separator(wchar_t const*, unsigned long long)
 .text          0x0000000068a85dd0      0x220 D:\projects\andrew-grechkin\LIB\libfar3\Release-x64-NoStr\liblibfar3.a(create_checkbox.o)
                0x0000000068a85e00                Far::CheckBoxBinding::get_width_() const
                0x0000000068a85e10                Far::CheckBoxBinding::save_() const
                0x0000000068a85f00                Far::CheckBoxBinding::CheckBoxBinding(long long*)
                0x0000000068a85f00                Far::CheckBoxBinding::CheckBoxBinding(long long*)
                0x0000000068a85f20                Far::create_checkbox(long long*, wchar_t const*, unsigned long long)
 .text          0x0000000068a85ff0      0x480 D:\projects\andrew-grechkin\LIB\libfar3\Release-x64-NoStr\liblibfar3.a(create_edit.o)
                0x0000000068a86020                Far::PluginEditFieldBinding::get_width_() const
                0x0000000068a86070                Far::PluginEditFieldBinding::save_() const
                0x0000000068a86140                Far::PluginEditFieldBinding::PluginEditFieldBinding(wchar_t*, long long)
                0x0000000068a86140                Far::PluginEditFieldBinding::PluginEditFieldBinding(wchar_t*, long long)
                0x0000000068a861b0                Far::create_edit(wchar_t*, long long, long long, wchar_t const*, bool, unsigned long long)
                0x0000000068a86350                Far::create_password(wchar_t*, long long, long long, unsigned long long)
 .text          0x0000000068a86470      0x3a0 D:\projects\andrew-grechkin\LIB\libfar3\Release-x64-NoStr\liblibfar3.a(globalinfo_i.o)
                0x0000000068a86470                Far::GlobalInfo_i::get_min_version() const
                0x0000000068a864a0                Far::GlobalInfo_i::~GlobalInfo_i()
                0x0000000068a864a0                Far::GlobalInfo_i::~GlobalInfo_i()
                0x0000000068a86500                Far::GlobalInfo_i::Configure(ConfigureInfo const*)
                0x0000000068a86550                Far::GlobalInfo_i::~GlobalInfo_i()
                0x0000000068a865c0                Far::GlobalInfo_i::GetGlobalInfoW(GlobalInfo*) const
                0x0000000068a866b0                Far::GlobalInfo_i::ConfigureW(ConfigureInfo const*)
                0x0000000068a86720                Far::GlobalInfo_i::SetStartupInfoW(PluginStartupInfo const*)
                0x0000000068a867a0                Far::GlobalInfo_i::get_plugin() const
                0x0000000068a867b0                Far::GlobalInfo_i::GlobalInfo_i()
                0x0000000068a867b0                Far::GlobalInfo_i::GlobalInfo_i()
 .text          0x0000000068a86810      0x2e0 D:\projects\andrew-grechkin\LIB\libfar3\Release-x64-NoStr\liblibfar3.a(plugin_i.o)
                0x0000000068a86810                Far::Plugin_i::~Plugin_i()
                0x0000000068a86810                Far::Plugin_i::~Plugin_i()
                0x0000000068a86860                Far::Plugin_i::Open(OpenInfo const*)
                0x0000000068a868b0                Far::Plugin_i::ExitFAR(ExitInfo const*)
                0x0000000068a86900                Far::Plugin_i::~Plugin_i()
                0x0000000068a86960                Far::Plugin_i::GetPluginInfoW(PluginInfo*)
                0x0000000068a86980                Far::Plugin_i::OpenW(OpenInfo const*)
                0x0000000068a869f0                Far::Plugin_i::ExitFARW(ExitInfo const*)
                0x0000000068a86a60                Far::Plugin_i::Plugin_i(PluginStartupInfo const*)
                0x0000000068a86a60                Far::Plugin_i::Plugin_i(PluginStartupInfo const*)
 .text          0x0000000068a86af0      0xdc0 D:\projects\andrew-grechkin\LIB\libfar3\Release-x64-NoStr\liblibfar3.a(settings.o)
                0x0000000068a86b20                Far::Settings_t::~Settings_t()
                0x0000000068a86b20                Far::Settings_t::~Settings_t()
                0x0000000068a86bf0                Far::Settings_t::Settings_t(_GUID const&)
                0x0000000068a86bf0                Far::Settings_t::Settings_t(_GUID const&)
                0x0000000068a86cc0                Far::Settings_t::create_key(wchar_t const*, FARSETTINGS_SUBFOLDERS)
                0x0000000068a86d70                Far::Settings_t::open_key(wchar_t const*, FARSETTINGS_SUBFOLDERS) const
                0x0000000068a86e20                Far::Settings_t::del(wchar_t const*, FARSETTINGS_SUBFOLDERS)
                0x0000000068a86ed0                Far::Settings_t::get(wchar_t const*, void*, unsigned long long, FARSETTINGS_SUBFOLDERS) const
                0x0000000068a86fe0                Far::Settings_t::get(wchar_t const*, wchar_t const*, FARSETTINGS_SUBFOLDERS) const
                0x0000000068a870d0                Far::Settings_t::get(wchar_t const*, unsigned long long, FARSETTINGS_SUBFOLDERS) const
                0x0000000068a871c0                Far::Settings_t::get(wchar_t const*, long long, FARSETTINGS_SUBFOLDERS) const
                0x0000000068a872e0                Far::Settings_t::get(wchar_t const*, bool, FARSETTINGS_SUBFOLDERS) const
                0x0000000068a87400                Far::Settings_t::set(wchar_t const*, void const*, unsigned long long, FARSETTINGS_SUBFOLDERS)
                0x0000000068a874f0                Far::Settings_t::set(wchar_t const*, wchar_t const*, FARSETTINGS_SUBFOLDERS)
                0x0000000068a875d0                Far::Settings_t::set(wchar_t const*, unsigned long long, FARSETTINGS_SUBFOLDERS)
                0x0000000068a876b0                Far::Settings_t::set(wchar_t const*, long long, FARSETTINGS_SUBFOLDERS)
                0x0000000068a87790                Far::Settings_t::set(wchar_t const*, bool, FARSETTINGS_SUBFOLDERS)
 .text          0x0000000068a878b0      0x540 D:\projects\andrew-grechkin\LIB\libfar3\Release-x64-NoStr\liblibfar3.a(FarDialogItem.o)
                0x0000000068a878b0                Far::FarDialogItem_t::~FarDialogItem_t()
                0x0000000068a878b0                Far::FarDialogItem_t::~FarDialogItem_t()
                0x0000000068a878d0                Far::FarDialogItem_t::FarDialogItem_t(FARDIALOGITEMTYPES, wchar_t const*, unsigned long long)
                0x0000000068a878d0                Far::FarDialogItem_t::FarDialogItem_t(FARDIALOGITEMTYPES, wchar_t const*, unsigned long long)
                0x0000000068a879d0                Far::FarDialogItem_t::FarDialogItem_t(Far::DialogItemBinding_i*, FARDIALOGITEMTYPES, wchar_t const*, unsigned long long)
                0x0000000068a879d0                Far::FarDialogItem_t::FarDialogItem_t(Far::DialogItemBinding_i*, FARDIALOGITEMTYPES, wchar_t const*, unsigned long long)
                0x0000000068a87b00                Far::FarDialogItem_t::FarDialogItem_t(Far::FarDialogItem_t&&)
                0x0000000068a87b00                Far::FarDialogItem_t::FarDialogItem_t(Far::FarDialogItem_t&&)
                0x0000000068a87bc0                Far::FarDialogItem_t::operator=(Far::FarDialogItem_t&&)
                0x0000000068a87c90                Far::FarDialogItem_t::get_height() const
                0x0000000068a87ce0                Far::FarDialogItem_t::get_width() const
                0x0000000068a87dc0                Far::FarDialogItem_t::set_dlg(void**)
                0x0000000068a87dd0                Far::FarDialogItem_t::set_index(long long)
                0x0000000068a87de0                Far::FarDialogItem_t::save() const
 .text          0x0000000068a87df0       0xe0 D:\projects\andrew-grechkin\LIB\libfar3\Release-x64-NoStr\liblibfar3.a(DlgBuilder_c.o)
                0x0000000068a87e20                Far::PluginRadioButtonBinding::get_width_() const
                0x0000000068a87e30                Far::PluginRadioButtonBinding::save_() const
                0x0000000068a87eb0                Far::PluginRadioButtonBinding::PluginRadioButtonBinding(void*&, long long, long long*, long long)
                0x0000000068a87eb0                Far::PluginRadioButtonBinding::PluginRadioButtonBinding(void*&, long long, long long*, long long)
 .text          0x0000000068a87ed0       0xf0 D:\projects\andrew-grechkin\LIB\libfar3\Release-x64-NoStr\liblibfar3.a(DialogItemBinding.o)
                0x0000000068a87ed0                Far::DialogItemBinding_i::~DialogItemBinding_i()
                0x0000000068a87ed0                Far::DialogItemBinding_i::~DialogItemBinding_i()
                0x0000000068a87ee0                Far::DialogItemBinding_i::get_height_() const
                0x0000000068a87ef0                Far::DialogItemBinding_i::~DialogItemBinding_i()
                0x0000000068a87f00                Far::DialogItemBinding_i::get_dlg() const
                0x0000000068a87f20                Far::DialogItemBinding_i::get_index() const
                0x0000000068a87f40                Far::DialogItemBinding_i::set_dlg(void**)
                0x0000000068a87f50                Far::DialogItemBinding_i::set_index(long long)
                0x0000000068a87f60                Far::DialogItemBinding_i::save() const
                0x0000000068a87f80                Far::DialogItemBinding_i::get_height() const
                0x0000000068a87fa0                Far::DialogItemBinding_i::get_width() const
 .text          0x0000000068a87fc0      0x1c0 D:\projects\andrew-grechkin\LIB\liblog\Release-x64-stub\libliblog.a(logger_stub.o)
                0x0000000068a87fc0                Logger::Target_i::~Target_i()
                0x0000000068a87fc0                Logger::Target_i::~Target_i()
                0x0000000068a87fd0                Logger::Module_i::~Module_i()
                0x0000000068a87fd0                Logger::Module_i::~Module_i()
                0x0000000068a87ff0                Logger::Target_i::~Target_i()
                0x0000000068a88000                Logger::Module_i::~Module_i()
                0x0000000068a88010                Logger::get_default_level()
                0x0000000068a88020                Logger::set_default_level(Logger::Level)
                0x0000000068a88030                Logger::get_default_prefix()
                0x0000000068a88040                Logger::set_default_prefix(unsigned long long)
                0x0000000068a88050                Logger::get_default_target()
                0x0000000068a88070                Logger::set_default_target(std::shared_ptr<Logger::Target_i>)
                0x0000000068a88080                Logger::get_default_module()
                0x0000000068a880c0                Logger::get_module(wchar_t const*, std::shared_ptr<Logger::Target_i> const&, Logger::Level)
                0x0000000068a88100                Logger::get_TargetToConsole()
                0x0000000068a88120                Logger::get_TargetToFile(wchar_t const*, bool)
                0x0000000068a88140                Logger::get_TargetToSys(wchar_t const*, wchar_t const*)
                0x0000000068a88160                Logger::get_TargetToMult(std::shared_ptr<Logger::Target_i> const&, std::shared_ptr<Logger::Target_i> const&)
 .text          0x0000000068a88180      0x190 D:\projects\andrew-grechkin\LIB\liblog\Release-x64-stub\libliblog.a(target_null.o)
                0x0000000068a88180                Logger::LogToNull::out(Logger::Module_i const*, Logger::Level, wchar_t const*, unsigned long long) const
                0x0000000068a88190                Logger::LogToNull::out(wchar_t const*, unsigned long long) const
                0x0000000068a881a0                Logger::LogToNull::lock() const
                0x0000000068a881b0                Logger::LogToNull::unlock() const
                0x0000000068a881c0                Logger::LogToNull::~LogToNull()
                0x0000000068a881c0                Logger::LogToNull::~LogToNull()
                0x0000000068a881d0                Logger::LogToNull::~LogToNull()
                0x0000000068a88250                Logger::LogToNull::LogToNull()
                0x0000000068a88250                Logger::LogToNull::LogToNull()
                0x0000000068a88260                Logger::get_TargetToNull()
 .text          0x0000000068a88310       0x30 D:\projects\andrew-grechkin\LIB\libbase\Release-x64-NoStr\liblibbase.a(ref_cnt.o)
                0x0000000068a88310                Base::ref_counter::~ref_counter()
                0x0000000068a88310                Base::ref_counter::~ref_counter()
                0x0000000068a88320                Base::ref_counter::destroy() const
                0x0000000068a88330                Base::ref_counter::~ref_counter()
 .text          0x0000000068a88340       0xc0 D:\projects\andrew-grechkin\LIB\libbase\Release-x64-NoStr\liblibbase.a(new_delete.o)
                0x0000000068a88340                operator new(unsigned long long)
                0x0000000068a88370                operator new[](unsigned long long)
                0x0000000068a883a0                operator delete(void*)
                0x0000000068a883d0                operator delete[](void*)
 .text          0x0000000068a88400      0x1d0 D:\projects\andrew-grechkin\LIB\libbase\Release-x64-NoStr\liblibbase.a(crt.o)
                0x0000000068a88400                Base::invoke_dtors()
                0x0000000068a88440                Base::invoke_crt_functions(void (* const*)(), long long)
                0x0000000068a88480                Base::invoke_ctors()
                0x0000000068a884c0                Base::init_atexit()
                0x0000000068a88550                Base::invoke_atexit()
                0x0000000068a88590                Base::atexit(void (*)())
                0x0000000068a885c0                Base::cxa_pure_virtual()
 .text          0x0000000068a885d0        0x0 c:/mingw/bin/../lib/gcc/x86_64-w64-mingw32/4.8.1\libgcc.a(_ctors.o)
 .text          0x0000000068a885d0      0x170 c:/mingw/bin/../lib/gcc/x86_64-w64-mingw32/4.8.1/../../../../x86_64-w64-mingw32/lib/../lib\libmingwex.a(lib64_libmingwex_a-wcstold.o)
                0x0000000068a885d0                wcstold
 .text          0x0000000068a88740      0x8e0 c:/mingw/bin/../lib/gcc/x86_64-w64-mingw32/4.8.1/../../../../x86_64-w64-mingw32/lib/../lib\libmingwex.a(lib64_libmingwex_a-strtold.o)
                0x0000000068a88740                __asctoe64
                0x0000000068a88fd0                strtold
 .text          0x0000000068a89020     0x12e0 c:/mingw/bin/../lib/gcc/x86_64-w64-mingw32/4.8.1/../../../../x86_64-w64-mingw32/lib/../lib\libmingwex.a(lib64_libmingwex_a-cephes_emath.o)
                0x0000000068a890e0                __emovi
                0x0000000068a891d0                __eaddm
                0x0000000068a89210                __esubm
                0x0000000068a89250                __edivm
                0x0000000068a894b0                __emulm
                0x0000000068a89590                __toe64
                0x0000000068a896f0                __ecmp
                0x0000000068a89850                __eshift
                0x0000000068a89a50                __enormlz
                0x0000000068a89c10                __emdnorm
                0x0000000068a89f00                __emovo
                0x0000000068a89fc0                __emul
 .text          0x0000000068a8a300        0x8 c:/mingw/bin/../lib/gcc/x86_64-w64-mingw32/4.8.1/../../../../x86_64-w64-mingw32/lib/../lib\libntdll.a(dyubbs02011.o)
                0x0000000068a8a300                wcscmp
 .text          0x0000000068a8a308        0x8 c:/mingw/bin/../lib/gcc/x86_64-w64-mingw32/4.8.1/../../../../x86_64-w64-mingw32/lib/../lib\libntdll.a(dyubbs02010.o)
                0x0000000068a8a308                wcschr
 .text          0x0000000068a8a310        0x8 c:/mingw/bin/../lib/gcc/x86_64-w64-mingw32/4.8.1/../../../../x86_64-w64-mingw32/lib/../lib\libntdll.a(dyubbs01961.o)
                0x0000000068a8a310                memcpy
 .text          0x0000000068a8a318        0x8 c:/mingw/bin/../lib/gcc/x86_64-w64-mingw32/4.8.1/../../../../x86_64-w64-mingw32/lib/../lib\libntdll.a(dyubbs02015.o)
                0x0000000068a8a318                wcslen
 .text          0x0000000068a8a320        0x8 c:/mingw/bin/../lib/gcc/x86_64-w64-mingw32/4.8.1/../../../../x86_64-w64-mingw32/lib/../lib\libntdll.a(dyubbs02014.o)
                0x0000000068a8a320                wcscspn
 .text          0x0000000068a8a328        0x8 c:/mingw/bin/../lib/gcc/x86_64-w64-mingw32/4.8.1/../../../../x86_64-w64-mingw32/lib/../lib\libntdll.a(dyubbs02019.o)
                0x0000000068a8a328                wcsncpy
 .text          0x0000000068a8a330        0x8 c:/mingw/bin/../lib/gcc/x86_64-w64-mingw32/4.8.1/../../../../x86_64-w64-mingw32/lib/../lib\libntdll.a(dyubbs01981.o)
                0x0000000068a8a330                strlen
 .text          0x0000000068a8a338        0x8 c:/mingw/bin/../lib/gcc/x86_64-w64-mingw32/4.8.1/../../../../x86_64-w64-mingw32/lib/../lib\libntdll.a(dyubbs01946.o)
                0x0000000068a8a338                isspace
 .text          0x0000000068a8a340        0x8 c:/mingw/bin/../lib/gcc/x86_64-w64-mingw32/4.8.1/../../../../x86_64-w64-mingw32/lib/../lib\libntdll.a(dyubbs01896.o)
                0x0000000068a8a340                _strnicmp
 *fill*         0x0000000068a8a348        0x8 
 .text          0x0000000068a8a350        0x0 c:/mingw/bin/../lib/gcc/x86_64-w64-mingw32/4.8.1/../../../../x86_64-w64-mingw32/lib/../lib\libntdll.a(dyubbh.o)
 .text          0x0000000068a8a350        0x0 c:/mingw/bin/../lib/gcc/x86_64-w64-mingw32/4.8.1/../../../../x86_64-w64-mingw32/lib/../lib\libntdll.a(dyubbt.o)
 .text          0x0000000068a8a350        0x0 c:/mingw/bin/../lib/gcc/x86_64-w64-mingw32/4.8.1/../../../../x86_64-w64-mingw32/lib/../lib\libmsvcrt.a(dqows00092.o)
 .text          0x0000000068a8a350        0x8 c:/mingw/bin/../lib/gcc/x86_64-w64-mingw32/4.8.1/../../../../x86_64-w64-mingw32/lib/../lib\libmsvcrt.a(dqows00063.o)
                0x0000000068a8a350                ___lc_codepage_func
 .text          0x0000000068a8a358        0x8 c:/mingw/bin/../lib/gcc/x86_64-w64-mingw32/4.8.1/../../../../x86_64-w64-mingw32/lib/../lib\libmsvcrt.a(dqows01137.o)
                0x0000000068a8a358                malloc
 .text          0x0000000068a8a360        0x8 c:/mingw/bin/../lib/gcc/x86_64-w64-mingw32/4.8.1/../../../../x86_64-w64-mingw32/lib/../lib\libmsvcrt.a(dqows00508.o)
                0x0000000068a8a360                _mbslen
 .text          0x0000000068a8a368        0x8 c:/mingw/bin/../lib/gcc/x86_64-w64-mingw32/4.8.1/../../../../x86_64-w64-mingw32/lib/../lib\libmsvcrt.a(dqows01079.o)
                0x0000000068a8a368                free
 .text          0x0000000068a8a370        0x8 c:/mingw/bin/../lib/gcc/x86_64-w64-mingw32/4.8.1/../../../../x86_64-w64-mingw32/lib/../lib\libmsvcrt.a(dqows01130.o)
                0x0000000068a8a370                localeconv
 .text          0x0000000068a8a378        0x8 c:/mingw/bin/../lib/gcc/x86_64-w64-mingw32/4.8.1/../../../../x86_64-w64-mingw32/lib/../lib\libmsvcrt.a(dqows00201.o)
                0x0000000068a8a378                _errno
 .text          0x0000000068a8a380        0x0 c:/mingw/bin/../lib/gcc/x86_64-w64-mingw32/4.8.1/../../../../x86_64-w64-mingw32/lib/../lib\libmsvcrt.a(dqowh.o)
 .text          0x0000000068a8a380        0x0 c:/mingw/bin/../lib/gcc/x86_64-w64-mingw32/4.8.1/../../../../x86_64-w64-mingw32/lib/../lib\libmsvcrt.a(dqowt.o)
 .text          0x0000000068a8a380        0x8 c:/mingw/bin/../lib/gcc/x86_64-w64-mingw32/4.8.1/../../../../x86_64-w64-mingw32/lib/../lib\libkernel32.a(dspqs00103.o)
                0x0000000068a8a380                CompareStringW
 .text          0x0000000068a8a388        0x8 c:/mingw/bin/../lib/gcc/x86_64-w64-mingw32/4.8.1/../../../../x86_64-w64-mingw32/lib/../lib\libkernel32.a(dspqs00603.o)
                0x0000000068a8a388                GetProcessHeap
 .text          0x0000000068a8a390        0x8 c:/mingw/bin/../lib/gcc/x86_64-w64-mingw32/4.8.1/../../../../x86_64-w64-mingw32/lib/../lib\libkernel32.a(dspqs00740.o)
                0x0000000068a8a390                HeapFree
 .text          0x0000000068a8a398        0x8 c:/mingw/bin/../lib/gcc/x86_64-w64-mingw32/4.8.1/../../../../x86_64-w64-mingw32/lib/../lib\libkernel32.a(dspqs00734.o)
                0x0000000068a8a398                HeapAlloc
 .text          0x0000000068a8a3a0        0x8 c:/mingw/bin/../lib/gcc/x86_64-w64-mingw32/4.8.1/../../../../x86_64-w64-mingw32/lib/../lib\libkernel32.a(dspqs00744.o)
                0x0000000068a8a3a0                HeapReAlloc
 .text          0x0000000068a8a3a8        0x8 c:/mingw/bin/../lib/gcc/x86_64-w64-mingw32/4.8.1/../../../../x86_64-w64-mingw32/lib/../lib\libkernel32.a(dspqs01358.o)
                0x0000000068a8a3a8                lstrlenW
 .text          0x0000000068a8a3b0        0x8 c:/mingw/bin/../lib/gcc/x86_64-w64-mingw32/4.8.1/../../../../x86_64-w64-mingw32/lib/../lib\libkernel32.a(dspqs01355.o)
                0x0000000068a8a3b0                lstrcpynW
 .text          0x0000000068a8a3b8        0x8 c:/mingw/bin/../lib/gcc/x86_64-w64-mingw32/4.8.1/../../../../x86_64-w64-mingw32/lib/../lib\libkernel32.a(dspqs01294.o)
                0x0000000068a8a3b8                WideCharToMultiByte
 .text          0x0000000068a8a3c0        0x0 c:/mingw/bin/../lib/gcc/x86_64-w64-mingw32/4.8.1/../../../../x86_64-w64-mingw32/lib/../lib\libkernel32.a(dspqh.o)
 .text          0x0000000068a8a3c0        0x0 c:/mingw/bin/../lib/gcc/x86_64-w64-mingw32/4.8.1/../../../../x86_64-w64-mingw32/lib/../lib\libkernel32.a(dspqt.o)
 *(SORT(.text$*))
 .text$_Z16InsertFromVectorIN9__gnu_cxx17__normal_iteratorIP8SortInfoSt6vectorIS2_SaIS2_EEEEEvRKS4_I10StringInfoSaIS8_EET_SD_
                0x0000000068a8a3c0     0x1350 src\process.o
                0x0000000068a8a3c0                void InsertFromVector<__gnu_cxx::__normal_iterator<SortInfo*, std::vector<SortInfo, std::allocator<SortInfo> > > >(std::vector<StringInfo, std::allocator<StringInfo> > const&, __gnu_cxx::__normal_iterator<SortInfo*, std::vector<SortInfo, std::allocator<SortInfo> > >, __gnu_cxx::__normal_iterator<SortInfo*, std::vector<SortInfo, std::allocator<SortInfo> > >)
 .text$_Z16InsertFromVectorISt16reverse_iteratorIN9__gnu_cxx17__normal_iteratorIP8SortInfoSt6vectorIS3_SaIS3_EEEEEEvRKS5_I10StringInfoSaISA_EET_SF_
                0x0000000068a8b710     0x1380 src\process.o
                0x0000000068a8b710                void InsertFromVector<std::reverse_iterator<__gnu_cxx::__normal_iterator<SortInfo*, std::vector<SortInfo, std::allocator<SortInfo> > > > >(std::vector<StringInfo, std::allocator<StringInfo> > const&, std::reverse_iterator<__gnu_cxx::__normal_iterator<SortInfo*, std::vector<SortInfo, std::allocator<SortInfo> > > >, std::reverse_iterator<__gnu_cxx::__normal_iterator<SortInfo*, std::vector<SortInfo, std::allocator<SortInfo> > > >)
 .text$_ZN3Far15CheckBoxBindingD0Ev
                0x0000000068a8ca90       0x30 D:\projects\andrew-grechkin\LIB\libfar3\Release-x64-NoStr\liblibfar3.a(create_checkbox.o)
                0x0000000068a8ca90                Far::CheckBoxBinding::~CheckBoxBinding()
 .text$_ZN3Far15CheckBoxBindingD1Ev
                0x0000000068a8cac0       0x10 D:\projects\andrew-grechkin\LIB\libfar3\Release-x64-NoStr\liblibfar3.a(create_checkbox.o)
                0x0000000068a8cac0                Far::CheckBoxBinding::~CheckBoxBinding()
 .text$_ZN3Far15ComboBoxBindingD0Ev
                0x0000000068a8cad0       0x30 D:\projects\andrew-grechkin\LIB\libfar3\Release-x64-NoStr\liblibfar3.a(create_combobox.o)
                0x0000000068a8cad0                Far::ComboBoxBinding::~ComboBoxBinding()
 .text$_ZN3Far15ComboBoxBindingD1Ev
                0x0000000068a8cb00       0x10 D:\projects\andrew-grechkin\LIB\libfar3\Release-x64-NoStr\liblibfar3.a(create_combobox.o)
                0x0000000068a8cb00                Far::ComboBoxBinding::~ComboBoxBinding()
 .text$_ZN3Far22PluginEditFieldBindingD0Ev
                0x0000000068a8cb10       0x30 D:\projects\andrew-grechkin\LIB\libfar3\Release-x64-NoStr\liblibfar3.a(create_edit.o)
                0x0000000068a8cb10                Far::PluginEditFieldBinding::~PluginEditFieldBinding()
 .text$_ZN3Far22PluginEditFieldBindingD1Ev
                0x0000000068a8cb40       0x10 D:\projects\andrew-grechkin\LIB\libfar3\Release-x64-NoStr\liblibfar3.a(create_edit.o)
                0x0000000068a8cb40                Far::PluginEditFieldBinding::~PluginEditFieldBinding()
 .text$_ZN3Far24PluginRadioButtonBindingD0Ev
                0x0000000068a8cb50       0x30 D:\projects\andrew-grechkin\LIB\libfar3\Release-x64-NoStr\liblibfar3.a(DlgBuilder_c.o)
                0x0000000068a8cb50                Far::PluginRadioButtonBinding::~PluginRadioButtonBinding()
 .text$_ZN3Far24PluginRadioButtonBindingD1Ev
                0x0000000068a8cb80       0x10 D:\projects\andrew-grechkin\LIB\libfar3\Release-x64-NoStr\liblibfar3.a(DlgBuilder_c.o)
                0x0000000068a8cb80                Far::PluginRadioButtonBinding::~PluginRadioButtonBinding()
 .text$_ZN4Base12basic_stringIwNS_11char_traitsIwEEE11string_implD0Ev
                0x0000000068a8cb90       0x30 src\process.o
                0x0000000068a8cb90                Base::basic_string<wchar_t, Base::char_traits<wchar_t> >::string_impl::~string_impl()
 .text$_ZN4Base12basic_stringIwNS_11char_traitsIwEEE11string_implD1Ev
                0x0000000068a8cbc0       0x10 src\process.o
                0x0000000068a8cbc0                Base::basic_string<wchar_t, Base::char_traits<wchar_t> >::string_impl::~string_impl()
 .text$_ZN6Logger11Module_impl10set_prefixEy
                0x0000000068a8cbd0       0x10 D:\projects\andrew-grechkin\LIB\liblog\Release-x64-stub\libliblog.a(logger_stub.o)
                0x0000000068a8cbd0                Logger::Module_impl::set_prefix(unsigned long long)
 .text$_ZN6Logger11Module_impl10set_targetERKSt10shared_ptrINS_8Target_iEE
                0x0000000068a8cbe0       0x10 D:\projects\andrew-grechkin\LIB\liblog\Release-x64-stub\libliblog.a(logger_stub.o)
                0x0000000068a8cbe0                Logger::Module_impl::set_target(std::shared_ptr<Logger::Target_i> const&)
 .text$_ZN6Logger11Module_impl11set_enabledEb
                0x0000000068a8cbf0       0x10 D:\projects\andrew-grechkin\LIB\liblog\Release-x64-stub\libliblog.a(logger_stub.o)
                0x0000000068a8cbf0                Logger::Module_impl::set_enabled(bool)
 .text$_ZN6Logger11Module_impl14set_color_modeEb
                0x0000000068a8cc00       0x10 D:\projects\andrew-grechkin\LIB\liblog\Release-x64-stub\libliblog.a(logger_stub.o)
                0x0000000068a8cc00                Logger::Module_impl::set_color_mode(bool)
 .text$_ZN6Logger11Module_impl9set_levelENS_5LevelE
                0x0000000068a8cc10       0x10 D:\projects\andrew-grechkin\LIB\liblog\Release-x64-stub\libliblog.a(logger_stub.o)
                0x0000000068a8cc10                Logger::Module_impl::set_level(Logger::Level)
 .text$_ZN6Logger11Module_implD0Ev
                0x0000000068a8cc20       0x10 D:\projects\andrew-grechkin\LIB\liblog\Release-x64-stub\libliblog.a(logger_stub.o)
                0x0000000068a8cc20                Logger::Module_impl::~Module_impl()
 .text$_ZN6Logger11Module_implD1Ev
                0x0000000068a8cc30       0x10 D:\projects\andrew-grechkin\LIB\liblog\Release-x64-stub\libliblog.a(logger_stub.o)
                0x0000000068a8cc30                Logger::Module_impl::~Module_impl()
 .text$_ZNK4Base12basic_stringIwNS_11char_traitsIwEEE11string_impl10deallocateEv
                0x0000000068a8cc40       0x30 src\process.o
                0x0000000068a8cc40                Base::basic_string<wchar_t, Base::char_traits<wchar_t> >::string_impl::deallocate() const
 .text$_ZNK6Logger11Module_impl10batch_lockEv
                0x0000000068a8cc70       0x10 D:\projects\andrew-grechkin\LIB\liblog\Release-x64-stub\libliblog.a(logger_stub.o)
                0x0000000068a8cc70                Logger::Module_impl::batch_lock() const
 .text$_ZNK6Logger11Module_impl10get_prefixEv
                0x0000000068a8cc80       0x10 D:\projects\andrew-grechkin\LIB\liblog\Release-x64-stub\libliblog.a(logger_stub.o)
                0x0000000068a8cc80                Logger::Module_impl::get_prefix() const
 .text$_ZNK6Logger11Module_impl12batch_unlockEv
                0x0000000068a8cc90       0x10 D:\projects\andrew-grechkin\LIB\liblog\Release-x64-stub\libliblog.a(logger_stub.o)
                0x0000000068a8cc90                Logger::Module_impl::batch_unlock() const
 .text$_ZNK6Logger11Module_impl13is_color_modeEv
                0x0000000068a8cca0       0x10 D:\projects\andrew-grechkin\LIB\liblog\Release-x64-stub\libliblog.a(logger_stub.o)
                0x0000000068a8cca0                Logger::Module_impl::is_color_mode() const
 .text$_ZNK6Logger11Module_impl3outENS_5LevelEPKwz
                0x0000000068a8ccb0       0x10 D:\projects\andrew-grechkin\LIB\liblog\Release-x64-stub\libliblog.a(logger_stub.o)
                0x0000000068a8ccb0                Logger::Module_impl::out(Logger::Level, wchar_t const*, ...) const
 .text$_ZNK6Logger11Module_impl3outEPKciS2_NS_5LevelEPKwz
                0x0000000068a8ccc0       0x10 D:\projects\andrew-grechkin\LIB\liblog\Release-x64-stub\libliblog.a(logger_stub.o)
                0x0000000068a8ccc0                Logger::Module_impl::out(char const*, int, char const*, Logger::Level, wchar_t const*, ...) const
 .text$_ZNK6Logger11Module_impl8get_nameEv
                0x0000000068a8ccd0       0x10 D:\projects\andrew-grechkin\LIB\liblog\Release-x64-stub\libliblog.a(logger_stub.o)
                0x0000000068a8ccd0                Logger::Module_impl::get_name() const
 .text$_ZNK6Logger11Module_impl9get_levelEv
                0x0000000068a8cce0       0x10 D:\projects\andrew-grechkin\LIB\liblog\Release-x64-stub\libliblog.a(logger_stub.o)
                0x0000000068a8cce0                Logger::Module_impl::get_level() const
 .text$_ZNSt15_Sp_counted_ptrIPN6Logger9LogToNullELN9__gnu_cxx12_Lock_policyE2EE10_M_destroyEv
                0x0000000068a8ccf0       0x20 D:\projects\andrew-grechkin\LIB\liblog\Release-x64-stub\libliblog.a(target_null.o)
                0x0000000068a8ccf0                std::_Sp_counted_ptr<Logger::LogToNull*, (__gnu_cxx::_Lock_policy)2>::_M_destroy()
 .text$_ZNSt15_Sp_counted_ptrIPN6Logger9LogToNullELN9__gnu_cxx12_Lock_policyE2EE10_M_disposeEv
                0x0000000068a8cd10       0x20 D:\projects\andrew-grechkin\LIB\liblog\Release-x64-stub\libliblog.a(target_null.o)
                0x0000000068a8cd10                std::_Sp_counted_ptr<Logger::LogToNull*, (__gnu_cxx::_Lock_policy)2>::_M_dispose()
 .text$_ZNSt15_Sp_counted_ptrIPN6Logger9LogToNullELN9__gnu_cxx12_Lock_policyE2EE14_M_get_deleterERKSt9type_info
                0x0000000068a8cd30       0x10 D:\projects\andrew-grechkin\LIB\liblog\Release-x64-stub\libliblog.a(target_null.o)
                0x0000000068a8cd30                std::_Sp_counted_ptr<Logger::LogToNull*, (__gnu_cxx::_Lock_policy)2>::_M_get_deleter(std::type_info const&)
 .text$_ZNSt15_Sp_counted_ptrIPN6Logger9LogToNullELN9__gnu_cxx12_Lock_policyE2EED0Ev
                0x0000000068a8cd40       0x10 D:\projects\andrew-grechkin\LIB\liblog\Release-x64-stub\libliblog.a(target_null.o)
                0x0000000068a8cd40                std::_Sp_counted_ptr<Logger::LogToNull*, (__gnu_cxx::_Lock_policy)2>::~_Sp_counted_ptr()
 .text$_ZNSt15_Sp_counted_ptrIPN6Logger9LogToNullELN9__gnu_cxx12_Lock_policyE2EED1Ev
                0x0000000068a8cd50       0x10 D:\projects\andrew-grechkin\LIB\liblog\Release-x64-stub\libliblog.a(target_null.o)
                0x0000000068a8cd50                std::_Sp_counted_ptr<Logger::LogToNull*, (__gnu_cxx::_Lock_policy)2>::~_Sp_counted_ptr()
 .text$_ZNSt16_Sp_counted_baseILN9__gnu_cxx12_Lock_policyE2EE10_M_destroyEv
                0x0000000068a8cd60       0x20 D:\projects\andrew-grechkin\LIB\libfar3\Release-x64-NoStr\liblibfar3.a(dialog_builder.o)
                0x0000000068a8cd60                std::_Sp_counted_base<(__gnu_cxx::_Lock_policy)2>::_M_destroy()
 .text$_ZNSt16_Sp_counted_baseILN9__gnu_cxx12_Lock_policyE2EED0Ev
                0x0000000068a8cd80       0x10 D:\projects\andrew-grechkin\LIB\libfar3\Release-x64-NoStr\liblibfar3.a(dialog_builder.o)
                0x0000000068a8cd80                std::_Sp_counted_base<(__gnu_cxx::_Lock_policy)2>::~_Sp_counted_base()
 .text$_ZNSt16_Sp_counted_baseILN9__gnu_cxx12_Lock_policyE2EED1Ev
                0x0000000068a8cd90       0x10 D:\projects\andrew-grechkin\LIB\libfar3\Release-x64-NoStr\liblibfar3.a(dialog_builder.o)
                0x0000000068a8cd90                std::_Sp_counted_base<(__gnu_cxx::_Lock_policy)2>::~_Sp_counted_base()
 .text$_ZNSt19_Sp_counted_deleterIPN3Far24SimpleDialogBuilder_implENSt12__shared_ptrIS1_LN9__gnu_cxx12_Lock_policyE2EE8_DeleterISaIS1_EEES8_LS5_2EE10_M_destroyEv
                0x0000000068a8cda0       0x10 D:\projects\andrew-grechkin\LIB\libfar3\Release-x64-NoStr\liblibfar3.a(dialog_builder.o)
                0x0000000068a8cda0                std::_Sp_counted_deleter<Far::SimpleDialogBuilder_impl*, std::__shared_ptr<Far::SimpleDialogBuilder_impl, (__gnu_cxx::_Lock_policy)2>::_Deleter<std::allocator<Far::SimpleDialogBuilder_impl> >, std::allocator<Far::SimpleDialogBuilder_impl>, (__gnu_cxx::_Lock_policy)2>::_M_destroy()
 .text$_ZNSt19_Sp_counted_deleterIPN3Far24SimpleDialogBuilder_implENSt12__shared_ptrIS1_LN9__gnu_cxx12_Lock_policyE2EE8_DeleterISaIS1_EEES8_LS5_2EE10_M_disposeEv
                0x0000000068a8cdb0       0x20 D:\projects\andrew-grechkin\LIB\libfar3\Release-x64-NoStr\liblibfar3.a(dialog_builder.o)
                0x0000000068a8cdb0                std::_Sp_counted_deleter<Far::SimpleDialogBuilder_impl*, std::__shared_ptr<Far::SimpleDialogBuilder_impl, (__gnu_cxx::_Lock_policy)2>::_Deleter<std::allocator<Far::SimpleDialogBuilder_impl> >, std::allocator<Far::SimpleDialogBuilder_impl>, (__gnu_cxx::_Lock_policy)2>::_M_dispose()
 .text$_ZNSt19_Sp_counted_deleterIPN3Far24SimpleDialogBuilder_implENSt12__shared_ptrIS1_LN9__gnu_cxx12_Lock_policyE2EE8_DeleterISaIS1_EEES8_LS5_2EE14_M_get_deleterERKSt9type_info
                0x0000000068a8cdd0       0x10 D:\projects\andrew-grechkin\LIB\libfar3\Release-x64-NoStr\liblibfar3.a(dialog_builder.o)
                0x0000000068a8cdd0                std::_Sp_counted_deleter<Far::SimpleDialogBuilder_impl*, std::__shared_ptr<Far::SimpleDialogBuilder_impl, (__gnu_cxx::_Lock_policy)2>::_Deleter<std::allocator<Far::SimpleDialogBuilder_impl> >, std::allocator<Far::SimpleDialogBuilder_impl>, (__gnu_cxx::_Lock_policy)2>::_M_get_deleter(std::type_info const&)
 .text$_ZNSt19_Sp_counted_deleterIPN3Far24SimpleDialogBuilder_implENSt12__shared_ptrIS1_LN9__gnu_cxx12_Lock_policyE2EE8_DeleterISaIS1_EEES8_LS5_2EED0Ev
                0x0000000068a8cde0       0x10 D:\projects\andrew-grechkin\LIB\libfar3\Release-x64-NoStr\liblibfar3.a(dialog_builder.o)
                0x0000000068a8cde0                std::_Sp_counted_deleter<Far::SimpleDialogBuilder_impl*, std::__shared_ptr<Far::SimpleDialogBuilder_impl, (__gnu_cxx::_Lock_policy)2>::_Deleter<std::allocator<Far::SimpleDialogBuilder_impl> >, std::allocator<Far::SimpleDialogBuilder_impl>, (__gnu_cxx::_Lock_policy)2>::~_Sp_counted_deleter()
 .text$_ZNSt19_Sp_counted_deleterIPN3Far24SimpleDialogBuilder_implENSt12__shared_ptrIS1_LN9__gnu_cxx12_Lock_policyE2EE8_DeleterISaIS1_EEES8_LS5_2EED1Ev
                0x0000000068a8cdf0       0x10 D:\projects\andrew-grechkin\LIB\libfar3\Release-x64-NoStr\liblibfar3.a(dialog_builder.o)
                0x0000000068a8cdf0                std::_Sp_counted_deleter<Far::SimpleDialogBuilder_impl*, std::__shared_ptr<Far::SimpleDialogBuilder_impl, (__gnu_cxx::_Lock_policy)2>::_Deleter<std::allocator<Far::SimpleDialogBuilder_impl> >, std::allocator<Far::SimpleDialogBuilder_impl>, (__gnu_cxx::_Lock_policy)2>::~_Sp_counted_deleter()
 .text$_ZNSt6vectorI10StringInfoSaIS0_EE19_M_emplace_back_auxIIR15EditorGetStringRP13FarGlobalInfoEEEvDpOT_
                0x0000000068a8ce00      0x300 src\process.o
                0x0000000068a8ce00                .weak._ZNSt6vectorI10StringInfoSaIS0_EE19_M_emplace_back_auxIJR15EditorGetStringRP13FarGlobalInfoEEEvDpOT_._Z13SortInfoEqNumRK8SortInfoS1_
                0x0000000068a8ce00                void std::vector<StringInfo, std::allocator<StringInfo> >::_M_emplace_back_aux<EditorGetString&, FarGlobalInfo*&>(EditorGetString&, FarGlobalInfo*&)
 .text$_ZNSt6vectorI8SortInfoSaIS0_EE19_M_emplace_back_auxIIR10StringInfoRP13FarGlobalInfoEEEvDpOT_
                0x0000000068a8d100      0x1f0 src\process.o
                0x0000000068a8d100                void std::vector<SortInfo, std::allocator<SortInfo> >::_M_emplace_back_aux<StringInfo&, FarGlobalInfo*&>(StringInfo&, FarGlobalInfo*&)
                0x0000000068a8d100                .weak._ZNSt6vectorI8SortInfoSaIS0_EE19_M_emplace_back_auxIJR10StringInfoRP13FarGlobalInfoEEEvDpOT_._Z13SortInfoEqNumRK8SortInfoS1_
 .text$_ZNSt6vectorIN3Far15FarDialogItem_tESaIS1_EE19_M_emplace_back_auxIIR18FARDIALOGITEMTYPESRPKwRyEEEvDpOT_
                0x0000000068a8d2f0      0x180 D:\projects\andrew-grechkin\LIB\libfar3\Release-x64-NoStr\liblibfar3.a(dialog_builder.o)
                0x0000000068a8d2f0                void std::vector<Far::FarDialogItem_t, std::allocator<Far::FarDialogItem_t> >::_M_emplace_back_aux<FARDIALOGITEMTYPES&, wchar_t const*&, unsigned long long&>(FARDIALOGITEMTYPES&, wchar_t const*&, unsigned long long&)
                0x0000000068a8d2f0                .weak._ZNSt6vectorIN3Far15FarDialogItem_tESaIS1_EE19_M_emplace_back_auxIJR18FARDIALOGITEMTYPESRPKwRyEEEvDpOT_._ZN3Far24SimpleDialogBuilder_impl13start_column_Ev
 .text$_ZNSt6vectorIN3Far15FarDialogItem_tESaIS1_EE19_M_emplace_back_auxIIS1_EEEvDpOT_
                0x0000000068a8d470      0x160 D:\projects\andrew-grechkin\LIB\libfar3\Release-x64-NoStr\liblibfar3.a(dialog_builder.o)
                0x0000000068a8d470                void std::vector<Far::FarDialogItem_t, std::allocator<Far::FarDialogItem_t> >::_M_emplace_back_aux<Far::FarDialogItem_t>(Far::FarDialogItem_t&&)
                0x0000000068a8d470                .weak._ZNSt6vectorIN3Far15FarDialogItem_tESaIS1_EE19_M_emplace_back_auxIJS1_EEEvDpOT_._ZN3Far24SimpleDialogBuilder_impl13start_column_Ev
 .text$_ZSt13__adjust_heapIN9__gnu_cxx17__normal_iteratorIP8SortInfoSt6vectorIS2_SaIS2_EEEExS2_St26pointer_to_binary_functionIRKS2_SA_bEEvT_T0_SD_T1_T2_
                0x0000000068a8d5d0      0x230 src\process.o
                0x0000000068a8d5d0                void std::__adjust_heap<__gnu_cxx::__normal_iterator<SortInfo*, std::vector<SortInfo, std::allocator<SortInfo> > >, long long, SortInfo, std::pointer_to_binary_function<SortInfo const&, SortInfo const&, bool> >(__gnu_cxx::__normal_iterator<SortInfo*, std::vector<SortInfo, std::allocator<SortInfo> > >, long long, long long, SortInfo, std::pointer_to_binary_function<SortInfo const&, SortInfo const&, bool>)
 .text$_ZSt16__insertion_sortIN9__gnu_cxx17__normal_iteratorIP8SortInfoSt6vectorIS2_SaIS2_EEEESt26pointer_to_binary_functionIRKS2_SA_bEEvT_SC_T0_
                0x0000000068a8d800       0xf0 src\process.o
                0x0000000068a8d800                void std::__insertion_sort<__gnu_cxx::__normal_iterator<SortInfo*, std::vector<SortInfo, std::allocator<SortInfo> > >, std::pointer_to_binary_function<SortInfo const&, SortInfo const&, bool> >(__gnu_cxx::__normal_iterator<SortInfo*, std::vector<SortInfo, std::allocator<SortInfo> > >, __gnu_cxx::__normal_iterator<SortInfo*, std::vector<SortInfo, std::allocator<SortInfo> > >, std::pointer_to_binary_function<SortInfo const&, SortInfo const&, bool>)
 .text$_ZSt16__introsort_loopIN9__gnu_cxx17__normal_iteratorIP8SortInfoSt6vectorIS2_SaIS2_EEEExSt26pointer_to_binary_functionIRKS2_SA_bEEvT_SC_T0_T1_
                0x0000000068a8d8f0      0x3c0 src\process.o
                0x0000000068a8d8f0                void std::__introsort_loop<__gnu_cxx::__normal_iterator<SortInfo*, std::vector<SortInfo, std::allocator<SortInfo> > >, long long, std::pointer_to_binary_function<SortInfo const&, SortInfo const&, bool> >(__gnu_cxx::__normal_iterator<SortInfo*, std::vector<SortInfo, std::allocator<SortInfo> > >, __gnu_cxx::__normal_iterator<SortInfo*, std::vector<SortInfo, std::allocator<SortInfo> > >, long long, std::pointer_to_binary_function<SortInfo const&, SortInfo const&, bool>)
 .text$_ZSt25__unguarded_linear_insertIN9__gnu_cxx17__normal_iteratorIP8SortInfoSt6vectorIS2_SaIS2_EEEESt26pointer_to_binary_functionIRKS2_SA_bEEvT_T0_
                0x0000000068a8dcb0       0xb0 src\process.o
                0x0000000068a8dcb0                void std::__unguarded_linear_insert<__gnu_cxx::__normal_iterator<SortInfo*, std::vector<SortInfo, std::allocator<SortInfo> > >, std::pointer_to_binary_function<SortInfo const&, SortInfo const&, bool> >(__gnu_cxx::__normal_iterator<SortInfo*, std::vector<SortInfo, std::allocator<SortInfo> > >, std::pointer_to_binary_function<SortInfo const&, SortInfo const&, bool>)
 *(.text.*)
 *(.gnu.linkonce.t.*)
 *(.glue_7t)
 *(.glue_7)
                0x0000000068a8dd60                . = ALIGN (0x8)
                0x0000000068a8dd60                ___CTOR_LIST__ = .
                0x0000000068a8dd60                __CTOR_LIST__ = .
                0x0000000068a8dd60        0x4 LONG 0xffffffffffffffff
                0x0000000068a8dd64        0x4 LONG 0xffffffffffffffff
 *(.ctors)
 *(.ctor)
 *(SORT(.ctors.*))
                0x0000000068a8dd68        0x4 LONG 0x0
                0x0000000068a8dd6c        0x4 LONG 0x0
                0x0000000068a8dd70                ___DTOR_LIST__ = .
                0x0000000068a8dd70                __DTOR_LIST__ = .
                0x0000000068a8dd70        0x4 LONG 0xffffffffffffffff
                0x0000000068a8dd74        0x4 LONG 0xffffffffffffffff
 *(.dtors)
 *(.dtor)
 *(SORT(.dtors.*))
                0x0000000068a8dd78        0x4 LONG 0x0
                0x0000000068a8dd7c        0x4 LONG 0x0
 *(.fini)
 *(.gcc_exc)
                0x0000000068a8dd80                PROVIDE (etext, .)
 *(.gcc_except_table)

.data           0x0000000068a8e000      0x200
                0x0000000068a8e000                __data_start__ = .
 *(.data)
 .data          0x0000000068a8e000        0x0 src\process.o
 .data          0x0000000068a8e000        0x0 src\main.o
 .data          0x0000000068a8e000        0x0 src\guid.o
 .data          0x0000000068a8e000        0x0 src\globalinfo.o
 .data          0x0000000068a8e000        0x0 src\farplugin.o
 .data          0x0000000068a8e000        0x0 D:\projects\andrew-grechkin\LIB\libfar3\Release-x64-NoStr\liblibfar3.a(editor.o)
 .data          0x0000000068a8e000        0x0 D:\projects\andrew-grechkin\LIB\libfar3\Release-x64-NoStr\liblibfar3.a(message.o)
 .data          0x0000000068a8e000        0x0 D:\projects\andrew-grechkin\LIB\libfar3\Release-x64-NoStr\liblibfar3.a(dialog_builder.o)
 .data          0x0000000068a8e000        0x0 D:\projects\andrew-grechkin\LIB\libfar3\Release-x64-NoStr\liblibfar3.a(create_label.o)
 .data          0x0000000068a8e000        0x0 D:\projects\andrew-grechkin\LIB\libfar3\Release-x64-NoStr\liblibfar3.a(create_combobox.o)
 .data          0x0000000068a8e000        0x0 D:\projects\andrew-grechkin\LIB\libfar3\Release-x64-NoStr\liblibfar3.a(create_separator.o)
 .data          0x0000000068a8e000        0x0 D:\projects\andrew-grechkin\LIB\libfar3\Release-x64-NoStr\liblibfar3.a(create_checkbox.o)
 .data          0x0000000068a8e000        0x0 D:\projects\andrew-grechkin\LIB\libfar3\Release-x64-NoStr\liblibfar3.a(create_edit.o)
 .data          0x0000000068a8e000        0x0 D:\projects\andrew-grechkin\LIB\libfar3\Release-x64-NoStr\liblibfar3.a(globalinfo_i.o)
 .data          0x0000000068a8e000        0x0 D:\projects\andrew-grechkin\LIB\libfar3\Release-x64-NoStr\liblibfar3.a(plugin_i.o)
 .data          0x0000000068a8e000        0x0 D:\projects\andrew-grechkin\LIB\libfar3\Release-x64-NoStr\liblibfar3.a(settings.o)
 .data          0x0000000068a8e000        0x0 D:\projects\andrew-grechkin\LIB\libfar3\Release-x64-NoStr\liblibfar3.a(FarDialogItem.o)
 .data          0x0000000068a8e000        0x0 D:\projects\andrew-grechkin\LIB\libfar3\Release-x64-NoStr\liblibfar3.a(DlgBuilder_c.o)
 .data          0x0000000068a8e000        0x0 D:\projects\andrew-grechkin\LIB\libfar3\Release-x64-NoStr\liblibfar3.a(DialogItemBinding.o)
 .data          0x0000000068a8e000        0x0 D:\projects\andrew-grechkin\LIB\liblog\Release-x64-stub\libliblog.a(logger_stub.o)
 .data          0x0000000068a8e000        0x0 D:\projects\andrew-grechkin\LIB\liblog\Release-x64-stub\libliblog.a(target_null.o)
 .data          0x0000000068a8e000        0x0 D:\projects\andrew-grechkin\LIB\libbase\Release-x64-NoStr\liblibbase.a(ref_cnt.o)
 .data          0x0000000068a8e000        0x0 D:\projects\andrew-grechkin\LIB\libbase\Release-x64-NoStr\liblibbase.a(new_delete.o)
 .data          0x0000000068a8e000        0x0 D:\projects\andrew-grechkin\LIB\libbase\Release-x64-NoStr\liblibbase.a(crt.o)
 .data          0x0000000068a8e000        0x0 c:/mingw/bin/../lib/gcc/x86_64-w64-mingw32/4.8.1\libgcc.a(_ctors.o)
 .data          0x0000000068a8e000        0x0 c:/mingw/bin/../lib/gcc/x86_64-w64-mingw32/4.8.1/../../../../x86_64-w64-mingw32/lib/../lib\libmingwex.a(lib64_libmingwex_a-wcstold.o)
 .data          0x0000000068a8e000        0x0 c:/mingw/bin/../lib/gcc/x86_64-w64-mingw32/4.8.1/../../../../x86_64-w64-mingw32/lib/../lib\libmingwex.a(lib64_libmingwex_a-strtold.o)
 .data          0x0000000068a8e000        0x0 c:/mingw/bin/../lib/gcc/x86_64-w64-mingw32/4.8.1/../../../../x86_64-w64-mingw32/lib/../lib\libmingwex.a(lib64_libmingwex_a-cephes_emath.o)
 .data          0x0000000068a8e000        0x0 c:/mingw/bin/../lib/gcc/x86_64-w64-mingw32/4.8.1/../../../../x86_64-w64-mingw32/lib/../lib\libntdll.a(dyubbs02011.o)
 .data          0x0000000068a8e000        0x0 c:/mingw/bin/../lib/gcc/x86_64-w64-mingw32/4.8.1/../../../../x86_64-w64-mingw32/lib/../lib\libntdll.a(dyubbs02010.o)
 .data          0x0000000068a8e000        0x0 c:/mingw/bin/../lib/gcc/x86_64-w64-mingw32/4.8.1/../../../../x86_64-w64-mingw32/lib/../lib\libntdll.a(dyubbs01961.o)
 .data          0x0000000068a8e000        0x0 c:/mingw/bin/../lib/gcc/x86_64-w64-mingw32/4.8.1/../../../../x86_64-w64-mingw32/lib/../lib\libntdll.a(dyubbs02015.o)
 .data          0x0000000068a8e000        0x0 c:/mingw/bin/../lib/gcc/x86_64-w64-mingw32/4.8.1/../../../../x86_64-w64-mingw32/lib/../lib\libntdll.a(dyubbs02014.o)
 .data          0x0000000068a8e000        0x0 c:/mingw/bin/../lib/gcc/x86_64-w64-mingw32/4.8.1/../../../../x86_64-w64-mingw32/lib/../lib\libntdll.a(dyubbs02019.o)
 .data          0x0000000068a8e000        0x0 c:/mingw/bin/../lib/gcc/x86_64-w64-mingw32/4.8.1/../../../../x86_64-w64-mingw32/lib/../lib\libntdll.a(dyubbs01981.o)
 .data          0x0000000068a8e000        0x0 c:/mingw/bin/../lib/gcc/x86_64-w64-mingw32/4.8.1/../../../../x86_64-w64-mingw32/lib/../lib\libntdll.a(dyubbs01946.o)
 .data          0x0000000068a8e000        0x0 c:/mingw/bin/../lib/gcc/x86_64-w64-mingw32/4.8.1/../../../../x86_64-w64-mingw32/lib/../lib\libntdll.a(dyubbs01896.o)
 .data          0x0000000068a8e000        0x0 c:/mingw/bin/../lib/gcc/x86_64-w64-mingw32/4.8.1/../../../../x86_64-w64-mingw32/lib/../lib\libntdll.a(dyubbh.o)
 .data          0x0000000068a8e000        0x0 c:/mingw/bin/../lib/gcc/x86_64-w64-mingw32/4.8.1/../../../../x86_64-w64-mingw32/lib/../lib\libntdll.a(dyubbt.o)
 .data          0x0000000068a8e000        0x0 c:/mingw/bin/../lib/gcc/x86_64-w64-mingw32/4.8.1/../../../../x86_64-w64-mingw32/lib/../lib\libmsvcrt.a(dqows00092.o)
 .data          0x0000000068a8e000        0x0 c:/mingw/bin/../lib/gcc/x86_64-w64-mingw32/4.8.1/../../../../x86_64-w64-mingw32/lib/../lib\libmsvcrt.a(dqows00063.o)
 .data          0x0000000068a8e000        0x0 c:/mingw/bin/../lib/gcc/x86_64-w64-mingw32/4.8.1/../../../../x86_64-w64-mingw32/lib/../lib\libmsvcrt.a(dqows01137.o)
 .data          0x0000000068a8e000        0x0 c:/mingw/bin/../lib/gcc/x86_64-w64-mingw32/4.8.1/../../../../x86_64-w64-mingw32/lib/../lib\libmsvcrt.a(dqows00508.o)
 .data          0x0000000068a8e000        0x0 c:/mingw/bin/../lib/gcc/x86_64-w64-mingw32/4.8.1/../../../../x86_64-w64-mingw32/lib/../lib\libmsvcrt.a(dqows01079.o)
 .data          0x0000000068a8e000        0x0 c:/mingw/bin/../lib/gcc/x86_64-w64-mingw32/4.8.1/../../../../x86_64-w64-mingw32/lib/../lib\libmsvcrt.a(dqows01130.o)
 .data          0x0000000068a8e000        0x0 c:/mingw/bin/../lib/gcc/x86_64-w64-mingw32/4.8.1/../../../../x86_64-w64-mingw32/lib/../lib\libmsvcrt.a(dqows00201.o)
 .data          0x0000000068a8e000        0x0 c:/mingw/bin/../lib/gcc/x86_64-w64-mingw32/4.8.1/../../../../x86_64-w64-mingw32/lib/../lib\libmsvcrt.a(dqowh.o)
 .data          0x0000000068a8e000        0x0 c:/mingw/bin/../lib/gcc/x86_64-w64-mingw32/4.8.1/../../../../x86_64-w64-mingw32/lib/../lib\libmsvcrt.a(dqowt.o)
 .data          0x0000000068a8e000        0x0 c:/mingw/bin/../lib/gcc/x86_64-w64-mingw32/4.8.1/../../../../x86_64-w64-mingw32/lib/../lib\libkernel32.a(dspqs00103.o)
 .data          0x0000000068a8e000        0x0 c:/mingw/bin/../lib/gcc/x86_64-w64-mingw32/4.8.1/../../../../x86_64-w64-mingw32/lib/../lib\libkernel32.a(dspqs00603.o)
 .data          0x0000000068a8e000        0x0 c:/mingw/bin/../lib/gcc/x86_64-w64-mingw32/4.8.1/../../../../x86_64-w64-mingw32/lib/../lib\libkernel32.a(dspqs00740.o)
 .data          0x0000000068a8e000        0x0 c:/mingw/bin/../lib/gcc/x86_64-w64-mingw32/4.8.1/../../../../x86_64-w64-mingw32/lib/../lib\libkernel32.a(dspqs00734.o)
 .data          0x0000000068a8e000        0x0 c:/mingw/bin/../lib/gcc/x86_64-w64-mingw32/4.8.1/../../../../x86_64-w64-mingw32/lib/../lib\libkernel32.a(dspqs00744.o)
 .data          0x0000000068a8e000        0x0 c:/mingw/bin/../lib/gcc/x86_64-w64-mingw32/4.8.1/../../../../x86_64-w64-mingw32/lib/../lib\libkernel32.a(dspqs01358.o)
 .data          0x0000000068a8e000        0x0 c:/mingw/bin/../lib/gcc/x86_64-w64-mingw32/4.8.1/../../../../x86_64-w64-mingw32/lib/../lib\libkernel32.a(dspqs01355.o)
 .data          0x0000000068a8e000        0x0 c:/mingw/bin/../lib/gcc/x86_64-w64-mingw32/4.8.1/../../../../x86_64-w64-mingw32/lib/../lib\libkernel32.a(dspqs01294.o)
 .data          0x0000000068a8e000        0x0 c:/mingw/bin/../lib/gcc/x86_64-w64-mingw32/4.8.1/../../../../x86_64-w64-mingw32/lib/../lib\libkernel32.a(dspqh.o)
 .data          0x0000000068a8e000        0x0 c:/mingw/bin/../lib/gcc/x86_64-w64-mingw32/4.8.1/../../../../x86_64-w64-mingw32/lib/../lib\libkernel32.a(dspqt.o)
 *(.data2)
 *(SORT(.data$*))
 .data$_ZGVZN3Far8helper_t4instEvE3ret
                0x0000000068a8e000       0x10 src\main.o
                0x0000000068a8e000                guard variable for Far::helper_t::inst()::ret
 .data$_ZGVZN6Logger11Module_impl4instEvE8instance
                0x0000000068a8e010       0x10 D:\projects\andrew-grechkin\LIB\liblog\Release-x64-stub\libliblog.a(logger_stub.o)
                0x0000000068a8e010                guard variable for Logger::Module_impl::inst()::instance
 .data$_ZZN3Far8helper_t4instEvE3ret
                0x0000000068a8e020       0x10 src\main.o
                0x0000000068a8e020                Far::helper_t::inst()::ret
 .data$_ZZN6Logger11Module_impl4instEvE8instance
                0x0000000068a8e030       0x10 D:\projects\andrew-grechkin\LIB\liblog\Release-x64-stub\libliblog.a(logger_stub.o)
                0x0000000068a8e030                Logger::Module_impl::inst()::instance
 *(.jcr)
                0x0000000068a8e040                __data_end__ = .
 *(.data_cygwin_nocopy)

.rdata          0x0000000068a8f000     0x4400
 *(.rdata)
 .rdata         0x0000000068a8f000      0x440 src\process.o
 .rdata         0x0000000068a8f440      0x1a0 src\main.o
 .rdata         0x0000000068a8f5e0      0x3e0 src\globalinfo.o
 .rdata         0x0000000068a8f9c0      0x120 src\farplugin.o
 .rdata         0x0000000068a8fae0       0x10 D:\projects\andrew-grechkin\LIB\libfar3\Release-x64-NoStr\liblibfar3.a(message.o)
 *fill*         0x0000000068a8faf0       0x10 
 .rdata         0x0000000068a8fb00      0x640 D:\projects\andrew-grechkin\LIB\libfar3\Release-x64-NoStr\liblibfar3.a(dialog_builder.o)
 .rdata         0x0000000068a90140       0xa0 D:\projects\andrew-grechkin\LIB\libfar3\Release-x64-NoStr\liblibfar3.a(create_label.o)
 .rdata         0x0000000068a901e0      0x1a0 D:\projects\andrew-grechkin\LIB\libfar3\Release-x64-NoStr\liblibfar3.a(create_combobox.o)
 .rdata         0x0000000068a90380       0xa0 D:\projects\andrew-grechkin\LIB\libfar3\Release-x64-NoStr\liblibfar3.a(create_separator.o)
 .rdata         0x0000000068a90420      0x140 D:\projects\andrew-grechkin\LIB\libfar3\Release-x64-NoStr\liblibfar3.a(create_checkbox.o)
 .rdata         0x0000000068a90560      0x260 D:\projects\andrew-grechkin\LIB\libfar3\Release-x64-NoStr\liblibfar3.a(create_edit.o)
 .rdata         0x0000000068a907c0      0x200 D:\projects\andrew-grechkin\LIB\libfar3\Release-x64-NoStr\liblibfar3.a(globalinfo_i.o)
 .rdata         0x0000000068a909c0      0x1c0 D:\projects\andrew-grechkin\LIB\libfar3\Release-x64-NoStr\liblibfar3.a(plugin_i.o)
 .rdata         0x0000000068a90b80      0x560 D:\projects\andrew-grechkin\LIB\libfar3\Release-x64-NoStr\liblibfar3.a(settings.o)
 .rdata         0x0000000068a910e0      0x2c0 D:\projects\andrew-grechkin\LIB\libfar3\Release-x64-NoStr\liblibfar3.a(FarDialogItem.o)
 .rdata         0x0000000068a913a0       0x10 D:\projects\andrew-grechkin\LIB\liblog\Release-x64-stub\libliblog.a(logger_stub.o)
 *fill*         0x0000000068a913b0       0x10 
 .rdata         0x0000000068a913c0       0xe0 c:/mingw/bin/../lib/gcc/x86_64-w64-mingw32/4.8.1/../../../../x86_64-w64-mingw32/lib/../lib\libmingwex.a(lib64_libmingwex_a-strtold.o)
 *(SORT(.rdata$*))
 .rdata$ALL_POWERSCHEMES_GUID
                0x0000000068a914a0       0x10 src\guid.o
                0x0000000068a914a0                ALL_POWERSCHEMES_GUID
 .rdata$ConfigGuid
                0x0000000068a914b0       0x10 src\guid.o
                0x0000000068a914b0                ConfigGuid
 .rdata$DialogGuid
                0x0000000068a914c0       0x10 src\guid.o
                0x0000000068a914c0                DialogGuid
 .rdata$GUID_ACDC_POWER_SOURCE
                0x0000000068a914d0       0x10 src\guid.o
                0x0000000068a914d0                GUID_ACDC_POWER_SOURCE
 .rdata$GUID_ACTIVE_POWERSCHEME
                0x0000000068a914e0       0x10 src\guid.o
                0x0000000068a914e0                GUID_ACTIVE_POWERSCHEME
 .rdata$GUID_ADAPTIVE_POWER_BEHAVIOR_SUBGROUP
                0x0000000068a914f0       0x10 src\guid.o
                0x0000000068a914f0                GUID_ADAPTIVE_POWER_BEHAVIOR_SUBGROUP
 .rdata$GUID_ALLOW_AWAYMODE
                0x0000000068a91500       0x10 src\guid.o
                0x0000000068a91500                GUID_ALLOW_AWAYMODE
 .rdata$GUID_ALLOW_DISPLAY_REQUIRED
                0x0000000068a91510       0x10 src\guid.o
                0x0000000068a91510                GUID_ALLOW_DISPLAY_REQUIRED
 .rdata$GUID_ALLOW_RTC_WAKE
                0x0000000068a91520       0x10 src\guid.o
                0x0000000068a91520                GUID_ALLOW_RTC_WAKE
 .rdata$GUID_ALLOW_STANDBY_STATES
                0x0000000068a91530       0x10 src\guid.o
                0x0000000068a91530                GUID_ALLOW_STANDBY_STATES
 .rdata$GUID_ALLOW_SYSTEM_REQUIRED
                0x0000000068a91540       0x10 src\guid.o
                0x0000000068a91540                GUID_ALLOW_SYSTEM_REQUIRED
 .rdata$GUID_APPLAUNCH_BUTTON
                0x0000000068a91550       0x10 src\guid.o
                0x0000000068a91550                GUID_APPLAUNCH_BUTTON
 .rdata$GUID_BACKGROUND_TASK_NOTIFICATION
                0x0000000068a91560       0x10 src\guid.o
                0x0000000068a91560                GUID_BACKGROUND_TASK_NOTIFICATION
 .rdata$GUID_BATTERY_DISCHARGE_ACTION_0
                0x0000000068a91570       0x10 src\guid.o
                0x0000000068a91570                GUID_BATTERY_DISCHARGE_ACTION_0
 .rdata$GUID_BATTERY_DISCHARGE_ACTION_1
                0x0000000068a91580       0x10 src\guid.o
                0x0000000068a91580                GUID_BATTERY_DISCHARGE_ACTION_1
 .rdata$GUID_BATTERY_DISCHARGE_ACTION_2
                0x0000000068a91590       0x10 src\guid.o
                0x0000000068a91590                GUID_BATTERY_DISCHARGE_ACTION_2
 .rdata$GUID_BATTERY_DISCHARGE_ACTION_3
                0x0000000068a915a0       0x10 src\guid.o
                0x0000000068a915a0                GUID_BATTERY_DISCHARGE_ACTION_3
 .rdata$GUID_BATTERY_DISCHARGE_FLAGS_0
                0x0000000068a915b0       0x10 src\guid.o
                0x0000000068a915b0                GUID_BATTERY_DISCHARGE_FLAGS_0
 .rdata$GUID_BATTERY_DISCHARGE_FLAGS_1
                0x0000000068a915c0       0x10 src\guid.o
                0x0000000068a915c0                GUID_BATTERY_DISCHARGE_FLAGS_1
 .rdata$GUID_BATTERY_DISCHARGE_FLAGS_2
                0x0000000068a915d0       0x10 src\guid.o
                0x0000000068a915d0                GUID_BATTERY_DISCHARGE_FLAGS_2
 .rdata$GUID_BATTERY_DISCHARGE_FLAGS_3
                0x0000000068a915e0       0x10 src\guid.o
                0x0000000068a915e0                GUID_BATTERY_DISCHARGE_FLAGS_3
 .rdata$GUID_BATTERY_DISCHARGE_LEVEL_0
                0x0000000068a915f0       0x10 src\guid.o
                0x0000000068a915f0                GUID_BATTERY_DISCHARGE_LEVEL_0
 .rdata$GUID_BATTERY_DISCHARGE_LEVEL_1
                0x0000000068a91600       0x10 src\guid.o
                0x0000000068a91600                GUID_BATTERY_DISCHARGE_LEVEL_1
 .rdata$GUID_BATTERY_DISCHARGE_LEVEL_2
                0x0000000068a91610       0x10 src\guid.o
                0x0000000068a91610                GUID_BATTERY_DISCHARGE_LEVEL_2
 .rdata$GUID_BATTERY_DISCHARGE_LEVEL_3
                0x0000000068a91620       0x10 src\guid.o
                0x0000000068a91620                GUID_BATTERY_DISCHARGE_LEVEL_3
 .rdata$GUID_BATTERY_PERCENTAGE_REMAINING
                0x0000000068a91630       0x10 src\guid.o
                0x0000000068a91630                GUID_BATTERY_PERCENTAGE_REMAINING
 .rdata$GUID_BATTERY_SUBGROUP
                0x0000000068a91640       0x10 src\guid.o
                0x0000000068a91640                GUID_BATTERY_SUBGROUP
 .rdata$GUID_CONSOLE_DISPLAY_STATE
                0x0000000068a91650       0x10 src\guid.o
                0x0000000068a91650                GUID_CONSOLE_DISPLAY_STATE
 .rdata$GUID_CRITICAL_POWER_TRANSITION
                0x0000000068a91660       0x10 src\guid.o
                0x0000000068a91660                GUID_CRITICAL_POWER_TRANSITION
 .rdata$GUID_DEVICE_IDLE_POLICY
                0x0000000068a91670       0x10 src\guid.o
                0x0000000068a91670                GUID_DEVICE_IDLE_POLICY
 .rdata$GUID_DEVICE_POWER_POLICY_VIDEO_BRIGHTNESS
                0x0000000068a91680       0x10 src\guid.o
                0x0000000068a91680                GUID_DEVICE_POWER_POLICY_VIDEO_BRIGHTNESS
 .rdata$GUID_DEVICE_POWER_POLICY_VIDEO_DIM_BRIGHTNESS
                0x0000000068a91690       0x10 src\guid.o
                0x0000000068a91690                GUID_DEVICE_POWER_POLICY_VIDEO_DIM_BRIGHTNESS
 .rdata$GUID_DEVINTERFACE_CDCHANGER
                0x0000000068a916a0       0x10 src\guid.o
                0x0000000068a916a0                GUID_DEVINTERFACE_CDCHANGER
 .rdata$GUID_DEVINTERFACE_CDROM
                0x0000000068a916b0       0x10 src\guid.o
                0x0000000068a916b0                GUID_DEVINTERFACE_CDROM
 .rdata$GUID_DEVINTERFACE_COMPORT
                0x0000000068a916c0       0x10 src\guid.o
                0x0000000068a916c0                GUID_DEVINTERFACE_COMPORT
 .rdata$GUID_DEVINTERFACE_DISK
                0x0000000068a916d0       0x10 src\guid.o
                0x0000000068a916d0                GUID_DEVINTERFACE_DISK
 .rdata$GUID_DEVINTERFACE_FLOPPY
                0x0000000068a916e0       0x10 src\guid.o
                0x0000000068a916e0                GUID_DEVINTERFACE_FLOPPY
 .rdata$GUID_DEVINTERFACE_MEDIUMCHANGER
                0x0000000068a916f0       0x10 src\guid.o
                0x0000000068a916f0                GUID_DEVINTERFACE_MEDIUMCHANGER
 .rdata$GUID_DEVINTERFACE_PARTITION
                0x0000000068a91700       0x10 src\guid.o
                0x0000000068a91700                GUID_DEVINTERFACE_PARTITION
 .rdata$GUID_DEVINTERFACE_SERENUM_BUS_ENUMERATOR
                0x0000000068a91710       0x10 src\guid.o
                0x0000000068a91710                GUID_DEVINTERFACE_SERENUM_BUS_ENUMERATOR
 .rdata$GUID_DEVINTERFACE_STORAGEPORT
                0x0000000068a91720       0x10 src\guid.o
                0x0000000068a91720                GUID_DEVINTERFACE_STORAGEPORT
 .rdata$GUID_DEVINTERFACE_TAPE
                0x0000000068a91730       0x10 src\guid.o
                0x0000000068a91730                GUID_DEVINTERFACE_TAPE
 .rdata$GUID_DEVINTERFACE_VOLUME
                0x0000000068a91740       0x10 src\guid.o
                0x0000000068a91740                GUID_DEVINTERFACE_VOLUME
 .rdata$GUID_DEVINTERFACE_WRITEONCEDISK
                0x0000000068a91750       0x10 src\guid.o
                0x0000000068a91750                GUID_DEVINTERFACE_WRITEONCEDISK
 .rdata$GUID_DISK_ADAPTIVE_POWERDOWN
                0x0000000068a91760       0x10 src\guid.o
                0x0000000068a91760                GUID_DISK_ADAPTIVE_POWERDOWN
 .rdata$GUID_DISK_BURST_IGNORE_THRESHOLD
                0x0000000068a91770       0x10 src\guid.o
                0x0000000068a91770                GUID_DISK_BURST_IGNORE_THRESHOLD
 .rdata$GUID_DISK_COALESCING_POWERDOWN_TIMEOUT
                0x0000000068a91780       0x10 src\guid.o
                0x0000000068a91780                GUID_DISK_COALESCING_POWERDOWN_TIMEOUT
 .rdata$GUID_DISK_IDLE_TIMEOUT
                0x0000000068a91790       0x10 src\guid.o
                0x0000000068a91790                GUID_DISK_IDLE_TIMEOUT
 .rdata$GUID_DISK_POWERDOWN_TIMEOUT
                0x0000000068a917a0       0x10 src\guid.o
                0x0000000068a917a0                GUID_DISK_POWERDOWN_TIMEOUT
 .rdata$GUID_DISK_SUBGROUP
                0x0000000068a917b0       0x10 src\guid.o
                0x0000000068a917b0                GUID_DISK_SUBGROUP
 .rdata$GUID_ENABLE_SWITCH_FORCED_SHUTDOWN
                0x0000000068a917c0       0x10 src\guid.o
                0x0000000068a917c0                GUID_ENABLE_SWITCH_FORCED_SHUTDOWN
 .rdata$GUID_EXECUTION_REQUIRED_REQUEST_TIMEOUT
                0x0000000068a917d0       0x10 src\guid.o
                0x0000000068a917d0                GUID_EXECUTION_REQUIRED_REQUEST_TIMEOUT
 .rdata$GUID_GLOBAL_USER_PRESENCE
                0x0000000068a917e0       0x10 src\guid.o
                0x0000000068a917e0                GUID_GLOBAL_USER_PRESENCE
 .rdata$GUID_HIBERNATE_FASTS4_POLICY
                0x0000000068a917f0       0x10 src\guid.o
                0x0000000068a917f0                GUID_HIBERNATE_FASTS4_POLICY
 .rdata$GUID_HIBERNATE_TIMEOUT
                0x0000000068a91800       0x10 src\guid.o
                0x0000000068a91800                GUID_HIBERNATE_TIMEOUT
 .rdata$GUID_IDLE_BACKGROUND_TASK
                0x0000000068a91810       0x10 src\guid.o
                0x0000000068a91810                GUID_IDLE_BACKGROUND_TASK
 .rdata$GUID_IDLE_RESILIENCY_PERIOD
                0x0000000068a91820       0x10 src\guid.o
                0x0000000068a91820                GUID_IDLE_RESILIENCY_PERIOD
 .rdata$GUID_IDLE_RESILIENCY_SUBGROUP
                0x0000000068a91830       0x10 src\guid.o
                0x0000000068a91830                GUID_IDLE_RESILIENCY_SUBGROUP
 .rdata$GUID_LIDCLOSE_ACTION
                0x0000000068a91840       0x10 src\guid.o
                0x0000000068a91840                GUID_LIDCLOSE_ACTION
 .rdata$GUID_LIDOPEN_POWERSTATE
                0x0000000068a91850       0x10 src\guid.o
                0x0000000068a91850                GUID_LIDOPEN_POWERSTATE
 .rdata$GUID_LIDSWITCH_STATE_CHANGE
                0x0000000068a91860       0x10 src\guid.o
                0x0000000068a91860                GUID_LIDSWITCH_STATE_CHANGE
 .rdata$GUID_LOCK_CONSOLE_ON_WAKE
                0x0000000068a91870       0x10 src\guid.o
                0x0000000068a91870                GUID_LOCK_CONSOLE_ON_WAKE
 .rdata$GUID_MAX_POWER_SAVINGS
                0x0000000068a91880       0x10 src\guid.o
                0x0000000068a91880                GUID_MAX_POWER_SAVINGS
 .rdata$GUID_MIN_POWER_SAVINGS
                0x0000000068a91890       0x10 src\guid.o
                0x0000000068a91890                GUID_MIN_POWER_SAVINGS
 .rdata$GUID_MONITOR_POWER_ON
                0x0000000068a918a0       0x10 src\guid.o
                0x0000000068a918a0                GUID_MONITOR_POWER_ON
 .rdata$GUID_NON_ADAPTIVE_INPUT_TIMEOUT
                0x0000000068a918b0       0x10 src\guid.o
                0x0000000068a918b0                GUID_NON_ADAPTIVE_INPUT_TIMEOUT
 .rdata$GUID_PCIEXPRESS_ASPM_POLICY
                0x0000000068a918c0       0x10 src\guid.o
                0x0000000068a918c0                GUID_PCIEXPRESS_ASPM_POLICY
 .rdata$GUID_PCIEXPRESS_SETTINGS_SUBGROUP
                0x0000000068a918d0       0x10 src\guid.o
                0x0000000068a918d0                GUID_PCIEXPRESS_SETTINGS_SUBGROUP
 .rdata$GUID_POWERBUTTON_ACTION
                0x0000000068a918e0       0x10 src\guid.o
                0x0000000068a918e0                GUID_POWERBUTTON_ACTION
 .rdata$GUID_POWERSCHEME_PERSONALITY
                0x0000000068a918f0       0x10 src\guid.o
                0x0000000068a918f0                GUID_POWERSCHEME_PERSONALITY
 .rdata$GUID_PROCESSOR_ALLOW_THROTTLING
                0x0000000068a91900       0x10 src\guid.o
                0x0000000068a91900                GUID_PROCESSOR_ALLOW_THROTTLING
 .rdata$GUID_PROCESSOR_CORE_PARKING_AFFINITY_HISTORY_DECREASE_FACTOR
                0x0000000068a91910       0x10 src\guid.o
                0x0000000068a91910                GUID_PROCESSOR_CORE_PARKING_AFFINITY_HISTORY_DECREASE_FACTOR
 .rdata$GUID_PROCESSOR_CORE_PARKING_AFFINITY_HISTORY_THRESHOLD
                0x0000000068a91920       0x10 src\guid.o
                0x0000000068a91920                GUID_PROCESSOR_CORE_PARKING_AFFINITY_HISTORY_THRESHOLD
 .rdata$GUID_PROCESSOR_CORE_PARKING_AFFINITY_WEIGHTING
                0x0000000068a91930       0x10 src\guid.o
                0x0000000068a91930                GUID_PROCESSOR_CORE_PARKING_AFFINITY_WEIGHTING
 .rdata$GUID_PROCESSOR_CORE_PARKING_DECREASE_POLICY
                0x0000000068a91940       0x10 src\guid.o
                0x0000000068a91940                GUID_PROCESSOR_CORE_PARKING_DECREASE_POLICY
 .rdata$GUID_PROCESSOR_CORE_PARKING_DECREASE_THRESHOLD
                0x0000000068a91950       0x10 src\guid.o
                0x0000000068a91950                GUID_PROCESSOR_CORE_PARKING_DECREASE_THRESHOLD
 .rdata$GUID_PROCESSOR_CORE_PARKING_DECREASE_TIME
                0x0000000068a91960       0x10 src\guid.o
                0x0000000068a91960                GUID_PROCESSOR_CORE_PARKING_DECREASE_TIME
 .rdata$GUID_PROCESSOR_CORE_PARKING_INCREASE_POLICY
                0x0000000068a91970       0x10 src\guid.o
                0x0000000068a91970                GUID_PROCESSOR_CORE_PARKING_INCREASE_POLICY
 .rdata$GUID_PROCESSOR_CORE_PARKING_INCREASE_THRESHOLD
                0x0000000068a91980       0x10 src\guid.o
                0x0000000068a91980                GUID_PROCESSOR_CORE_PARKING_INCREASE_THRESHOLD
 .rdata$GUID_PROCESSOR_CORE_PARKING_INCREASE_TIME
                0x0000000068a91990       0x10 src\guid.o
                0x0000000068a91990                GUID_PROCESSOR_CORE_PARKING_INCREASE_TIME
 .rdata$GUID_PROCESSOR_CORE_PARKING_MAX_CORES
                0x0000000068a919a0       0x10 src\guid.o
                0x0000000068a919a0                GUID_PROCESSOR_CORE_PARKING_MAX_CORES
 .rdata$GUID_PROCESSOR_CORE_PARKING_MIN_CORES
                0x0000000068a919b0       0x10 src\guid.o
                0x0000000068a919b0                GUID_PROCESSOR_CORE_PARKING_MIN_CORES
 .rdata$GUID_PROCESSOR_CORE_PARKING_OVER_UTILIZATION_HISTORY_DECREASE_FACTOR
                0x0000000068a919c0       0x10 src\guid.o
                0x0000000068a919c0                GUID_PROCESSOR_CORE_PARKING_OVER_UTILIZATION_HISTORY_DECREASE_FACTOR
 .rdata$GUID_PROCESSOR_CORE_PARKING_OVER_UTILIZATION_HISTORY_THRESHOLD
                0x0000000068a919d0       0x10 src\guid.o
                0x0000000068a919d0                GUID_PROCESSOR_CORE_PARKING_OVER_UTILIZATION_HISTORY_THRESHOLD
 .rdata$GUID_PROCESSOR_CORE_PARKING_OVER_UTILIZATION_THRESHOLD
                0x0000000068a919e0       0x10 src\guid.o
                0x0000000068a919e0                GUID_PROCESSOR_CORE_PARKING_OVER_UTILIZATION_THRESHOLD
 .rdata$GUID_PROCESSOR_CORE_PARKING_OVER_UTILIZATION_WEIGHTING
                0x0000000068a919f0       0x10 src\guid.o
                0x0000000068a919f0                GUID_PROCESSOR_CORE_PARKING_OVER_UTILIZATION_WEIGHTING
 .rdata$GUID_PROCESSOR_DISTRIBUTE_UTILITY
                0x0000000068a91a00       0x10 src\guid.o
                0x0000000068a91a00                GUID_PROCESSOR_DISTRIBUTE_UTILITY
 .rdata$GUID_PROCESSOR_IDLESTATE_POLICY
                0x0000000068a91a10       0x10 src\guid.o
                0x0000000068a91a10                GUID_PROCESSOR_IDLESTATE_POLICY
 .rdata$GUID_PROCESSOR_IDLE_ALLOW_SCALING
                0x0000000068a91a20       0x10 src\guid.o
                0x0000000068a91a20                GUID_PROCESSOR_IDLE_ALLOW_SCALING
 .rdata$GUID_PROCESSOR_IDLE_DEMOTE_THRESHOLD
                0x0000000068a91a30       0x10 src\guid.o
                0x0000000068a91a30                GUID_PROCESSOR_IDLE_DEMOTE_THRESHOLD
 .rdata$GUID_PROCESSOR_IDLE_DISABLE
                0x0000000068a91a40       0x10 src\guid.o
                0x0000000068a91a40                GUID_PROCESSOR_IDLE_DISABLE
 .rdata$GUID_PROCESSOR_IDLE_PROMOTE_THRESHOLD
                0x0000000068a91a50       0x10 src\guid.o
                0x0000000068a91a50                GUID_PROCESSOR_IDLE_PROMOTE_THRESHOLD
 .rdata$GUID_PROCESSOR_IDLE_STATE_MAXIMUM
                0x0000000068a91a60       0x10 src\guid.o
                0x0000000068a91a60                GUID_PROCESSOR_IDLE_STATE_MAXIMUM
 .rdata$GUID_PROCESSOR_IDLE_TIME_CHECK
                0x0000000068a91a70       0x10 src\guid.o
                0x0000000068a91a70                GUID_PROCESSOR_IDLE_TIME_CHECK
 .rdata$GUID_PROCESSOR_PARKING_CONCURRENCY_THRESHOLD
                0x0000000068a91a80       0x10 src\guid.o
                0x0000000068a91a80                GUID_PROCESSOR_PARKING_CONCURRENCY_THRESHOLD
 .rdata$GUID_PROCESSOR_PARKING_CORE_OVERRIDE
                0x0000000068a91a90       0x10 src\guid.o
                0x0000000068a91a90                GUID_PROCESSOR_PARKING_CORE_OVERRIDE
 .rdata$GUID_PROCESSOR_PARKING_HEADROOM_THRESHOLD
                0x0000000068a91aa0       0x10 src\guid.o
                0x0000000068a91aa0                GUID_PROCESSOR_PARKING_HEADROOM_THRESHOLD
 .rdata$GUID_PROCESSOR_PARKING_PERF_STATE
                0x0000000068a91ab0       0x10 src\guid.o
                0x0000000068a91ab0                GUID_PROCESSOR_PARKING_PERF_STATE
 .rdata$GUID_PROCESSOR_PERFSTATE_POLICY
                0x0000000068a91ac0       0x10 src\guid.o
                0x0000000068a91ac0                GUID_PROCESSOR_PERFSTATE_POLICY
 .rdata$GUID_PROCESSOR_PERF_BOOST_MODE
                0x0000000068a91ad0       0x10 src\guid.o
                0x0000000068a91ad0                GUID_PROCESSOR_PERF_BOOST_MODE
 .rdata$GUID_PROCESSOR_PERF_BOOST_POLICY
                0x0000000068a91ae0       0x10 src\guid.o
                0x0000000068a91ae0                GUID_PROCESSOR_PERF_BOOST_POLICY
 .rdata$GUID_PROCESSOR_PERF_DECREASE_POLICY
                0x0000000068a91af0       0x10 src\guid.o
                0x0000000068a91af0                GUID_PROCESSOR_PERF_DECREASE_POLICY
 .rdata$GUID_PROCESSOR_PERF_DECREASE_THRESHOLD
                0x0000000068a91b00       0x10 src\guid.o
                0x0000000068a91b00                GUID_PROCESSOR_PERF_DECREASE_THRESHOLD
 .rdata$GUID_PROCESSOR_PERF_DECREASE_TIME
                0x0000000068a91b10       0x10 src\guid.o
                0x0000000068a91b10                GUID_PROCESSOR_PERF_DECREASE_TIME
 .rdata$GUID_PROCESSOR_PERF_HISTORY
                0x0000000068a91b20       0x10 src\guid.o
                0x0000000068a91b20                GUID_PROCESSOR_PERF_HISTORY
 .rdata$GUID_PROCESSOR_PERF_INCREASE_POLICY
                0x0000000068a91b30       0x10 src\guid.o
                0x0000000068a91b30                GUID_PROCESSOR_PERF_INCREASE_POLICY
 .rdata$GUID_PROCESSOR_PERF_INCREASE_THRESHOLD
                0x0000000068a91b40       0x10 src\guid.o
                0x0000000068a91b40                GUID_PROCESSOR_PERF_INCREASE_THRESHOLD
 .rdata$GUID_PROCESSOR_PERF_INCREASE_TIME
                0x0000000068a91b50       0x10 src\guid.o
                0x0000000068a91b50                GUID_PROCESSOR_PERF_INCREASE_TIME
 .rdata$GUID_PROCESSOR_PERF_LATENCY_HINT
                0x0000000068a91b60       0x10 src\guid.o
                0x0000000068a91b60                GUID_PROCESSOR_PERF_LATENCY_HINT
 .rdata$GUID_PROCESSOR_PERF_TIME_CHECK
                0x0000000068a91b70       0x10 src\guid.o
                0x0000000068a91b70                GUID_PROCESSOR_PERF_TIME_CHECK
 .rdata$GUID_PROCESSOR_SETTINGS_SUBGROUP
                0x0000000068a91b80       0x10 src\guid.o
                0x0000000068a91b80                GUID_PROCESSOR_SETTINGS_SUBGROUP
 .rdata$GUID_PROCESSOR_THROTTLE_MAXIMUM
                0x0000000068a91b90       0x10 src\guid.o
                0x0000000068a91b90                GUID_PROCESSOR_THROTTLE_MAXIMUM
 .rdata$GUID_PROCESSOR_THROTTLE_MINIMUM
                0x0000000068a91ba0       0x10 src\guid.o
                0x0000000068a91ba0                GUID_PROCESSOR_THROTTLE_MINIMUM
 .rdata$GUID_PROCESSOR_THROTTLE_POLICY
                0x0000000068a91bb0       0x10 src\guid.o
                0x0000000068a91bb0                GUID_PROCESSOR_THROTTLE_POLICY
 .rdata$GUID_SESSION_DISPLAY_STATUS
                0x0000000068a91bc0       0x10 src\guid.o
                0x0000000068a91bc0                GUID_SESSION_DISPLAY_STATUS
 .rdata$GUID_SESSION_USER_PRESENCE
                0x0000000068a91bd0       0x10 src\guid.o
                0x0000000068a91bd0                GUID_SESSION_USER_PRESENCE
 .rdata$GUID_SLEEPBUTTON_ACTION
                0x0000000068a91be0       0x10 src\guid.o
                0x0000000068a91be0                GUID_SLEEPBUTTON_ACTION
 .rdata$GUID_SLEEP_IDLE_THRESHOLD
                0x0000000068a91bf0       0x10 src\guid.o
                0x0000000068a91bf0                GUID_SLEEP_IDLE_THRESHOLD
 .rdata$GUID_SLEEP_SUBGROUP
                0x0000000068a91c00       0x10 src\guid.o
                0x0000000068a91c00                GUID_SLEEP_SUBGROUP
 .rdata$GUID_STANDBY_TIMEOUT
                0x0000000068a91c10       0x10 src\guid.o
                0x0000000068a91c10                GUID_STANDBY_TIMEOUT
 .rdata$GUID_SYSTEM_AWAYMODE
                0x0000000068a91c20       0x10 src\guid.o
                0x0000000068a91c20                GUID_SYSTEM_AWAYMODE
 .rdata$GUID_SYSTEM_BUTTON_SUBGROUP
                0x0000000068a91c30       0x10 src\guid.o
                0x0000000068a91c30                GUID_SYSTEM_BUTTON_SUBGROUP
 .rdata$GUID_SYSTEM_COOLING_POLICY
                0x0000000068a91c40       0x10 src\guid.o
                0x0000000068a91c40                GUID_SYSTEM_COOLING_POLICY
 .rdata$GUID_TYPICAL_POWER_SAVINGS
                0x0000000068a91c50       0x10 src\guid.o
                0x0000000068a91c50                GUID_TYPICAL_POWER_SAVINGS
 .rdata$GUID_UNATTEND_SLEEP_TIMEOUT
                0x0000000068a91c60       0x10 src\guid.o
                0x0000000068a91c60                GUID_UNATTEND_SLEEP_TIMEOUT
 .rdata$GUID_USERINTERFACEBUTTON_ACTION
                0x0000000068a91c70       0x10 src\guid.o
                0x0000000068a91c70                GUID_USERINTERFACEBUTTON_ACTION
 .rdata$GUID_VIDEO_ADAPTIVE_DISPLAY_BRIGHTNESS
                0x0000000068a91c80       0x10 src\guid.o
                0x0000000068a91c80                GUID_VIDEO_ADAPTIVE_DISPLAY_BRIGHTNESS
 .rdata$GUID_VIDEO_ADAPTIVE_PERCENT_INCREASE
                0x0000000068a91c90       0x10 src\guid.o
                0x0000000068a91c90                GUID_VIDEO_ADAPTIVE_PERCENT_INCREASE
 .rdata$GUID_VIDEO_ADAPTIVE_POWERDOWN
                0x0000000068a91ca0       0x10 src\guid.o
                0x0000000068a91ca0                GUID_VIDEO_ADAPTIVE_POWERDOWN
 .rdata$GUID_VIDEO_ANNOYANCE_TIMEOUT
                0x0000000068a91cb0       0x10 src\guid.o
                0x0000000068a91cb0                GUID_VIDEO_ANNOYANCE_TIMEOUT
 .rdata$GUID_VIDEO_CONSOLE_LOCK_TIMEOUT
                0x0000000068a91cc0       0x10 src\guid.o
                0x0000000068a91cc0                GUID_VIDEO_CONSOLE_LOCK_TIMEOUT
 .rdata$GUID_VIDEO_CURRENT_MONITOR_BRIGHTNESS
                0x0000000068a91cd0       0x10 src\guid.o
                0x0000000068a91cd0                GUID_VIDEO_CURRENT_MONITOR_BRIGHTNESS
 .rdata$GUID_VIDEO_DIM_TIMEOUT
                0x0000000068a91ce0       0x10 src\guid.o
                0x0000000068a91ce0                GUID_VIDEO_DIM_TIMEOUT
 .rdata$GUID_VIDEO_POWERDOWN_TIMEOUT
                0x0000000068a91cf0       0x10 src\guid.o
                0x0000000068a91cf0                GUID_VIDEO_POWERDOWN_TIMEOUT
 .rdata$GUID_VIDEO_SUBGROUP
                0x0000000068a91d00       0x10 src\guid.o
                0x0000000068a91d00                GUID_VIDEO_SUBGROUP
 .rdata$IID_AsyncIAdviseSink
                0x0000000068a91d10       0x10 src\guid.o
                0x0000000068a91d10                IID_AsyncIAdviseSink
 .rdata$IID_AsyncIAdviseSink2
                0x0000000068a91d20       0x10 src\guid.o
                0x0000000068a91d20                IID_AsyncIAdviseSink2
 .rdata$IID_AsyncIMultiQI
                0x0000000068a91d30       0x10 src\guid.o
                0x0000000068a91d30                IID_AsyncIMultiQI
 .rdata$IID_AsyncIUnknown
                0x0000000068a91d40       0x10 src\guid.o
                0x0000000068a91d40                IID_AsyncIUnknown
 .rdata$IID_IAddrExclusionControl
                0x0000000068a91d50       0x10 src\guid.o
                0x0000000068a91d50                IID_IAddrExclusionControl
 .rdata$IID_IAddrTrackingControl
                0x0000000068a91d60       0x10 src\guid.o
                0x0000000068a91d60                IID_IAddrTrackingControl
 .rdata$IID_IAdviseSink
                0x0000000068a91d70       0x10 src\guid.o
                0x0000000068a91d70                IID_IAdviseSink
 .rdata$IID_IAdviseSink2
                0x0000000068a91d80       0x10 src\guid.o
                0x0000000068a91d80                IID_IAdviseSink2
 .rdata$IID_IAgileObject
                0x0000000068a91d90       0x10 src\guid.o
                0x0000000068a91d90                IID_IAgileObject
 .rdata$IID_IApartmentShutdown
                0x0000000068a91da0       0x10 src\guid.o
                0x0000000068a91da0                IID_IApartmentShutdown
 .rdata$IID_IAsyncManager
                0x0000000068a91db0       0x10 src\guid.o
                0x0000000068a91db0                IID_IAsyncManager
 .rdata$IID_IAsyncRpcChannelBuffer
                0x0000000068a91dc0       0x10 src\guid.o
                0x0000000068a91dc0                IID_IAsyncRpcChannelBuffer
 .rdata$IID_IAuthenticate
                0x0000000068a91dd0       0x10 src\guid.o
                0x0000000068a91dd0                IID_IAuthenticate
 .rdata$IID_IAuthenticateEx
                0x0000000068a91de0       0x10 src\guid.o
                0x0000000068a91de0                IID_IAuthenticateEx
 .rdata$IID_IBindCallbackRedirect
                0x0000000068a91df0       0x10 src\guid.o
                0x0000000068a91df0                IID_IBindCallbackRedirect
 .rdata$IID_IBindCtx
                0x0000000068a91e00       0x10 src\guid.o
                0x0000000068a91e00                IID_IBindCtx
 .rdata$IID_IBindHost
                0x0000000068a91e10       0x10 src\guid.o
                0x0000000068a91e10                IID_IBindHost
 .rdata$IID_IBindProtocol
                0x0000000068a91e20       0x10 src\guid.o
                0x0000000068a91e20                IID_IBindProtocol
 .rdata$IID_IBindStatusCallback
                0x0000000068a91e30       0x10 src\guid.o