Archive member included because of file (symbol)

D:\projects\andrew-grechkin\LIB\libfar3\Release-x32-NoStr/liblibfar3.a(editor.o)
                              src\process.o (Far::Editor::set_string(int, wchar_t const*, unsigned int, wchar_t const*))
D:\projects\andrew-grechkin\LIB\libfar3\Release-x32-NoStr/liblibfar3.a(message.o)
                              src\process.o (Far::get_msg(int))
D:\projects\andrew-grechkin\LIB\libfar3\Release-x32-NoStr/liblibfar3.a(dialog_builder.o)
                              src\process.o (Far::create_dialog_builder(_GUID const&, wchar_t const*, wchar_t const*, int (*)(void*, int, int, void*), void*))
D:\projects\andrew-grechkin\LIB\libfar3\Release-x32-NoStr/liblibfar3.a(create_label.o)
                              src\process.o (Far::create_label(wchar_t const*, unsigned long long))
D:\projects\andrew-grechkin\LIB\libfar3\Release-x32-NoStr/liblibfar3.a(create_combobox.o)
                              src\process.o (Far::create_combobox(int*, FarListItem*, unsigned int, unsigned long long))
D:\projects\andrew-grechkin\LIB\libfar3\Release-x32-NoStr/liblibfar3.a(create_separator.o)
                              src\process.o (Far::create_separator(wchar_t const*, unsigned long long))
D:\projects\andrew-grechkin\LIB\libfar3\Release-x32-NoStr/liblibfar3.a(create_checkbox.o)
                              src\process.o (Far::create_checkbox(int*, wchar_t const*, unsigned long long))
D:\projects\andrew-grechkin\LIB\libfar3\Release-x32-NoStr/liblibfar3.a(create_edit.o)
                              src\process.o (Far::create_edit(wchar_t*, int, int, wchar_t const*, bool, unsigned long long))
D:\projects\andrew-grechkin\LIB\libfar3\Release-x32-NoStr/liblibfar3.a(globalinfo_i.o)
                              src\globalinfo.o (Far::GlobalInfo_i::~GlobalInfo_i())
D:\projects\andrew-grechkin\LIB\libfar3\Release-x32-NoStr/liblibfar3.a(plugin_i.o)
                              src\farplugin.o (Far::Plugin_i::~Plugin_i())
D:\projects\andrew-grechkin\LIB\libfar3\Release-x32-NoStr/liblibfar3.a(settings.o)
                              src\globalinfo.o (Far::Settings_t::~Settings_t())
D:\projects\andrew-grechkin\LIB\libfar3\Release-x32-NoStr/liblibfar3.a(FarDialogItem.o)
                              D:\projects\andrew-grechkin\LIB\libfar3\Release-x32-NoStr/liblibfar3.a(dialog_builder.o) (Far::FarDialogItem_t::~FarDialogItem_t())
D:\projects\andrew-grechkin\LIB\libfar3\Release-x32-NoStr/liblibfar3.a(DlgBuilder_c.o)
                              D:\projects\andrew-grechkin\LIB\libfar3\Release-x32-NoStr/liblibfar3.a(dialog_builder.o) (Far::PluginRadioButtonBinding::PluginRadioButtonBinding(void*&, int, int*, int))
D:\projects\andrew-grechkin\LIB\libfar3\Release-x32-NoStr/liblibfar3.a(DialogItemBinding.o)
                              D:\projects\andrew-grechkin\LIB\libfar3\Release-x32-NoStr/liblibfar3.a(create_combobox.o) (Far::DialogItemBinding_i::~DialogItemBinding_i())
D:\projects\andrew-grechkin\LIB\liblog\Release-x32-stub/libliblog.a(logger_stub.o)
                              src\main.o (Logger::set_default_level(Logger::Level))
D:\projects\andrew-grechkin\LIB\liblog\Release-x32-stub/libliblog.a(target_null.o)
                              D:\projects\andrew-grechkin\LIB\liblog\Release-x32-stub/libliblog.a(logger_stub.o) (Logger::get_TargetToNull())
D:\projects\andrew-grechkin\LIB\libbase\Release-x32-NoStr/liblibbase.a(ref_cnt.o)
                              src\process.o (Base::ref_counter::~ref_counter())
D:\projects\andrew-grechkin\LIB\libbase\Release-x32-NoStr/liblibbase.a(new_delete.o)
                              src\process.o (operator new(unsigned int))
D:\projects\andrew-grechkin\LIB\libbase\Release-x32-NoStr/liblibbase.a(crt.o)
                              src\main.o (Base::init_atexit())
c:/mingw/bin/../lib/gcc/x86_64-w64-mingw32/4.8.1/32/libgcc.a(_ctors.o)
                              D:\projects\andrew-grechkin\LIB\libbase\Release-x32-NoStr/liblibbase.a(crt.o) (__DTOR_LIST__)
c:/mingw/bin/../lib/gcc/x86_64-w64-mingw32/4.8.1/../../../../x86_64-w64-mingw32/lib/../lib32/libmingwex.a(lib32_libmingwex_a-wcstold.o)
                              src\process.o (wcstold)
c:/mingw/bin/../lib/gcc/x86_64-w64-mingw32/4.8.1/../../../../x86_64-w64-mingw32/lib/../lib32/libmingwex.a(lib32_libmingwex_a-strtold.o)
                              c:/mingw/bin/../lib/gcc/x86_64-w64-mingw32/4.8.1/../../../../x86_64-w64-mingw32/lib/../lib32/libmingwex.a(lib32_libmingwex_a-wcstold.o) (strtold)
c:/mingw/bin/../lib/gcc/x86_64-w64-mingw32/4.8.1/../../../../x86_64-w64-mingw32/lib/../lib32/libmingwex.a(lib32_libmingwex_a-cephes_emath.o)
                              c:/mingw/bin/../lib/gcc/x86_64-w64-mingw32/4.8.1/../../../../x86_64-w64-mingw32/lib/../lib32/libmingwex.a(lib32_libmingwex_a-strtold.o) (__emovi)
c:/mingw/bin/../lib/gcc/x86_64-w64-mingw32/4.8.1/../../../../x86_64-w64-mingw32/lib/../lib32/libntdll.a(dslbs02047.o)
                              src\process.o (wcscmp)
[...]
Memory Configuration

Name             Origin             Length             Attributes
*default*        0x0000000000000000 0xffffffffffffffff

Linker script and memory map

                0x00000000671c0000                __image_base__ = 0x671c0000
                0x0000000000000000                __dll__ = 0x0
                0x00000000671c0000                ___ImageBase = 0x671c0000
                0x0000000000001000                __section_alignment__ = 0x1000
                0x0000000000000200                __file_alignment__ = 0x200
                0x0000000000000004                __major_os_version__ = 0x4
                0x0000000000000000                __minor_os_version__ = 0x0
                0x0000000000000001                __major_image_version__ = 0x1
                0x0000000000000000                __minor_image_version__ = 0x0
                0x0000000000000004                __major_subsystem_version__ = 0x4
                0x0000000000000000                __minor_subsystem_version__ = 0x0
                0x0000000000000003                __subsystem__ = 0x3
                0x0000000000200000                __size_of_stack_reserve__ = 0x200000
                0x0000000000001000                __size_of_stack_commit__ = 0x1000
                0x0000000000100000                __size_of_heap_reserve__ = 0x100000
                0x0000000000001000                __size_of_heap_commit__ = 0x1000
                0x0000000000000000                __loader_flags__ = 0x0
                0x0000000000000000                __dll_characteristics__ = 0x0
LOAD ..\src\mainW.gcc.def
LOAD src\process.o
LOAD src\main.o
LOAD src\guid.o
LOAD src\globalinfo.o
LOAD src\farplugin.o
LOAD src\main.res
LOAD D:\projects\andrew-grechkin\LIB\libfar3\Release-x32-NoStr/liblibfar3.a
LOAD D:\projects\andrew-grechkin\LIB\liblog\Release-x32-stub/libliblog.a
LOAD D:\projects\andrew-grechkin\LIB\libbase\Release-x32-NoStr/liblibbase.a
LOAD c:/mingw/bin/../lib/gcc/x86_64-w64-mingw32/4.8.1/32/libgcc.a
LOAD c:/mingw/bin/../lib/gcc/x86_64-w64-mingw32/4.8.1/../../../../x86_64-w64-mingw32/lib/../lib32/libmingwex.a
LOAD c:/mingw/bin/../lib/gcc/x86_64-w64-mingw32/4.8.1/../../../../x86_64-w64-mingw32/lib/../lib32/libmingw32.a
LOAD c:/mingw/bin/../lib/gcc/x86_64-w64-mingw32/4.8.1/../../../../x86_64-w64-mingw32/lib/../lib32/libntdll.a
LOAD c:/mingw/bin/../lib/gcc/x86_64-w64-mingw32/4.8.1/../../../../x86_64-w64-mingw32/lib/../lib32/libmsvcrt.a
LOAD c:/mingw/bin/../lib/gcc/x86_64-w64-mingw32/4.8.1/../../../../x86_64-w64-mingw32/lib/../lib32/libkernel32.a
                0x00000000000002b8                . = SIZEOF_HEADERS
                0x0000000000001000                . = ALIGN (__section_alignment__)

.text           0x00000000671c1000     0xc600
 *(.init)
 *(.text)
 .text          0x00000000671c1000     0x1620 src\process.o
                0x00000000671c1000                SortInfoEqNum(SortInfo const&, SortInfo const&)
                0x00000000671c1020                SortInfoLessLine(SortInfo const&, SortInfo const&)
                0x00000000671c1040                SortInfoEqLength(SortInfo const&, SortInfo const&)
                0x00000000671c1060                SortInfoLessNum(SortInfo const&, SortInfo const&)
                0x00000000671c10a0                SortInfoLessLength(SortInfo const&, SortInfo const&)
                0x00000000671c10e0                SortInfoEqCI(SortInfo const&, SortInfo const&)
                0x00000000671c1130                SortInfoEqCS(SortInfo const&, SortInfo const&)
                0x00000000671c1180                SortInfoLessCI(SortInfo const&, SortInfo const&)
                0x00000000671c11f0                SortInfoLessCS(SortInfo const&, SortInfo const&)
                0x00000000671c1260                SortInfoEqCScode(SortInfo const&, SortInfo const&)
                0x00000000671c1290                SortInfoLessCScode(SortInfo const&, SortInfo const&)
                0x00000000671c12e0                is_whitespace(wchar_t)
                0x00000000671c1310                editor_set_string(int, Base::basic_string<wchar_t, Base::char_traits<wchar_t> > const&, wchar_t const*)
                0x00000000671c1390                SortInfo::get_substr(StringInfo const&, EDITOR_BLOCK_TYPES, bool)
                0x00000000671c14f0                SortInfo::FindNum(wchar_t const*)
                0x00000000671c1620                Execute()
                0x00000000671c21a0                process()
 .text          0x00000000671c2620      0x3d0 src\main.o
                0x00000000671c2640                GetGlobalInfoW@4
                0x00000000671c2640                GetGlobalInfoW
                0x00000000671c2750                SetStartupInfoW
                0x00000000671c2750                SetStartupInfoW@4
                0x00000000671c27b0                ConfigureW@4
                0x00000000671c27b0                ConfigureW
                0x00000000671c2810                GetPluginInfoW
                0x00000000671c2810                GetPluginInfoW@4
                0x00000000671c2890                OpenW@4
                0x00000000671c2890                OpenW
                0x00000000671c2910                ExitFARW@4
                0x00000000671c2910                ExitFARW
                0x00000000671c2990                atexit
                0x00000000671c29a0                __cxa_pure_virtual
                0x00000000671c29b0                _pei386_runtime_relocator
                0x00000000671c29c0                DllMainCRTStartup@12
 .text          0x00000000671c29f0        0x0 src\guid.o
 .text          0x00000000671c29f0      0x870 src\globalinfo.o
                0x00000000671c2a10                FarGlobalInfo::get_author() const
                0x00000000671c2a20                FarGlobalInfo::get_description() const
                0x00000000671c2a30                FarGlobalInfo::get_guid() const
                0x00000000671c2a40                FarGlobalInfo::get_title() const
                0x00000000671c2a50                FarGlobalInfo::get_version() const
                0x00000000671c2a80                FarGlobalInfo::get_min_version() const
                0x00000000671c2ab0                FarGlobalInfo::~FarGlobalInfo()
                0x00000000671c2ab0                FarGlobalInfo::~FarGlobalInfo()
                0x00000000671c2b00                FarGlobalInfo::CreatePlugin(PluginStartupInfo const*) const
                0x00000000671c2b50                FarGlobalInfo::~FarGlobalInfo()
                0x00000000671c2bb0                FarGlobalInfo::FarGlobalInfo()
                0x00000000671c2bb0                FarGlobalInfo::FarGlobalInfo()
                0x00000000671c2c40                FarGlobalInfo::load_settings()
                0x00000000671c2f30                FarGlobalInfo::save_settings() const
                0x00000000671c31a0                FarGlobalInfo::load_editor_info()
                0x00000000671c3220                get_global_info()
 .text          0x00000000671c3260      0x2b0 src\farplugin.o
                0x00000000671c3260                FarPlugin::~FarPlugin()
                0x00000000671c3260                FarPlugin::~FarPlugin()
                0x00000000671c32b0                FarPlugin::GetPluginInfo(PluginInfo*)
                0x00000000671c3370                FarPlugin::Open(OpenInfo const*)
                0x00000000671c33c0                FarPlugin::~FarPlugin()
                0x00000000671c3420                FarPlugin::FarPlugin(PluginStartupInfo const*)
                0x00000000671c3420                FarPlugin::FarPlugin(PluginStartupInfo const*)
                0x00000000671c3480                create_FarPlugin(PluginStartupInfo const*)
                0x00000000671c34f0                destroy(Far::Plugin_i*)
 .text          0x00000000671c3510      0x7d0 D:\projects\andrew-grechkin\LIB\libfar3\Release-x32-NoStr/liblibfar3.a(editor.o)
                0x00000000671c3530                Far::Editor::get_filename(wchar_t*, int)
                0x00000000671c3600                Far::Editor::get_string(int, wchar_t const*&)
                0x00000000671c3690                Far::Editor::set_position(int, int)
                0x00000000671c3740                Far::Editor::set_string(int, wchar_t const*, unsigned int, wchar_t const*)
                0x00000000671c37c0                Far::Editor::insert_string(int, wchar_t const*, int, wchar_t const*)
                0x00000000671c3940                Far::Editor::del_string(int)
                0x00000000671c3a40                Far::Editor::unselect_block()
                0x00000000671c3ac0                Far::Editor::start_undo()
                0x00000000671c3b30                Far::Editor::stop_undo()
                0x00000000671c3ba0                Far::Editor::redraw()
                0x00000000671c3c00                Far::Editor::get_info(EditorInfo&)
                0x00000000671c3c70                Far::Editor::get_string(unsigned int, EditorGetString&)
 .text          0x00000000671c3ce0       0xc0 D:\projects\andrew-grechkin\LIB\libfar3\Release-x32-NoStr/liblibfar3.a(message.o)
                0x00000000671c3d00                Far::get_msg(int)
 .text          0x00000000671c3da0     0x1a70 D:\projects\andrew-grechkin\LIB\libfar3\Release-x32-NoStr/liblibfar3.a(dialog_builder.o)
                0x00000000671c3dc0                Far::SimpleDialogBuilder_impl::start_column_()
                0x00000000671c3dd0                Far::SimpleDialogBuilder_impl::break_column_()
                0x00000000671c3de0                Far::SimpleDialogBuilder_impl::end_column_()
                0x00000000671c3df0                Far::SimpleDialogBuilder_impl::end_singlebox_()
                0x00000000671c3e20                Far::DialogBuilder_i::~DialogBuilder_i()
                0x00000000671c3e20                Far::DialogBuilder_i::~DialogBuilder_i()
                0x00000000671c3e70                Far::SimpleDialogBuilder_impl::add_empty_line_()
                0x00000000671c3ec0                Far::DialogBuilder_i::~DialogBuilder_i()
                0x00000000671c3f10                Far::SimpleDialogBuilder_impl::~SimpleDialogBuilder_impl()
                0x00000000671c3f10                Far::SimpleDialogBuilder_impl::~SimpleDialogBuilder_impl()
                0x00000000671c4000                Far::SimpleDialogBuilder_impl::~SimpleDialogBuilder_impl()
                0x00000000671c4020                Far::CompareX2_less(Far::FarDialogItem_t const&, Far::FarDialogItem_t const&)
                0x00000000671c4040                Far::CompareWidth_less(Far::FarDialogItem_t const&, Far::FarDialogItem_t const&)
                0x00000000671c4070                Far::SimpleDialogBuilder_impl::GetMaxItemX2() const
                0x00000000671c4170                Far::SimpleDialogBuilder_impl::save()
                0x00000000671c41d0                Far::SimpleDialogBuilder_impl::set_next_y(Far::FarDialogItem_t*)
                0x00000000671c4240                Far::SimpleDialogBuilder_impl::show_dialog_()
                0x00000000671c43d0                Far::SimpleDialogBuilder_impl::UpdateBorderSize()
                0x00000000671c4480                Far::SimpleDialogBuilder_impl::show_()
                0x00000000671c4540                Far::SimpleDialogBuilder_impl::add_dialog_item(Far::FarDialogItem_t*)
                0x00000000671c4610                Far::SimpleDialogBuilder_impl::add_item_(Far::FarDialogItem_t*)
                0x00000000671c4740                Far::SimpleDialogBuilder_impl::add_item_before_(Far::FarDialogItem_t*)
                0x00000000671c4860                Far::SimpleDialogBuilder_impl::add_item_after_(Far::FarDialogItem_t*)
                0x00000000671c49a0                Far::SimpleDialogBuilder_impl::add_radiobuttons_(int*, int, Far::AddRadioButton_t const*, bool)
                0x00000000671c4bf0                Far::SimpleDialogBuilder_impl::add_dialog_item(FARDIALOGITEMTYPES, wchar_t const*, unsigned long long)
                0x00000000671c4ce0                Far::SimpleDialogBuilder_impl::start_singlebox_(int, wchar_t const*, bool)
                0x00000000671c4e30                Far::SimpleDialogBuilder_impl::create_border(wchar_t const*)
                0x00000000671c4f90                Far::SimpleDialogBuilder_impl::SimpleDialogBuilder_impl(_GUID const&, wchar_t const*, wchar_t const*, int (*)(void*, int, int, void*), void*)
                0x00000000671c4f90                Far::SimpleDialogBuilder_impl::SimpleDialogBuilder_impl(_GUID const&, wchar_t const*, wchar_t const*, int (*)(void*, int, int, void*), void*)
                0x00000000671c5190                Far::create_dialog_builder(_GUID const&, wchar_t const*, wchar_t const*, int (*)(void*, int, int, void*), void*)
                0x00000000671c5410                Far::SimpleDialogBuilder_impl::add_OKCancel_(wchar_t const*, wchar_t const*, wchar_t const*)
 .text          0x00000000671c5810       0x90 D:\projects\andrew-grechkin\LIB\libfar3\Release-x32-NoStr/liblibfar3.a(create_label.o)
                0x00000000671c5810                Far::create_label(wchar_t const*, unsigned long long)
 .text          0x00000000671c58a0      0x330 D:\projects\andrew-grechkin\LIB\libfar3\Release-x32-NoStr/liblibfar3.a(create_combobox.o)
                0x00000000671c58c0                Far::ComboBoxBinding::save_() const
                0x00000000671c5980                Far::ComboBoxBinding::get_width_() const
                0x00000000671c5a30                Far::ComboBoxBinding::ComboBoxBinding(int*, FarListItem*, unsigned int)
                0x00000000671c5a30                Far::ComboBoxBinding::ComboBoxBinding(int*, FarListItem*, unsigned int)
                0x00000000671c5a70                Far::ComboBoxBinding::get_items() const
                0x00000000671c5a80                Far::create_combobox(int*, FarListItem*, unsigned int, unsigned long long)
 .text          0x00000000671c5bd0       0x90 D:\projects\andrew-grechkin\LIB\libfar3\Release-x32-NoStr/liblibfar3.a(create_separator.o)
                0x00000000671c5bd0                Far::create_separator(wchar_t const*, unsigned long long)
 .text          0x00000000671c5c60      0x200 D:\projects\andrew-grechkin\LIB\libfar3\Release-x32-NoStr/liblibfar3.a(create_checkbox.o)
                0x00000000671c5c80                Far::CheckBoxBinding::get_width_() const
                0x00000000671c5c90                Far::CheckBoxBinding::save_() const
                0x00000000671c5d70                Far::CheckBoxBinding::CheckBoxBinding(int*)
                0x00000000671c5d70                Far::CheckBoxBinding::CheckBoxBinding(int*)
                0x00000000671c5d90                Far::create_checkbox(int*, wchar_t const*, unsigned long long)
 .text          0x00000000671c5e60      0x450 D:\projects\andrew-grechkin\LIB\libfar3\Release-x32-NoStr/liblibfar3.a(create_edit.o)
                0x00000000671c5e80                Far::PluginEditFieldBinding::get_width_() const
                0x00000000671c5ec0                Far::PluginEditFieldBinding::save_() const
                0x00000000671c5f90                Far::PluginEditFieldBinding::PluginEditFieldBinding(wchar_t*, int)
                0x00000000671c5f90                Far::PluginEditFieldBinding::PluginEditFieldBinding(wchar_t*, int)
                0x00000000671c6000                Far::create_edit(wchar_t*, int, int, wchar_t const*, bool, unsigned long long)
                0x00000000671c6190                Far::create_password(wchar_t*, int, int, unsigned long long)
 .text          0x00000000671c62b0      0x360 D:\projects\andrew-grechkin\LIB\libfar3\Release-x32-NoStr/liblibfar3.a(globalinfo_i.o)
                0x00000000671c62b0                Far::GlobalInfo_i::get_min_version() const
                0x00000000671c62e0                Far::GlobalInfo_i::~GlobalInfo_i()
                0x00000000671c62e0                Far::GlobalInfo_i::~GlobalInfo_i()
                0x00000000671c6330                Far::GlobalInfo_i::Configure(ConfigureInfo const*)
                0x00000000671c6370                Far::GlobalInfo_i::~GlobalInfo_i()
                0x00000000671c63d0                Far::GlobalInfo_i::GetGlobalInfoW(GlobalInfo*) const
                0x00000000671c64c0                Far::GlobalInfo_i::ConfigureW(ConfigureInfo const*)
                0x00000000671c6530                Far::GlobalInfo_i::SetStartupInfoW(PluginStartupInfo const*)
                0x00000000671c65b0                Far::GlobalInfo_i::get_plugin() const
                0x00000000671c65c0                Far::GlobalInfo_i::GlobalInfo_i()
                0x00000000671c65c0                Far::GlobalInfo_i::GlobalInfo_i()
 .text          0x00000000671c6610      0x2a0 D:\projects\andrew-grechkin\LIB\libfar3\Release-x32-NoStr/liblibfar3.a(plugin_i.o)
                0x00000000671c6610                Far::Plugin_i::~Plugin_i()
                0x00000000671c6610                Far::Plugin_i::~Plugin_i()
                0x00000000671c6660                Far::Plugin_i::Open(OpenInfo const*)
                0x00000000671c66a0                Far::Plugin_i::ExitFAR(ExitInfo const*)
                0x00000000671c66e0                Far::Plugin_i::~Plugin_i()
                0x00000000671c6730                Far::Plugin_i::GetPluginInfoW(PluginInfo*)
                0x00000000671c6750                Far::Plugin_i::OpenW(OpenInfo const*)
                0x00000000671c67c0                Far::Plugin_i::ExitFARW(ExitInfo const*)
                0x00000000671c6830                Far::Plugin_i::Plugin_i(PluginStartupInfo const*)
                0x00000000671c6830                Far::Plugin_i::Plugin_i(PluginStartupInfo const*)
 .text          0x00000000671c68b0      0xde0 D:\projects\andrew-grechkin\LIB\libfar3\Release-x32-NoStr/liblibfar3.a(settings.o)
                0x00000000671c68d0                Far::Settings_t::~Settings_t()
                0x00000000671c68d0                Far::Settings_t::~Settings_t()
                0x00000000671c69a0                Far::Settings_t::Settings_t(_GUID const&)
                0x00000000671c69a0                Far::Settings_t::Settings_t(_GUID const&)
                0x00000000671c6a80                Far::Settings_t::create_key(wchar_t const*, FARSETTINGS_SUBFOLDERS)
                0x00000000671c6b30                Far::Settings_t::open_key(wchar_t const*, FARSETTINGS_SUBFOLDERS) const
                0x00000000671c6be0                Far::Settings_t::del(wchar_t const*, FARSETTINGS_SUBFOLDERS)
                0x00000000671c6c90                Far::Settings_t::get(wchar_t const*, void*, unsigned int, FARSETTINGS_SUBFOLDERS) const
                0x00000000671c6da0                Far::Settings_t::get(wchar_t const*, wchar_t const*, FARSETTINGS_SUBFOLDERS) const
                0x00000000671c6e80                Far::Settings_t::get(wchar_t const*, unsigned long long, FARSETTINGS_SUBFOLDERS) const
                0x00000000671c6f70                Far::Settings_t::get(wchar_t const*, long long, FARSETTINGS_SUBFOLDERS) const
                0x00000000671c70a0                Far::Settings_t::get(wchar_t const*, bool, FARSETTINGS_SUBFOLDERS) const
                0x00000000671c71d0                Far::Settings_t::set(wchar_t const*, void const*, unsigned int, FARSETTINGS_SUBFOLDERS)
                0x00000000671c72b0                Far::Settings_t::set(wchar_t const*, wchar_t const*, FARSETTINGS_SUBFOLDERS)
                0x00000000671c7390                Far::Settings_t::set(wchar_t const*, unsigned long long, FARSETTINGS_SUBFOLDERS)
                0x00000000671c7480                Far::Settings_t::set(wchar_t const*, long long, FARSETTINGS_SUBFOLDERS)
                0x00000000671c7570                Far::Settings_t::set(wchar_t const*, bool, FARSETTINGS_SUBFOLDERS)
 .text          0x00000000671c7690      0x490 D:\projects\andrew-grechkin\LIB\libfar3\Release-x32-NoStr/liblibfar3.a(FarDialogItem.o)
                0x00000000671c7690                Far::FarDialogItem_t::~FarDialogItem_t()
                0x00000000671c7690                Far::FarDialogItem_t::~FarDialogItem_t()
                0x00000000671c76b0                Far::FarDialogItem_t::FarDialogItem_t(FARDIALOGITEMTYPES, wchar_t const*, unsigned long long)
                0x00000000671c76b0                Far::FarDialogItem_t::FarDialogItem_t(FARDIALOGITEMTYPES, wchar_t const*, unsigned long long)
                0x00000000671c7790                Far::FarDialogItem_t::FarDialogItem_t(Far::DialogItemBinding_i*, FARDIALOGITEMTYPES, wchar_t const*, unsigned long long)
                0x00000000671c7790                Far::FarDialogItem_t::FarDialogItem_t(Far::DialogItemBinding_i*, FARDIALOGITEMTYPES, wchar_t const*, unsigned long long)
                0x00000000671c7880                Far::FarDialogItem_t::FarDialogItem_t(Far::FarDialogItem_t&&)
                0x00000000671c7880                Far::FarDialogItem_t::FarDialogItem_t(Far::FarDialogItem_t&&)
                0x00000000671c7930                Far::FarDialogItem_t::operator=(Far::FarDialogItem_t&&)
                0x00000000671c79e0                Far::FarDialogItem_t::get_height() const
                0x00000000671c7a30                Far::FarDialogItem_t::get_width() const
                0x00000000671c7af0                Far::FarDialogItem_t::set_dlg(void**)
                0x00000000671c7b00                Far::FarDialogItem_t::set_index(int)
                0x00000000671c7b10                Far::FarDialogItem_t::save() const
 .text          0x00000000671c7b20       0xe0 D:\projects\andrew-grechkin\LIB\libfar3\Release-x32-NoStr/liblibfar3.a(DlgBuilder_c.o)
                0x00000000671c7b40                Far::PluginRadioButtonBinding::get_width_() const
                0x00000000671c7b50                Far::PluginRadioButtonBinding::save_() const
                0x00000000671c7bd0                Far::PluginRadioButtonBinding::PluginRadioButtonBinding(void*&, int, int*, int)
                0x00000000671c7bd0                Far::PluginRadioButtonBinding::PluginRadioButtonBinding(void*&, int, int*, int)
 .text          0x00000000671c7c00       0xf0 D:\projects\andrew-grechkin\LIB\libfar3\Release-x32-NoStr/liblibfar3.a(DialogItemBinding.o)
                0x00000000671c7c00                Far::DialogItemBinding_i::~DialogItemBinding_i()
                0x00000000671c7c00                Far::DialogItemBinding_i::~DialogItemBinding_i()
                0x00000000671c7c10                Far::DialogItemBinding_i::get_height_() const
                0x00000000671c7c20                Far::DialogItemBinding_i::~DialogItemBinding_i()
                0x00000000671c7c40                Far::DialogItemBinding_i::get_dlg() const
                0x00000000671c7c60                Far::DialogItemBinding_i::get_index() const
                0x00000000671c7c70                Far::DialogItemBinding_i::set_dlg(void**)
                0x00000000671c7c80                Far::DialogItemBinding_i::set_index(int)
                0x00000000671c7c90                Far::DialogItemBinding_i::save() const
                0x00000000671c7cb0                Far::DialogItemBinding_i::get_height() const
                0x00000000671c7cd0                Far::DialogItemBinding_i::get_width() const
 .text          0x00000000671c7cf0      0x1e0 D:\projects\andrew-grechkin\LIB\liblog\Release-x32-stub/libliblog.a(logger_stub.o)
                0x00000000671c7cf0                Logger::Target_i::~Target_i()
                0x00000000671c7cf0                Logger::Target_i::~Target_i()
                0x00000000671c7d00                Logger::Module_i::~Module_i()
                0x00000000671c7d00                Logger::Module_i::~Module_i()
                0x00000000671c7d20                Logger::Target_i::~Target_i()
                0x00000000671c7d40                Logger::Module_i::~Module_i()
                0x00000000671c7d60                Logger::get_default_level()
                0x00000000671c7d70                Logger::set_default_level(Logger::Level)
                0x00000000671c7d80                Logger::get_default_prefix()
                0x00000000671c7d90                Logger::set_default_prefix(unsigned int)
                0x00000000671c7da0                Logger::get_default_target()
                0x00000000671c7dc0                Logger::set_default_target(std::shared_ptr<Logger::Target_i>)
                0x00000000671c7dd0                Logger::get_default_module()
                0x00000000671c7e10                Logger::get_module(wchar_t const*, std::shared_ptr<Logger::Target_i> const&, Logger::Level)
                0x00000000671c7e50                Logger::get_TargetToConsole()
                0x00000000671c7e70                Logger::get_TargetToFile(wchar_t const*, bool)
                0x00000000671c7e90                Logger::get_TargetToSys(wchar_t const*, wchar_t const*)
                0x00000000671c7eb0                Logger::get_TargetToMult(std::shared_ptr<Logger::Target_i> const&, std::shared_ptr<Logger::Target_i> const&)
 .text          0x00000000671c7ed0      0x160 D:\projects\andrew-grechkin\LIB\liblog\Release-x32-stub/libliblog.a(target_null.o)
                0x00000000671c7ed0                Logger::LogToNull::out(Logger::Module_i const*, Logger::Level, wchar_t const*, unsigned int) const
                0x00000000671c7ee0                Logger::LogToNull::out(wchar_t const*, unsigned int) const
                0x00000000671c7ef0                Logger::LogToNull::lock() const
                0x00000000671c7f00                Logger::LogToNull::unlock() const
                0x00000000671c7f10                Logger::LogToNull::~LogToNull()
                0x00000000671c7f10                Logger::LogToNull::~LogToNull()
                0x00000000671c7f20                Logger::LogToNull::~LogToNull()
                0x00000000671c7f80                Logger::LogToNull::LogToNull()
                0x00000000671c7f80                Logger::LogToNull::LogToNull()
                0x00000000671c7f90                Logger::get_TargetToNull()
 .text          0x00000000671c8030       0x40 D:\projects\andrew-grechkin\LIB\libbase\Release-x32-NoStr/liblibbase.a(ref_cnt.o)
                0x00000000671c8030                Base::ref_counter::~ref_counter()
                0x00000000671c8030                Base::ref_counter::~ref_counter()
                0x00000000671c8040                Base::ref_counter::destroy() const
                0x00000000671c8050                Base::ref_counter::~ref_counter()
 .text          0x00000000671c8070       0xc0 D:\projects\andrew-grechkin\LIB\libbase\Release-x32-NoStr/liblibbase.a(new_delete.o)
                0x00000000671c8070                operator new(unsigned int)
                0x00000000671c80a0                operator new[](unsigned int)
                0x00000000671c80d0                operator delete(void*)
                0x00000000671c8100                operator delete[](void*)
 .text          0x00000000671c8130      0x190 D:\projects\andrew-grechkin\LIB\libbase\Release-x32-NoStr/liblibbase.a(crt.o)
                0x00000000671c8130                Base::invoke_dtors()
                0x00000000671c8160                Base::invoke_crt_functions(void (* const*)(), int)
                0x00000000671c81a0                Base::invoke_ctors()
                0x00000000671c81d0                Base::init_atexit()
                0x00000000671c8250                Base::invoke_atexit()
                0x00000000671c8280                Base::atexit(void (*)())
                0x00000000671c82b0                Base::cxa_pure_virtual()
 .text          0x00000000671c82c0        0x0 c:/mingw/bin/../lib/gcc/x86_64-w64-mingw32/4.8.1/32/libgcc.a(_ctors.o)
 .text          0x00000000671c82c0      0x130 c:/mingw/bin/../lib/gcc/x86_64-w64-mingw32/4.8.1/../../../../x86_64-w64-mingw32/lib/../lib32/libmingwex.a(lib32_libmingwex_a-wcstold.o)
                0x00000000671c82c0                wcstold
 .text          0x00000000671c83f0      0x910 c:/mingw/bin/../lib/gcc/x86_64-w64-mingw32/4.8.1/../../../../x86_64-w64-mingw32/lib/../lib32/libmingwex.a(lib32_libmingwex_a-strtold.o)
                0x00000000671c83f0                __asctoe64
                0x00000000671c8cb0                strtold
 .text          0x00000000671c8d00     0x11f0 c:/mingw/bin/../lib/gcc/x86_64-w64-mingw32/4.8.1/../../../../x86_64-w64-mingw32/lib/../lib32/libmingwex.a(lib32_libmingwex_a-cephes_emath.o)
                0x00000000671c8da0                __emovi
                0x00000000671c8e80                __eaddm
                0x00000000671c8ec0                __esubm
                0x00000000671c8f00                __edivm
                0x00000000671c9100                __emulm
                0x00000000671c91d0                __toe64
                0x00000000671c9340                __ecmp
                0x00000000671c9460                __eshift
                0x00000000671c9660                __enormlz
                0x00000000671c97f0                __emdnorm
                0x00000000671c9ad0                __emovo
                0x00000000671c9b90                __emul
 .text          0x00000000671c9ef0        0x8 c:/mingw/bin/../lib/gcc/x86_64-w64-mingw32/4.8.1/../../../../x86_64-w64-mingw32/lib/../lib32/libntdll.a(dslbs02047.o)
                0x00000000671c9ef0                wcscmp
 .text          0x00000000671c9ef8        0x8 c:/mingw/bin/../lib/gcc/x86_64-w64-mingw32/4.8.1/../../../../x86_64-w64-mingw32/lib/../lib32/libntdll.a(dslbs02046.o)
                0x00000000671c9ef8                wcschr
 .text          0x00000000671c9f00        0x8 c:/mingw/bin/../lib/gcc/x86_64-w64-mingw32/4.8.1/../../../../x86_64-w64-mingw32/lib/../lib32/libntdll.a(dslbs01997.o)
                0x00000000671c9f00                memcpy
 .text          0x00000000671c9f08        0x8 c:/mingw/bin/../lib/gcc/x86_64-w64-mingw32/4.8.1/../../../../x86_64-w64-mingw32/lib/../lib32/libntdll.a(dslbs02051.o)
                0x00000000671c9f08                wcslen
 .text          0x00000000671c9f10        0x8 c:/mingw/bin/../lib/gcc/x86_64-w64-mingw32/4.8.1/../../../../x86_64-w64-mingw32/lib/../lib32/libntdll.a(dslbs02050.o)
                0x00000000671c9f10                wcscspn
 .text          0x00000000671c9f18        0x8 c:/mingw/bin/../lib/gcc/x86_64-w64-mingw32/4.8.1/../../../../x86_64-w64-mingw32/lib/../lib32/libntdll.a(dslbs02055.o)
                0x00000000671c9f18                wcsncpy
 .text          0x00000000671c9f20        0x8 c:/mingw/bin/../lib/gcc/x86_64-w64-mingw32/4.8.1/../../../../x86_64-w64-mingw32/lib/../lib32/libntdll.a(dslbs02017.o)
                0x00000000671c9f20                strlen
 .text          0x00000000671c9f28        0x8 c:/mingw/bin/../lib/gcc/x86_64-w64-mingw32/4.8.1/../../../../x86_64-w64-mingw32/lib/../lib32/libntdll.a(dslbs01983.o)
                0x00000000671c9f28                isspace
 .text          0x00000000671c9f30        0x8 c:/mingw/bin/../lib/gcc/x86_64-w64-mingw32/4.8.1/../../../../x86_64-w64-mingw32/lib/../lib32/libntdll.a(dslbs01933.o)
                0x00000000671c9f30                _strnicmp
 .text          0x00000000671c9f38        0x0 c:/mingw/bin/../lib/gcc/x86_64-w64-mingw32/4.8.1/../../../../x86_64-w64-mingw32/lib/../lib32/libntdll.a(dslbh.o)
 .text          0x00000000671c9f38        0x0 c:/mingw/bin/../lib/gcc/x86_64-w64-mingw32/4.8.1/../../../../x86_64-w64-mingw32/lib/../lib32/libntdll.a(dslbt.o)
 .text          0x00000000671c9f38        0x0 c:/mingw/bin/../lib/gcc/x86_64-w64-mingw32/4.8.1/../../../../x86_64-w64-mingw32/lib/../lib32/libmsvcrt.a(dozqs00069.o)
 *fill*         0x00000000671c9f38        0x8 
 .text          0x00000000671c9f40       0xe0 c:/mingw/bin/../lib/gcc/x86_64-w64-mingw32/4.8.1/../../../../x86_64-w64-mingw32/lib/../lib32/libmsvcrt.a(lib32_libmsvcrt_a-lc_locale_func.o)
                0x00000000671ca010                ___lc_codepage_func
 .text          0x00000000671ca020        0x8 c:/mingw/bin/../lib/gcc/x86_64-w64-mingw32/4.8.1/../../../../x86_64-w64-mingw32/lib/../lib32/libmsvcrt.a(dozqs01159.o)
                0x00000000671ca020                malloc
 .text          0x00000000671ca028        0x8 c:/mingw/bin/../lib/gcc/x86_64-w64-mingw32/4.8.1/../../../../x86_64-w64-mingw32/lib/../lib32/libmsvcrt.a(dozqs00526.o)
                0x00000000671ca028                _mbslen
 .text          0x00000000671ca030        0x8 c:/mingw/bin/../lib/gcc/x86_64-w64-mingw32/4.8.1/../../../../x86_64-w64-mingw32/lib/../lib32/libmsvcrt.a(dozqs01101.o)
                0x00000000671ca030                free
 .text          0x00000000671ca038        0x8 c:/mingw/bin/../lib/gcc/x86_64-w64-mingw32/4.8.1/../../../../x86_64-w64-mingw32/lib/../lib32/libmsvcrt.a(dozqs01154.o)
                0x00000000671ca038                localeconv
 .text          0x00000000671ca040        0x8 c:/mingw/bin/../lib/gcc/x86_64-w64-mingw32/4.8.1/../../../../x86_64-w64-mingw32/lib/../lib32/libmsvcrt.a(dozqs00221.o)
                0x00000000671ca040                _errno
 .text          0x00000000671ca048        0x0 c:/mingw/bin/../lib/gcc/x86_64-w64-mingw32/4.8.1/../../../../x86_64-w64-mingw32/lib/../lib32/libmsvcrt.a(dozqh.o)
 .text          0x00000000671ca048        0x8 c:/mingw/bin/../lib/gcc/x86_64-w64-mingw32/4.8.1/../../../../x86_64-w64-mingw32/lib/../lib32/libmsvcrt.a(dozqs01193.o)
                0x00000000671ca048                setlocale
 .text          0x00000000671ca050        0x8 c:/mingw/bin/../lib/gcc/x86_64-w64-mingw32/4.8.1/../../../../x86_64-w64-mingw32/lib/../lib32/libmsvcrt.a(dozqs01206.o)
                0x00000000671ca050                strchr
 .text          0x00000000671ca058        0x8 c:/mingw/bin/../lib/gcc/x86_64-w64-mingw32/4.8.1/../../../../x86_64-w64-mingw32/lib/../lib32/libmsvcrt.a(dozqs01063.o)
                0x00000000671ca058                atoi
 .text          0x00000000671ca060        0x0 c:/mingw/bin/../lib/gcc/x86_64-w64-mingw32/4.8.1/../../../../x86_64-w64-mingw32/lib/../lib32/libmsvcrt.a(dozqt.o)
 .text          0x00000000671ca060        0x0 c:/mingw/bin/../lib/gcc/x86_64-w64-mingw32/4.8.1/../../../../x86_64-w64-mingw32/lib/../lib32/libkernel32.a(dwzvh.o)
 .text          0x00000000671ca060        0x0 c:/mingw/bin/../lib/gcc/x86_64-w64-mingw32/4.8.1/../../../../x86_64-w64-mingw32/lib/../lib32/libkernel32.a(dwzvt.o)
 *(SORT(.text$*))
 .text$_Z16InsertFromVectorIN9__gnu_cxx17__normal_iteratorIP8SortInfoSt6vectorIS2_SaIS2_EEEEEvRKS4_I10StringInfoSaIS8_EET_SD_
                0x00000000671ca060     0x11d0 src\process.o
                0x00000000671ca060                void InsertFromVector<__gnu_cxx::__normal_iterator<SortInfo*, std::vector<SortInfo, std::allocator<SortInfo> > > >(std::vector<StringInfo, std::allocator<StringInfo> > const&, __gnu_cxx::__normal_iterator<SortInfo*, std::vector<SortInfo, std::allocator<SortInfo> > >, __gnu_cxx::__normal_iterator<SortInfo*, std::vector<SortInfo, std::allocator<SortInfo> > >)
 .text$_Z16InsertFromVectorISt16reverse_iteratorIN9__gnu_cxx17__normal_iteratorIP8SortInfoSt6vectorIS3_SaIS3_EEEEEEvRKS5_I10StringInfoSaISA_EET_SF_
                0x00000000671cb230     0x1270 src\process.o
                0x00000000671cb230                void InsertFromVector<std::reverse_iterator<__gnu_cxx::__normal_iterator<SortInfo*, std::vector<SortInfo, std::allocator<SortInfo> > > > >(std::vector<StringInfo, std::allocator<StringInfo> > const&, std::reverse_iterator<__gnu_cxx::__normal_iterator<SortInfo*, std::vector<SortInfo, std::allocator<SortInfo> > > >, std::reverse_iterator<__gnu_cxx::__normal_iterator<SortInfo*, std::vector<SortInfo, std::allocator<SortInfo> > > >)
 .text$_ZN3Far15CheckBoxBindingD0Ev
                0x00000000671cc4a0       0x20 D:\projects\andrew-grechkin\LIB\libfar3\Release-x32-NoStr/liblibfar3.a(create_checkbox.o)
                0x00000000671cc4a0                Far::CheckBoxBinding::~CheckBoxBinding()
 .text$_ZN3Far15CheckBoxBindingD1Ev
                0x00000000671cc4c0       0x10 D:\projects\andrew-grechkin\LIB\libfar3\Release-x32-NoStr/liblibfar3.a(create_checkbox.o)
                0x00000000671cc4c0                Far::CheckBoxBinding::~CheckBoxBinding()
 .text$_ZN3Far15ComboBoxBindingD0Ev
                0x00000000671cc4d0       0x20 D:\projects\andrew-grechkin\LIB\libfar3\Release-x32-NoStr/liblibfar3.a(create_combobox.o)
                0x00000000671cc4d0                Far::ComboBoxBinding::~ComboBoxBinding()
 .text$_ZN3Far15ComboBoxBindingD1Ev
                0x00000000671cc4f0       0x10 D:\projects\andrew-grechkin\LIB\libfar3\Release-x32-NoStr/liblibfar3.a(create_combobox.o)
                0x00000000671cc4f0                Far::ComboBoxBinding::~ComboBoxBinding()
 .text$_ZN3Far22PluginEditFieldBindingD0Ev
                0x00000000671cc500       0x20 D:\projects\andrew-grechkin\LIB\libfar3\Release-x32-NoStr/liblibfar3.a(create_edit.o)
                0x00000000671cc500                Far::PluginEditFieldBinding::~PluginEditFieldBinding()
 .text$_ZN3Far22PluginEditFieldBindingD1Ev
                0x00000000671cc520       0x10 D:\projects\andrew-grechkin\LIB\libfar3\Release-x32-NoStr/liblibfar3.a(create_edit.o)
                0x00000000671cc520                Far::PluginEditFieldBinding::~PluginEditFieldBinding()
 .text$_ZN3Far24PluginRadioButtonBindingD0Ev
                0x00000000671cc530       0x20 D:\projects\andrew-grechkin\LIB\libfar3\Release-x32-NoStr/liblibfar3.a(DlgBuilder_c.o)
                0x00000000671cc530                Far::PluginRadioButtonBinding::~PluginRadioButtonBinding()
 .text$_ZN3Far24PluginRadioButtonBindingD1Ev
                0x00000000671cc550       0x10 D:\projects\andrew-grechkin\LIB\libfar3\Release-x32-NoStr/liblibfar3.a(DlgBuilder_c.o)
                0x00000000671cc550                Far::PluginRadioButtonBinding::~PluginRadioButtonBinding()
 .text$_ZN4Base12basic_stringIwNS_11char_traitsIwEEE11string_implD0Ev
                0x00000000671cc560       0x20 src\process.o
                0x00000000671cc560                Base::basic_string<wchar_t, Base::char_traits<wchar_t> >::string_impl::~string_impl()
 .text$_ZN4Base12basic_stringIwNS_11char_traitsIwEEE11string_implD1Ev
                0x00000000671cc580       0x10 src\process.o
                0x00000000671cc580                Base::basic_string<wchar_t, Base::char_traits<wchar_t> >::string_impl::~string_impl()
 .text$_ZN6Logger11Module_impl10set_prefixEj
                0x00000000671cc590       0x10 D:\projects\andrew-grechkin\LIB\liblog\Release-x32-stub/libliblog.a(logger_stub.o)
                0x00000000671cc590                Logger::Module_impl::set_prefix(unsigned int)
 .text$_ZN6Logger11Module_impl10set_targetERKSt10shared_ptrINS_8Target_iEE
                0x00000000671cc5a0       0x10 D:\projects\andrew-grechkin\LIB\liblog\Release-x32-stub/libliblog.a(logger_stub.o)
                0x00000000671cc5a0                Logger::Module_impl::set_target(std::shared_ptr<Logger::Target_i> const&)
 .text$_ZN6Logger11Module_impl11set_enabledEb
                0x00000000671cc5b0       0x10 D:\projects\andrew-grechkin\LIB\liblog\Release-x32-stub/libliblog.a(logger_stub.o)
                0x00000000671cc5b0                Logger::Module_impl::set_enabled(bool)
 .text$_ZN6Logger11Module_impl14set_color_modeEb
                0x00000000671cc5c0       0x10 D:\projects\andrew-grechkin\LIB\liblog\Release-x32-stub/libliblog.a(logger_stub.o)
                0x00000000671cc5c0                Logger::Module_impl::set_color_mode(bool)
 .text$_ZN6Logger11Module_impl9set_levelENS_5LevelE
                0x00000000671cc5d0       0x10 D:\projects\andrew-grechkin\LIB\liblog\Release-x32-stub/libliblog.a(logger_stub.o)
                0x00000000671cc5d0                Logger::Module_impl::set_level(Logger::Level)
 .text$_ZN6Logger11Module_implD0Ev
                0x00000000671cc5e0       0x20 D:\projects\andrew-grechkin\LIB\liblog\Release-x32-stub/libliblog.a(logger_stub.o)
                0x00000000671cc5e0                Logger::Module_impl::~Module_impl()
 .text$_ZN6Logger11Module_implD1Ev
                0x00000000671cc600       0x10 D:\projects\andrew-grechkin\LIB\liblog\Release-x32-stub/libliblog.a(logger_stub.o)
                0x00000000671cc600                Logger::Module_impl::~Module_impl()
 .text$_ZNK4Base12basic_stringIwNS_11char_traitsIwEEE11string_impl10deallocateEv
                0x00000000671cc610       0x30 src\process.o
                0x00000000671cc610                Base::basic_string<wchar_t, Base::char_traits<wchar_t> >::string_impl::deallocate() const
 .text$_ZNK6Logger11Module_impl10batch_lockEv
                0x00000000671cc640       0x10 D:\projects\andrew-grechkin\LIB\liblog\Release-x32-stub/libliblog.a(logger_stub.o)
                0x00000000671cc640                Logger::Module_impl::batch_lock() const
 .text$_ZNK6Logger11Module_impl10get_prefixEv
                0x00000000671cc650       0x10 D:\projects\andrew-grechkin\LIB\liblog\Release-x32-stub/libliblog.a(logger_stub.o)
                0x00000000671cc650                Logger::Module_impl::get_prefix() const
 .text$_ZNK6Logger11Module_impl12batch_unlockEv
                0x00000000671cc660       0x10 D:\projects\andrew-grechkin\LIB\liblog\Release-x32-stub/libliblog.a(logger_stub.o)
                0x00000000671cc660                Logger::Module_impl::batch_unlock() const
 .text$_ZNK6Logger11Module_impl13is_color_modeEv
                0x00000000671cc670       0x10 D:\projects\andrew-grechkin\LIB\liblog\Release-x32-stub/libliblog.a(logger_stub.o)
                0x00000000671cc670                Logger::Module_impl::is_color_mode() const
 .text$_ZNK6Logger11Module_impl3outENS_5LevelEPKwz
                0x00000000671cc680       0x10 D:\projects\andrew-grechkin\LIB\liblog\Release-x32-stub/libliblog.a(logger_stub.o)
                0x00000000671cc680                Logger::Module_impl::out(Logger::Level, wchar_t const*, ...) const
 .text$_ZNK6Logger11Module_impl3outEPKciS2_NS_5LevelEPKwz
                0x00000000671cc690       0x10 D:\projects\andrew-grechkin\LIB\liblog\Release-x32-stub/libliblog.a(logger_stub.o)
                0x00000000671cc690                Logger::Module_impl::out(char const*, int, char const*, Logger::Level, wchar_t const*, ...) const
 .text$_ZNK6Logger11Module_impl8get_nameEv
                0x00000000671cc6a0       0x10 D:\projects\andrew-grechkin\LIB\liblog\Release-x32-stub/libliblog.a(logger_stub.o)
                0x00000000671cc6a0                Logger::Module_impl::get_name() const
 .text$_ZNK6Logger11Module_impl9get_levelEv
                0x00000000671cc6b0       0x10 D:\projects\andrew-grechkin\LIB\liblog\Release-x32-stub/libliblog.a(logger_stub.o)
                0x00000000671cc6b0                Logger::Module_impl::get_level() const
 .text$_ZNSt15_Sp_counted_ptrIPN6Logger9LogToNullELN9__gnu_cxx12_Lock_policyE2EE10_M_destroyEv
                0x00000000671cc6c0       0x20 D:\projects\andrew-grechkin\LIB\liblog\Release-x32-stub/libliblog.a(target_null.o)
                0x00000000671cc6c0                std::_Sp_counted_ptr<Logger::LogToNull*, (__gnu_cxx::_Lock_policy)2>::_M_destroy()
 .text$_ZNSt15_Sp_counted_ptrIPN6Logger9LogToNullELN9__gnu_cxx12_Lock_policyE2EE10_M_disposeEv
                0x00000000671cc6e0       0x20 D:\projects\andrew-grechkin\LIB\liblog\Release-x32-stub/libliblog.a(target_null.o)
                0x00000000671cc6e0                std::_Sp_counted_ptr<Logger::LogToNull*, (__gnu_cxx::_Lock_policy)2>::_M_dispose()
 .text$_ZNSt15_Sp_counted_ptrIPN6Logger9LogToNullELN9__gnu_cxx12_Lock_policyE2EE14_M_get_deleterERKSt9type_info
                0x00000000671cc700       0x10 D:\projects\andrew-grechkin\LIB\liblog\Release-x32-stub/libliblog.a(target_null.o)
                0x00000000671cc700                std::_Sp_counted_ptr<Logger::LogToNull*, (__gnu_cxx::_Lock_policy)2>::_M_get_deleter(std::type_info const&)
 .text$_ZNSt15_Sp_counted_ptrIPN6Logger9LogToNullELN9__gnu_cxx12_Lock_policyE2EED0Ev
                0x00000000671cc710       0x20 D:\projects\andrew-grechkin\LIB\liblog\Release-x32-stub/libliblog.a(target_null.o)
                0x00000000671cc710                std::_Sp_counted_ptr<Logger::LogToNull*, (__gnu_cxx::_Lock_policy)2>::~_Sp_counted_ptr()
 .text$_ZNSt15_Sp_counted_ptrIPN6Logger9LogToNullELN9__gnu_cxx12_Lock_policyE2EED1Ev
                0x00000000671cc730       0x10 D:\projects\andrew-grechkin\LIB\liblog\Release-x32-stub/libliblog.a(target_null.o)
                0x00000000671cc730                std::_Sp_counted_ptr<Logger::LogToNull*, (__gnu_cxx::_Lock_policy)2>::~_Sp_counted_ptr()
 .text$_ZNSt16_Sp_counted_baseILN9__gnu_cxx12_Lock_policyE2EE10_M_destroyEv
                0x00000000671cc740       0x20 D:\projects\andrew-grechkin\LIB\libfar3\Release-x32-NoStr/liblibfar3.a(dialog_builder.o)
                0x00000000671cc740                std::_Sp_counted_base<(__gnu_cxx::_Lock_policy)2>::_M_destroy()
 .text$_ZNSt16_Sp_counted_baseILN9__gnu_cxx12_Lock_policyE2EED0Ev
                0x00000000671cc760       0x20 D:\projects\andrew-grechkin\LIB\libfar3\Release-x32-NoStr/liblibfar3.a(dialog_builder.o)
                0x00000000671cc760                std::_Sp_counted_base<(__gnu_cxx::_Lock_policy)2>::~_Sp_counted_base()
 .text$_ZNSt16_Sp_counted_baseILN9__gnu_cxx12_Lock_policyE2EED1Ev
                0x00000000671cc780       0x10 D:\projects\andrew-grechkin\LIB\libfar3\Release-x32-NoStr/liblibfar3.a(dialog_builder.o)
                0x00000000671cc780                std::_Sp_counted_base<(__gnu_cxx::_Lock_policy)2>::~_Sp_counted_base()
 .text$_ZNSt19_Sp_counted_deleterIPN3Far24SimpleDialogBuilder_implENSt12__shared_ptrIS1_LN9__gnu_cxx12_Lock_policyE2EE8_DeleterISaIS1_EEES8_LS5_2EE10_M_destroyEv
                0x00000000671cc790       0x20 D:\projects\andrew-grechkin\LIB\libfar3\Release-x32-NoStr/liblibfar3.a(dialog_builder.o)
                0x00000000671cc790                std::_Sp_counted_deleter<Far::SimpleDialogBuilder_impl*, std::__shared_ptr<Far::SimpleDialogBuilder_impl, (__gnu_cxx::_Lock_policy)2>::_Deleter<std::allocator<Far::SimpleDialogBuilder_impl> >, std::allocator<Far::SimpleDialogBuilder_impl>, (__gnu_cxx::_Lock_policy)2>::_M_destroy()
 .text$_ZNSt19_Sp_counted_deleterIPN3Far24SimpleDialogBuilder_implENSt12__shared_ptrIS1_LN9__gnu_cxx12_Lock_policyE2EE8_DeleterISaIS1_EEES8_LS5_2EE10_M_disposeEv
                0x00000000671cc7b0       0x20 D:\projects\andrew-grechkin\LIB\libfar3\Release-x32-NoStr/liblibfar3.a(dialog_builder.o)
                0x00000000671cc7b0                std::_Sp_counted_deleter<Far::SimpleDialogBuilder_impl*, std::__shared_ptr<Far::SimpleDialogBuilder_impl, (__gnu_cxx::_Lock_policy)2>::_Deleter<std::allocator<Far::SimpleDialogBuilder_impl> >, std::allocator<Far::SimpleDialogBuilder_impl>, (__gnu_cxx::_Lock_policy)2>::_M_dispose()
 .text$_ZNSt19_Sp_counted_deleterIPN3Far24SimpleDialogBuilder_implENSt12__shared_ptrIS1_LN9__gnu_cxx12_Lock_policyE2EE8_DeleterISaIS1_EEES8_LS5_2EE14_M_get_deleterERKSt9type_info
                0x00000000671cc7d0       0x10 D:\projects\andrew-grechkin\LIB\libfar3\Release-x32-NoStr/liblibfar3.a(dialog_builder.o)
                0x00000000671cc7d0                std::_Sp_counted_deleter<Far::SimpleDialogBuilder_impl*, std::__shared_ptr<Far::SimpleDialogBuilder_impl, (__gnu_cxx::_Lock_policy)2>::_Deleter<std::allocator<Far::SimpleDialogBuilder_impl> >, std::allocator<Far::SimpleDialogBuilder_impl>, (__gnu_cxx::_Lock_policy)2>::_M_get_deleter(std::type_info const&)
 .text$_ZNSt19_Sp_counted_deleterIPN3Far24SimpleDialogBuilder_implENSt12__shared_ptrIS1_LN9__gnu_cxx12_Lock_policyE2EE8_DeleterISaIS1_EEES8_LS5_2EED0Ev
                0x00000000671cc7e0       0x20 D:\projects\andrew-grechkin\LIB\libfar3\Release-x32-NoStr/liblibfar3.a(dialog_builder.o)
                0x00000000671cc7e0                std::_Sp_counted_deleter<Far::SimpleDialogBuilder_impl*, std::__shared_ptr<Far::SimpleDialogBuilder_impl, (__gnu_cxx::_Lock_policy)2>::_Deleter<std::allocator<Far::SimpleDialogBuilder_impl> >, std::allocator<Far::SimpleDialogBuilder_impl>, (__gnu_cxx::_Lock_policy)2>::~_Sp_counted_deleter()
 .text$_ZNSt19_Sp_counted_deleterIPN3Far24SimpleDialogBuilder_implENSt12__shared_ptrIS1_LN9__gnu_cxx12_Lock_policyE2EE8_DeleterISaIS1_EEES8_LS5_2EED1Ev
                0x00000000671cc800       0x10 D:\projects\andrew-grechkin\LIB\libfar3\Release-x32-NoStr/liblibfar3.a(dialog_builder.o)
                0x00000000671cc800                std::_Sp_counted_deleter<Far::SimpleDialogBuilder_impl*, std::__shared_ptr<Far::SimpleDialogBuilder_impl, (__gnu_cxx::_Lock_policy)2>::_Deleter<std::allocator<Far::SimpleDialogBuilder_impl> >, std::allocator<Far::SimpleDialogBuilder_impl>, (__gnu_cxx::_Lock_policy)2>::~_Sp_counted_deleter()
 .text$_ZNSt6vectorI10StringInfoSaIS0_EE19_M_emplace_back_auxIIR15EditorGetStringRP13FarGlobalInfoEEEvDpOT_
                0x00000000671cc810      0x2a0 src\process.o
                0x00000000671cc810                void std::vector<StringInfo, std::allocator<StringInfo> >::_M_emplace_back_aux<EditorGetString&, FarGlobalInfo*&>(EditorGetString&, FarGlobalInfo*&)
                0x00000000671cc810                .weak.__ZNSt6vectorI10StringInfoSaIS0_EE19_M_emplace_back_auxIJR15EditorGetStringRP13FarGlobalInfoEEEvDpOT_.__Z13SortInfoEqNumRK8SortInfoS1_
 .text$_ZNSt6vectorI8SortInfoSaIS0_EE19_M_emplace_back_auxIIR10StringInfoRP13FarGlobalInfoEEEvDpOT_
                0x00000000671ccab0      0x1d0 src\process.o
                0x00000000671ccab0                void std::vector<SortInfo, std::allocator<SortInfo> >::_M_emplace_back_aux<StringInfo&, FarGlobalInfo*&>(StringInfo&, FarGlobalInfo*&)
                0x00000000671ccab0                .weak.__ZNSt6vectorI8SortInfoSaIS0_EE19_M_emplace_back_auxIJR10StringInfoRP13FarGlobalInfoEEEvDpOT_.__Z13SortInfoEqNumRK8SortInfoS1_
 .text$_ZNSt6vectorIN3Far15FarDialogItem_tESaIS1_EE19_M_emplace_back_auxIIR18FARDIALOGITEMTYPESRPKwRyEEEvDpOT_
                0x00000000671ccc80      0x140 D:\projects\andrew-grechkin\LIB\libfar3\Release-x32-NoStr/liblibfar3.a(dialog_builder.o)
                0x00000000671ccc80                void std::vector<Far::FarDialogItem_t, std::allocator<Far::FarDialogItem_t> >::_M_emplace_back_aux<FARDIALOGITEMTYPES&, wchar_t const*&, unsigned long long&>(FARDIALOGITEMTYPES&, wchar_t const*&, unsigned long long&)
                0x00000000671ccc80                .weak.__ZNSt6vectorIN3Far15FarDialogItem_tESaIS1_EE19_M_emplace_back_auxIJR18FARDIALOGITEMTYPESRPKwRyEEEvDpOT_.__ZN3Far24SimpleDialogBuilder_impl13start_column_Ev
 .text$_ZNSt6vectorIN3Far15FarDialogItem_tESaIS1_EE19_M_emplace_back_auxIIS1_EEEvDpOT_
                0x00000000671ccdc0      0x120 D:\projects\andrew-grechkin\LIB\libfar3\Release-x32-NoStr/liblibfar3.a(dialog_builder.o)
                0x00000000671ccdc0                .weak.__ZNSt6vectorIN3Far15FarDialogItem_tESaIS1_EE19_M_emplace_back_auxIJS1_EEEvDpOT_.__ZN3Far24SimpleDialogBuilder_impl13start_column_Ev
                0x00000000671ccdc0                void std::vector<Far::FarDialogItem_t, std::allocator<Far::FarDialogItem_t> >::_M_emplace_back_aux<Far::FarDialogItem_t>(Far::FarDialogItem_t&&)
 .text$_ZSt13__adjust_heapIN9__gnu_cxx17__normal_iteratorIP8SortInfoSt6vectorIS2_SaIS2_EEEEiS2_St26pointer_to_binary_functionIRKS2_SA_bEEvT_T0_SD_T1_T2_
                0x00000000671ccee0      0x1c0 src\process.o
                0x00000000671ccee0                void std::__adjust_heap<__gnu_cxx::__normal_iterator<SortInfo*, std::vector<SortInfo, std::allocator<SortInfo> > >, int, SortInfo, std::pointer_to_binary_function<SortInfo const&, SortInfo const&, bool> >(__gnu_cxx::__normal_iterator<SortInfo*, std::vector<SortInfo, std::allocator<SortInfo> > >, int, int, SortInfo, std::pointer_to_binary_function<SortInfo const&, SortInfo const&, bool>)
 .text$_ZSt16__insertion_sortIN9__gnu_cxx17__normal_iteratorIP8SortInfoSt6vectorIS2_SaIS2_EEEESt26pointer_to_binary_functionIRKS2_SA_bEEvT_SC_T0_
                0x00000000671cd0a0       0xe0 src\process.o
                0x00000000671cd0a0                void std::__insertion_sort<__gnu_cxx::__normal_iterator<SortInfo*, std::vector<SortInfo, std::allocator<SortInfo> > >, std::pointer_to_binary_function<SortInfo const&, SortInfo const&, bool> >(__gnu_cxx::__normal_iterator<SortInfo*, std::vector<SortInfo, std::allocator<SortInfo> > >, __gnu_cxx::__normal_iterator<SortInfo*, std::vector<SortInfo, std::allocator<SortInfo> > >, std::pointer_to_binary_function<SortInfo const&, SortInfo const&, bool>)
 .text$_ZSt16__introsort_loopIN9__gnu_cxx17__normal_iteratorIP8SortInfoSt6vectorIS2_SaIS2_EEEEiSt26pointer_to_binary_functionIRKS2_SA_bEEvT_SC_T0_T1_
                0x00000000671cd180      0x3b0 src\process.o
                0x00000000671cd180                void std::__introsort_loop<__gnu_cxx::__normal_iterator<SortInfo*, std::vector<SortInfo, std::allocator<SortInfo> > >, int, std::pointer_to_binary_function<SortInfo const&, SortInfo const&, bool> >(__gnu_cxx::__normal_iterator<SortInfo*, std::vector<SortInfo, std::allocator<SortInfo> > >, __gnu_cxx::__normal_iterator<SortInfo*, std::vector<SortInfo, std::allocator<SortInfo> > >, int, std::pointer_to_binary_function<SortInfo const&, SortInfo const&, bool>)
 .text$_ZSt25__unguarded_linear_insertIN9__gnu_cxx17__normal_iteratorIP8SortInfoSt6vectorIS2_SaIS2_EEEESt26pointer_to_binary_functionIRKS2_SA_bEEvT_T0_
                0x00000000671cd530       0x90 src\process.o
                0x00000000671cd530                void std::__unguarded_linear_insert<__gnu_cxx::__normal_iterator<SortInfo*, std::vector<SortInfo, std::allocator<SortInfo> > >, std::pointer_to_binary_function<SortInfo const&, SortInfo const&, bool> >(__gnu_cxx::__normal_iterator<SortInfo*, std::vector<SortInfo, std::allocator<SortInfo> > >, std::pointer_to_binary_function<SortInfo const&, SortInfo const&, bool>)
 *(.text.*)
 *(.gnu.linkonce.t.*)
 *(.glue_7t)
 *(.glue_7)
                0x00000000671cd5c0                ___CTOR_LIST__ = .
                0x00000000671cd5c0                __CTOR_LIST__ = .
                0x00000000671cd5c0        0x4 LONG 0xffffffffffffffff
 *(.ctors)
 *(.ctor)
 *(SORT(.ctors.*))
                0x00000000671cd5c4        0x4 LONG 0x0
                0x00000000671cd5c8                ___DTOR_LIST__ = .
                0x00000000671cd5c8                __DTOR_LIST__ = .
                0x00000000671cd5c8        0x4 LONG 0xffffffffffffffff
 *(.dtors)
 *(.dtor)
 *(SORT(.dtors.*))
                0x00000000671cd5cc        0x4 LONG 0x0
 *(.fini)
 *(.gcc_exc)
                0x00000000671cd5d0                PROVIDE (etext, .)
 *(.gcc_except_table)

.data           0x00000000671ce000      0x200
                0x00000000671ce000                __data_start__ = .
 *(.data)
 .data          0x00000000671ce000        0x0 src\process.o
 .data          0x00000000671ce000        0x0 src\main.o
 .data          0x00000000671ce000        0x0 src\guid.o
 .data          0x00000000671ce000        0x0 src\globalinfo.o
 .data          0x00000000671ce000        0x0 src\farplugin.o
 .data          0x00000000671ce000        0x0 D:\projects\andrew-grechkin\LIB\libfar3\Release-x32-NoStr/liblibfar3.a(editor.o)
 .data          0x00000000671ce000        0x0 D:\projects\andrew-grechkin\LIB\libfar3\Release-x32-NoStr/liblibfar3.a(message.o)
 .data          0x00000000671ce000        0x0 D:\projects\andrew-grechkin\LIB\libfar3\Release-x32-NoStr/liblibfar3.a(dialog_builder.o)
 .data          0x00000000671ce000        0x0 D:\projects\andrew-grechkin\LIB\libfar3\Release-x32-NoStr/liblibfar3.a(create_label.o)
 .data          0x00000000671ce000        0x0 D:\projects\andrew-grechkin\LIB\libfar3\Release-x32-NoStr/liblibfar3.a(create_combobox.o)
 .data          0x00000000671ce000        0x0 D:\projects\andrew-grechkin\LIB\libfar3\Release-x32-NoStr/liblibfar3.a(create_separator.o)
 .data          0x00000000671ce000        0x0 D:\projects\andrew-grechkin\LIB\libfar3\Release-x32-NoStr/liblibfar3.a(create_checkbox.o)
 .data          0x00000000671ce000        0x0 D:\projects\andrew-grechkin\LIB\libfar3\Release-x32-NoStr/liblibfar3.a(create_edit.o)
 .data          0x00000000671ce000        0x0 D:\projects\andrew-grechkin\LIB\libfar3\Release-x32-NoStr/liblibfar3.a(globalinfo_i.o)
 .data          0x00000000671ce000        0x0 D:\projects\andrew-grechkin\LIB\libfar3\Release-x32-NoStr/liblibfar3.a(plugin_i.o)
 .data          0x00000000671ce000        0x0 D:\projects\andrew-grechkin\LIB\libfar3\Release-x32-NoStr/liblibfar3.a(settings.o)
 .data          0x00000000671ce000        0x0 D:\projects\andrew-grechkin\LIB\libfar3\Release-x32-NoStr/liblibfar3.a(FarDialogItem.o)
 .data          0x00000000671ce000        0x0 D:\projects\andrew-grechkin\LIB\libfar3\Release-x32-NoStr/liblibfar3.a(DlgBuilder_c.o)
 .data          0x00000000671ce000        0x0 D:\projects\andrew-grechkin\LIB\libfar3\Release-x32-NoStr/liblibfar3.a(DialogItemBinding.o)
 .data          0x00000000671ce000        0x0 D:\projects\andrew-grechkin\LIB\liblog\Release-x32-stub/libliblog.a(logger_stub.o)
 .data          0x00000000671ce000        0x0 D:\projects\andrew-grechkin\LIB\liblog\Release-x32-stub/libliblog.a(target_null.o)
 .data          0x00000000671ce000        0x0 D:\projects\andrew-grechkin\LIB\libbase\Release-x32-NoStr/liblibbase.a(ref_cnt.o)
 .data          0x00000000671ce000        0x0 D:\projects\andrew-grechkin\LIB\libbase\Release-x32-NoStr/liblibbase.a(new_delete.o)
 .data          0x00000000671ce000        0x0 D:\projects\andrew-grechkin\LIB\libbase\Release-x32-NoStr/liblibbase.a(crt.o)
 .data          0x00000000671ce000        0x0 c:/mingw/bin/../lib/gcc/x86_64-w64-mingw32/4.8.1/32/libgcc.a(_ctors.o)
 .data          0x00000000671ce000        0x0 c:/mingw/bin/../lib/gcc/x86_64-w64-mingw32/4.8.1/../../../../x86_64-w64-mingw32/lib/../lib32/libmingwex.a(lib32_libmingwex_a-wcstold.o)
 .data          0x00000000671ce000        0x0 c:/mingw/bin/../lib/gcc/x86_64-w64-mingw32/4.8.1/../../../../x86_64-w64-mingw32/lib/../lib32/libmingwex.a(lib32_libmingwex_a-strtold.o)
 .data          0x00000000671ce000        0x0 c:/mingw/bin/../lib/gcc/x86_64-w64-mingw32/4.8.1/../../../../x86_64-w64-mingw32/lib/../lib32/libmingwex.a(lib32_libmingwex_a-cephes_emath.o)
 .data          0x00000000671ce000        0x0 c:/mingw/bin/../lib/gcc/x86_64-w64-mingw32/4.8.1/../../../../x86_64-w64-mingw32/lib/../lib32/libntdll.a(dslbs02047.o)
 .data          0x00000000671ce000        0x0 c:/mingw/bin/../lib/gcc/x86_64-w64-mingw32/4.8.1/../../../../x86_64-w64-mingw32/lib/../lib32/libntdll.a(dslbs02046.o)
 .data          0x00000000671ce000        0x0 c:/mingw/bin/../lib/gcc/x86_64-w64-mingw32/4.8.1/../../../../x86_64-w64-mingw32/lib/../lib32/libntdll.a(dslbs01997.o)
 .data          0x00000000671ce000        0x0 c:/mingw/bin/../lib/gcc/x86_64-w64-mingw32/4.8.1/../../../../x86_64-w64-mingw32/lib/../lib32/libntdll.a(dslbs02051.o)
 .data          0x00000000671ce000        0x0 c:/mingw/bin/../lib/gcc/x86_64-w64-mingw32/4.8.1/../../../../x86_64-w64-mingw32/lib/../lib32/libntdll.a(dslbs02050.o)
 .data          0x00000000671ce000        0x0 c:/mingw/bin/../lib/gcc/x86_64-w64-mingw32/4.8.1/../../../../x86_64-w64-mingw32/lib/../lib32/libntdll.a(dslbs02055.o)
 .data          0x00000000671ce000        0x0 c:/mingw/bin/../lib/gcc/x86_64-w64-mingw32/4.8.1/../../../../x86_64-w64-mingw32/lib/../lib32/libntdll.a(dslbs02017.o)
 .data          0x00000000671ce000        0x0 c:/mingw/bin/../lib/gcc/x86_64-w64-mingw32/4.8.1/../../../../x86_64-w64-mingw32/lib/../lib32/libntdll.a(dslbs01983.o)
 .data          0x00000000671ce000        0x0 c:/mingw/bin/../lib/gcc/x86_64-w64-mingw32/4.8.1/../../../../x86_64-w64-mingw32/lib/../lib32/libntdll.a(dslbs01933.o)
 .data          0x00000000671ce000        0x0 c:/mingw/bin/../lib/gcc/x86_64-w64-mingw32/4.8.1/../../../../x86_64-w64-mingw32/lib/../lib32/libntdll.a(dslbh.o)
 .data          0x00000000671ce000        0x0 c:/mingw/bin/../lib/gcc/x86_64-w64-mingw32/4.8.1/../../../../x86_64-w64-mingw32/lib/../lib32/libntdll.a(dslbt.o)
 .data          0x00000000671ce000        0x0 c:/mingw/bin/../lib/gcc/x86_64-w64-mingw32/4.8.1/../../../../x86_64-w64-mingw32/lib/../lib32/libmsvcrt.a(dozqs00069.o)
 .data          0x00000000671ce000        0x4 c:/mingw/bin/../lib/gcc/x86_64-w64-mingw32/4.8.1/../../../../x86_64-w64-mingw32/lib/../lib32/libmsvcrt.a(lib32_libmsvcrt_a-lc_locale_func.o)
                0x00000000671ce000                _imp_____lc_codepage_func
 .data          0x00000000671ce004        0x0 c:/mingw/bin/../lib/gcc/x86_64-w64-mingw32/4.8.1/../../../../x86_64-w64-mingw32/lib/../lib32/libmsvcrt.a(dozqs01159.o)
 .data          0x00000000671ce004        0x0 c:/mingw/bin/../lib/gcc/x86_64-w64-mingw32/4.8.1/../../../../x86_64-w64-mingw32/lib/../lib32/libmsvcrt.a(dozqs00526.o)
 .data          0x00000000671ce004        0x0 c:/mingw/bin/../lib/gcc/x86_64-w64-mingw32/4.8.1/../../../../x86_64-w64-mingw32/lib/../lib32/libmsvcrt.a(dozqs01101.o)
 .data          0x00000000671ce004        0x0 c:/mingw/bin/../lib/gcc/x86_64-w64-mingw32/4.8.1/../../../../x86_64-w64-mingw32/lib/../lib32/libmsvcrt.a(dozqs01154.o)
 .data          0x00000000671ce004        0x0 c:/mingw/bin/../lib/gcc/x86_64-w64-mingw32/4.8.1/../../../../x86_64-w64-mingw32/lib/../lib32/libmsvcrt.a(dozqs00221.o)
 .data          0x00000000671ce004        0x0 c:/mingw/bin/../lib/gcc/x86_64-w64-mingw32/4.8.1/../../../../x86_64-w64-mingw32/lib/../lib32/libmsvcrt.a(dozqh.o)
 .data          0x00000000671ce004        0x0 c:/mingw/bin/../lib/gcc/x86_64-w64-mingw32/4.8.1/../../../../x86_64-w64-mingw32/lib/../lib32/libmsvcrt.a(dozqs01193.o)
 .data          0x00000000671ce004        0x0 c:/mingw/bin/../lib/gcc/x86_64-w64-mingw32/4.8.1/../../../../x86_64-w64-mingw32/lib/../lib32/libmsvcrt.a(dozqs01206.o)
 .data          0x00000000671ce004        0x0 c:/mingw/bin/../lib/gcc/x86_64-w64-mingw32/4.8.1/../../../../x86_64-w64-mingw32/lib/../lib32/libmsvcrt.a(dozqs01063.o)
 .data          0x00000000671ce004        0x0 c:/mingw/bin/../lib/gcc/x86_64-w64-mingw32/4.8.1/../../../../x86_64-w64-mingw32/lib/../lib32/libmsvcrt.a(dozqt.o)
 .data          0x00000000671ce004        0x0 c:/mingw/bin/../lib/gcc/x86_64-w64-mingw32/4.8.1/../../../../x86_64-w64-mingw32/lib/../lib32/libkernel32.a(dwzvs00101.o)
 .data          0x00000000671ce004        0x0 c:/mingw/bin/../lib/gcc/x86_64-w64-mingw32/4.8.1/../../../../x86_64-w64-mingw32/lib/../lib32/libkernel32.a(dwzvs00586.o)
 .data          0x00000000671ce004        0x0 c:/mingw/bin/../lib/gcc/x86_64-w64-mingw32/4.8.1/../../../../x86_64-w64-mingw32/lib/../lib32/libkernel32.a(dwzvs00726.o)
 .data          0x00000000671ce004        0x0 c:/mingw/bin/../lib/gcc/x86_64-w64-mingw32/4.8.1/../../../../x86_64-w64-mingw32/lib/../lib32/libkernel32.a(dwzvs00720.o)
 .data          0x00000000671ce004        0x0 c:/mingw/bin/../lib/gcc/x86_64-w64-mingw32/4.8.1/../../../../x86_64-w64-mingw32/lib/../lib32/libkernel32.a(dwzvs00730.o)
 .data          0x00000000671ce004        0x0 c:/mingw/bin/../lib/gcc/x86_64-w64-mingw32/4.8.1/../../../../x86_64-w64-mingw32/lib/../lib32/libkernel32.a(dwzvs01305.o)
 .data          0x00000000671ce004        0x0 c:/mingw/bin/../lib/gcc/x86_64-w64-mingw32/4.8.1/../../../../x86_64-w64-mingw32/lib/../lib32/libkernel32.a(dwzvs01302.o)
 .data          0x00000000671ce004        0x0 c:/mingw/bin/../lib/gcc/x86_64-w64-mingw32/4.8.1/../../../../x86_64-w64-mingw32/lib/../lib32/libkernel32.a(dwzvs01242.o)
 .data          0x00000000671ce004        0x0 c:/mingw/bin/../lib/gcc/x86_64-w64-mingw32/4.8.1/../../../../x86_64-w64-mingw32/lib/../lib32/libkernel32.a(dwzvs00536.o)
 .data          0x00000000671ce004        0x0 c:/mingw/bin/../lib/gcc/x86_64-w64-mingw32/4.8.1/../../../../x86_64-w64-mingw32/lib/../lib32/libkernel32.a(dwzvs00581.o)
 .data          0x00000000671ce004        0x0 c:/mingw/bin/../lib/gcc/x86_64-w64-mingw32/4.8.1/../../../../x86_64-w64-mingw32/lib/../lib32/libkernel32.a(dwzvh.o)
 .data          0x00000000671ce004        0x0 c:/mingw/bin/../lib/gcc/x86_64-w64-mingw32/4.8.1/../../../../x86_64-w64-mingw32/lib/../lib32/libkernel32.a(dwzvt.o)
 *(.data2)
 *(SORT(.data$*))
 *fill*         0x00000000671ce004        0xc 
 .data$_ZGVZN3Far8helper_t4instEvE3ret
                0x00000000671ce010       0x10 src\main.o
                0x00000000671ce010                guard variable for Far::helper_t::inst()::ret
 .data$_ZGVZN6Logger11Module_impl4instEvE8instance
                0x00000000671ce020       0x10 D:\projects\andrew-grechkin\LIB\liblog\Release-x32-stub/libliblog.a(logger_stub.o)
                0x00000000671ce020                guard variable for Logger::Module_impl::inst()::instance
 .data$_ZZN3Far8helper_t4instEvE3ret
                0x00000000671ce030       0x10 src\main.o
                0x00000000671ce030                Far::helper_t::inst()::ret
 .data$_ZZN6Logger11Module_impl4instEvE8instance
                0x00000000671ce040       0x10 D:\projects\andrew-grechkin\LIB\liblog\Release-x32-stub/libliblog.a(logger_stub.o)
                0x00000000671ce040                Logger::Module_impl::inst()::instance
 *(.jcr)
                0x00000000671ce050                __data_end__ = .
 *(.data_cygwin_nocopy)

.rdata          0x00000000671cf000     0x4000
 *(.rdata)
 .rdata         0x00000000671cf000      0x440 src\process.o
 .rdata         0x00000000671cf440      0x1a0 src\main.o
 .rdata         0x00000000671cf5e0      0x3c0 src\globalinfo.o
 .rdata         0x00000000671cf9a0      0x120 src\farplugin.o
 .rdata         0x00000000671cfac0        0x4 D:\projects\andrew-grechkin\LIB\libfar3\Release-x32-NoStr/liblibfar3.a(message.o)
 *fill*         0x00000000671cfac4       0x1c 
 .rdata         0x00000000671cfae0      0x640 D:\projects\andrew-grechkin\LIB\libfar3\Release-x32-NoStr/liblibfar3.a(dialog_builder.o)
 .rdata         0x00000000671d0120       0xa0 D:\projects\andrew-grechkin\LIB\libfar3\Release-x32-NoStr/liblibfar3.a(create_label.o)
 .rdata         0x00000000671d01c0      0x1a0 D:\projects\andrew-grechkin\LIB\libfar3\Release-x32-NoStr/liblibfar3.a(create_combobox.o)
 .rdata         0x00000000671d0360       0xa0 D:\projects\andrew-grechkin\LIB\libfar3\Release-x32-NoStr/liblibfar3.a(create_separator.o)
 .rdata         0x00000000671d0400      0x140 D:\projects\andrew-grechkin\LIB\libfar3\Release-x32-NoStr/liblibfar3.a(create_checkbox.o)
 .rdata         0x00000000671d0540      0x240 D:\projects\andrew-grechkin\LIB\libfar3\Release-x32-NoStr/liblibfar3.a(create_edit.o)
 .rdata         0x00000000671d0780      0x200 D:\projects\andrew-grechkin\LIB\libfar3\Release-x32-NoStr/liblibfar3.a(globalinfo_i.o)
 .rdata         0x00000000671d0980      0x1c0 D:\projects\andrew-grechkin\LIB\libfar3\Release-x32-NoStr/liblibfar3.a(plugin_i.o)
 .rdata         0x00000000671d0b40      0x560 D:\projects\andrew-grechkin\LIB\libfar3\Release-x32-NoStr/liblibfar3.a(settings.o)
 .rdata         0x00000000671d10a0      0x2c0 D:\projects\andrew-grechkin\LIB\libfar3\Release-x32-NoStr/liblibfar3.a(FarDialogItem.o)
 .rdata         0x00000000671d1360        0x4 D:\projects\andrew-grechkin\LIB\liblog\Release-x32-stub/libliblog.a(logger_stub.o)
 *fill*         0x00000000671d1364       0x1c 
 .rdata         0x00000000671d1380       0xe0 c:/mingw/bin/../lib/gcc/x86_64-w64-mingw32/4.8.1/../../../../x86_64-w64-mingw32/lib/../lib32/libmingwex.a(lib32_libmingwex_a-strtold.o)
 .rdata         0x00000000671d1460       0x38 c:/mingw/bin/../lib/gcc/x86_64-w64-mingw32/4.8.1/../../../../x86_64-w64-mingw32/lib/../lib32/libmsvcrt.a(lib32_libmsvcrt_a-lc_locale_func.o)
 *(SORT(.rdata$*))
 .rdata$ALL_POWERSCHEMES_GUID
                0x00000000671d1498       0x10 src\guid.o
                0x00000000671d1498                ALL_POWERSCHEMES_GUID
 .rdata$ConfigGuid
                0x00000000671d14a8       0x10 src\guid.o
                0x00000000671d14a8                ConfigGuid
 .rdata$DialogGuid
                0x00000000671d14b8       0x10 src\guid.o
                0x00000000671d14b8                DialogGuid
 .rdata$GUID_ACDC_POWER_SOURCE
                0x00000000671d14c8       0x10 src\guid.o
                0x00000000671d14c8                GUID_ACDC_POWER_SOURCE
 .rdata$GUID_ACTIVE_POWERSCHEME
                0x00000000671d14d8       0x10 src\guid.o
                0x00000000671d14d8                GUID_ACTIVE_POWERSCHEME
 .rdata$GUID_ADAPTIVE_POWER_BEHAVIOR_SUBGROUP
                0x00000000671d14e8       0x10 src\guid.o
                0x00000000671d14e8                GUID_ADAPTIVE_POWER_BEHAVIOR_SUBGROUP
 .rdata$GUID_ALLOW_AWAYMODE
                0x00000000671d14f8       0x10 src\guid.o
                0x00000000671d14f8                GUID_ALLOW_AWAYMODE
 .rdata$GUID_ALLOW_DISPLAY_REQUIRED
                0x00000000671d1508       0x10 src\guid.o
                0x00000000671d1508                GUID_ALLOW_DISPLAY_REQUIRED
 .rdata$GUID_ALLOW_RTC_WAKE
                0x00000000671d1518       0x10 src\guid.o
                0x00000000671d1518                GUID_ALLOW_RTC_WAKE
 .rdata$GUID_ALLOW_STANDBY_STATES
                0x00000000671d1528       0x10 src\guid.o
                0x00000000671d1528                GUID_ALLOW_STANDBY_STATES
 .rdata$GUID_ALLOW_SYSTEM_REQUIRED
                0x00000000671d1538       0x10 src\guid.o
                0x00000000671d1538                GUID_ALLOW_SYSTEM_REQUIRED
 .rdata$GUID_APPLAUNCH_BUTTON
                0x00000000671d1548       0x10 src\guid.o
                0x00000000671d1548                GUID_APPLAUNCH_BUTTON
 .rdata$GUID_BACKGROUND_TASK_NOTIFICATION
                0x00000000671d1558       0x10 src\guid.o
                0x00000000671d1558                GUID_BACKGROUND_TASK_NOTIFICATION
 .rdata$GUID_BATTERY_DISCHARGE_ACTION_0
                0x00000000671d1568       0x10 src\guid.o
                0x00000000671d1568                GUID_BATTERY_DISCHARGE_ACTION_0
 .rdata$GUID_BATTERY_DISCHARGE_ACTION_1
                0x00000000671d1578       0x10 src\guid.o
                0x00000000671d1578                GUID_BATTERY_DISCHARGE_ACTION_1
 .rdata$GUID_BATTERY_DISCHARGE_ACTION_2
                0x00000000671d1588       0x10 src\guid.o
                0x00000000671d1588                GUID_BATTERY_DISCHARGE_ACTION_2
 .rdata$GUID_BATTERY_DISCHARGE_ACTION_3
                0x00000000671d1598       0x10 src\guid.o
                0x00000000671d1598                GUID_BATTERY_DISCHARGE_ACTION_3
 .rdata$GUID_BATTERY_DISCHARGE_FLAGS_0
                0x00000000671d15a8       0x10 src\guid.o
                0x00000000671d15a8                GUID_BATTERY_DISCHARGE_FLAGS_0
 .rdata$GUID_BATTERY_DISCHARGE_FLAGS_1
                0x00000000671d15b8       0x10 src\guid.o
                0x00000000671d15b8                GUID_BATTERY_DISCHARGE_FLAGS_1
 .rdata$GUID_BATTERY_DISCHARGE_FLAGS_2
                0x00000000671d15c8       0x10 src\guid.o
                0x00000000671d15c8                GUID_BATTERY_DISCHARGE_FLAGS_2
 .rdata$GUID_BATTERY_DISCHARGE_FLAGS_3
                0x00000000671d15d8       0x10 src\guid.o
                0x00000000671d15d8                GUID_BATTERY_DISCHARGE_FLAGS_3
 .rdata$GUID_BATTERY_DISCHARGE_LEVEL_0
                0x00000000671d15e8       0x10 src\guid.o
                0x00000000671d15e8                GUID_BATTERY_DISCHARGE_LEVEL_0
 .rdata$GUID_BATTERY_DISCHARGE_LEVEL_1
                0x00000000671d15f8       0x10 src\guid.o
                0x00000000671d15f8                GUID_BATTERY_DISCHARGE_LEVEL_1
 .rdata$GUID_BATTERY_DISCHARGE_LEVEL_2
                0x00000000671d1608       0x10 src\guid.o
                0x00000000671d1608                GUID_BATTERY_DISCHARGE_LEVEL_2
 .rdata$GUID_BATTERY_DISCHARGE_LEVEL_3
                0x00000000671d1618       0x10 src\guid.o
                0x00000000671d1618                GUID_BATTERY_DISCHARGE_LEVEL_3
 .rdata$GUID_BATTERY_PERCENTAGE_REMAINING
                0x00000000671d1628       0x10 src\guid.o
                0x00000000671d1628                GUID_BATTERY_PERCENTAGE_REMAINING
 .rdata$GUID_BATTERY_SUBGROUP
                0x00000000671d1638       0x10 src\guid.o
                0x00000000671d1638                GUID_BATTERY_SUBGROUP
 .rdata$GUID_CONSOLE_DISPLAY_STATE
                0x00000000671d1648       0x10 src\guid.o
                0x00000000671d1648                GUID_CONSOLE_DISPLAY_STATE
 .rdata$GUID_CRITICAL_POWER_TRANSITION
                0x00000000671d1658       0x10 src\guid.o
                0x00000000671d1658                GUID_CRITICAL_POWER_TRANSITION
 .rdata$GUID_DEVICE_IDLE_POLICY
                0x00000000671d1668       0x10 src\guid.o
                0x00000000671d1668                GUID_DEVICE_IDLE_POLICY
 .rdata$GUID_DEVICE_POWER_POLICY_VIDEO_BRIGHTNESS
                0x00000000671d1678       0x10 src\guid.o
                0x00000000671d1678                GUID_DEVICE_POWER_POLICY_VIDEO_BRIGHTNESS
 .rdata$GUID_DEVICE_POWER_POLICY_VIDEO_DIM_BRIGHTNESS
                0x00000000671d1688       0x10 src\guid.o
                0x00000000671d1688                GUID_DEVICE_POWER_POLICY_VIDEO_DIM_BRIGHTNESS
 .rdata$GUID_DEVINTERFACE_CDCHANGER
                0x00000000671d1698       0x10 src\guid.o
                0x00000000671d1698                GUID_DEVINTERFACE_CDCHANGER
 .rdata$GUID_DEVINTERFACE_CDROM
                0x00000000671d16a8       0x10 src\guid.o
                0x00000000671d16a8                GUID_DEVINTERFACE_CDROM
 .rdata$GUID_DEVINTERFACE_COMPORT
                0x00000000671d16b8       0x10 src\guid.o
                0x00000000671d16b8                GUID_DEVINTERFACE_COMPORT
 .rdata$GUID_DEVINTERFACE_DISK
                0x00000000671d16c8       0x10 src\guid.o
                0x00000000671d16c8                GUID_DEVINTERFACE_DISK
 .rdata$GUID_DEVINTERFACE_FLOPPY
                0x00000000671d16d8       0x10 src\guid.o
                0x00000000671d16d8                GUID_DEVINTERFACE_FLOPPY
 .rdata$GUID_DEVINTERFACE_MEDIUMCHANGER
                0x00000000671d16e8       0x10 src\guid.o
                0x00000000671d16e8                GUID_DEVINTERFACE_MEDIUMCHANGER
 .rdata$GUID_DEVINTERFACE_PARTITION
                0x00000000671d16f8       0x10 src\guid.o
                0x00000000671d16f8                GUID_DEVINTERFACE_PARTITION
 .rdata$GUID_DEVINTERFACE_SERENUM_BUS_ENUMERATOR
                0x00000000671d1708       0x10 src\guid.o
                0x00000000671d1708                GUID_DEVINTERFACE_SERENUM_BUS_ENUMERATOR
 .rdata$GUID_DEVINTERFACE_STORAGEPORT
                0x00000000671d1718       0x10 src\guid.o
                0x00000000671d1718                GUID_DEVINTERFACE_STORAGEPORT
 .rdata$GUID_DEVINTERFACE_TAPE
                0x00000000671d1728       0x10 src\guid.o
                0x00000000671d1728                GUID_DEVINTERFACE_TAPE
 .rdata$GUID_DEVINTERFACE_VOLUME
                0x00000000671d1738       0x10 src\guid.o
                0x00000000671d1738                GUID_DEVINTERFACE_VOLUME
 .rdata$GUID_DEVINTERFACE_WRITEONCEDISK
                0x00000000671d1748       0x10 src\guid.o
                0x00000000671d1748                GUID_DEVINTERFACE_WRITEONCEDISK
 .rdata$GUID_DISK_ADAPTIVE_POWERDOWN
                0x00000000671d1758       0x10 src\guid.o
                0x00000000671d1758                GUID_DISK_ADAPTIVE_POWERDOWN
 .rdata$GUID_DISK_BURST_IGNORE_THRESHOLD
                0x00000000671d1768       0x10 src\guid.o
                0x00000000671d1768                GUID_DISK_BURST_IGNORE_THRESHOLD
 .rdata$GUID_DISK_COALESCING_POWERDOWN_TIMEOUT
                0x00000000671d1778       0x10 src\guid.o
                0x00000000671d1778                GUID_DISK_COALESCING_POWERDOWN_TIMEOUT
 .rdata$GUID_DISK_IDLE_TIMEOUT
                0x00000000671d1788       0x10 src\guid.o
                0x00000000671d1788                GUID_DISK_IDLE_TIMEOUT
 .rdata$GUID_DISK_POWERDOWN_TIMEOUT
                0x00000000671d1798       0x10 src\guid.o
                0x00000000671d1798                GUID_DISK_POWERDOWN_TIMEOUT
 .rdata$GUID_DISK_SUBGROUP
                0x00000000671d17a8       0x10 src\guid.o
                0x00000000671d17a8                GUID_DISK_SUBGROUP
 .rdata$GUID_ENABLE_SWITCH_FORCED_SHUTDOWN
                0x00000000671d17b8       0x10 src\guid.o
                0x00000000671d17b8                GUID_ENABLE_SWITCH_FORCED_SHUTDOWN
 .rdata$GUID_EXECUTION_REQUIRED_REQUEST_TIMEOUT
                0x00000000671d17c8       0x10 src\guid.o
                0x00000000671d17c8                GUID_EXECUTION_REQUIRED_REQUEST_TIMEOUT
 .rdata$GUID_GLOBAL_USER_PRESENCE
                0x00000000671d17d8       0x10 src\guid.o
                0x00000000671d17d8                GUID_GLOBAL_USER_PRESENCE
 .rdata$GUID_HIBERNATE_FASTS4_POLICY
                0x00000000671d17e8       0x10 src\guid.o
                0x00000000671d17e8                GUID_HIBERNATE_FASTS4_POLICY
 .rdata$GUID_HIBERNATE_TIMEOUT
                0x00000000671d17f8       0x10 src\guid.o
                0x00000000671d17f8                GUID_HIBERNATE_TIMEOUT
 .rdata$GUID_IDLE_BACKGROUND_TASK
                0x00000000671d1808       0x10 src\guid.o
                0x00000000671d1808                GUID_IDLE_BACKGROUND_TASK
 .rdata$GUID_IDLE_RESILIENCY_PERIOD
                0x00000000671d1818       0x10 src\guid.o
                0x00000000671d1818                GUID_IDLE_RESILIENCY_PERIOD
 .rdata$GUID_IDLE_RESILIENCY_SUBGROUP
                0x00000000671d1828       0x10 src\guid.o
                0x00000000671d1828                GUID_IDLE_RESILIENCY_SUBGROUP
 .rdata$GUID_LIDCLOSE_ACTION
                0x00000000671d1838       0x10 src\guid.o
                0x00000000671d1838                GUID_LIDCLOSE_ACTION
 .rdata$GUID_LIDOPEN_POWERSTATE
                0x00000000671d1848       0x10 src\guid.o
                0x00000000671d1848                GUID_LIDOPEN_POWERSTATE
 .rdata$GUID_LIDSWITCH_STATE_CHANGE
                0x00000000671d1858       0x10 src\guid.o
                0x00000000671d1858                GUID_LIDSWITCH_STATE_CHANGE
 .rdata$GUID_LOCK_CONSOLE_ON_WAKE
                0x00000000671d1868       0x10 src\guid.o
                0x00000000671d1868                GUID_LOCK_CONSOLE_ON_WAKE
 .rdata$GUID_MAX_POWER_SAVINGS
                0x00000000671d1878       0x10 src\guid.o
                0x00000000671d1878                GUID_MAX_POWER_SAVINGS
 .rdata$GUID_MIN_POWER_SAVINGS
                0x00000000671d1888       0x10 src\guid.o
                0x00000000671d1888                GUID_MIN_POWER_SAVINGS
 .rdata$GUID_MONITOR_POWER_ON
                0x00000000671d1898       0x10 src\guid.o
                0x00000000671d1898                GUID_MONITOR_POWER_ON
 .rdata$GUID_NON_ADAPTIVE_INPUT_TIMEOUT
                0x00000000671d18a8       0x10 src\guid.o
                0x00000000671d18a8                GUID_NON_ADAPTIVE_INPUT_TIMEOUT
 .rdata$GUID_PCIEXPRESS_ASPM_POLICY
                0x00000000671d18b8       0x10 src\guid.o
                0x00000000671d18b8                GUID_PCIEXPRESS_ASPM_POLICY
 .rdata$GUID_PCIEXPRESS_SETTINGS_SUBGROUP
                0x00000000671d18c8       0x10 src\guid.o
                0x00000000671d18c8                GUID_PCIEXPRESS_SETTINGS_SUBGROUP
 .rdata$GUID_POWERBUTTON_ACTION
                0x00000000671d18d8       0x10 src\guid.o
                0x00000000671d18d8                GUID_POWERBUTTON_ACTION
 .rdata$GUID_POWERSCHEME_PERSONALITY
                0x00000000671d18e8       0x10 src\guid.o
                0x00000000671d18e8                GUID_POWERSCHEME_PERSONALITY
 .rdata$GUID_PROCESSOR_ALLOW_THROTTLING
                0x00000000671d18f8       0x10 src\guid.o
                0x00000000671d18f8                GUID_PROCESSOR_ALLOW_THROTTLING
 .rdata$GUID_PROCESSOR_CORE_PARKING_AFFINITY_HISTORY_DECREASE_FACTOR
                0x00000000671d1908       0x10 src\guid.o
                0x00000000671d1908                GUID_PROCESSOR_CORE_PARKING_AFFINITY_HISTORY_DECREASE_FACTOR
 .rdata$GUID_PROCESSOR_CORE_PARKING_AFFINITY_HISTORY_THRESHOLD
                0x00000000671d1918       0x10 src\guid.o
                0x00000000671d1918                GUID_PROCESSOR_CORE_PARKING_AFFINITY_HISTORY_THRESHOLD
 .rdata$GUID_PROCESSOR_CORE_PARKING_AFFINITY_WEIGHTING
                0x00000000671d1928       0x10 src\guid.o
                0x00000000671d1928                GUID_PROCESSOR_CORE_PARKING_AFFINITY_WEIGHTING
 .rdata$GUID_PROCESSOR_CORE_PARKING_DECREASE_POLICY
                0x00000000671d1938       0x10 src\guid.o
                0x00000000671d1938                GUID_PROCESSOR_CORE_PARKING_DECREASE_POLICY
 .rdata$GUID_PROCESSOR_CORE_PARKING_DECREASE_THRESHOLD
                0x00000000671d1948       0x10 src\guid.o
                0x00000000671d1948                GUID_PROCESSOR_CORE_PARKING_DECREASE_THRESHOLD
 .rdata$GUID_PROCESSOR_CORE_PARKING_DECREASE_TIME
                0x00000000671d1958       0x10 src\guid.o
                0x00000000671d1958                GUID_PROCESSOR_CORE_PARKING_DECREASE_TIME
 .rdata$GUID_PROCESSOR_CORE_PARKING_INCREASE_POLICY
                0x00000000671d1968       0x10 src\guid.o
                0x00000000671d1968                GUID_PROCESSOR_CORE_PARKING_INCREASE_POLICY
 .rdata$GUID_PROCESSOR_CORE_PARKING_INCREASE_THRESHOLD
                0x00000000671d1978       0x10 src\guid.o
                0x00000000671d1978                GUID_PROCESSOR_CORE_PARKING_INCREASE_THRESHOLD
 .rdata$GUID_PROCESSOR_CORE_PARKING_INCREASE_TIME
                0x00000000671d1988       0x10 src\guid.o
                0x00000000671d1988                GUID_PROCESSOR_CORE_PARKING_INCREASE_TIME
 .rdata$GUID_PROCESSOR_CORE_PARKING_MAX_CORES
                0x00000000671d1998       0x10 src\guid.o
                0x00000000671d1998                GUID_PROCESSOR_CORE_PARKING_MAX_CORES
 .rdata$GUID_PROCESSOR_CORE_PARKING_MIN_CORES
                0x00000000671d19a8       0x10 src\guid.o
                0x00000000671d19a8                GUID_PROCESSOR_CORE_PARKING_MIN_CORES
 .rdata$GUID_PROCESSOR_CORE_PARKING_OVER_UTILIZATION_HISTORY_DECREASE_FACTOR
                0x00000000671d19b8       0x10 src\guid.o
                0x00000000671d19b8                GUID_PROCESSOR_CORE_PARKING_OVER_UTILIZATION_HISTORY_DECREASE_FACTOR
 .rdata$GUID_PROCESSOR_CORE_PARKING_OVER_UTILIZATION_HISTORY_THRESHOLD
                0x00000000671d19c8       0x10 src\guid.o
                0x00000000671d19c8                GUID_PROCESSOR_CORE_PARKING_OVER_UTILIZATION_HISTORY_THRESHOLD
 .rdata$GUID_PROCESSOR_CORE_PARKING_OVER_UTILIZATION_THRESHOLD
                0x00000000671d19d8       0x10 src\guid.o
                0x00000000671d19d8                GUID_PROCESSOR_CORE_PARKING_OVER_UTILIZATION_THRESHOLD
 .rdata$GUID_PROCESSOR_CORE_PARKING_OVER_UTILIZATION_WEIGHTING
                0x00000000671d19e8       0x10 src\guid.o
                0x00000000671d19e8                GUID_PROCESSOR_CORE_PARKING_OVER_UTILIZATION_WEIGHTING
 .rdata$GUID_PROCESSOR_DISTRIBUTE_UTILITY
                0x00000000671d19f8       0x10 src\guid.o
                0x00000000671d19f8                GUID_PROCESSOR_DISTRIBUTE_UTILITY
 .rdata$GUID_PROCESSOR_IDLESTATE_POLICY
                0x00000000671d1a08       0x10 src\guid.o
                0x00000000671d1a08                GUID_PROCESSOR_IDLESTATE_POLICY
 .rdata$GUID_PROCESSOR_IDLE_ALLOW_SCALING
                0x00000000671d1a18       0x10 src\guid.o
                0x00000000671d1a18                GUID_PROCESSOR_IDLE_ALLOW_SCALING
 .rdata$GUID_PROCESSOR_IDLE_DEMOTE_THRESHOLD
                0x00000000671d1a28       0x10 src\guid.o
                0x00000000671d1a28                GUID_PROCESSOR_IDLE_DEMOTE_THRESHOLD
 .rdata$GUID_PROCESSOR_IDLE_DISABLE
                0x00000000671d1a38       0x10 src\guid.o
                0x00000000671d1a38                GUID_PROCESSOR_IDLE_DISABLE
 .rdata$GUID_PROCESSOR_IDLE_PROMOTE_THRESHOLD
                0x00000000671d1a48       0x10 src\guid.o
                0x00000000671d1a48                GUID_PROCESSOR_IDLE_PROMOTE_THRESHOLD
 .rdata$GUID_PROCESSOR_IDLE_STATE_MAXIMUM
                0x00000000671d1a58       0x10 src\guid.o
                0x00000000671d1a58                GUID_PROCESSOR_IDLE_STATE_MAXIMUM
 .rdata$GUID_PROCESSOR_IDLE_TIME_CHECK
                0x00000000671d1a68       0x10 src\guid.o
                0x00000000671d1a68                GUID_PROCESSOR_IDLE_TIME_CHECK
 .rdata$GUID_PROCESSOR_PARKING_CONCURRENCY_THRESHOLD
                0x00000000671d1a78       0x10 src\guid.o
                0x00000000671d1a78                GUID_PROCESSOR_PARKING_CONCURRENCY_THRESHOLD
 .rdata$GUID_PROCESSOR_PARKING_CORE_OVERRIDE
                0x00000000671d1a88       0x10 src\guid.o
                0x00000000671d1a88                GUID_PROCESSOR_PARKING_CORE_OVERRIDE
 .rdata$GUID_PROCESSOR_PARKING_HEADROOM_THRESHOLD
                0x00000000671d1a98       0x10 src\guid.o
                0x00000000671d1a98                GUID_PROCESSOR_PARKING_HEADROOM_THRESHOLD
 .rdata$GUID_PROCESSOR_PARKING_PERF_STATE
                0x00000000671d1aa8       0x10 src\guid.o
                0x00000000671d1aa8                GUID_PROCESSOR_PARKING_PERF_STATE
 .rdata$GUID_PROCESSOR_PERFSTATE_POLICY
                0x00000000671d1ab8       0x10 src\guid.o
                0x00000000671d1ab8                GUID_PROCESSOR_PERFSTATE_POLICY
 .rdata$GUID_PROCESSOR_PERF_BOOST_MODE
                0x00000000671d1ac8       0x10 src\guid.o
                0x00000000671d1ac8                GUID_PROCESSOR_PERF_BOOST_MODE
 .rdata$GUID_PROCESSOR_PERF_BOOST_POLICY
                0x00000000671d1ad8       0x10 src\guid.o
                0x00000000671d1ad8                GUID_PROCESSOR_PERF_BOOST_POLICY
 .rdata$GUID_PROCESSOR_PERF_DECREASE_POLICY
                0x00000000671d1ae8       0x10 src\guid.o
                0x00000000671d1ae8                GUID_PROCESSOR_PERF_DECREASE_POLICY
 .rdata$GUID_PROCESSOR_PERF_DECREASE_THRESHOLD
                0x00000000671d1af8       0x10 src\guid.o
                0x00000000671d1af8                GUID_PROCESSOR_PERF_DECREASE_THRESHOLD
 .rdata$GUID_PROCESSOR_PERF_DECREASE_TIME
                0x00000000671d1b08       0x10 src\guid.o
                0x00000000671d1b08                GUID_PROCESSOR_PERF_DECREASE_TIME
 .rdata$GUID_PROCESSOR_PERF_HISTORY
                0x00000000671d1b18       0x10 src\guid.o
                0x00000000671d1b18                GUID_PROCESSOR_PERF_HISTORY
 .rdata$GUID_PROCESSOR_PERF_INCREASE_POLICY
                0x00000000671d1b28       0x10 src\guid.o
                0x00000000671d1b28                GUID_PROCESSOR_PERF_INCREASE_POLICY
 .rdata$GUID_PROCESSOR_PERF_INCREASE_THRESHOLD
                0x00000000671d1b38       0x10 src\guid.o
                0x00000000671d1b38                GUID_PROCESSOR_PERF_INCREASE_THRESHOLD
 .rdata$GUID_PROCESSOR_PERF_INCREASE_TIME
                0x00000000671d1b48       0x10 src\guid.o
                0x00000000671d1b48                GUID_PROCESSOR_PERF_INCREASE_TIME
 .rdata$GUID_PROCESSOR_PERF_LATENCY_HINT
                0x00000000671d1b58       0x10 src\guid.o
                0x00000000671d1b58                GUID_PROCESSOR_PERF_LATENCY_HINT
 .rdata$GUID_PROCESSOR_PERF_TIME_CHECK
                0x00000000671d1b68       0x10 src\guid.o
                0x00000000671d1b68                GUID_PROCESSOR_PERF_TIME_CHECK
 .rdata$GUID_PROCESSOR_SETTINGS_SUBGROUP
                0x00000000671d1b78       0x10 src\guid.o
                0x00000000671d1b78                GUID_PROCESSOR_SETTINGS_SUBGROUP
 .rdata$GUID_PROCESSOR_THROTTLE_MAXIMUM
                0x00000000671d1b88       0x10 src\guid.o
                0x00000000671d1b88                GUID_PROCESSOR_THROTTLE_MAXIMUM
 .rdata$GUID_PROCESSOR_THROTTLE_MINIMUM
                0x00000000671d1b98       0x10 src\guid.o
                0x00000000671d1b98                GUID_PROCESSOR_THROTTLE_MINIMUM
 .rdata$GUID_PROCESSOR_THROTTLE_POLICY
                0x00000000671d1ba8       0x10 src\guid.o
                0x00000000671d1ba8                GUID_PROCESSOR_THROTTLE_POLICY
 .rdata$GUID_SESSION_DISPLAY_STATUS
                0x00000000671d1bb8       0x10 src\guid.o
                0x00000000671d1bb8                GUID_SESSION_DISPLAY_STATUS
 .rdata$GUID_SESSION_USER_PRESENCE
                0x00000000671d1bc8       0x10 src\guid.o
                0x00000000671d1bc8                GUID_SESSION_USER_PRESENCE
 .rdata$GUID_SLEEPBUTTON_ACTION
                0x00000000671d1bd8       0x10 src\guid.o
                0x00000000671d1bd8                GUID_SLEEPBUTTON_ACTION
 .rdata$GUID_SLEEP_IDLE_THRESHOLD
                0x00000000671d1be8       0x10 src\guid.o
                0x00000000671d1be8                GUID_SLEEP_IDLE_THRESHOLD
 .rdata$GUID_SLEEP_SUBGROUP
                0x00000000671d1bf8       0x10 src\guid.o
                0x00000000671d1bf8                GUID_SLEEP_SUBGROUP
 .rdata$GUID_STANDBY_TIMEOUT
                0x00000000671d1c08       0x10 src\guid.o
                0x00000000671d1c08                GUID_STANDBY_TIMEOUT
 .rdata$GUID_SYSTEM_AWAYMODE
                0x00000000671d1c18       0x10 src\guid.o
                0x00000000671d1c18                GUID_SYSTEM_AWAYMODE
 .rdata$GUID_SYSTEM_BUTTON_SUBGROUP
                0x00000000671d1c28       0x10 src\guid.o
                0x00000000671d1c28                GUID_SYSTEM_BUTTON_SUBGROUP
 .rdata$GUID_SYSTEM_COOLING_POLICY
                0x00000000671d1c38       0x10 src\guid.o
                0x00000000671d1c38                GUID_SYSTEM_COOLING_POLICY
 .rdata$GUID_TYPICAL_POWER_SAVINGS
                0x00000000671d1c48       0x10 src\guid.o
                0x00000000671d1c48                GUID_TYPICAL_POWER_SAVINGS
 .rdata$GUID_UNATTEND_SLEEP_TIMEOUT
                0x00000000671d1c58       0x10 src\guid.o
                0x00000000671d1c58                GUID_UNATTEND_SLEEP_TIMEOUT
 .rdata$GUID_USERINTERFACEBUTTON_ACTION
                0x00000000671d1c68       0x10 src\guid.o
                0x00000000671d1c68                GUID_USERINTERFACEBUTTON_ACTION
 .rdata$GUID_VIDEO_ADAPTIVE_DISPLAY_BRIGHTNESS
                0x00000000671d1c78       0x10 src\guid.o
                0x00000000671d1c78                GUID_VIDEO_ADAPTIVE_DISPLAY_BRIGHTNESS
 .rdata$GUID_VIDEO_ADAPTIVE_PERCENT_INCREASE
                0x00000000671d1c88       0x10 src\guid.o
                0x00000000671d1c88                GUID_VIDEO_ADAPTIVE_PERCENT_INCREASE
 .rdata$GUID_VIDEO_ADAPTIVE_POWERDOWN
                0x00000000671d1c98       0x10 src\guid.o
                0x00000000671d1c98                GUID_VIDEO_ADAPTIVE_POWERDOWN
 .rdata$GUID_VIDEO_ANNOYANCE_TIMEOUT
                0x00000000671d1ca8       0x10 src\guid.o
                0x00000000671d1ca8                GUID_VIDEO_ANNOYANCE_TIMEOUT
 .rdata$GUID_VIDEO_CONSOLE_LOCK_TIMEOUT
                0x00000000671d1cb8       0x10 src\guid.o
                0x00000000671d1cb8                GUID_VIDEO_CONSOLE_LOCK_TIMEOUT
 .rdata$GUID_VIDEO_CURRENT_MONITOR_BRIGHTNESS
                0x00000000671d1cc8       0x10 src\guid.o
                0x00000000671d1cc8                GUID_VIDEO_CURRENT_MONITOR_BRIGHTNESS
 .rdata$GUID_VIDEO_DIM_TIMEOUT
                0x00000000671d1cd8       0x10 src\guid.o
                0x00000000671d1cd8                GUID_VIDEO_DIM_TIMEOUT
 .rdata$GUID_VIDEO_POWERDOWN_TIMEOUT
                0x00000000671d1ce8       0x10 src\guid.o
                0x00000000671d1ce8                GUID_VIDEO_POWERDOWN_TIMEOUT
 .rdata$GUID_VIDEO_SUBGROUP
                0x00000000671d1cf8       0x10 src\guid.o
                0x00000000671d1cf8                GUID_VIDEO_SUBGROUP
 .rdata$IID_AsyncIAdviseSink
                0x00000000671d1d08       0x10 src\guid.o
                0x00000000671d1d08                IID_AsyncIAdviseSink
 .rdata$IID_AsyncIAdviseSink2
                0x00000000671d1d18       0x10 src\guid.o
                0x00000000671d1d18                IID_AsyncIAdviseSink2
 .rdata$IID_AsyncIMultiQI
                0x00000000671d1d28       0x10 src\guid.o
                0x00000000671d1d28                IID_AsyncIMultiQI
 .rdata$IID_AsyncIUnknown
                0x00000000671d1d38       0x10 src\guid.o
                0x00000000671d1d38                IID_AsyncIUnknown
 .rdata$IID_IAddrExclusionControl
                0x00000000671d1d48       0x10 src\guid.o
                0x00000000671d1d48                IID_IAddrExclusionControl
 .rdata$IID_IAddrTrackingControl
                0x00000000671d1d58       0x10 src\guid.o
                0x00000000671d1d58                IID_IAddrTrackingControl
 .rdata$IID_IAdviseSink
                0x00000000671d1d68       0x10 src\guid.o
                0x00000000671d1d68                IID_IAdviseSink
 .rdata$IID_IAdviseSink2
                0x00000000671d1d78       0x10 src\guid.o
                0x00000000671d1d78                IID_IAdviseSink2
 .rdata$IID_IAgileObject
                0x00000000671d1d88       0x10 src\guid.o
                0x00000000671d1d88                IID_IAgileObject
 .rdata$IID_IApartmentShutdown
                0x00000000671d1d98       0x10 src\guid.o
                0x00000000671d1d98                IID_IApartmentShutdown
 .rdata$IID_IAsyncManager
                0x00000000671d1da8       0x10 src\guid.o
                0x00000000671d1da8                IID_IAsyncManager
 .rdata$IID_IAsyncRpcChannelBuffer
                0x00000000671d1db8       0x10 src\guid.o
                0x00000000671d1db8                IID_IAsyncRpcChannelBuffer
 .rdata$IID_IAuthenticate
                0x00000000671d1dc8       0x10 src\guid.o
                0x00000000671d1dc8                IID_IAuthenticate
 .rdata$IID_IAuthenticateEx
                0x00000000671d1dd8       0x10 src\guid.o
                0x00000000671d1dd8                IID_IAuthenticateEx
 .rdata$IID_IBindCallbackRedirect
                0x00000000671d1de8       0x10 src\guid.o
                0x00000000671d1de8                IID_IBindCallbackRedirect
 .rdata$IID_IBindCtx
                0x00000000671d1df8       0x10 src\guid.o
                0x00000000671d1df8                IID_IBindCtx
 .rdata$IID_IBindHost
                0x00000000671d1e08       0x10 src\guid.o
                0x00000000671d1e08                IID_IBindHost
 .rdata$IID_IBindProtocol
                0x00000000671d1e18       0x10 src\guid.o
                0x00000000671d1e18                IID_IBindProtocol
 .rdata$IID_IBindStatusCallback
                0x00000000671d1e28       0x10 src\guid.o
                0x00000000671d1e28                IID_IBindStatusCallback
 .rdata$IID_IBindStatusCallbackEx